******************************************************************************
                  TI ARM Linker PC v18.12.4                    
******************************************************************************
>> Linked Sun Apr  4 16:13:55 2021

OUTPUT FILE NAME:   <Lab11_Part1.out>
ENTRY POINT SYMBOL: "_c_int00_noargs"  address: 00000789


MEMORY CONFIGURATION

         name            origin    length      used     unused   attr    fill
----------------------  --------  ---------  --------  --------  ----  --------
  MAIN                  00000000   00040000  0000082c  0003f7d4  R  X
  INFO                  00200000   00004000  00000000  00004000  R  X
  SRAM_CODE             01000000   00010000  0000020d  0000fdf3  RW X
  SRAM_DATA             20000000   00010000  0000020d  0000fdf3  RW  


SEGMENT ALLOCATION MAP

run origin  load origin   length   init length attrs members
----------  ----------- ---------- ----------- ----- -------
00000000    00000000    00000830   00000830    r-x
  00000000    00000000    000000e4   000000e4    r-- .intvecs
  000000e4    000000e4    00000718   00000718    r-x .text
  00000800    00000800    00000030   00000030    r-- .cinit
20000000    20000000    00000010   00000000    rw-
  20000000    20000000    00000009   00000000    rw- .bss
  2000000c    2000000c    00000004   00000000    rw- .data
2000fe00    2000fe00    00000200   00000000    rw-
  2000fe00    2000fe00    00000200   00000000    rw- .stack


SECTION ALLOCATION MAP

 output                                  attributes/
section   page    origin      length       input sections
--------  ----  ----------  ----------   ----------------
.intvecs   0    00000000    000000e4     
                  00000000    000000e4     startup_msp432p401r_ccs.obj (.intvecs:retain)

.text      0    000000e4    00000718     
                  000000e4    00000334     system_msp432p401r.obj (.text)
                  00000418    00000228     main.obj (.text)
                  00000640    0000009c     rtsv7M4_T_le_v4SPD16_eabi.lib : memcpy_t2.asm.obj (.text)
                  000006dc    00000068                                   : copy_decompress_lzss.c.obj (.text:decompress:lzss:__TI_decompress_lzss)
                  00000744    00000044                                   : autoinit.c.obj (.text:__TI_auto_init_nobinit_nopinit:__TI_auto_init_nobinit_nopinit)
                  00000788    00000034                                   : boot_cortex_m.c.obj (.text:_c_int00_noargs:_c_int00_noargs)
                  000007bc    0000001c                                   : copy_zero_init.c.obj (.text:decompress:ZI:__TI_zero_init_nomemset:__TI_zero_init_nomemset)
                  000007d8    0000000e                                   : copy_decompress_none.c.obj (.text:decompress:none:__TI_decompress_none)
                  000007e6    0000000e     startup_msp432p401r_ccs.obj (.text)
                  000007f4    00000004     rtsv7M4_T_le_v4SPD16_eabi.lib : pre_init.c.obj (.text:_system_pre_init)
                  000007f8    00000004                                   : exit.c.obj (.text:abort:abort)

.cinit     0    00000800    00000030     
                  00000800    0000000c     (__TI_handler_table)
                  0000080c    00000004     --HOLE-- [fill = 0]
                  00000810    00000008     (.cinit..bss.load) [load image, compression = zero_init]
                  00000818    00000008     (.cinit..data.load) [load image, compression = lzss]
                  00000820    00000010     (__TI_cinit_table)

.init_array 
*          0    00000000    00000000     UNINITIALIZED

.binit     0    00000000    00000000     

.bss       0    20000000    00000009     UNINITIALIZED
                  20000000    00000002     (.common:currentedge)
                  20000002    00000002     (.common:flag)
                  20000004    00000002     (.common:lastedge)
                  20000006    00000002     (.common:period)
                  20000008    00000001     (.common:detect10Hz)

.data      0    2000000c    00000004     UNINITIALIZED
                  2000000c    00000004     system_msp432p401r.obj (.data)

.stack     0    2000fe00    00000200     UNINITIALIZED
                  2000fe00    00000004     rtsv7M4_T_le_v4SPD16_eabi.lib : boot_cortex_m.c.obj (.stack)
                  2000fe04    000001fc     --HOLE--

MODULE SUMMARY

       Module                        code   ro data   rw data
       ------                        ----   -------   -------
    .\
       system_msp432p401r.obj        820    0         8      
       main.obj                      552    0         18     
       startup_msp432p401r_ccs.obj   14     228       0      
    +--+-----------------------------+------+---------+---------+
       Total:                        1386   228       26     
                                                             
    C:\ti\ccs930\ccs\tools\compiler\ti-cgt-arm_18.12.4.LTS\lib\rtsv7M4_T_le_v4SPD16_eabi.lib
       memcpy_t2.asm.obj             156    0         0      
       copy_decompress_lzss.c.obj    104    0         0      
       autoinit.c.obj                68     0         0      
       boot_cortex_m.c.obj           52     0         0      
       copy_zero_init.c.obj          28     0         0      
       copy_decompress_none.c.obj    14     0         0      
       exit.c.obj                    4      0         0      
       pre_init.c.obj                4      0         0      
    +--+-----------------------------+------+---------+---------+
       Total:                        430    0         0      
                                                             
       Stack:                        0      0         1024   
       Linker Generated:             0      44        0      
    +--+-----------------------------+------+---------+---------+
       Grand Total:                  1816   272       1050   


LINKER GENERATED COPY TABLES

__TI_cinit_table @ 00000820 records: 2, size/record: 8, table size: 16
	.bss: load addr=00000810, load size=00000008 bytes, run addr=20000000, run size=00000009 bytes, compression=zero_init
	.data: load addr=00000818, load size=00000008 bytes, run addr=2000000c, run size=00000004 bytes, compression=lzss


LINKER GENERATED HANDLER TABLE

__TI_handler_table @ 00000800 records: 3, size/record: 4, table size: 12
	index: 0, handler: __TI_decompress_lzss
	index: 1, handler: __TI_decompress_none
	index: 2, handler: __TI_zero_init


GLOBAL SYMBOLS: SORTED ALPHABETICALLY BY Name 

address   name                          
-------   ----                          
000007f3  ADC14_IRQHandler              
000007f3  AES256_IRQHandler             
000007f3  BusFault_Handler              
000007f9  C$$EXIT                       
000007f3  COMP_E0_IRQHandler            
000007f3  COMP_E1_IRQHandler            
000007f3  CS_IRQHandler                 
000007f3  DMA_ERR_IRQHandler            
000007f3  DMA_INT0_IRQHandler           
000007f3  DMA_INT1_IRQHandler           
000007f3  DMA_INT2_IRQHandler           
000007f3  DMA_INT3_IRQHandler           
000007f3  DebugMon_Handler              
000007f3  Default_Handler               
000007f3  EUSCIA0_IRQHandler            
000007f3  EUSCIA1_IRQHandler            
000007f3  EUSCIA2_IRQHandler            
000007f3  EUSCIA3_IRQHandler            
000007f3  EUSCIB0_IRQHandler            
000007f3  EUSCIB1_IRQHandler            
000007f3  EUSCIB2_IRQHandler            
000007f3  EUSCIB3_IRQHandler            
000007f3  FLCTL_IRQHandler              
000007f3  FPU_IRQHandler                
000007f3  HardFault_Handler             
00000523  LED_init                      
000007f3  MemManage_Handler             
000007f3  NMI_Handler                   
000007f3  PCM_IRQHandler                
000007f3  PORT1_IRQHandler              
000007f3  PORT2_IRQHandler              
000007f3  PORT3_IRQHandler              
000007f3  PORT4_IRQHandler              
000007f3  PORT5_IRQHandler              
000007f3  PORT6_IRQHandler              
000007f3  PSS_IRQHandler                
000007f3  PendSV_Handler                
000007f3  RTC_C_IRQHandler              
000007e7  Reset_Handler                 
000007f3  SVC_Handler                   
000007f3  SysTick_Handler               
2000000c  SystemCoreClock               
000000e5  SystemCoreClockUpdate         
0000035d  SystemInit                    
000007f3  T32_INT1_IRQHandler           
000007f3  T32_INT2_IRQHandler           
000007f3  T32_INTC_IRQHandler           
000007f3  TA0_0_IRQHandler              
000007f3  TA0_N_IRQHandler              
000007f3  TA1_0_IRQHandler              
000007f3  TA1_N_IRQHandler              
000007f3  TA2_0_IRQHandler              
00000543  TA2_N_IRQHandler              
00000543  TA2_N_IRQHandler              
000007f3  TA3_0_IRQHandler              
000007f3  TA3_N_IRQHandler              
000007f3  UsageFault_Handler            
4000480c  WDTCTL_SYM                    
000007f3  WDT_A_IRQHandler              
20010000  __STACK_END                   
00000200  __STACK_SIZE                  
00000820  __TI_CINIT_Base               
00000830  __TI_CINIT_Limit              
00000800  __TI_Handler_Table_Base       
0000080c  __TI_Handler_Table_Limit      
00000745  __TI_auto_init_nobinit_nopinit
000006dd  __TI_decompress_lzss          
000007d9  __TI_decompress_none          
ffffffff  __TI_pprof_out_hndl           
ffffffff  __TI_prof_data_size           
ffffffff  __TI_prof_data_start          
00000000  __TI_static_base__            
000007bd  __TI_zero_init_nomemset       
00000641  __aeabi_memcpy                
00000641  __aeabi_memcpy4               
00000641  __aeabi_memcpy8               
ffffffff  __binit__                     
ffffffff  __c_args__                    
UNDEFED   __mpu_init                    
2000fe00  __stack                       
00000789  _c_int00_noargs               
UNDEFED   _system_post_cinit            
000007f5  _system_pre_init              
000007f9  abort                         
ffffffff  binit                         
20000000  currentedge                   
20000008  detect10Hz                    
000004a3  emitter_init                  
20000002  flag                          
00000000  interruptVectors              
20000004  lastedge                      
00000445  main                          
00000641  memcpy                        
20000006  period                        
000004e3  receiver_init                 


GLOBAL SYMBOLS: SORTED BY Symbol Address 

address   name                          
-------   ----                          
00000000  __TI_static_base__            
00000000  interruptVectors              
000000e5  SystemCoreClockUpdate         
00000200  __STACK_SIZE                  
0000035d  SystemInit                    
00000445  main                          
000004a3  emitter_init                  
000004e3  receiver_init                 
00000523  LED_init                      
00000543  TA2_N_IRQHandler              
00000543  TA2_N_IRQHandler              
00000641  __aeabi_memcpy                
00000641  __aeabi_memcpy4               
00000641  __aeabi_memcpy8               
00000641  memcpy                        
000006dd  __TI_decompress_lzss          
00000745  __TI_auto_init_nobinit_nopinit
00000789  _c_int00_noargs               
000007bd  __TI_zero_init_nomemset       
000007d9  __TI_decompress_none          
000007e7  Reset_Handler                 
000007f3  ADC14_IRQHandler              
000007f3  AES256_IRQHandler             
000007f3  BusFault_Handler              
000007f3  COMP_E0_IRQHandler            
000007f3  COMP_E1_IRQHandler            
000007f3  CS_IRQHandler                 
000007f3  DMA_ERR_IRQHandler            
000007f3  DMA_INT0_IRQHandler           
000007f3  DMA_INT1_IRQHandler           
000007f3  DMA_INT2_IRQHandler           
000007f3  DMA_INT3_IRQHandler           
000007f3  DebugMon_Handler              
000007f3  Default_Handler               
000007f3  EUSCIA0_IRQHandler            
000007f3  EUSCIA1_IRQHandler            
000007f3  EUSCIA2_IRQHandler            
000007f3  EUSCIA3_IRQHandler            
000007f3  EUSCIB0_IRQHandler            
000007f3  EUSCIB1_IRQHandler            
000007f3  EUSCIB2_IRQHandler            
000007f3  EUSCIB3_IRQHandler            
000007f3  FLCTL_IRQHandler              
000007f3  FPU_IRQHandler                
000007f3  HardFault_Handler             
000007f3  MemManage_Handler             
000007f3  NMI_Handler                   
000007f3  PCM_IRQHandler                
000007f3  PORT1_IRQHandler              
000007f3  PORT2_IRQHandler              
000007f3  PORT3_IRQHandler              
000007f3  PORT4_IRQHandler              
000007f3  PORT5_IRQHandler              
000007f3  PORT6_IRQHandler              
000007f3  PSS_IRQHandler                
000007f3  PendSV_Handler                
000007f3  RTC_C_IRQHandler              
000007f3  SVC_Handler                   
000007f3  SysTick_Handler               
000007f3  T32_INT1_IRQHandler           
000007f3  T32_INT2_IRQHandler           
000007f3  T32_INTC_IRQHandler           
000007f3  TA0_0_IRQHandler              
000007f3  TA0_N_IRQHandler              
000007f3  TA1_0_IRQHandler              
000007f3  TA1_N_IRQHandler              
000007f3  TA2_0_IRQHandler              
000007f3  TA3_0_IRQHandler              
000007f3  TA3_N_IRQHandler              
000007f3  UsageFault_Handler            
000007f3  WDT_A_IRQHandler              
000007f5  _system_pre_init              
000007f9  C$$EXIT                       
000007f9  abort                         
00000800  __TI_Handler_Table_Base       
0000080c  __TI_Handler_Table_Limit      
00000820  __TI_CINIT_Base               
00000830  __TI_CINIT_Limit              
20000000  currentedge                   
20000002  flag                          
20000004  lastedge                      
20000006  period                        
20000008  detect10Hz                    
2000000c  SystemCoreClock               
2000fe00  __stack                       
20010000  __STACK_END                   
4000480c  WDTCTL_SYM                    
ffffffff  __TI_pprof_out_hndl           
ffffffff  __TI_prof_data_size           
ffffffff  __TI_prof_data_start          
ffffffff  __binit__                     
ffffffff  __c_args__                    
ffffffff  binit                         
UNDEFED   __mpu_init                    
UNDEFED   _system_post_cinit            

[95 symbols]
