******************************************************************************
                  TI ARM Linker PC v18.12.4                    
******************************************************************************
>> Linked Mon Apr  5 15:23:07 2021

OUTPUT FILE NAME:   <Lab11_Part1.out>
ENTRY POINT SYMBOL: "_c_int00_noargs"  address: 00000791


MEMORY CONFIGURATION

         name            origin    length      used     unused   attr    fill
----------------------  --------  ---------  --------  --------  ----  --------
  MAIN                  00000000   00040000  00000834  0003f7cc  R  X
  INFO                  00200000   00004000  00000000  00004000  R  X
  SRAM_CODE             01000000   00010000  0000020c  0000fdf4  RW X
  SRAM_DATA             20000000   00010000  0000020c  0000fdf4  RW  


SEGMENT ALLOCATION MAP

run origin  load origin   length   init length attrs members
----------  ----------- ---------- ----------- ----- -------
00000000    00000000    00000838   00000838    r-x
  00000000    00000000    000000e4   000000e4    r-- .intvecs
  000000e4    000000e4    00000720   00000720    r-x .text
  00000808    00000808    00000030   00000030    r-- .cinit
20000000    20000000    0000000c   00000000    rw-
  20000000    20000000    00000008   00000000    rw- .bss
  20000008    20000008    00000004   00000000    rw- .data
2000fe00    2000fe00    00000200   00000000    rw-
  2000fe00    2000fe00    00000200   00000000    rw- .stack


SECTION ALLOCATION MAP

 output                                  attributes/
section   page    origin      length       input sections
--------  ----  ----------  ----------   ----------------
.intvecs   0    00000000    000000e4     
                  00000000    000000e4     startup_msp432p401r_ccs.obj (.intvecs:retain)

.text      0    000000e4    00000720     
                  000000e4    00000334     system_msp432p401r.obj (.text)
                  00000418    000001e0     main.obj (.text)
                  000005f8    0000009c     rtsv7M4_T_le_v4SPD16_eabi.lib : memcpy_t2.asm.obj (.text)
                  00000694    00000068                                   : copy_decompress_lzss.c.obj (.text:decompress:lzss:__TI_decompress_lzss)
                  000006fc    00000050     SysTick.obj (.text)
                  0000074c    00000044     rtsv7M4_T_le_v4SPD16_eabi.lib : autoinit.c.obj (.text:__TI_auto_init_nobinit_nopinit:__TI_auto_init_nobinit_nopinit)
                  00000790    00000034                                   : boot_cortex_m.c.obj (.text:_c_int00_noargs:_c_int00_noargs)
                  000007c4    0000001c                                   : copy_zero_init.c.obj (.text:decompress:ZI:__TI_zero_init_nomemset:__TI_zero_init_nomemset)
                  000007e0    0000000e                                   : copy_decompress_none.c.obj (.text:decompress:none:__TI_decompress_none)
                  000007ee    0000000e     startup_msp432p401r_ccs.obj (.text)
                  000007fc    00000004     rtsv7M4_T_le_v4SPD16_eabi.lib : pre_init.c.obj (.text:_system_pre_init)
                  00000800    00000004                                   : exit.c.obj (.text:abort:abort)

.cinit     0    00000808    00000030     
                  00000808    0000000c     (__TI_handler_table)
                  00000814    00000004     --HOLE-- [fill = 0]
                  00000818    00000008     (.cinit..bss.load) [load image, compression = zero_init]
                  00000820    00000008     (.cinit..data.load) [load image, compression = lzss]
                  00000828    00000010     (__TI_cinit_table)

.init_array 
*          0    00000000    00000000     UNINITIALIZED

.binit     0    00000000    00000000     

.bss       0    20000000    00000008     UNINITIALIZED
                  20000000    00000002     (.common:currentedge)
                  20000002    00000002     (.common:flag)
                  20000004    00000002     (.common:lastedge)
                  20000006    00000002     (.common:period)

.data      0    20000008    00000004     UNINITIALIZED
                  20000008    00000004     system_msp432p401r.obj (.data)

.stack     0    2000fe00    00000200     UNINITIALIZED
                  2000fe00    00000004     rtsv7M4_T_le_v4SPD16_eabi.lib : boot_cortex_m.c.obj (.stack)
                  2000fe04    000001fc     --HOLE--

MODULE SUMMARY

       Module                        code   ro data   rw data
       ------                        ----   -------   -------
    .\
       system_msp432p401r.obj        820    0         8      
       main.obj                      480    0         16     
       startup_msp432p401r_ccs.obj   14     228       0      
       SysTick.obj                   80     0         0      
    +--+-----------------------------+------+---------+---------+
       Total:                        1394   228       24     
                                                             
    C:\ti\ccs930\ccs\tools\compiler\ti-cgt-arm_18.12.4.LTS\lib\rtsv7M4_T_le_v4SPD16_eabi.lib
       memcpy_t2.asm.obj             156    0         0      
       copy_decompress_lzss.c.obj    104    0         0      
       autoinit.c.obj                68     0         0      
       boot_cortex_m.c.obj           52     0         0      
       copy_zero_init.c.obj          28     0         0      
       copy_decompress_none.c.obj    14     0         0      
       exit.c.obj                    4      0         0      
       pre_init.c.obj                4      0         0      
    +--+-----------------------------+------+---------+---------+
       Total:                        430    0         0      
                                                             
       Stack:                        0      0         1024   
       Linker Generated:             0      44        0      
    +--+-----------------------------+------+---------+---------+
       Grand Total:                  1824   272       1048   


LINKER GENERATED COPY TABLES

__TI_cinit_table @ 00000828 records: 2, size/record: 8, table size: 16
	.bss: load addr=00000818, load size=00000008 bytes, run addr=20000000, run size=00000008 bytes, compression=zero_init
	.data: load addr=00000820, load size=00000008 bytes, run addr=20000008, run size=00000004 bytes, compression=lzss


LINKER GENERATED HANDLER TABLE

__TI_handler_table @ 00000808 records: 3, size/record: 4, table size: 12
	index: 0, handler: __TI_decompress_lzss
	index: 1, handler: __TI_decompress_none
	index: 2, handler: __TI_zero_init


GLOBAL SYMBOLS: SORTED ALPHABETICALLY BY Name 

address   name                          
-------   ----                          
000007fb  ADC14_IRQHandler              
000007fb  AES256_IRQHandler             
000007fb  BusFault_Handler              
00000801  C$$EXIT                       
000007fb  COMP_E0_IRQHandler            
000007fb  COMP_E1_IRQHandler            
000007fb  CS_IRQHandler                 
000007fb  DMA_ERR_IRQHandler            
000007fb  DMA_INT0_IRQHandler           
000007fb  DMA_INT1_IRQHandler           
000007fb  DMA_INT2_IRQHandler           
000007fb  DMA_INT3_IRQHandler           
000007fb  DebugMon_Handler              
000007fb  Default_Handler               
000007fb  EUSCIA0_IRQHandler            
000007fb  EUSCIA1_IRQHandler            
000007fb  EUSCIA2_IRQHandler            
000007fb  EUSCIA3_IRQHandler            
000007fb  EUSCIB0_IRQHandler            
000007fb  EUSCIB1_IRQHandler            
000007fb  EUSCIB2_IRQHandler            
000007fb  EUSCIB3_IRQHandler            
000007fb  FLCTL_IRQHandler              
000007fb  FPU_IRQHandler                
000007fb  HardFault_Handler             
00000511  LED_init                      
000007fb  MemManage_Handler             
000007fb  NMI_Handler                   
000007fb  PCM_IRQHandler                
000007fb  PORT1_IRQHandler              
000007fb  PORT2_IRQHandler              
000007fb  PORT3_IRQHandler              
000007fb  PORT4_IRQHandler              
000007fb  PORT5_IRQHandler              
000007fb  PORT6_IRQHandler              
000007fb  PSS_IRQHandler                
000007fb  PendSV_Handler                
000007fb  RTC_C_IRQHandler              
000007ef  Reset_Handler                 
000007fb  SVC_Handler                   
00000719  SysTick_Delay                 
000007fb  SysTick_Handler               
000006fd  SysTick_Init                  
20000008  SystemCoreClock               
000000e5  SystemCoreClockUpdate         
0000035d  SystemInit                    
000007fb  T32_INT1_IRQHandler           
000007fb  T32_INT2_IRQHandler           
000007fb  T32_INTC_IRQHandler           
000007fb  TA0_0_IRQHandler              
000007fb  TA0_N_IRQHandler              
000007fb  TA1_0_IRQHandler              
000007fb  TA1_N_IRQHandler              
000007fb  TA2_0_IRQHandler              
00000531  TA2_N_IRQHandler              
00000531  TA2_N_IRQHandler              
000007fb  TA3_0_IRQHandler              
000007fb  TA3_N_IRQHandler              
000007fb  UsageFault_Handler            
4000480c  WDTCTL_SYM                    
000007fb  WDT_A_IRQHandler              
20010000  __STACK_END                   
00000200  __STACK_SIZE                  
00000828  __TI_CINIT_Base               
00000838  __TI_CINIT_Limit              
00000808  __TI_Handler_Table_Base       
00000814  __TI_Handler_Table_Limit      
0000074d  __TI_auto_init_nobinit_nopinit
00000695  __TI_decompress_lzss          
000007e1  __TI_decompress_none          
ffffffff  __TI_pprof_out_hndl           
ffffffff  __TI_prof_data_size           
ffffffff  __TI_prof_data_start          
00000000  __TI_static_base__            
000007c5  __TI_zero_init_nomemset       
000005f9  __aeabi_memcpy                
000005f9  __aeabi_memcpy4               
000005f9  __aeabi_memcpy8               
ffffffff  __binit__                     
ffffffff  __c_args__                    
UNDEFED   __mpu_init                    
2000fe00  __stack                       
00000791  _c_int00_noargs               
UNDEFED   _system_post_cinit            
000007fd  _system_pre_init              
00000801  abort                         
ffffffff  binit                         
20000000  currentedge                   
00000491  emitter_init                  
20000002  flag                          
00000000  interruptVectors              
20000004  lastedge                      
00000445  main                          
000005f9  memcpy                        
20000006  period                        
000004d1  receiver_init                 


GLOBAL SYMBOLS: SORTED BY Symbol Address 

address   name                          
-------   ----                          
00000000  __TI_static_base__            
00000000  interruptVectors              
000000e5  SystemCoreClockUpdate         
00000200  __STACK_SIZE                  
0000035d  SystemInit                    
00000445  main                          
00000491  emitter_init                  
000004d1  receiver_init                 
00000511  LED_init                      
00000531  TA2_N_IRQHandler              
00000531  TA2_N_IRQHandler              
000005f9  __aeabi_memcpy                
000005f9  __aeabi_memcpy4               
000005f9  __aeabi_memcpy8               
000005f9  memcpy                        
00000695  __TI_decompress_lzss          
000006fd  SysTick_Init                  
00000719  SysTick_Delay                 
0000074d  __TI_auto_init_nobinit_nopinit
00000791  _c_int00_noargs               
000007c5  __TI_zero_init_nomemset       
000007e1  __TI_decompress_none          
000007ef  Reset_Handler                 
000007fb  ADC14_IRQHandler              
000007fb  AES256_IRQHandler             
000007fb  BusFault_Handler              
000007fb  COMP_E0_IRQHandler            
000007fb  COMP_E1_IRQHandler            
000007fb  CS_IRQHandler                 
000007fb  DMA_ERR_IRQHandler            
000007fb  DMA_INT0_IRQHandler           
000007fb  DMA_INT1_IRQHandler           
000007fb  DMA_INT2_IRQHandler           
000007fb  DMA_INT3_IRQHandler           
000007fb  DebugMon_Handler              
000007fb  Default_Handler               
000007fb  EUSCIA0_IRQHandler            
000007fb  EUSCIA1_IRQHandler            
000007fb  EUSCIA2_IRQHandler            
000007fb  EUSCIA3_IRQHandler            
000007fb  EUSCIB0_IRQHandler            
000007fb  EUSCIB1_IRQHandler            
000007fb  EUSCIB2_IRQHandler            
000007fb  EUSCIB3_IRQHandler            
000007fb  FLCTL_IRQHandler              
000007fb  FPU_IRQHandler                
000007fb  HardFault_Handler             
000007fb  MemManage_Handler             
000007fb  NMI_Handler                   
000007fb  PCM_IRQHandler                
000007fb  PORT1_IRQHandler              
000007fb  PORT2_IRQHandler              
000007fb  PORT3_IRQHandler              
000007fb  PORT4_IRQHandler              
000007fb  PORT5_IRQHandler              
000007fb  PORT6_IRQHandler              
000007fb  PSS_IRQHandler                
000007fb  PendSV_Handler                
000007fb  RTC_C_IRQHandler              
000007fb  SVC_Handler                   
000007fb  SysTick_Handler               
000007fb  T32_INT1_IRQHandler           
000007fb  T32_INT2_IRQHandler           
000007fb  T32_INTC_IRQHandler           
000007fb  TA0_0_IRQHandler              
000007fb  TA0_N_IRQHandler              
000007fb  TA1_0_IRQHandler              
000007fb  TA1_N_IRQHandler              
000007fb  TA2_0_IRQHandler              
000007fb  TA3_0_IRQHandler              
000007fb  TA3_N_IRQHandler              
000007fb  UsageFault_Handler            
000007fb  WDT_A_IRQHandler              
000007fd  _system_pre_init              
00000801  C$$EXIT                       
00000801  abort                         
00000808  __TI_Handler_Table_Base       
00000814  __TI_Handler_Table_Limit      
00000828  __TI_CINIT_Base               
00000838  __TI_CINIT_Limit              
20000000  currentedge                   
20000002  flag                          
20000004  lastedge                      
20000006  period                        
20000008  SystemCoreClock               
2000fe00  __stack                       
20010000  __STACK_END                   
4000480c  WDTCTL_SYM                    
ffffffff  __TI_pprof_out_hndl           
ffffffff  __TI_prof_data_size           
ffffffff  __TI_prof_data_start          
ffffffff  __binit__                     
ffffffff  __c_args__                    
ffffffff  binit                         
UNDEFED   __mpu_init                    
UNDEFED   _system_post_cinit            

[96 symbols]
