******************************************************************************
                  TI ARM Linker PC v18.12.4                    
******************************************************************************
>> Linked Wed Apr 14 19:50:39 2021

OUTPUT FILE NAME:   <FinalProject.out>
ENTRY POINT SYMBOL: "_c_int00_noargs"  address: 00004675


MEMORY CONFIGURATION

         name            origin    length      used     unused   attr    fill
----------------------  --------  ---------  --------  --------  ----  --------
  MAIN                  00000000   00040000  00004c59  0003b3a7  R  X
  INFO                  00200000   00004000  00000000  00004000  R  X
  SRAM_CODE             01000000   00010000  000009bd  0000f643  RW X
  SRAM_DATA             20000000   00010000  000009bd  0000f643  RW  


SEGMENT ALLOCATION MAP

run origin  load origin   length   init length attrs members
----------  ----------- ---------- ----------- ----- -------
00000000    00000000    00004c60   00004c60    r-x
  00000000    00000000    000000e4   000000e4    r-- .intvecs
  000000e4    000000e4    0000481c   0000481c    r-x .text
  00004900    00004900    000002c1   000002c1    r-- .const
  00004bc8    00004bc8    00000098   00000098    r-- .cinit
20000000    20000000    000007bd   00000000    rw-
  20000000    20000000    00000400   00000000    rw- .sysmem
  20000400    20000400    000001ec   00000000    rw- .data
  200005ec    200005ec    000001d1   00000000    rw- .bss
2000fe00    2000fe00    00000200   00000000    rw-
  2000fe00    2000fe00    00000200   00000000    rw- .stack


SECTION ALLOCATION MAP

 output                                  attributes/
section   page    origin      length       input sections
--------  ----  ----------  ----------   ----------------
.intvecs   0    00000000    000000e4     
                  00000000    000000e4     startup_msp432p401r_ccs.obj (.intvecs:retain)

.text      0    000000e4    0000481c     
                  000000e4    00000a4e     rtsv7M4_T_le_v4SPD16_eabi.lib : _printfi.c.obj (.text:__TI_printfi)
                  00000b32    00000002                                   : _lock.c.obj (.text:_nop)
                  00000b34    0000076c     Menu.obj (.text)
                  000012a0    00000570     main.obj (.text)
                  00001810    00000550     RGB.obj (.text)
                  00001d60    00000334     system_msp432p401r.obj (.text)
                  00002094    00000320     LCD.obj (.text)
                  000023b4    000002e4     InitPins.obj (.text)
                  00002698    00000270     rtsv7M4_T_le_v4SPD16_eabi.lib : _printfi.c.obj (.text:_pconv_a)
                  00002908    000001f0     Keypad.obj (.text)
                  00002af8    000001d0     rtsv7M4_T_le_v4SPD16_eabi.lib : _printfi.c.obj (.text:_pconv_g)
                  00002cc8    000001b6                                   : fd_add_t2.asm.obj (.text)
                  00002e7e    00000002                                   : div0.asm.obj (.text)
                  00002e80    0000013c                                   : _printfi.c.obj (.text:_pconv_e)
                  00002fbc    00000136                                   : fd_div_t2.asm.obj (.text)
                  000030f2    00000002     --HOLE-- [fill = 0]
                  000030f4    00000124                                   : _printfi.c.obj (.text:fcvt)
                  00003218    00000118                                   : memory.c.obj (.text:aligned_alloc)
                  00003330    00000114                                   : fputs.c.obj (.text:fputs)
                  00003444    00000110                                   : s_scalbn.c.obj (.text:scalbn)
                  00003554    000000fc                                   : fd_mul_t2.asm.obj (.text)
                  00003650    000000e4                                   : memory.c.obj (.text:free)
                  00003734    000000dc                                   : setvbuf.c.obj (.text:setvbuf)
                  00003810    000000b1                                   : _printfi.c.obj (.text:_ltostr)
                  000038c1    00000001     --HOLE-- [fill = 0]
                  000038c2    0000009c                                   : memcpy_t2.asm.obj (.text)
                  0000395e    00000096                                   : ull_div_t2.asm.obj (.text)
                  000039f4    0000008c                                   : fputc.c.obj (.text:fputc)
                  00003a80    00000086                                   : fd_cmp_t2.asm.obj (.text:__aeabi_cdcmple)
                  00003b06    00000086                                   : fd_cmp_t2.asm.obj (.text:__aeabi_cdrcmple)
                  00003b8c    0000007a                                   : memset_t2.asm.obj (.text)
                  00003c06    00000002     --HOLE-- [fill = 0]
                  00003c08    00000074                                   : fclose.c.obj (.text:__TI_closefile)
                  00003c7c    00000070                                   : memory.c.obj (.text:split)
                  00003cec    0000006e                                   : _printfi.c.obj (.text:_mcpy)
                  00003d5a    00000002     --HOLE-- [fill = 0]
                  00003d5c    0000006c                                   : hostrename.c.obj (.text:HOSTrename)
                  00003dc8    00000068                                   : hostlseek.c.obj (.text:HOSTlseek)
                  00003e30    00000068                                   : copy_decompress_lzss.c.obj (.text:decompress:lzss:__TI_decompress_lzss)
                  00003e98    00000068                                   : printf.c.obj (.text:printf)
                  00003f00    00000064                                   : s_frexp.c.obj (.text:frexp)
                  00003f64    00000064                                   : fseek.c.obj (.text:fseek)
                  00003fc8    00000062                                   : _io_perm.c.obj (.text:__TI_wrt_ok)
                  0000402a    00000002     --HOLE-- [fill = 0]
                  0000402c    00000060                                   : hostopen.c.obj (.text:HOSTopen)
                  0000408c    0000005c                                   : close.c.obj (.text:close)
                  000040e8    00000058                                   : hostread.c.obj (.text:HOSTread)
                  00004140    00000058                                   : hostwrite.c.obj (.text:HOSTwrite)
                  00004198    00000056                                   : _printfi.c.obj (.text:_pconv_f)
                  000041ee    00000002     --HOLE-- [fill = 0]
                  000041f0    00000054     SysTick.obj (.text)
                  00004244    00000054     rtsv7M4_T_le_v4SPD16_eabi.lib : ltoa.c.obj (.text:ltoa)
                  00004298    00000052                                   : _printfi.c.obj (.text:_ecpy)
                  000042ea    0000004c                                   : fflush.c.obj (.text:__TI_doflush)
                  00004336    00000002     --HOLE-- [fill = 0]
                  00004338    0000004c                                   : atoi.c.obj (.text:atoi)
                  00004384    00000048                                   : exit.c.obj (.text:exit)
                  000043cc    00000048                                   : fd_toi_t2.asm.obj (.text)
                  00004414    00000044                                   : hostclose.c.obj (.text:HOSTclose)
                  00004458    00000044                                   : hostunlink.c.obj (.text:HOSTunlink)
                  0000449c    00000044                                   : autoinit.c.obj (.text:__TI_auto_init_nobinit_nopinit:__TI_auto_init_nobinit_nopinit)
                  000044e0    00000044                                   : getdevice.c.obj (.text:getdevice)
                  00004524    0000003e                                   : _printfi.c.obj (.text:_fcpy)
                  00004562    00000002     --HOLE-- [fill = 0]
                  00004564    00000038                                   : trgmsg.c.obj (.text:__TI_writemsg)
                  0000459c    00000038                                   : fs_tod_t2.asm.obj (.text)
                  000045d4    00000036                                   : strncpy.c.obj (.text:strncpy)
                  0000460a    00000002     --HOLE-- [fill = 0]
                  0000460c    00000034                                   : fopen.c.obj (.text:__TI_cleanup)
                  00004640    00000034                                   : trgmsg.c.obj (.text:__TI_readmsg)
                  00004674    00000034                                   : boot_cortex_m.c.obj (.text:_c_int00_noargs:_c_int00_noargs)
                  000046a8    00000030                                   : getdevice.c.obj (.text:finddevice)
                  000046d8    0000002e                                   : i_tofd_t2.asm.obj (.text)
                  00004706    00000002     --HOLE-- [fill = 0]
                  00004708    0000002c                                   : unlink.c.obj (.text:unlink)
                  00004734    00000028                                   : memory.c.obj (.text:free_list_insert)
                  0000475c    00000028                                   : lseek.c.obj (.text:lseek)
                  00004784    00000028                                   : write.c.obj (.text:write)
                  000047ac    00000020                                   : memchr.c.obj (.text:memchr)
                  000047cc    00000020                                   : u_tofd_t2.asm.obj (.text)
                  000047ec    0000001c                                   : copy_zero_init.c.obj (.text:decompress:ZI:__TI_zero_init_nomemset:__TI_zero_init_nomemset)
                  00004808    0000001c                                   : memory.c.obj (.text:free_list_remove)
                  00004824    0000001c                                   : memccpy.c.obj (.text:memccpy)
                  00004840    0000001a                                   : s_copysign.c.obj (.text:copysign)
                  0000485a    00000018                                   : strcmp.c.obj (.text:strcmp)
                  00004872    00000016                                   : strchr.c.obj (.text:strchr)
                  00004888    00000014                                   : strcpy.c.obj (.text:strcpy)
                  0000489c    00000014                                   : strlen.c.obj (.text:strlen)
                  000048b0    00000012                                   : wcslen.c.obj (.text:wcslen)
                  000048c2    0000000e                                   : copy_decompress_none.c.obj (.text:decompress:none:__TI_decompress_none)
                  000048d0    0000000e     startup_msp432p401r_ccs.obj (.text)
                  000048de    00000002     --HOLE-- [fill = 0]
                  000048e0    00000008     rtsv7M4_T_le_v4SPD16_eabi.lib : errno.c.obj (.text:__aeabi_errno_addr)
                  000048e8    00000008                                   : memory.c.obj (.text:malloc)
                  000048f0    00000004                                   : printf.c.obj (.text:_outc)
                  000048f4    00000004                                   : printf.c.obj (.text:_outs)
                  000048f8    00000004                                   : pre_init.c.obj (.text:_system_pre_init)
                  000048fc    00000004                                   : exit.c.obj (.text:abort:abort)

.const     0    00004900    000002c1     
                  00004900    00000101     rtsv7M4_T_le_v4SPD16_eabi.lib : ctype.c.obj (.const:.string:_ctypes_)
                  00004a01    00000010     Menu.obj (.const:.string:$P$T0$1)
                  00004a11    00000010     Menu.obj (.const:.string:$P$T1$2)
                  00004a21    00000010     Menu.obj (.const:.string:$P$T10$11)
                  00004a31    00000010     Menu.obj (.const:.string:$P$T11$12)
                  00004a41    00000010     Menu.obj (.const:.string:$P$T12$13)
                  00004a51    00000010     Menu.obj (.const:.string:$P$T13$14)
                  00004a61    00000010     Menu.obj (.const:.string:$P$T14$15)
                  00004a71    00000010     Menu.obj (.const:.string:$P$T15$16)
                  00004a81    00000010     Menu.obj (.const:.string:$P$T16$17)
                  00004a91    00000010     Menu.obj (.const:.string:$P$T17$18)
                  00004aa1    00000010     Menu.obj (.const:.string:$P$T18$19)
                  00004ab1    00000010     Menu.obj (.const:.string:$P$T19$20)
                  00004ac1    00000010     Menu.obj (.const:.string:$P$T2$3)
                  00004ad1    00000010     Menu.obj (.const:.string:$P$T20$21)
                  00004ae1    00000010     Menu.obj (.const:.string:$P$T21$22)
                  00004af1    00000010     Menu.obj (.const:.string:$P$T22$23)
                  00004b01    00000010     Menu.obj (.const:.string:$P$T23$24)
                  00004b11    00000010     Menu.obj (.const:.string:$P$T24$25)
                  00004b21    00000010     Menu.obj (.const:.string:$P$T25$26)
                  00004b31    00000010     Menu.obj (.const:.string:$P$T26$27)
                  00004b41    00000010     Menu.obj (.const:.string:$P$T27$28)
                  00004b51    00000010     Menu.obj (.const:.string:$P$T3$4)
                  00004b61    00000010     Menu.obj (.const:.string:$P$T4$5)
                  00004b71    00000010     Menu.obj (.const:.string:$P$T5$6)
                  00004b81    00000010     Menu.obj (.const:.string:$P$T6$7)
                  00004b91    00000010     Menu.obj (.const:.string:$P$T7$8)
                  00004ba1    00000010     Menu.obj (.const:.string:$P$T8$9)
                  00004bb1    00000010     Menu.obj (.const:.string:$P$T9$10)

.cinit     0    00004bc8    00000098     
                  00004bc8    0000006d     (.cinit..data.load) [load image, compression = lzss]
                  00004c35    00000003     --HOLE-- [fill = 0]
                  00004c38    0000000c     (__TI_handler_table)
                  00004c44    00000004     --HOLE-- [fill = 0]
                  00004c48    00000008     (.cinit..bss.load) [load image, compression = zero_init]
                  00004c50    00000010     (__TI_cinit_table)

.init_array 
*          0    00000000    00000000     UNINITIALIZED

.binit     0    00000000    00000000     

.sysmem    0    20000000    00000400     UNINITIALIZED
                  20000000    00000010     rtsv7M4_T_le_v4SPD16_eabi.lib : memory.c.obj (.sysmem)
                  20000010    000003f0     --HOLE--

.data      0    20000400    000001ec     UNINITIALIZED
                  20000400    000000f0     rtsv7M4_T_le_v4SPD16_eabi.lib : defs.c.obj (.data:_ftable)
                  200004f0    00000078                                   : host_device.c.obj (.data:_device)
                  20000568    00000050                                   : host_device.c.obj (.data:_stream)
                  200005b8    00000010                                   : defs.c.obj (.data)
                  200005c8    0000000c                                   : exit.c.obj (.data:$O1$$)
                  200005d4    00000008                                   : _lock.c.obj (.data:$O1$$)
                  200005dc    00000008                                   : memory.c.obj (.data:$O1$$)
                  200005e4    00000004                                   : errno.c.obj (.data)
                  200005e8    00000004     system_msp432p401r.obj (.data)

.bss       0    200005ec    000001d1     UNINITIALIZED
                  200005ec    00000120     rtsv7M4_T_le_v4SPD16_eabi.lib : trgmsg.c.obj (.bss:_CIOBUF_)
                  2000070c    000000a0     (.common:__TI_tmpnams)
                  200007ac    00000008     (.common:parmbuf)
                  200007b4    00000001     (.common:blueOn)
                  200007b5    00000001     (.common:blueSum)
                  200007b6    00000001     (.common:buttonflag)
                  200007b7    00000001     (.common:greenOn)
                  200007b8    00000001     (.common:greenSum)
                  200007b9    00000001     (.common:num)
                  200007ba    00000001     (.common:redOn)
                  200007bb    00000001     (.common:redSum)
                  200007bc    00000001     (.common:state)

.stack     0    2000fe00    00000200     UNINITIALIZED
                  2000fe00    00000004     rtsv7M4_T_le_v4SPD16_eabi.lib : boot_cortex_m.c.obj (.stack)
                  2000fe04    000001fc     --HOLE--

MODULE SUMMARY

       Module                        code    ro data   rw data
       ------                        ----    -------   -------
    .\
       Menu.obj                      1900    448       0      
       main.obj                      1392    0         4      
       RGB.obj                       1360    0         12     
       system_msp432p401r.obj        820     0         8      
       LCD.obj                       800     0         0      
       InitPins.obj                  740     0         0      
       Keypad.obj                    496     0         2      
       startup_msp432p401r_ccs.obj   14      228       0      
       SysTick.obj                   84      0         0      
    +--+-----------------------------+-------+---------+---------+
       Total:                        7606    676       26     
                                                              
    C:\ti\ccs930\ccs\tools\compiler\ti-cgt-arm_18.12.4.LTS\lib\rtsv7M4_T_le_v4SPD16_eabi.lib
       _printfi.c.obj                4851    0         0      
       defs.c.obj                    0       0         832    
       memory.c.obj                  696     0         16     
       trgmsg.c.obj                  108     0         576    
       fd_add_t2.asm.obj             438     0         0      
       host_device.c.obj             0       0         400    
       fd_div_t2.asm.obj             310     0         0      
       fputs.c.obj                   276     0         0      
       s_scalbn.c.obj                272     0         0      
       fd_cmp_t2.asm.obj             268     0         0      
       ctype.c.obj                   0       257       0      
       fd_mul_t2.asm.obj             252     0         0      
       setvbuf.c.obj                 220     0         0      
       memcpy_t2.asm.obj             156     0         0      
       ull_div_t2.asm.obj            150     0         0      
       fputc.c.obj                   140     0         0      
       memset_t2.asm.obj             122     0         0      
       fclose.c.obj                  116     0         0      
       getdevice.c.obj               116     0         0      
       hostopen.c.obj                96      0         16     
       printf.c.obj                  112     0         0      
       hostrename.c.obj              108     0         0      
       copy_decompress_lzss.c.obj    104     0         0      
       hostlseek.c.obj               104     0         0      
       exit.c.obj                    76      0         24     
       fseek.c.obj                   100     0         0      
       s_frexp.c.obj                 100     0         0      
       _io_perm.c.obj                98      0         0      
       close.c.obj                   92      0         0      
       hostread.c.obj                88      0         0      
       hostwrite.c.obj               88      0         0      
       ltoa.c.obj                    84      0         0      
       atoi.c.obj                    76      0         0      
       fflush.c.obj                  76      0         0      
       fd_toi_t2.asm.obj             72      0         0      
       autoinit.c.obj                68      0         0      
       hostclose.c.obj               68      0         0      
       hostunlink.c.obj              68      0         0      
       fs_tod_t2.asm.obj             56      0         0      
       strncpy.c.obj                 54      0         0      
       boot_cortex_m.c.obj           52      0         0      
       fopen.c.obj                   52      0         0      
       i_tofd_t2.asm.obj             46      0         0      
       unlink.c.obj                  44      0         0      
       lseek.c.obj                   40      0         0      
       write.c.obj                   40      0         0      
       memchr.c.obj                  32      0         0      
       u_tofd_t2.asm.obj             32      0         0      
       copy_zero_init.c.obj          28      0         0      
       memccpy.c.obj                 28      0         0      
       s_copysign.c.obj              26      0         0      
       strcmp.c.obj                  24      0         0      
       strchr.c.obj                  22      0         0      
       strcpy.c.obj                  20      0         0      
       strlen.c.obj                  20      0         0      
       _lock.c.obj                   2       0         16     
       wcslen.c.obj                  18      0         0      
       errno.c.obj                   8       0         8      
       copy_decompress_none.c.obj    14      0         0      
       pre_init.c.obj                4       0         0      
       div0.asm.obj                  2       0         0      
    +--+-----------------------------+-------+---------+---------+
       Total:                        10833   257       1888   
                                                              
       Heap:                         0       0         2048   
       Stack:                        0       0         1024   
       Linker Generated:             0       145       0      
    +--+-----------------------------+-------+---------+---------+
       Grand Total:                  18439   1078      4986   


LINKER GENERATED COPY TABLES

__TI_cinit_table @ 00004c50 records: 2, size/record: 8, table size: 16
	.data: load addr=00004bc8, load size=0000006d bytes, run addr=20000400, run size=000001ec bytes, compression=lzss
	.bss: load addr=00004c48, load size=00000008 bytes, run addr=200005ec, run size=000001d1 bytes, compression=zero_init


LINKER GENERATED HANDLER TABLE

__TI_handler_table @ 00004c38 records: 3, size/record: 4, table size: 12
	index: 0, handler: __TI_decompress_lzss
	index: 1, handler: __TI_decompress_none
	index: 2, handler: __TI_zero_init


GLOBAL SYMBOLS: SORTED ALPHABETICALLY BY Name 

address   name                           
-------   ----                           
000048dd  ADC14_IRQHandler               
000025b3  ADCsetup                       
000048dd  AES256_IRQHandler              
0000256d  Back_init                      
000048dd  BusFault_Handler               
0000244f  Button_init                    
000048fd  C$$EXIT                        
00004593  C$$IO$$                        
000048dd  COMP_E0_IRQHandler             
000048dd  COMP_E1_IRQHandler             
000048dd  CS_IRQHandler                  
00002407  DC_init                        
000048dd  DMA_ERR_IRQHandler             
000048dd  DMA_INT0_IRQHandler            
000048dd  DMA_INT1_IRQHandler            
000048dd  DMA_INT2_IRQHandler            
000048dd  DMA_INT3_IRQHandler            
000048dd  DebugMon_Handler               
000048dd  Default_Handler                
000048dd  EUSCIA0_IRQHandler             
000048dd  EUSCIA1_IRQHandler             
000048dd  EUSCIA2_IRQHandler             
000048dd  EUSCIA3_IRQHandler             
000048dd  EUSCIB0_IRQHandler             
000048dd  EUSCIB1_IRQHandler             
000048dd  EUSCIB2_IRQHandler             
000048dd  EUSCIB3_IRQHandler             
000048dd  FLCTL_IRQHandler               
000048dd  FPU_IRQHandler                 
00004415  HOSTclose                      
00003dc9  HOSTlseek                      
0000402d  HOSTopen                       
000040e9  HOSTread                       
00003d5d  HOSTrename                     
00004459  HOSTunlink                     
00004141  HOSTwrite                      
000048dd  HardFault_Handler              
00002909  Keypad_Init                    
000022d9  LCD_Init                       
000023b5  LED_init                       
000048dd  MemManage_Handler              
000048dd  NMI_Handler                    
000048dd  PCM_IRQHandler                 
000048dd  PORT1_IRQHandler               
000048dd  PORT2_IRQHandler               
000048dd  PORT3_IRQHandler               
000048dd  PORT4_IRQHandler               
000048dd  PORT5_IRQHandler               
00001689  PORT6_IRQHandler               
00001689  PORT6_IRQHandler               
000048dd  PSS_IRQHandler                 
000048dd  PendSV_Handler                 
00002095  Pin_Init                       
00002a51  Print_Keys                     
000021d9  PulseEnablePin                 
000024cf  RGB_init                       
000048dd  RTC_C_IRQHandler               
0000293d  Read_Keypad                    
000048d1  Reset_Handler                  
000048dd  SVC_Handler                    
0000249d  Servo_init                     
0000420d  SysTick_Delay                  
000048dd  SysTick_Handler                
000041f1  SysTick_Init                   
200005e8  SystemCoreClock                
00001d61  SystemCoreClockUpdate          
00001fd9  SystemInit                     
000048dd  T32_INT1_IRQHandler            
000048dd  T32_INT2_IRQHandler            
000048dd  T32_INTC_IRQHandler            
000048dd  TA0_0_IRQHandler               
000048dd  TA0_N_IRQHandler               
000048dd  TA1_0_IRQHandler               
000048dd  TA1_N_IRQHandler               
000048dd  TA2_0_IRQHandler               
000048dd  TA2_N_IRQHandler               
000048dd  TA3_0_IRQHandler               
000048dd  TA3_N_IRQHandler               
000048dd  UsageFault_Handler             
4000480c  WDTCTL_SYM                     
000048dd  WDT_A_IRQHandler               
200005ec  __CIOBUF_                      
20010000  __STACK_END                    
00000200  __STACK_SIZE                   
00000400  __SYSMEM_SIZE                  
00004c50  __TI_CINIT_Base                
00004c60  __TI_CINIT_Limit               
00004c38  __TI_Handler_Table_Base        
00004c44  __TI_Handler_Table_Limit       
0000449d  __TI_auto_init_nobinit_nopinit 
0000460d  __TI_cleanup                   
200005c8  __TI_cleanup_ptr               
00003c09  __TI_closefile                 
00003e31  __TI_decompress_lzss           
000048c3  __TI_decompress_none           
000042eb  __TI_doflush                   
200005cc  __TI_dtors_ptr                 
200005d0  __TI_enable_exit_profile_output
200005b8  __TI_ft_end                    
ffffffff  __TI_pprof_out_hndl            
000000e5  __TI_printfi                   
ffffffff  __TI_prof_data_size            
ffffffff  __TI_prof_data_start           
00004641  __TI_readmsg                   
00000000  __TI_static_base__             
2000070c  __TI_tmpnams                   
00004565  __TI_writemsg                  
00003fc9  __TI_wrt_ok                    
000047ed  __TI_zero_init_nomemset        
00003a81  __aeabi_cdcmpeq                
00003a81  __aeabi_cdcmple                
00003b07  __aeabi_cdrcmple               
000043cd  __aeabi_d2iz                   
00002cd3  __aeabi_dadd                   
00002fbd  __aeabi_ddiv                   
00003555  __aeabi_dmul                   
00002cc9  __aeabi_dsub                   
000048e1  __aeabi_errno_addr             
0000459d  __aeabi_f2d                    
000046d9  __aeabi_i2d                    
00002e7f  __aeabi_idiv0                  
00002e7f  __aeabi_ldiv0                  
00003b8d  __aeabi_memclr                 
00003b8d  __aeabi_memclr4                
00003b8d  __aeabi_memclr8                
000038c3  __aeabi_memcpy                 
000038c3  __aeabi_memcpy4                
000038c3  __aeabi_memcpy8                
00003b8f  __aeabi_memset                 
00003b8f  __aeabi_memset4                
00003b8f  __aeabi_memset8                
200005c4  __aeabi_stderr                 
200005bc  __aeabi_stdin                  
200005c0  __aeabi_stdout                 
000047cd  __aeabi_ui2d                   
0000395f  __aeabi_uldivmod               
ffffffff  __binit__                      
ffffffff  __c_args__                     
UNDEFED   __mpu_init                     
2000fe00  __stack                        
00004675  _c_int00_noargs                
00004900  _ctypes_                       
200004f0  _device                        
20000400  _ftable                        
200005d4  _lock                          
00000b33  _nop                           
20000568  _stream                        
20000000  _sys_memory                    
UNDEFED   _system_post_cinit             
000048f9  _system_pre_init               
200005d8  _unlock                        
000048fd  abort                          
00003219  aligned_alloc                  
00004339  atoi                           
ffffffff  binit                          
00001b55  blue                           
00001071  blueMenu                       
200007b4  blueOn                         
200007b5  blueSum                        
200007b6  buttonflag                     
00001779  changeBL                       
00001341  changeState                    
0000408d  close                          
00002343  commandWrite                   
00004841  copysign                       
00004841  copysignl                      
0000235d  dataWrite                      
00001655  debounce                       
0000218f  delay_micro                    
000021b3  delay_milli                    
00000c33  doorMenu                       
200005e4  errno                          
00004385  exit                           
000046a9  finddevice                     
000039f5  fputc                          
00003331  fputs                          
00003651  free                           
00003f01  frexp                          
00003f01  frexpl                         
00003f65  fseek                          
000044e1  getdevice                      
000019b1  green                          
00001181  greenMenu                      
200007b7  greenOn                        
200007b8  greenSum                       
00000000  interruptVectors               
00003445  ldexp                          
00003445  ldexpl                         
00000e51  lightsMenu                     
0000475d  lseek                          
00004245  ltoa                           
000012cd  main                           
00000b35  mainMenu                       
000048e9  malloc                         
00003219  memalign                       
00004825  memccpy                        
000047ad  memchr                         
000038c3  memcpy                         
00003b95  memset                         
00000d3d  motorMenu                      
200007b9  num                            
200007ac  parmbuf                        
00003e99  printf                         
000022a1  pushByte                       
0000220d  pushNibble                     
000039f5  putc                           
00001811  red                            
00000f61  redMenu                        
200007ba  redOn                          
200007bb  redSum                         
00004709  remove                         
00003445  scalbn                         
00003445  scalbnl                        
00003735  setvbuf                        
200007bc  state                          
00004873  strchr                         
0000485b  strcmp                         
00004889  strcpy                         
0000489d  strlen                         
000045d5  strncpy                        
00004709  unlink                         
00001ce9  updateBL                       
000048b1  wcslen                         
00004785  write                          


GLOBAL SYMBOLS: SORTED BY Symbol Address 

address   name                           
-------   ----                           
00000000  __TI_static_base__             
00000000  interruptVectors               
000000e5  __TI_printfi                   
00000200  __STACK_SIZE                   
00000400  __SYSMEM_SIZE                  
00000b33  _nop                           
00000b35  mainMenu                       
00000c33  doorMenu                       
00000d3d  motorMenu                      
00000e51  lightsMenu                     
00000f61  redMenu                        
00001071  blueMenu                       
00001181  greenMenu                      
000012cd  main                           
00001341  changeState                    
00001655  debounce                       
00001689  PORT6_IRQHandler               
00001689  PORT6_IRQHandler               
00001779  changeBL                       
00001811  red                            
000019b1  green                          
00001b55  blue                           
00001ce9  updateBL                       
00001d61  SystemCoreClockUpdate          
00001fd9  SystemInit                     
00002095  Pin_Init                       
0000218f  delay_micro                    
000021b3  delay_milli                    
000021d9  PulseEnablePin                 
0000220d  pushNibble                     
000022a1  pushByte                       
000022d9  LCD_Init                       
00002343  commandWrite                   
0000235d  dataWrite                      
000023b5  LED_init                       
00002407  DC_init                        
0000244f  Button_init                    
0000249d  Servo_init                     
000024cf  RGB_init                       
0000256d  Back_init                      
000025b3  ADCsetup                       
00002909  Keypad_Init                    
0000293d  Read_Keypad                    
00002a51  Print_Keys                     
00002cc9  __aeabi_dsub                   
00002cd3  __aeabi_dadd                   
00002e7f  __aeabi_idiv0                  
00002e7f  __aeabi_ldiv0                  
00002fbd  __aeabi_ddiv                   
00003219  aligned_alloc                  
00003219  memalign                       
00003331  fputs                          
00003445  ldexp                          
00003445  ldexpl                         
00003445  scalbn                         
00003445  scalbnl                        
00003555  __aeabi_dmul                   
00003651  free                           
00003735  setvbuf                        
000038c3  __aeabi_memcpy                 
000038c3  __aeabi_memcpy4                
000038c3  __aeabi_memcpy8                
000038c3  memcpy                         
0000395f  __aeabi_uldivmod               
000039f5  fputc                          
000039f5  putc                           
00003a81  __aeabi_cdcmpeq                
00003a81  __aeabi_cdcmple                
00003b07  __aeabi_cdrcmple               
00003b8d  __aeabi_memclr                 
00003b8d  __aeabi_memclr4                
00003b8d  __aeabi_memclr8                
00003b8f  __aeabi_memset                 
00003b8f  __aeabi_memset4                
00003b8f  __aeabi_memset8                
00003b95  memset                         
00003c09  __TI_closefile                 
00003d5d  HOSTrename                     
00003dc9  HOSTlseek                      
00003e31  __TI_decompress_lzss           
00003e99  printf                         
00003f01  frexp                          
00003f01  frexpl                         
00003f65  fseek                          
00003fc9  __TI_wrt_ok                    
0000402d  HOSTopen                       
0000408d  close                          
000040e9  HOSTread                       
00004141  HOSTwrite                      
000041f1  SysTick_Init                   
0000420d  SysTick_Delay                  
00004245  ltoa                           
000042eb  __TI_doflush                   
00004339  atoi                           
00004385  exit                           
000043cd  __aeabi_d2iz                   
00004415  HOSTclose                      
00004459  HOSTunlink                     
0000449d  __TI_auto_init_nobinit_nopinit 
000044e1  getdevice                      
00004565  __TI_writemsg                  
00004593  C$$IO$$                        
0000459d  __aeabi_f2d                    
000045d5  strncpy                        
0000460d  __TI_cleanup                   
00004641  __TI_readmsg                   
00004675  _c_int00_noargs                
000046a9  finddevice                     
000046d9  __aeabi_i2d                    
00004709  remove                         
00004709  unlink                         
0000475d  lseek                          
00004785  write                          
000047ad  memchr                         
000047cd  __aeabi_ui2d                   
000047ed  __TI_zero_init_nomemset        
00004825  memccpy                        
00004841  copysign                       
00004841  copysignl                      
0000485b  strcmp                         
00004873  strchr                         
00004889  strcpy                         
0000489d  strlen                         
000048b1  wcslen                         
000048c3  __TI_decompress_none           
000048d1  Reset_Handler                  
000048dd  ADC14_IRQHandler               
000048dd  AES256_IRQHandler              
000048dd  BusFault_Handler               
000048dd  COMP_E0_IRQHandler             
000048dd  COMP_E1_IRQHandler             
000048dd  CS_IRQHandler                  
000048dd  DMA_ERR_IRQHandler             
000048dd  DMA_INT0_IRQHandler            
000048dd  DMA_INT1_IRQHandler            
000048dd  DMA_INT2_IRQHandler            
000048dd  DMA_INT3_IRQHandler            
000048dd  DebugMon_Handler               
000048dd  Default_Handler                
000048dd  EUSCIA0_IRQHandler             
000048dd  EUSCIA1_IRQHandler             
000048dd  EUSCIA2_IRQHandler             
000048dd  EUSCIA3_IRQHandler             
000048dd  EUSCIB0_IRQHandler             
000048dd  EUSCIB1_IRQHandler             
000048dd  EUSCIB2_IRQHandler             
000048dd  EUSCIB3_IRQHandler             
000048dd  FLCTL_IRQHandler               
000048dd  FPU_IRQHandler                 
000048dd  HardFault_Handler              
000048dd  MemManage_Handler              
000048dd  NMI_Handler                    
000048dd  PCM_IRQHandler                 
000048dd  PORT1_IRQHandler               
000048dd  PORT2_IRQHandler               
000048dd  PORT3_IRQHandler               
000048dd  PORT4_IRQHandler               
000048dd  PORT5_IRQHandler               
000048dd  PSS_IRQHandler                 
000048dd  PendSV_Handler                 
000048dd  RTC_C_IRQHandler               
000048dd  SVC_Handler                    
000048dd  SysTick_Handler                
000048dd  T32_INT1_IRQHandler            
000048dd  T32_INT2_IRQHandler            
000048dd  T32_INTC_IRQHandler            
000048dd  TA0_0_IRQHandler               
000048dd  TA0_N_IRQHandler               
000048dd  TA1_0_IRQHandler               
000048dd  TA1_N_IRQHandler               
000048dd  TA2_0_IRQHandler               
000048dd  TA2_N_IRQHandler               
000048dd  TA3_0_IRQHandler               
000048dd  TA3_N_IRQHandler               
000048dd  UsageFault_Handler             
000048dd  WDT_A_IRQHandler               
000048e1  __aeabi_errno_addr             
000048e9  malloc                         
000048f9  _system_pre_init               
000048fd  C$$EXIT                        
000048fd  abort                          
00004900  _ctypes_                       
00004c38  __TI_Handler_Table_Base        
00004c44  __TI_Handler_Table_Limit       
00004c50  __TI_CINIT_Base                
00004c60  __TI_CINIT_Limit               
20000000  _sys_memory                    
20000400  _ftable                        
200004f0  _device                        
20000568  _stream                        
200005b8  __TI_ft_end                    
200005bc  __aeabi_stdin                  
200005c0  __aeabi_stdout                 
200005c4  __aeabi_stderr                 
200005c8  __TI_cleanup_ptr               
200005cc  __TI_dtors_ptr                 
200005d0  __TI_enable_exit_profile_output
200005d4  _lock                          
200005d8  _unlock                        
200005e4  errno                          
200005e8  SystemCoreClock                
200005ec  __CIOBUF_                      
2000070c  __TI_tmpnams                   
200007ac  parmbuf                        
200007b4  blueOn                         
200007b5  blueSum                        
200007b6  buttonflag                     
200007b7  greenOn                        
200007b8  greenSum                       
200007b9  num                            
200007ba  redOn                          
200007bb  redSum                         
200007bc  state                          
2000fe00  __stack                        
20010000  __STACK_END                    
4000480c  WDTCTL_SYM                     
ffffffff  __TI_pprof_out_hndl            
ffffffff  __TI_prof_data_size            
ffffffff  __TI_prof_data_start           
ffffffff  __binit__                      
ffffffff  __c_args__                     
ffffffff  binit                          
UNDEFED   __mpu_init                     
UNDEFED   _system_post_cinit             

[224 symbols]
