<?xml version="1.0" encoding="ISO-8859-1" ?>
<link_info>
   <banner>TI ARM Linker PC v18.12.4.LTS</banner>
   <copyright>Copyright (c) 1996-2018 Texas Instruments Incorporated</copyright>
   <link_time>0x606bbc11</link_time>
   <link_errors>0x0</link_errors>
   <output_file>FinalProject.out</output_file>
   <entry_point>
      <name>_c_int00_noargs</name>
      <address>0x3495</address>
   </entry_point>
   <input_file_list>
      <input_file id="fl-2">
         <path>.\</path>
         <kind>object</kind>
         <file>Keypad.obj</file>
         <name>Keypad.obj</name>
      </input_file>
      <input_file id="fl-3">
         <path>.\</path>
         <kind>object</kind>
         <file>LCD.obj</file>
         <name>LCD.obj</name>
      </input_file>
      <input_file id="fl-4">
         <path>.\</path>
         <kind>object</kind>
         <file>SysTick.obj</file>
         <name>SysTick.obj</name>
      </input_file>
      <input_file id="fl-5">
         <path>.\</path>
         <kind>object</kind>
         <file>main.obj</file>
         <name>main.obj</name>
      </input_file>
      <input_file id="fl-6">
         <path>.\</path>
         <kind>object</kind>
         <file>startup_msp432p401r_ccs.obj</file>
         <name>startup_msp432p401r_ccs.obj</name>
      </input_file>
      <input_file id="fl-7">
         <path>.\</path>
         <kind>object</kind>
         <file>system_msp432p401r.obj</file>
         <name>system_msp432p401r.obj</name>
      </input_file>
      <input_file id="fl-b">
         <kind>object</kind>
         <file>&lt;internal&gt;</file>
         <name>&lt;internal&gt;</name>
      </input_file>
      <input_file id="fl-c1">
         <path>C:\ti\ccs930\ccs\tools\compiler\ti-cgt-arm_18.12.4.LTS\lib\</path>
         <kind>archive</kind>
         <file>rtsv7M4_T_le_v4SPD16_eabi.lib</file>
         <name>printf.c.obj</name>
      </input_file>
      <input_file id="fl-c2">
         <path>C:\ti\ccs930\ccs\tools\compiler\ti-cgt-arm_18.12.4.LTS\lib\</path>
         <kind>archive</kind>
         <file>rtsv7M4_T_le_v4SPD16_eabi.lib</file>
         <name>_printfi.c.obj</name>
      </input_file>
      <input_file id="fl-c3">
         <path>C:\ti\ccs930\ccs\tools\compiler\ti-cgt-arm_18.12.4.LTS\lib\</path>
         <kind>archive</kind>
         <file>rtsv7M4_T_le_v4SPD16_eabi.lib</file>
         <name>fputc.c.obj</name>
      </input_file>
      <input_file id="fl-c4">
         <path>C:\ti\ccs930\ccs\tools\compiler\ti-cgt-arm_18.12.4.LTS\lib\</path>
         <kind>archive</kind>
         <file>rtsv7M4_T_le_v4SPD16_eabi.lib</file>
         <name>fputs.c.obj</name>
      </input_file>
      <input_file id="fl-c5">
         <path>C:\ti\ccs930\ccs\tools\compiler\ti-cgt-arm_18.12.4.LTS\lib\</path>
         <kind>archive</kind>
         <file>rtsv7M4_T_le_v4SPD16_eabi.lib</file>
         <name>_io_perm.c.obj</name>
      </input_file>
      <input_file id="fl-c6">
         <path>C:\ti\ccs930\ccs\tools\compiler\ti-cgt-arm_18.12.4.LTS\lib\</path>
         <kind>archive</kind>
         <file>rtsv7M4_T_le_v4SPD16_eabi.lib</file>
         <name>setvbuf.c.obj</name>
      </input_file>
      <input_file id="fl-c7">
         <path>C:\ti\ccs930\ccs\tools\compiler\ti-cgt-arm_18.12.4.LTS\lib\</path>
         <kind>archive</kind>
         <file>rtsv7M4_T_le_v4SPD16_eabi.lib</file>
         <name>fd_add_t2.asm.obj</name>
      </input_file>
      <input_file id="fl-c8">
         <path>C:\ti\ccs930\ccs\tools\compiler\ti-cgt-arm_18.12.4.LTS\lib\</path>
         <kind>archive</kind>
         <file>rtsv7M4_T_le_v4SPD16_eabi.lib</file>
         <name>fd_cmp_t2.asm.obj</name>
      </input_file>
      <input_file id="fl-c9">
         <path>C:\ti\ccs930\ccs\tools\compiler\ti-cgt-arm_18.12.4.LTS\lib\</path>
         <kind>archive</kind>
         <file>rtsv7M4_T_le_v4SPD16_eabi.lib</file>
         <name>fd_div_t2.asm.obj</name>
      </input_file>
      <input_file id="fl-ca">
         <path>C:\ti\ccs930\ccs\tools\compiler\ti-cgt-arm_18.12.4.LTS\lib\</path>
         <kind>archive</kind>
         <file>rtsv7M4_T_le_v4SPD16_eabi.lib</file>
         <name>fd_mul_t2.asm.obj</name>
      </input_file>
      <input_file id="fl-cb">
         <path>C:\ti\ccs930\ccs\tools\compiler\ti-cgt-arm_18.12.4.LTS\lib\</path>
         <kind>archive</kind>
         <file>rtsv7M4_T_le_v4SPD16_eabi.lib</file>
         <name>fd_toi_t2.asm.obj</name>
      </input_file>
      <input_file id="fl-cc">
         <path>C:\ti\ccs930\ccs\tools\compiler\ti-cgt-arm_18.12.4.LTS\lib\</path>
         <kind>archive</kind>
         <file>rtsv7M4_T_le_v4SPD16_eabi.lib</file>
         <name>i_tofd_t2.asm.obj</name>
      </input_file>
      <input_file id="fl-cd">
         <path>C:\ti\ccs930\ccs\tools\compiler\ti-cgt-arm_18.12.4.LTS\lib\</path>
         <kind>archive</kind>
         <file>rtsv7M4_T_le_v4SPD16_eabi.lib</file>
         <name>memcpy_t2.asm.obj</name>
      </input_file>
      <input_file id="fl-ce">
         <path>C:\ti\ccs930\ccs\tools\compiler\ti-cgt-arm_18.12.4.LTS\lib\</path>
         <kind>archive</kind>
         <file>rtsv7M4_T_le_v4SPD16_eabi.lib</file>
         <name>ull_div_t2.asm.obj</name>
      </input_file>
      <input_file id="fl-cf">
         <path>C:\ti\ccs930\ccs\tools\compiler\ti-cgt-arm_18.12.4.LTS\lib\</path>
         <kind>archive</kind>
         <file>rtsv7M4_T_le_v4SPD16_eabi.lib</file>
         <name>memset_t2.asm.obj</name>
      </input_file>
      <input_file id="fl-d0">
         <path>C:\ti\ccs930\ccs\tools\compiler\ti-cgt-arm_18.12.4.LTS\lib\</path>
         <kind>archive</kind>
         <file>rtsv7M4_T_le_v4SPD16_eabi.lib</file>
         <name>copy_zero_init.c.obj</name>
      </input_file>
      <input_file id="fl-d1">
         <path>C:\ti\ccs930\ccs\tools\compiler\ti-cgt-arm_18.12.4.LTS\lib\</path>
         <kind>archive</kind>
         <file>rtsv7M4_T_le_v4SPD16_eabi.lib</file>
         <name>copy_decompress_none.c.obj</name>
      </input_file>
      <input_file id="fl-d2">
         <path>C:\ti\ccs930\ccs\tools\compiler\ti-cgt-arm_18.12.4.LTS\lib\</path>
         <kind>archive</kind>
         <file>rtsv7M4_T_le_v4SPD16_eabi.lib</file>
         <name>copy_decompress_lzss.c.obj</name>
      </input_file>
      <input_file id="fl-d3">
         <path>C:\ti\ccs930\ccs\tools\compiler\ti-cgt-arm_18.12.4.LTS\lib\</path>
         <kind>archive</kind>
         <file>rtsv7M4_T_le_v4SPD16_eabi.lib</file>
         <name>exit.c.obj</name>
      </input_file>
      <input_file id="fl-d4">
         <path>C:\ti\ccs930\ccs\tools\compiler\ti-cgt-arm_18.12.4.LTS\lib\</path>
         <kind>archive</kind>
         <file>rtsv7M4_T_le_v4SPD16_eabi.lib</file>
         <name>_lock.c.obj</name>
      </input_file>
      <input_file id="fl-d5">
         <path>C:\ti\ccs930\ccs\tools\compiler\ti-cgt-arm_18.12.4.LTS\lib\</path>
         <kind>archive</kind>
         <file>rtsv7M4_T_le_v4SPD16_eabi.lib</file>
         <name>atoi.c.obj</name>
      </input_file>
      <input_file id="fl-d6">
         <path>C:\ti\ccs930\ccs\tools\compiler\ti-cgt-arm_18.12.4.LTS\lib\</path>
         <kind>archive</kind>
         <file>rtsv7M4_T_le_v4SPD16_eabi.lib</file>
         <name>ctype.c.obj</name>
      </input_file>
      <input_file id="fl-d7">
         <path>C:\ti\ccs930\ccs\tools\compiler\ti-cgt-arm_18.12.4.LTS\lib\</path>
         <kind>archive</kind>
         <file>rtsv7M4_T_le_v4SPD16_eabi.lib</file>
         <name>defs.c.obj</name>
      </input_file>
      <input_file id="fl-d8">
         <path>C:\ti\ccs930\ccs\tools\compiler\ti-cgt-arm_18.12.4.LTS\lib\</path>
         <kind>archive</kind>
         <file>rtsv7M4_T_le_v4SPD16_eabi.lib</file>
         <name>ltoa.c.obj</name>
      </input_file>
      <input_file id="fl-d9">
         <path>C:\ti\ccs930\ccs\tools\compiler\ti-cgt-arm_18.12.4.LTS\lib\</path>
         <kind>archive</kind>
         <file>rtsv7M4_T_le_v4SPD16_eabi.lib</file>
         <name>memccpy.c.obj</name>
      </input_file>
      <input_file id="fl-da">
         <path>C:\ti\ccs930\ccs\tools\compiler\ti-cgt-arm_18.12.4.LTS\lib\</path>
         <kind>archive</kind>
         <file>rtsv7M4_T_le_v4SPD16_eabi.lib</file>
         <name>memchr.c.obj</name>
      </input_file>
      <input_file id="fl-db">
         <path>C:\ti\ccs930\ccs\tools\compiler\ti-cgt-arm_18.12.4.LTS\lib\</path>
         <kind>archive</kind>
         <file>rtsv7M4_T_le_v4SPD16_eabi.lib</file>
         <name>memory.c.obj</name>
      </input_file>
      <input_file id="fl-dc">
         <path>C:\ti\ccs930\ccs\tools\compiler\ti-cgt-arm_18.12.4.LTS\lib\</path>
         <kind>archive</kind>
         <file>rtsv7M4_T_le_v4SPD16_eabi.lib</file>
         <name>strchr.c.obj</name>
      </input_file>
      <input_file id="fl-dd">
         <path>C:\ti\ccs930\ccs\tools\compiler\ti-cgt-arm_18.12.4.LTS\lib\</path>
         <kind>archive</kind>
         <file>rtsv7M4_T_le_v4SPD16_eabi.lib</file>
         <name>strlen.c.obj</name>
      </input_file>
      <input_file id="fl-de">
         <path>C:\ti\ccs930\ccs\tools\compiler\ti-cgt-arm_18.12.4.LTS\lib\</path>
         <kind>archive</kind>
         <file>rtsv7M4_T_le_v4SPD16_eabi.lib</file>
         <name>write.c.obj</name>
      </input_file>
      <input_file id="fl-df">
         <path>C:\ti\ccs930\ccs\tools\compiler\ti-cgt-arm_18.12.4.LTS\lib\</path>
         <kind>archive</kind>
         <file>rtsv7M4_T_le_v4SPD16_eabi.lib</file>
         <name>host_device.c.obj</name>
      </input_file>
      <input_file id="fl-e0">
         <path>C:\ti\ccs930\ccs\tools\compiler\ti-cgt-arm_18.12.4.LTS\lib\</path>
         <kind>archive</kind>
         <file>rtsv7M4_T_le_v4SPD16_eabi.lib</file>
         <name>boot_cortex_m.c.obj</name>
      </input_file>
      <input_file id="fl-e1">
         <path>C:\ti\ccs930\ccs\tools\compiler\ti-cgt-arm_18.12.4.LTS\lib\</path>
         <kind>archive</kind>
         <file>rtsv7M4_T_le_v4SPD16_eabi.lib</file>
         <name>errno.c.obj</name>
      </input_file>
      <input_file id="fl-e2">
         <path>C:\ti\ccs930\ccs\tools\compiler\ti-cgt-arm_18.12.4.LTS\lib\</path>
         <kind>archive</kind>
         <file>rtsv7M4_T_le_v4SPD16_eabi.lib</file>
         <name>wcslen.c.obj</name>
      </input_file>
      <input_file id="fl-e3">
         <path>C:\ti\ccs930\ccs\tools\compiler\ti-cgt-arm_18.12.4.LTS\lib\</path>
         <kind>archive</kind>
         <file>rtsv7M4_T_le_v4SPD16_eabi.lib</file>
         <name>s_frexp.c.obj</name>
      </input_file>
      <input_file id="fl-e4">
         <path>C:\ti\ccs930\ccs\tools\compiler\ti-cgt-arm_18.12.4.LTS\lib\</path>
         <kind>archive</kind>
         <file>rtsv7M4_T_le_v4SPD16_eabi.lib</file>
         <name>s_scalbn.c.obj</name>
      </input_file>
      <input_file id="fl-e5">
         <path>C:\ti\ccs930\ccs\tools\compiler\ti-cgt-arm_18.12.4.LTS\lib\</path>
         <kind>archive</kind>
         <file>rtsv7M4_T_le_v4SPD16_eabi.lib</file>
         <name>fflush.c.obj</name>
      </input_file>
      <input_file id="fl-e6">
         <path>C:\ti\ccs930\ccs\tools\compiler\ti-cgt-arm_18.12.4.LTS\lib\</path>
         <kind>archive</kind>
         <file>rtsv7M4_T_le_v4SPD16_eabi.lib</file>
         <name>fopen.c.obj</name>
      </input_file>
      <input_file id="fl-e7">
         <path>C:\ti\ccs930\ccs\tools\compiler\ti-cgt-arm_18.12.4.LTS\lib\</path>
         <kind>archive</kind>
         <file>rtsv7M4_T_le_v4SPD16_eabi.lib</file>
         <name>fseek.c.obj</name>
      </input_file>
      <input_file id="fl-e8">
         <path>C:\ti\ccs930\ccs\tools\compiler\ti-cgt-arm_18.12.4.LTS\lib\</path>
         <kind>archive</kind>
         <file>rtsv7M4_T_le_v4SPD16_eabi.lib</file>
         <name>div0.asm.obj</name>
      </input_file>
      <input_file id="fl-e9">
         <path>C:\ti\ccs930\ccs\tools\compiler\ti-cgt-arm_18.12.4.LTS\lib\</path>
         <kind>archive</kind>
         <file>rtsv7M4_T_le_v4SPD16_eabi.lib</file>
         <name>autoinit.c.obj</name>
      </input_file>
      <input_file id="fl-ea">
         <path>C:\ti\ccs930\ccs\tools\compiler\ti-cgt-arm_18.12.4.LTS\lib\</path>
         <kind>archive</kind>
         <file>rtsv7M4_T_le_v4SPD16_eabi.lib</file>
         <name>pre_init.c.obj</name>
      </input_file>
      <input_file id="fl-eb">
         <path>C:\ti\ccs930\ccs\tools\compiler\ti-cgt-arm_18.12.4.LTS\lib\</path>
         <kind>archive</kind>
         <file>rtsv7M4_T_le_v4SPD16_eabi.lib</file>
         <name>cpy_tbl.c.obj</name>
      </input_file>
      <input_file id="fl-ec">
         <path>C:\ti\ccs930\ccs\tools\compiler\ti-cgt-arm_18.12.4.LTS\lib\</path>
         <kind>archive</kind>
         <file>rtsv7M4_T_le_v4SPD16_eabi.lib</file>
         <name>args_main.c.obj</name>
      </input_file>
      <input_file id="fl-ed">
         <path>C:\ti\ccs930\ccs\tools\compiler\ti-cgt-arm_18.12.4.LTS\lib\</path>
         <kind>archive</kind>
         <file>rtsv7M4_T_le_v4SPD16_eabi.lib</file>
         <name>hostclose.c.obj</name>
      </input_file>
      <input_file id="fl-ee">
         <path>C:\ti\ccs930\ccs\tools\compiler\ti-cgt-arm_18.12.4.LTS\lib\</path>
         <kind>archive</kind>
         <file>rtsv7M4_T_le_v4SPD16_eabi.lib</file>
         <name>hostlseek.c.obj</name>
      </input_file>
      <input_file id="fl-ef">
         <path>C:\ti\ccs930\ccs\tools\compiler\ti-cgt-arm_18.12.4.LTS\lib\</path>
         <kind>archive</kind>
         <file>rtsv7M4_T_le_v4SPD16_eabi.lib</file>
         <name>hostopen.c.obj</name>
      </input_file>
      <input_file id="fl-f0">
         <path>C:\ti\ccs930\ccs\tools\compiler\ti-cgt-arm_18.12.4.LTS\lib\</path>
         <kind>archive</kind>
         <file>rtsv7M4_T_le_v4SPD16_eabi.lib</file>
         <name>hostread.c.obj</name>
      </input_file>
      <input_file id="fl-f1">
         <path>C:\ti\ccs930\ccs\tools\compiler\ti-cgt-arm_18.12.4.LTS\lib\</path>
         <kind>archive</kind>
         <file>rtsv7M4_T_le_v4SPD16_eabi.lib</file>
         <name>hostrename.c.obj</name>
      </input_file>
      <input_file id="fl-f2">
         <path>C:\ti\ccs930\ccs\tools\compiler\ti-cgt-arm_18.12.4.LTS\lib\</path>
         <kind>archive</kind>
         <file>rtsv7M4_T_le_v4SPD16_eabi.lib</file>
         <name>hostunlink.c.obj</name>
      </input_file>
      <input_file id="fl-f3">
         <path>C:\ti\ccs930\ccs\tools\compiler\ti-cgt-arm_18.12.4.LTS\lib\</path>
         <kind>archive</kind>
         <file>rtsv7M4_T_le_v4SPD16_eabi.lib</file>
         <name>hostwrite.c.obj</name>
      </input_file>
      <input_file id="fl-f4">
         <path>C:\ti\ccs930\ccs\tools\compiler\ti-cgt-arm_18.12.4.LTS\lib\</path>
         <kind>archive</kind>
         <file>rtsv7M4_T_le_v4SPD16_eabi.lib</file>
         <name>trgmsg.c.obj</name>
      </input_file>
      <input_file id="fl-f5">
         <path>C:\ti\ccs930\ccs\tools\compiler\ti-cgt-arm_18.12.4.LTS\lib\</path>
         <kind>archive</kind>
         <file>rtsv7M4_T_le_v4SPD16_eabi.lib</file>
         <name>open.c.obj</name>
      </input_file>
      <input_file id="fl-f6">
         <path>C:\ti\ccs930\ccs\tools\compiler\ti-cgt-arm_18.12.4.LTS\lib\</path>
         <kind>archive</kind>
         <file>rtsv7M4_T_le_v4SPD16_eabi.lib</file>
         <name>lseek.c.obj</name>
      </input_file>
      <input_file id="fl-f7">
         <path>C:\ti\ccs930\ccs\tools\compiler\ti-cgt-arm_18.12.4.LTS\lib\</path>
         <kind>archive</kind>
         <file>rtsv7M4_T_le_v4SPD16_eabi.lib</file>
         <name>s_copysign.c.obj</name>
      </input_file>
      <input_file id="fl-f8">
         <path>C:\ti\ccs930\ccs\tools\compiler\ti-cgt-arm_18.12.4.LTS\lib\</path>
         <kind>archive</kind>
         <file>rtsv7M4_T_le_v4SPD16_eabi.lib</file>
         <name>fclose.c.obj</name>
      </input_file>
      <input_file id="fl-f9">
         <path>C:\ti\ccs930\ccs\tools\compiler\ti-cgt-arm_18.12.4.LTS\lib\</path>
         <kind>archive</kind>
         <file>rtsv7M4_T_le_v4SPD16_eabi.lib</file>
         <name>getdevice.c.obj</name>
      </input_file>
      <input_file id="fl-fa">
         <path>C:\ti\ccs930\ccs\tools\compiler\ti-cgt-arm_18.12.4.LTS\lib\</path>
         <kind>archive</kind>
         <file>rtsv7M4_T_le_v4SPD16_eabi.lib</file>
         <name>strcmp.c.obj</name>
      </input_file>
      <input_file id="fl-fb">
         <path>C:\ti\ccs930\ccs\tools\compiler\ti-cgt-arm_18.12.4.LTS\lib\</path>
         <kind>archive</kind>
         <file>rtsv7M4_T_le_v4SPD16_eabi.lib</file>
         <name>strcpy.c.obj</name>
      </input_file>
      <input_file id="fl-fc">
         <path>C:\ti\ccs930\ccs\tools\compiler\ti-cgt-arm_18.12.4.LTS\lib\</path>
         <kind>archive</kind>
         <file>rtsv7M4_T_le_v4SPD16_eabi.lib</file>
         <name>strncpy.c.obj</name>
      </input_file>
      <input_file id="fl-fd">
         <path>C:\ti\ccs930\ccs\tools\compiler\ti-cgt-arm_18.12.4.LTS\lib\</path>
         <kind>archive</kind>
         <file>rtsv7M4_T_le_v4SPD16_eabi.lib</file>
         <name>remove.c.obj</name>
      </input_file>
      <input_file id="fl-fe">
         <path>C:\ti\ccs930\ccs\tools\compiler\ti-cgt-arm_18.12.4.LTS\lib\</path>
         <kind>archive</kind>
         <file>rtsv7M4_T_le_v4SPD16_eabi.lib</file>
         <name>close.c.obj</name>
      </input_file>
      <input_file id="fl-ff">
         <path>C:\ti\ccs930\ccs\tools\compiler\ti-cgt-arm_18.12.4.LTS\lib\</path>
         <kind>archive</kind>
         <file>rtsv7M4_T_le_v4SPD16_eabi.lib</file>
         <name>unlink.c.obj</name>
      </input_file>
   </input_file_list>
   <object_component_list>
      <object_component id="oc-23">
         <name>.intvecs:retain</name>
         <load_address>0x0</load_address>
         <run_address>0x0</run_address>
         <size>0xe4</size>
         <input_file_ref idref="fl-6"/>
      </object_component>
      <object_component id="oc-19e">
         <name>.text:__TI_printfi</name>
         <load_address>0xe4</load_address>
         <run_address>0xe4</run_address>
         <size>0xa4e</size>
         <input_file_ref idref="fl-c2"/>
      </object_component>
      <object_component id="oc-1bc">
         <name>.text:_nop</name>
         <load_address>0xb32</load_address>
         <run_address>0xb32</run_address>
         <size>0x2</size>
         <input_file_ref idref="fl-d4"/>
      </object_component>
      <object_component id="oc-97">
         <name>.text</name>
         <load_address>0xb34</load_address>
         <run_address>0xb34</run_address>
         <size>0x368</size>
         <input_file_ref idref="fl-5"/>
      </object_component>
      <object_component id="oc-a9">
         <name>.text</name>
         <load_address>0xe9c</load_address>
         <run_address>0xe9c</run_address>
         <size>0x334</size>
         <input_file_ref idref="fl-7"/>
      </object_component>
      <object_component id="oc-d9">
         <name>.text</name>
         <load_address>0x11d0</load_address>
         <run_address>0x11d0</run_address>
         <size>0x320</size>
         <input_file_ref idref="fl-3"/>
      </object_component>
      <object_component id="oc-204">
         <name>.text:_pconv_a</name>
         <load_address>0x14f0</load_address>
         <run_address>0x14f0</run_address>
         <size>0x270</size>
         <input_file_ref idref="fl-c2"/>
      </object_component>
      <object_component id="oc-df">
         <name>.text</name>
         <load_address>0x1760</load_address>
         <run_address>0x1760</run_address>
         <size>0x1f0</size>
         <input_file_ref idref="fl-2"/>
      </object_component>
      <object_component id="oc-1f2">
         <name>.text:_pconv_g</name>
         <load_address>0x1950</load_address>
         <run_address>0x1950</run_address>
         <size>0x1d0</size>
         <input_file_ref idref="fl-c2"/>
      </object_component>
      <object_component id="oc-27d">
         <name>.text</name>
         <load_address>0x1b20</load_address>
         <run_address>0x1b20</run_address>
         <size>0x1b6</size>
         <input_file_ref idref="fl-c7"/>
      </object_component>
      <object_component id="oc-2f4">
         <name>.text</name>
         <load_address>0x1cd6</load_address>
         <run_address>0x1cd6</run_address>
         <size>0x2</size>
         <input_file_ref idref="fl-e8"/>
      </object_component>
      <object_component id="oc-1fe">
         <name>.text:_pconv_e</name>
         <load_address>0x1cd8</load_address>
         <run_address>0x1cd8</run_address>
         <size>0x13c</size>
         <input_file_ref idref="fl-c2"/>
      </object_component>
      <object_component id="oc-263">
         <name>.text</name>
         <load_address>0x1e14</load_address>
         <run_address>0x1e14</run_address>
         <size>0x136</size>
         <input_file_ref idref="fl-c9"/>
      </object_component>
      <object_component id="oc-28f">
         <name>.text:fcvt</name>
         <load_address>0x1f4c</load_address>
         <run_address>0x1f4c</run_address>
         <size>0x124</size>
         <input_file_ref idref="fl-c2"/>
      </object_component>
      <object_component id="oc-39f">
         <name>.text:aligned_alloc</name>
         <load_address>0x2070</load_address>
         <run_address>0x2070</run_address>
         <size>0x118</size>
         <input_file_ref idref="fl-db"/>
      </object_component>
      <object_component id="oc-22c">
         <name>.text:fputs</name>
         <load_address>0x2188</load_address>
         <run_address>0x2188</run_address>
         <size>0x114</size>
         <input_file_ref idref="fl-c4"/>
      </object_component>
      <object_component id="oc-2a3">
         <name>.text:scalbn</name>
         <load_address>0x229c</load_address>
         <run_address>0x229c</run_address>
         <size>0x110</size>
         <input_file_ref idref="fl-e4"/>
      </object_component>
      <object_component id="oc-25e">
         <name>.text</name>
         <load_address>0x23ac</load_address>
         <run_address>0x23ac</run_address>
         <size>0xfc</size>
         <input_file_ref idref="fl-ca"/>
      </object_component>
      <object_component id="oc-35d">
         <name>.text:free</name>
         <load_address>0x24a8</load_address>
         <run_address>0x24a8</run_address>
         <size>0xe4</size>
         <input_file_ref idref="fl-db"/>
      </object_component>
      <object_component id="oc-32f">
         <name>.text:setvbuf</name>
         <load_address>0x258c</load_address>
         <run_address>0x258c</run_address>
         <size>0xdc</size>
         <input_file_ref idref="fl-c6"/>
      </object_component>
      <object_component id="oc-1e7">
         <name>.text:_ltostr</name>
         <load_address>0x2668</load_address>
         <run_address>0x2668</run_address>
         <size>0xb1</size>
         <input_file_ref idref="fl-c2"/>
      </object_component>
      <object_component id="oc-37">
         <name>.text</name>
         <load_address>0x271a</load_address>
         <run_address>0x271a</run_address>
         <size>0x9c</size>
         <input_file_ref idref="fl-cd"/>
      </object_component>
      <object_component id="oc-257">
         <name>.text</name>
         <load_address>0x27b6</load_address>
         <run_address>0x27b6</run_address>
         <size>0x96</size>
         <input_file_ref idref="fl-ce"/>
      </object_component>
      <object_component id="oc-233">
         <name>.text:fputc</name>
         <load_address>0x284c</load_address>
         <run_address>0x284c</run_address>
         <size>0x8c</size>
         <input_file_ref idref="fl-c3"/>
      </object_component>
      <object_component id="oc-1ed">
         <name>.text:__aeabi_cdcmple</name>
         <load_address>0x28d8</load_address>
         <run_address>0x28d8</run_address>
         <size>0x86</size>
         <input_file_ref idref="fl-c8"/>
      </object_component>
      <object_component id="oc-268">
         <name>.text:__aeabi_cdrcmple</name>
         <load_address>0x295e</load_address>
         <run_address>0x295e</run_address>
         <size>0x86</size>
         <input_file_ref idref="fl-c8"/>
      </object_component>
      <object_component id="oc-8b">
         <name>.text</name>
         <load_address>0x29e4</load_address>
         <run_address>0x29e4</run_address>
         <size>0x7a</size>
         <input_file_ref idref="fl-cf"/>
      </object_component>
      <object_component id="oc-3a6">
         <name>.text:__TI_closefile</name>
         <load_address>0x2a60</load_address>
         <run_address>0x2a60</run_address>
         <size>0x74</size>
         <input_file_ref idref="fl-f8"/>
      </object_component>
      <object_component id="oc-3e7">
         <name>.text:split</name>
         <load_address>0x2ad4</load_address>
         <run_address>0x2ad4</run_address>
         <size>0x70</size>
         <input_file_ref idref="fl-db"/>
      </object_component>
      <object_component id="oc-288">
         <name>.text:_mcpy</name>
         <load_address>0x2b44</load_address>
         <run_address>0x2b44</run_address>
         <size>0x6e</size>
         <input_file_ref idref="fl-c2"/>
      </object_component>
      <object_component id="oc-3d6">
         <name>.text:HOSTrename</name>
         <load_address>0x2bb4</load_address>
         <run_address>0x2bb4</run_address>
         <size>0x6c</size>
         <input_file_ref idref="fl-f1"/>
      </object_component>
      <object_component id="oc-3ca">
         <name>.text:HOSTlseek</name>
         <load_address>0x2c20</load_address>
         <run_address>0x2c20</run_address>
         <size>0x68</size>
         <input_file_ref idref="fl-ee"/>
      </object_component>
      <object_component id="oc-14">
         <name>.text:decompress:lzss:__TI_decompress_lzss</name>
         <load_address>0x2c88</load_address>
         <run_address>0x2c88</run_address>
         <size>0x68</size>
         <input_file_ref idref="fl-d2"/>
      </object_component>
      <object_component id="oc-152">
         <name>.text:printf</name>
         <load_address>0x2cf0</load_address>
         <run_address>0x2cf0</run_address>
         <size>0x68</size>
         <input_file_ref idref="fl-c1"/>
      </object_component>
      <object_component id="oc-29d">
         <name>.text:frexp</name>
         <load_address>0x2d58</load_address>
         <run_address>0x2d58</run_address>
         <size>0x64</size>
         <input_file_ref idref="fl-e3"/>
      </object_component>
      <object_component id="oc-329">
         <name>.text:fseek</name>
         <load_address>0x2dbc</load_address>
         <run_address>0x2dbc</run_address>
         <size>0x64</size>
         <input_file_ref idref="fl-e7"/>
      </object_component>
      <object_component id="oc-2d1">
         <name>.text:__TI_wrt_ok</name>
         <load_address>0x2e20</load_address>
         <run_address>0x2e20</run_address>
         <size>0x62</size>
         <input_file_ref idref="fl-c5"/>
      </object_component>
      <object_component id="oc-3b2">
         <name>.text:HOSTopen</name>
         <load_address>0x2e84</load_address>
         <run_address>0x2e84</run_address>
         <size>0x60</size>
         <input_file_ref idref="fl-ef"/>
      </object_component>
      <object_component id="oc-3ee">
         <name>.text:close</name>
         <load_address>0x2ee4</load_address>
         <run_address>0x2ee4</run_address>
         <size>0x5c</size>
         <input_file_ref idref="fl-fe"/>
      </object_component>
      <object_component id="oc-3be">
         <name>.text:HOSTread</name>
         <load_address>0x2f40</load_address>
         <run_address>0x2f40</run_address>
         <size>0x58</size>
         <input_file_ref idref="fl-f0"/>
      </object_component>
      <object_component id="oc-3c4">
         <name>.text:HOSTwrite</name>
         <load_address>0x2f98</load_address>
         <run_address>0x2f98</run_address>
         <size>0x58</size>
         <input_file_ref idref="fl-f3"/>
      </object_component>
      <object_component id="oc-1f8">
         <name>.text:_pconv_f</name>
         <load_address>0x2ff0</load_address>
         <run_address>0x2ff0</run_address>
         <size>0x56</size>
         <input_file_ref idref="fl-c2"/>
      </object_component>
      <object_component id="oc-d3">
         <name>.text</name>
         <load_address>0x3048</load_address>
         <run_address>0x3048</run_address>
         <size>0x54</size>
         <input_file_ref idref="fl-4"/>
      </object_component>
      <object_component id="oc-272">
         <name>.text:ltoa</name>
         <load_address>0x309c</load_address>
         <run_address>0x309c</run_address>
         <size>0x54</size>
         <input_file_ref idref="fl-d8"/>
      </object_component>
      <object_component id="oc-282">
         <name>.text:_ecpy</name>
         <load_address>0x30f0</load_address>
         <run_address>0x30f0</run_address>
         <size>0x52</size>
         <input_file_ref idref="fl-c2"/>
      </object_component>
      <object_component id="oc-2dd">
         <name>.text:__TI_doflush</name>
         <load_address>0x3142</load_address>
         <run_address>0x3142</run_address>
         <size>0x4c</size>
         <input_file_ref idref="fl-e5"/>
      </object_component>
      <object_component id="oc-1e1">
         <name>.text:atoi</name>
         <load_address>0x3190</load_address>
         <run_address>0x3190</run_address>
         <size>0x4c</size>
         <input_file_ref idref="fl-d5"/>
      </object_component>
      <object_component id="oc-10a">
         <name>.text:exit</name>
         <load_address>0x31dc</load_address>
         <run_address>0x31dc</run_address>
         <size>0x48</size>
         <input_file_ref idref="fl-d3"/>
      </object_component>
      <object_component id="oc-26d">
         <name>.text</name>
         <load_address>0x3224</load_address>
         <run_address>0x3224</run_address>
         <size>0x48</size>
         <input_file_ref idref="fl-cb"/>
      </object_component>
      <object_component id="oc-3b8">
         <name>.text:HOSTclose</name>
         <load_address>0x326c</load_address>
         <run_address>0x326c</run_address>
         <size>0x44</size>
         <input_file_ref idref="fl-ed"/>
      </object_component>
      <object_component id="oc-3d0">
         <name>.text:HOSTunlink</name>
         <load_address>0x32b0</load_address>
         <run_address>0x32b0</run_address>
         <size>0x44</size>
         <input_file_ref idref="fl-f2"/>
      </object_component>
      <object_component id="oc-110">
         <name>.text:__TI_auto_init_nobinit_nopinit:__TI_auto_init_nobinit_nopinit</name>
         <load_address>0x32f4</load_address>
         <run_address>0x32f4</run_address>
         <size>0x44</size>
         <input_file_ref idref="fl-e9"/>
      </object_component>
      <object_component id="oc-426">
         <name>.text:getdevice</name>
         <load_address>0x3338</load_address>
         <run_address>0x3338</run_address>
         <size>0x44</size>
         <input_file_ref idref="fl-f9"/>
      </object_component>
      <object_component id="oc-295">
         <name>.text:_fcpy</name>
         <load_address>0x337c</load_address>
         <run_address>0x337c</run_address>
         <size>0x3e</size>
         <input_file_ref idref="fl-c2"/>
      </object_component>
      <object_component id="oc-3ff">
         <name>.text:__TI_writemsg</name>
         <load_address>0x33bc</load_address>
         <run_address>0x33bc</run_address>
         <size>0x38</size>
         <input_file_ref idref="fl-f4"/>
      </object_component>
      <object_component id="oc-448">
         <name>.text:strncpy</name>
         <load_address>0x33f4</load_address>
         <run_address>0x33f4</run_address>
         <size>0x36</size>
         <input_file_ref idref="fl-fc"/>
      </object_component>
      <object_component id="oc-369">
         <name>.text:__TI_cleanup</name>
         <load_address>0x342c</load_address>
         <run_address>0x342c</run_address>
         <size>0x34</size>
         <input_file_ref idref="fl-e6"/>
      </object_component>
      <object_component id="oc-405">
         <name>.text:__TI_readmsg</name>
         <load_address>0x3460</load_address>
         <run_address>0x3460</run_address>
         <size>0x34</size>
         <input_file_ref idref="fl-f4"/>
      </object_component>
      <object_component id="oc-55">
         <name>.text:_c_int00_noargs:_c_int00_noargs</name>
         <load_address>0x3494</load_address>
         <run_address>0x3494</run_address>
         <size>0x34</size>
         <input_file_ref idref="fl-e0"/>
      </object_component>
      <object_component id="oc-44e">
         <name>.text:finddevice</name>
         <load_address>0x34c8</load_address>
         <run_address>0x34c8</run_address>
         <size>0x30</size>
         <input_file_ref idref="fl-f9"/>
      </object_component>
      <object_component id="oc-278">
         <name>.text</name>
         <load_address>0x34f8</load_address>
         <run_address>0x34f8</run_address>
         <size>0x2e</size>
         <input_file_ref idref="fl-cc"/>
      </object_component>
      <object_component id="oc-3f4">
         <name>.text:unlink</name>
         <load_address>0x3528</load_address>
         <run_address>0x3528</run_address>
         <size>0x2c</size>
         <input_file_ref idref="fl-ff"/>
      </object_component>
      <object_component id="oc-398">
         <name>.text:free_list_insert</name>
         <load_address>0x3554</load_address>
         <run_address>0x3554</run_address>
         <size>0x28</size>
         <input_file_ref idref="fl-db"/>
      </object_component>
      <object_component id="oc-355">
         <name>.text:lseek</name>
         <load_address>0x357c</load_address>
         <run_address>0x357c</run_address>
         <size>0x28</size>
         <input_file_ref idref="fl-f6"/>
      </object_component>
      <object_component id="oc-2e3">
         <name>.text:write</name>
         <load_address>0x35a4</load_address>
         <run_address>0x35a4</run_address>
         <size>0x28</size>
         <input_file_ref idref="fl-de"/>
      </object_component>
      <object_component id="oc-2d7">
         <name>.text:memchr</name>
         <load_address>0x35cc</load_address>
         <run_address>0x35cc</run_address>
         <size>0x20</size>
         <input_file_ref idref="fl-da"/>
      </object_component>
      <object_component id="oc-43">
         <name>.text:decompress:ZI:__TI_zero_init_nomemset:__TI_zero_init_nomemset</name>
         <load_address>0x35ec</load_address>
         <run_address>0x35ec</run_address>
         <size>0x1c</size>
         <input_file_ref idref="fl-d0"/>
      </object_component>
      <object_component id="oc-392">
         <name>.text:free_list_remove</name>
         <load_address>0x3608</load_address>
         <run_address>0x3608</run_address>
         <size>0x1c</size>
         <input_file_ref idref="fl-db"/>
      </object_component>
      <object_component id="oc-20a">
         <name>.text:memccpy</name>
         <load_address>0x3624</load_address>
         <run_address>0x3624</run_address>
         <size>0x1c</size>
         <input_file_ref idref="fl-d9"/>
      </object_component>
      <object_component id="oc-30d">
         <name>.text:copysign</name>
         <load_address>0x3640</load_address>
         <run_address>0x3640</run_address>
         <size>0x1a</size>
         <input_file_ref idref="fl-f7"/>
      </object_component>
      <object_component id="oc-465">
         <name>.text:strcmp</name>
         <load_address>0x365a</load_address>
         <run_address>0x365a</run_address>
         <size>0x18</size>
         <input_file_ref idref="fl-fa"/>
      </object_component>
      <object_component id="oc-2a9">
         <name>.text:strchr</name>
         <load_address>0x3672</load_address>
         <run_address>0x3672</run_address>
         <size>0x16</size>
         <input_file_ref idref="fl-dc"/>
      </object_component>
      <object_component id="oc-419">
         <name>.text:strcpy</name>
         <load_address>0x3688</load_address>
         <run_address>0x3688</run_address>
         <size>0x14</size>
         <input_file_ref idref="fl-fb"/>
      </object_component>
      <object_component id="oc-1db">
         <name>.text:strlen</name>
         <load_address>0x369c</load_address>
         <run_address>0x369c</run_address>
         <size>0x14</size>
         <input_file_ref idref="fl-dd"/>
      </object_component>
      <object_component id="oc-210">
         <name>.text:wcslen</name>
         <load_address>0x36b0</load_address>
         <run_address>0x36b0</run_address>
         <size>0x12</size>
         <input_file_ref idref="fl-e2"/>
      </object_component>
      <object_component id="oc-1a">
         <name>.text:decompress:none:__TI_decompress_none</name>
         <load_address>0x36c2</load_address>
         <run_address>0x36c2</run_address>
         <size>0xe</size>
         <input_file_ref idref="fl-d1"/>
      </object_component>
      <object_component id="oc-67">
         <name>.text</name>
         <load_address>0x36d0</load_address>
         <run_address>0x36d0</run_address>
         <size>0xe</size>
         <input_file_ref idref="fl-6"/>
      </object_component>
      <object_component id="oc-216">
         <name>.text:__aeabi_errno_addr</name>
         <load_address>0x36e0</load_address>
         <run_address>0x36e0</run_address>
         <size>0x8</size>
         <input_file_ref idref="fl-e1"/>
      </object_component>
      <object_component id="oc-363">
         <name>.text:malloc</name>
         <load_address>0x36e8</load_address>
         <run_address>0x36e8</run_address>
         <size>0x8</size>
         <input_file_ref idref="fl-db"/>
      </object_component>
      <object_component id="oc-1ad">
         <name>.text:_outc</name>
         <load_address>0x36f0</load_address>
         <run_address>0x36f0</run_address>
         <size>0x4</size>
         <input_file_ref idref="fl-c1"/>
      </object_component>
      <object_component id="oc-1a7">
         <name>.text:_outs</name>
         <load_address>0x36f4</load_address>
         <run_address>0x36f4</run_address>
         <size>0x4</size>
         <input_file_ref idref="fl-c1"/>
      </object_component>
      <object_component id="oc-91">
         <name>.text:_system_pre_init</name>
         <load_address>0x36f8</load_address>
         <run_address>0x36f8</run_address>
         <size>0x4</size>
         <input_file_ref idref="fl-ea"/>
      </object_component>
      <object_component id="oc-104">
         <name>.text:abort:abort</name>
         <load_address>0x36fc</load_address>
         <run_address>0x36fc</run_address>
         <size>0x4</size>
         <input_file_ref idref="fl-d3"/>
      </object_component>
      <object_component id="oc-252">
         <name>.const:.string:_ctypes_</name>
         <load_address>0x3700</load_address>
         <run_address>0x3700</run_address>
         <size>0x101</size>
         <input_file_ref idref="fl-d6"/>
      </object_component>
      <object_component id="oc-f7">
         <name>.const:.string:$P$T3$4</name>
         <load_address>0x3801</load_address>
         <run_address>0x3801</run_address>
         <size>0xf</size>
         <input_file_ref idref="fl-5"/>
      </object_component>
      <object_component id="oc-f4">
         <name>.const:.string:$P$T2$3</name>
         <load_address>0x3810</load_address>
         <run_address>0x3810</run_address>
         <size>0xe</size>
         <input_file_ref idref="fl-5"/>
      </object_component>
      <object_component id="oc-100">
         <name>.const:.string:$P$T6$7</name>
         <load_address>0x381e</load_address>
         <run_address>0x381e</run_address>
         <size>0xe</size>
         <input_file_ref idref="fl-5"/>
      </object_component>
      <object_component id="oc-f1">
         <name>.const:.string:$P$T1$2</name>
         <load_address>0x382c</load_address>
         <run_address>0x382c</run_address>
         <size>0xd</size>
         <input_file_ref idref="fl-5"/>
      </object_component>
      <object_component id="oc-fd">
         <name>.const:.string:$P$T5$6</name>
         <load_address>0x3839</load_address>
         <run_address>0x3839</run_address>
         <size>0xd</size>
         <input_file_ref idref="fl-5"/>
      </object_component>
      <object_component id="oc-ee">
         <name>.const:.string:$P$T0$1</name>
         <load_address>0x3846</load_address>
         <run_address>0x3846</run_address>
         <size>0xa</size>
         <input_file_ref idref="fl-5"/>
      </object_component>
      <object_component id="oc-fa">
         <name>.const:.string:$P$T4$5</name>
         <load_address>0x3850</load_address>
         <run_address>0x3850</run_address>
         <size>0xa</size>
         <input_file_ref idref="fl-5"/>
      </object_component>
      <object_component id="oc-4a3">
         <name>.cinit..data.load</name>
         <load_address>0x3860</load_address>
         <run_address>0x3860</run_address>
         <size>0x6d</size>
      </object_component>
      <object_component id="oc-4a1">
         <name>__TI_handler_table</name>
         <load_address>0x38d0</load_address>
         <run_address>0x38d0</run_address>
         <size>0xc</size>
      </object_component>
      <object_component id="oc-4a4">
         <name>.cinit..bss.load</name>
         <load_address>0x38e0</load_address>
         <run_address>0x38e0</run_address>
         <size>0x8</size>
      </object_component>
      <object_component id="oc-4a2">
         <name>__TI_cinit_table</name>
         <load_address>0x38e8</load_address>
         <run_address>0x38e8</run_address>
         <size>0x10</size>
      </object_component>
      <object_component id="oc-476">
         <name>.binit</name>
         <load_address>0x0</load_address>
         <run_address>0x0</run_address>
         <size>0x0</size>
      </object_component>
      <object_component id="oc-ea">
         <name>.data</name>
         <load_address>0x200005ec</load_address>
         <run_address>0x200005ec</run_address>
         <size>0x2</size>
         <input_file_ref idref="fl-5"/>
      </object_component>
      <object_component id="oc-142">
         <name>.data</name>
         <load_address>0x200005e8</load_address>
         <run_address>0x200005e8</run_address>
         <size>0x4</size>
         <input_file_ref idref="fl-7"/>
      </object_component>
      <object_component id="oc-17d">
         <name>.data:$O1$$</name>
         <load_address>0x200005c8</load_address>
         <run_address>0x200005c8</run_address>
         <size>0xc</size>
         <input_file_ref idref="fl-d3"/>
      </object_component>
      <object_component id="oc-180">
         <name>.data:$O1$$</name>
         <load_address>0x200005d4</load_address>
         <run_address>0x200005d4</run_address>
         <size>0x8</size>
         <input_file_ref idref="fl-d4"/>
      </object_component>
      <object_component id="oc-1a4">
         <name>.data:_ftable</name>
         <load_address>0x20000400</load_address>
         <run_address>0x20000400</run_address>
         <size>0xf0</size>
         <input_file_ref idref="fl-d7"/>
      </object_component>
      <object_component id="oc-3ac">
         <name>.data</name>
         <load_address>0x200005b8</load_address>
         <run_address>0x200005b8</run_address>
         <size>0x10</size>
         <input_file_ref idref="fl-d7"/>
      </object_component>
      <object_component id="oc-3e2">
         <name>.data:$O1$$</name>
         <load_address>0x200005dc</load_address>
         <run_address>0x200005dc</run_address>
         <size>0x8</size>
         <input_file_ref idref="fl-db"/>
      </object_component>
      <object_component id="oc-37c">
         <name>.data:_device</name>
         <load_address>0x200004f0</load_address>
         <run_address>0x200004f0</run_address>
         <size>0x78</size>
         <input_file_ref idref="fl-df"/>
      </object_component>
      <object_component id="oc-33b">
         <name>.data:_stream</name>
         <load_address>0x20000568</load_address>
         <run_address>0x20000568</run_address>
         <size>0x50</size>
         <input_file_ref idref="fl-df"/>
      </object_component>
      <object_component id="oc-2b9">
         <name>.data</name>
         <load_address>0x200005e4</load_address>
         <run_address>0x200005e4</run_address>
         <size>0x4</size>
         <input_file_ref idref="fl-e1"/>
      </object_component>
      <object_component id="oc-430">
         <name>.bss:_CIOBUF_</name>
         <uninitialized>true</uninitialized>
         <run_address>0x200005f0</run_address>
         <size>0x120</size>
         <input_file_ref idref="fl-f4"/>
      </object_component>
      <object_component id="oc-ed">
         <name>.common:num</name>
         <uninitialized>true</uninitialized>
         <run_address>0x200007b8</run_address>
         <size>0x1</size>
      </object_component>
      <object_component id="oc-e5">
         <name>.common:pressed</name>
         <uninitialized>true</uninitialized>
         <run_address>0x200007b9</run_address>
         <size>0x1</size>
      </object_component>
      <object_component id="oc-3fa">
         <name>.common:__TI_tmpnams</name>
         <uninitialized>true</uninitialized>
         <run_address>0x20000710</run_address>
         <size>0xa0</size>
      </object_component>
      <object_component id="oc-40b">
         <name>.common:parmbuf</name>
         <uninitialized>true</uninitialized>
         <run_address>0x200007b0</run_address>
         <size>0x8</size>
      </object_component>
      <object_component id="oc-26">
         <name>.sysmem</name>
         <uninitialized>true</uninitialized>
         <run_address>0x20000000</run_address>
         <size>0x10</size>
         <input_file_ref idref="fl-db"/>
      </object_component>
      <object_component id="oc-4a6">
         <name>.sysmem</name>
         <uninitialized>true</uninitialized>
         <run_address>0x20000000</run_address>
         <size>0x0</size>
      </object_component>
      <object_component id="oc-29">
         <name>.stack</name>
         <uninitialized>true</uninitialized>
         <run_address>0x2000fe00</run_address>
         <size>0x4</size>
         <input_file_ref idref="fl-e0"/>
      </object_component>
      <object_component id="oc-4a5">
         <name>.stack</name>
         <uninitialized>true</uninitialized>
         <run_address>0x2000fe00</run_address>
         <size>0x0</size>
      </object_component>
      <object_component id="oc-e6">
         <name>.debug_info</name>
         <load_address>0x0</load_address>
         <run_address>0x0</run_address>
         <size>0x5d8</size>
         <input_file_ref idref="fl-2"/>
      </object_component>
      <object_component id="oc-e1">
         <name>.debug_info</name>
         <load_address>0x5d8</load_address>
         <run_address>0x5d8</run_address>
         <size>0x245</size>
         <input_file_ref idref="fl-2"/>
      </object_component>
      <object_component id="oc-15b">
         <name>.debug_info</name>
         <load_address>0x81d</load_address>
         <run_address>0x81d</run_address>
         <size>0x37e2</size>
         <input_file_ref idref="fl-2"/>
      </object_component>
      <object_component id="oc-b2">
         <name>.debug_info</name>
         <load_address>0x3fff</load_address>
         <run_address>0x3fff</run_address>
         <size>0x26b</size>
         <input_file_ref idref="fl-2"/>
      </object_component>
      <object_component id="oc-160">
         <name>.debug_info</name>
         <load_address>0x426a</load_address>
         <run_address>0x426a</run_address>
         <size>0x1055</size>
         <input_file_ref idref="fl-2"/>
      </object_component>
      <object_component id="oc-32">
         <name>.debug_info</name>
         <load_address>0x52bf</load_address>
         <run_address>0x52bf</run_address>
         <size>0x84</size>
         <input_file_ref idref="fl-2"/>
      </object_component>
      <object_component id="oc-14b">
         <name>.debug_info</name>
         <load_address>0x5343</load_address>
         <run_address>0x5343</run_address>
         <size>0x297</size>
         <input_file_ref idref="fl-2"/>
      </object_component>
      <object_component id="oc-146">
         <name>.debug_info</name>
         <load_address>0x55da</load_address>
         <run_address>0x55da</run_address>
         <size>0xbb</size>
         <input_file_ref idref="fl-2"/>
      </object_component>
      <object_component id="oc-da">
         <name>.debug_info</name>
         <load_address>0x5695</load_address>
         <run_address>0x5695</run_address>
         <size>0x6c6</size>
         <input_file_ref idref="fl-3"/>
      </object_component>
      <object_component id="oc-d4">
         <name>.debug_info</name>
         <load_address>0x5d5b</load_address>
         <run_address>0x5d5b</run_address>
         <size>0x1c0</size>
         <input_file_ref idref="fl-4"/>
      </object_component>
      <object_component id="oc-e8">
         <name>.debug_info</name>
         <load_address>0x5f1b</load_address>
         <run_address>0x5f1b</run_address>
         <size>0x78f</size>
         <input_file_ref idref="fl-5"/>
      </object_component>
      <object_component id="oc-eb">
         <name>.debug_info</name>
         <load_address>0x66aa</load_address>
         <run_address>0x66aa</run_address>
         <size>0x128</size>
         <input_file_ref idref="fl-5"/>
      </object_component>
      <object_component id="oc-ef">
         <name>.debug_info</name>
         <load_address>0x67d2</load_address>
         <run_address>0x67d2</run_address>
         <size>0x108</size>
         <input_file_ref idref="fl-5"/>
      </object_component>
      <object_component id="oc-f2">
         <name>.debug_info</name>
         <load_address>0x68da</load_address>
         <run_address>0x68da</run_address>
         <size>0x108</size>
         <input_file_ref idref="fl-5"/>
      </object_component>
      <object_component id="oc-f5">
         <name>.debug_info</name>
         <load_address>0x69e2</load_address>
         <run_address>0x69e2</run_address>
         <size>0x108</size>
         <input_file_ref idref="fl-5"/>
      </object_component>
      <object_component id="oc-f8">
         <name>.debug_info</name>
         <load_address>0x6aea</load_address>
         <run_address>0x6aea</run_address>
         <size>0x108</size>
         <input_file_ref idref="fl-5"/>
      </object_component>
      <object_component id="oc-fb">
         <name>.debug_info</name>
         <load_address>0x6bf2</load_address>
         <run_address>0x6bf2</run_address>
         <size>0x108</size>
         <input_file_ref idref="fl-5"/>
      </object_component>
      <object_component id="oc-fe">
         <name>.debug_info</name>
         <load_address>0x6cfa</load_address>
         <run_address>0x6cfa</run_address>
         <size>0x108</size>
         <input_file_ref idref="fl-5"/>
      </object_component>
      <object_component id="oc-101">
         <name>.debug_info</name>
         <load_address>0x6e02</load_address>
         <run_address>0x6e02</run_address>
         <size>0x108</size>
         <input_file_ref idref="fl-5"/>
      </object_component>
      <object_component id="oc-98">
         <name>.debug_info</name>
         <load_address>0x6f0a</load_address>
         <run_address>0x6f0a</run_address>
         <size>0x6ea</size>
         <input_file_ref idref="fl-5"/>
      </object_component>
      <object_component id="oc-167">
         <name>.debug_info</name>
         <load_address>0x75f4</load_address>
         <run_address>0x75f4</run_address>
         <size>0x37e2</size>
         <input_file_ref idref="fl-5"/>
      </object_component>
      <object_component id="oc-1b5">
         <name>.debug_info</name>
         <load_address>0xadd6</load_address>
         <run_address>0xadd6</run_address>
         <size>0x2c</size>
         <input_file_ref idref="fl-5"/>
      </object_component>
      <object_component id="oc-6f">
         <name>.debug_info</name>
         <load_address>0xae02</load_address>
         <run_address>0xae02</run_address>
         <size>0x302</size>
         <input_file_ref idref="fl-6"/>
      </object_component>
      <object_component id="oc-24">
         <name>.debug_info</name>
         <load_address>0xb104</load_address>
         <run_address>0xb104</run_address>
         <size>0x12e</size>
         <input_file_ref idref="fl-6"/>
      </object_component>
      <object_component id="oc-68">
         <name>.debug_info</name>
         <load_address>0xb232</load_address>
         <run_address>0xb232</run_address>
         <size>0x1f5</size>
         <input_file_ref idref="fl-6"/>
      </object_component>
      <object_component id="oc-143">
         <name>.debug_info</name>
         <load_address>0xb427</load_address>
         <run_address>0xb427</run_address>
         <size>0x127</size>
         <input_file_ref idref="fl-7"/>
      </object_component>
      <object_component id="oc-ac">
         <name>.debug_info</name>
         <load_address>0xb54e</load_address>
         <run_address>0xb54e</run_address>
         <size>0x299</size>
         <input_file_ref idref="fl-7"/>
      </object_component>
      <object_component id="oc-1b4">
         <name>.debug_info</name>
         <load_address>0xb7e7</load_address>
         <run_address>0xb7e7</run_address>
         <size>0x3e4</size>
         <input_file_ref idref="fl-c1"/>
      </object_component>
      <object_component id="oc-1af">
         <name>.debug_info</name>
         <load_address>0xbbcb</load_address>
         <run_address>0xbbcb</run_address>
         <size>0x156</size>
         <input_file_ref idref="fl-c1"/>
      </object_component>
      <object_component id="oc-1ab">
         <name>.debug_info</name>
         <load_address>0xbd21</load_address>
         <run_address>0xbd21</run_address>
         <size>0x165</size>
         <input_file_ref idref="fl-c1"/>
      </object_component>
      <object_component id="oc-153">
         <name>.debug_info</name>
         <load_address>0xbe86</load_address>
         <run_address>0xbe86</run_address>
         <size>0x1ab</size>
         <input_file_ref idref="fl-c1"/>
      </object_component>
      <object_component id="oc-23c">
         <name>.debug_info</name>
         <load_address>0xc031</load_address>
         <run_address>0xc031</run_address>
         <size>0xb2</size>
         <input_file_ref idref="fl-c1"/>
      </object_component>
      <object_component id="oc-21d">
         <name>.debug_info</name>
         <load_address>0xc0e3</load_address>
         <run_address>0xc0e3</run_address>
         <size>0x57a</size>
         <input_file_ref idref="fl-c2"/>
      </object_component>
      <object_component id="oc-1e8">
         <name>.debug_info</name>
         <load_address>0xc65d</load_address>
         <run_address>0xc65d</run_address>
         <size>0x21d</size>
         <input_file_ref idref="fl-c2"/>
      </object_component>
      <object_component id="oc-283">
         <name>.debug_info</name>
         <load_address>0xc87a</load_address>
         <run_address>0xc87a</run_address>
         <size>0x1b2</size>
         <input_file_ref idref="fl-c2"/>
      </object_component>
      <object_component id="oc-289">
         <name>.debug_info</name>
         <load_address>0xca2c</load_address>
         <run_address>0xca2c</run_address>
         <size>0x21a</size>
         <input_file_ref idref="fl-c2"/>
      </object_component>
      <object_component id="oc-1f4">
         <name>.debug_info</name>
         <load_address>0xcc46</load_address>
         <run_address>0xcc46</run_address>
         <size>0x3ba</size>
         <input_file_ref idref="fl-c2"/>
      </object_component>
      <object_component id="oc-291">
         <name>.debug_info</name>
         <load_address>0xd000</load_address>
         <run_address>0xd000</run_address>
         <size>0x304</size>
         <input_file_ref idref="fl-c2"/>
      </object_component>
      <object_component id="oc-296">
         <name>.debug_info</name>
         <load_address>0xd304</load_address>
         <run_address>0xd304</run_address>
         <size>0x214</size>
         <input_file_ref idref="fl-c2"/>
      </object_component>
      <object_component id="oc-1f9">
         <name>.debug_info</name>
         <load_address>0xd518</load_address>
         <run_address>0xd518</run_address>
         <size>0x214</size>
         <input_file_ref idref="fl-c2"/>
      </object_component>
      <object_component id="oc-1ff">
         <name>.debug_info</name>
         <load_address>0xd72c</load_address>
         <run_address>0xd72c</run_address>
         <size>0x303</size>
         <input_file_ref idref="fl-c2"/>
      </object_component>
      <object_component id="oc-205">
         <name>.debug_info</name>
         <load_address>0xda2f</load_address>
         <run_address>0xda2f</run_address>
         <size>0x4af</size>
         <input_file_ref idref="fl-c2"/>
      </object_component>
      <object_component id="oc-19f">
         <name>.debug_info</name>
         <load_address>0xdede</load_address>
         <run_address>0xdede</run_address>
         <size>0x5f3</size>
         <input_file_ref idref="fl-c2"/>
      </object_component>
      <object_component id="oc-21e">
         <name>.debug_info</name>
         <load_address>0xe4d1</load_address>
         <run_address>0xe4d1</run_address>
         <size>0x86</size>
         <input_file_ref idref="fl-c2"/>
      </object_component>
      <object_component id="oc-2c5">
         <name>.debug_info</name>
         <load_address>0xe557</load_address>
         <run_address>0xe557</run_address>
         <size>0x39</size>
         <input_file_ref idref="fl-c2"/>
      </object_component>
      <object_component id="oc-324">
         <name>.debug_info</name>
         <load_address>0xe590</load_address>
         <run_address>0xe590</run_address>
         <size>0xb6</size>
         <input_file_ref idref="fl-c2"/>
      </object_component>
      <object_component id="oc-2ca">
         <name>.debug_info</name>
         <load_address>0xe646</load_address>
         <run_address>0xe646</run_address>
         <size>0x46</size>
         <input_file_ref idref="fl-c2"/>
      </object_component>
      <object_component id="oc-223">
         <name>.debug_info</name>
         <load_address>0xe68c</load_address>
         <run_address>0xe68c</run_address>
         <size>0x46</size>
         <input_file_ref idref="fl-c2"/>
      </object_component>
      <object_component id="oc-2c0">
         <name>.debug_info</name>
         <load_address>0xe6d2</load_address>
         <run_address>0xe6d2</run_address>
         <size>0x2c</size>
         <input_file_ref idref="fl-c2"/>
      </object_component>
      <object_component id="oc-2ec">
         <name>.debug_info</name>
         <load_address>0xe6fe</load_address>
         <run_address>0xe6fe</run_address>
         <size>0x382</size>
         <input_file_ref idref="fl-c3"/>
      </object_component>
      <object_component id="oc-236">
         <name>.debug_info</name>
         <load_address>0xea80</load_address>
         <run_address>0xea80</run_address>
         <size>0x1e9</size>
         <input_file_ref idref="fl-c3"/>
      </object_component>
      <object_component id="oc-2ea">
         <name>.debug_info</name>
         <load_address>0xec69</load_address>
         <run_address>0xec69</run_address>
         <size>0x3fb</size>
         <input_file_ref idref="fl-c4"/>
      </object_component>
      <object_component id="oc-22d">
         <name>.debug_info</name>
         <load_address>0xf064</load_address>
         <run_address>0xf064</run_address>
         <size>0x2e1</size>
         <input_file_ref idref="fl-c4"/>
      </object_component>
      <object_component id="oc-ca">
         <name>.debug_info</name>
         <load_address>0xf345</load_address>
         <run_address>0xf345</run_address>
         <size>0x2c</size>
         <input_file_ref idref="fl-c4"/>
      </object_component>
      <object_component id="oc-336">
         <name>.debug_info</name>
         <load_address>0xf371</load_address>
         <run_address>0xf371</run_address>
         <size>0x2ff</size>
         <input_file_ref idref="fl-c5"/>
      </object_component>
      <object_component id="oc-2d2">
         <name>.debug_info</name>
         <load_address>0xf670</load_address>
         <run_address>0xf670</run_address>
         <size>0x19b</size>
         <input_file_ref idref="fl-c5"/>
      </object_component>
      <object_component id="oc-371">
         <name>.debug_info</name>
         <load_address>0xf80b</load_address>
         <run_address>0xf80b</run_address>
         <size>0xbf</size>
         <input_file_ref idref="fl-c5"/>
      </object_component>
      <object_component id="oc-370">
         <name>.debug_info</name>
         <load_address>0xf8ca</load_address>
         <run_address>0xf8ca</run_address>
         <size>0x373</size>
         <input_file_ref idref="fl-c6"/>
      </object_component>
      <object_component id="oc-331">
         <name>.debug_info</name>
         <load_address>0xfc3d</load_address>
         <run_address>0xfc3d</run_address>
         <size>0x20a</size>
         <input_file_ref idref="fl-c6"/>
      </object_component>
      <object_component id="oc-27e">
         <name>.debug_info</name>
         <load_address>0xfe47</load_address>
         <run_address>0xfe47</run_address>
         <size>0x14b</size>
         <input_file_ref idref="fl-c7"/>
      </object_component>
      <object_component id="oc-1ef">
         <name>.debug_info</name>
         <load_address>0xff92</load_address>
         <run_address>0xff92</run_address>
         <size>0x127</size>
         <input_file_ref idref="fl-c8"/>
      </object_component>
      <object_component id="oc-26a">
         <name>.debug_info</name>
         <load_address>0x100b9</load_address>
         <run_address>0x100b9</run_address>
         <size>0x129</size>
         <input_file_ref idref="fl-c8"/>
      </object_component>
      <object_component id="oc-264">
         <name>.debug_info</name>
         <load_address>0x101e2</load_address>
         <run_address>0x101e2</run_address>
         <size>0x139</size>
         <input_file_ref idref="fl-c9"/>
      </object_component>
      <object_component id="oc-260">
         <name>.debug_info</name>
         <load_address>0x1031b</load_address>
         <run_address>0x1031b</run_address>
         <size>0x139</size>
         <input_file_ref idref="fl-ca"/>
      </object_component>
      <object_component id="oc-26f">
         <name>.debug_info</name>
         <load_address>0x10454</load_address>
         <run_address>0x10454</run_address>
         <size>0x12d</size>
         <input_file_ref idref="fl-cb"/>
      </object_component>
      <object_component id="oc-279">
         <name>.debug_info</name>
         <load_address>0x10581</load_address>
         <run_address>0x10581</run_address>
         <size>0x12b</size>
         <input_file_ref idref="fl-cc"/>
      </object_component>
      <object_component id="oc-3a">
         <name>.debug_info</name>
         <load_address>0x106ac</load_address>
         <run_address>0x106ac</run_address>
         <size>0x118</size>
         <input_file_ref idref="fl-cd"/>
      </object_component>
      <object_component id="oc-258">
         <name>.debug_info</name>
         <load_address>0x107c4</load_address>
         <run_address>0x107c4</run_address>
         <size>0x133</size>
         <input_file_ref idref="fl-ce"/>
      </object_component>
      <object_component id="oc-8e">
         <name>.debug_info</name>
         <load_address>0x108f7</load_address>
         <run_address>0x108f7</run_address>
         <size>0x146</size>
         <input_file_ref idref="fl-cf"/>
      </object_component>
      <object_component id="oc-8a">
         <name>.debug_info</name>
         <load_address>0x10a3d</load_address>
         <run_address>0x10a3d</run_address>
         <size>0x2d3</size>
         <input_file_ref idref="fl-d0"/>
      </object_component>
      <object_component id="oc-45">
         <name>.debug_info</name>
         <load_address>0x10d10</load_address>
         <run_address>0x10d10</run_address>
         <size>0x1d1</size>
         <input_file_ref idref="fl-d0"/>
      </object_component>
      <object_component id="oc-85">
         <name>.debug_info</name>
         <load_address>0x10ee1</load_address>
         <run_address>0x10ee1</run_address>
         <size>0x46</size>
         <input_file_ref idref="fl-d0"/>
      </object_component>
      <object_component id="oc-42">
         <name>.debug_info</name>
         <load_address>0x10f27</load_address>
         <run_address>0x10f27</run_address>
         <size>0x2a7</size>
         <input_file_ref idref="fl-d1"/>
      </object_component>
      <object_component id="oc-1b">
         <name>.debug_info</name>
         <load_address>0x111ce</load_address>
         <run_address>0x111ce</run_address>
         <size>0x1e9</size>
         <input_file_ref idref="fl-d1"/>
      </object_component>
      <object_component id="oc-3d">
         <name>.debug_info</name>
         <load_address>0x113b7</load_address>
         <run_address>0x113b7</run_address>
         <size>0x46</size>
         <input_file_ref idref="fl-d1"/>
      </object_component>
      <object_component id="oc-7d">
         <name>.debug_info</name>
         <load_address>0x113fd</load_address>
         <run_address>0x113fd</run_address>
         <size>0x2c</size>
         <input_file_ref idref="fl-d1"/>
      </object_component>
      <object_component id="oc-7b">
         <name>.debug_info</name>
         <load_address>0x11429</load_address>
         <run_address>0x11429</run_address>
         <size>0x29d</size>
         <input_file_ref idref="fl-d2"/>
      </object_component>
      <object_component id="oc-16">
         <name>.debug_info</name>
         <load_address>0x116c6</load_address>
         <run_address>0x116c6</run_address>
         <size>0x24f</size>
         <input_file_ref idref="fl-d2"/>
      </object_component>
      <object_component id="oc-2d">
         <name>.debug_info</name>
         <load_address>0x11915</load_address>
         <run_address>0x11915</run_address>
         <size>0x60</size>
         <input_file_ref idref="fl-d2"/>
      </object_component>
      <object_component id="oc-c3">
         <name>.debug_info</name>
         <load_address>0x11975</load_address>
         <run_address>0x11975</run_address>
         <size>0x46</size>
         <input_file_ref idref="fl-d2"/>
      </object_component>
      <object_component id="oc-76">
         <name>.debug_info</name>
         <load_address>0x119bb</load_address>
         <run_address>0x119bb</run_address>
         <size>0x39</size>
         <input_file_ref idref="fl-d2"/>
      </object_component>
      <object_component id="oc-184">
         <name>.debug_info</name>
         <load_address>0x119f4</load_address>
         <run_address>0x119f4</run_address>
         <size>0x3ac</size>
         <input_file_ref idref="fl-d3"/>
      </object_component>
      <object_component id="oc-17e">
         <name>.debug_info</name>
         <load_address>0x11da0</load_address>
         <run_address>0x11da0</run_address>
         <size>0x18f</size>
         <input_file_ref idref="fl-d3"/>
      </object_component>
      <object_component id="oc-108">
         <name>.debug_info</name>
         <load_address>0x11f2f</load_address>
         <run_address>0x11f2f</run_address>
         <size>0x121</size>
         <input_file_ref idref="fl-d3"/>
      </object_component>
      <object_component id="oc-10e">
         <name>.debug_info</name>
         <load_address>0x12050</load_address>
         <run_address>0x12050</run_address>
         <size>0x183</size>
         <input_file_ref idref="fl-d3"/>
      </object_component>
      <object_component id="oc-1c4">
         <name>.debug_info</name>
         <load_address>0x121d3</load_address>
         <run_address>0x121d3</run_address>
         <size>0x2c8</size>
         <input_file_ref idref="fl-d4"/>
      </object_component>
      <object_component id="oc-181">
         <name>.debug_info</name>
         <load_address>0x1249b</load_address>
         <run_address>0x1249b</run_address>
         <size>0x11d</size>
         <input_file_ref idref="fl-d4"/>
      </object_component>
      <object_component id="oc-1bf">
         <name>.debug_info</name>
         <load_address>0x125b8</load_address>
         <run_address>0x125b8</run_address>
         <size>0x12d</size>
         <input_file_ref idref="fl-d4"/>
      </object_component>
      <object_component id="oc-256">
         <name>.debug_info</name>
         <load_address>0x126e5</load_address>
         <run_address>0x126e5</run_address>
         <size>0x2b8</size>
         <input_file_ref idref="fl-d5"/>
      </object_component>
      <object_component id="oc-1e3">
         <name>.debug_info</name>
         <load_address>0x1299d</load_address>
         <run_address>0x1299d</run_address>
         <size>0x17b</size>
         <input_file_ref idref="fl-d5"/>
      </object_component>
      <object_component id="oc-2f1">
         <name>.debug_info</name>
         <load_address>0x12b18</load_address>
         <run_address>0x12b18</run_address>
         <size>0xf8</size>
         <input_file_ref idref="fl-d6"/>
      </object_component>
      <object_component id="oc-253">
         <name>.debug_info</name>
         <load_address>0x12c10</load_address>
         <run_address>0x12c10</run_address>
         <size>0x104</size>
         <input_file_ref idref="fl-d6"/>
      </object_component>
      <object_component id="oc-22a">
         <name>.debug_info</name>
         <load_address>0x12d14</load_address>
         <run_address>0x12d14</run_address>
         <size>0x143</size>
         <input_file_ref idref="fl-d7"/>
      </object_component>
      <object_component id="oc-1a5">
         <name>.debug_info</name>
         <load_address>0x12e57</load_address>
         <run_address>0x12e57</run_address>
         <size>0x101</size>
         <input_file_ref idref="fl-d7"/>
      </object_component>
      <object_component id="oc-3ad">
         <name>.debug_info</name>
         <load_address>0x12f58</load_address>
         <run_address>0x12f58</run_address>
         <size>0x18e</size>
         <input_file_ref idref="fl-d7"/>
      </object_component>
      <object_component id="oc-2ff">
         <name>.debug_info</name>
         <load_address>0x130e6</load_address>
         <run_address>0x130e6</run_address>
         <size>0x29a</size>
         <input_file_ref idref="fl-d8"/>
      </object_component>
      <object_component id="oc-273">
         <name>.debug_info</name>
         <load_address>0x13380</load_address>
         <run_address>0x13380</run_address>
         <size>0x1cc</size>
         <input_file_ref idref="fl-d8"/>
      </object_component>
      <object_component id="oc-2b1">
         <name>.debug_info</name>
         <load_address>0x1354c</load_address>
         <run_address>0x1354c</run_address>
         <size>0x295</size>
         <input_file_ref idref="fl-d9"/>
      </object_component>
      <object_component id="oc-20b">
         <name>.debug_info</name>
         <load_address>0x137e1</load_address>
         <run_address>0x137e1</run_address>
         <size>0x1b5</size>
         <input_file_ref idref="fl-d9"/>
      </object_component>
      <object_component id="oc-338">
         <name>.debug_info</name>
         <load_address>0x13996</load_address>
         <run_address>0x13996</run_address>
         <size>0x2a4</size>
         <input_file_ref idref="fl-da"/>
      </object_component>
      <object_component id="oc-2d9">
         <name>.debug_info</name>
         <load_address>0x13c3a</load_address>
         <run_address>0x13c3a</run_address>
         <size>0x258</size>
         <input_file_ref idref="fl-da"/>
      </object_component>
      <object_component id="oc-72">
         <name>.debug_info</name>
         <load_address>0x13e92</load_address>
         <run_address>0x13e92</run_address>
         <size>0x3b1</size>
         <input_file_ref idref="fl-db"/>
      </object_component>
      <object_component id="oc-27">
         <name>.debug_info</name>
         <load_address>0x14243</load_address>
         <run_address>0x14243</run_address>
         <size>0x10b</size>
         <input_file_ref idref="fl-db"/>
      </object_component>
      <object_component id="oc-3e3">
         <name>.debug_info</name>
         <load_address>0x1434e</load_address>
         <run_address>0x1434e</run_address>
         <size>0x13e</size>
         <input_file_ref idref="fl-db"/>
      </object_component>
      <object_component id="oc-365">
         <name>.debug_info</name>
         <load_address>0x1448c</load_address>
         <run_address>0x1448c</run_address>
         <size>0x167</size>
         <input_file_ref idref="fl-db"/>
      </object_component>
      <object_component id="oc-393">
         <name>.debug_info</name>
         <load_address>0x145f3</load_address>
         <run_address>0x145f3</run_address>
         <size>0x18d</size>
         <input_file_ref idref="fl-db"/>
      </object_component>
      <object_component id="oc-39a">
         <name>.debug_info</name>
         <load_address>0x14780</load_address>
         <run_address>0x14780</run_address>
         <size>0x19e</size>
         <input_file_ref idref="fl-db"/>
      </object_component>
      <object_component id="oc-35f">
         <name>.debug_info</name>
         <load_address>0x1491e</load_address>
         <run_address>0x1491e</run_address>
         <size>0x202</size>
         <input_file_ref idref="fl-db"/>
      </object_component>
      <object_component id="oc-3e9">
         <name>.debug_info</name>
         <load_address>0x14b20</load_address>
         <run_address>0x14b20</run_address>
         <size>0x1da</size>
         <input_file_ref idref="fl-db"/>
      </object_component>
      <object_component id="oc-3a1">
         <name>.debug_info</name>
         <load_address>0x14cfa</load_address>
         <run_address>0x14cfa</run_address>
         <size>0x298</size>
         <input_file_ref idref="fl-db"/>
      </object_component>
      <object_component id="oc-be">
         <name>.debug_info</name>
         <load_address>0x14f92</load_address>
         <run_address>0x14f92</run_address>
         <size>0xb2</size>
         <input_file_ref idref="fl-db"/>
      </object_component>
      <object_component id="oc-b9">
         <name>.debug_info</name>
         <load_address>0x15044</load_address>
         <run_address>0x15044</run_address>
         <size>0x2c</size>
         <input_file_ref idref="fl-db"/>
      </object_component>
      <object_component id="oc-316">
         <name>.debug_info</name>
         <load_address>0x15070</load_address>
         <run_address>0x15070</run_address>
         <size>0x299</size>
         <input_file_ref idref="fl-dc"/>
      </object_component>
      <object_component id="oc-2ac">
         <name>.debug_info</name>
         <load_address>0x15309</load_address>
         <run_address>0x15309</run_address>
         <size>0x25d</size>
         <input_file_ref idref="fl-dc"/>
      </object_component>
      <object_component id="oc-251">
         <name>.debug_info</name>
         <load_address>0x15566</load_address>
         <run_address>0x15566</run_address>
         <size>0x28e</size>
         <input_file_ref idref="fl-dd"/>
      </object_component>
      <object_component id="oc-1dc">
         <name>.debug_info</name>
         <load_address>0x157f4</load_address>
         <run_address>0x157f4</run_address>
         <size>0x240</size>
         <input_file_ref idref="fl-dd"/>
      </object_component>
      <object_component id="oc-33f">
         <name>.debug_info</name>
         <load_address>0x15a34</load_address>
         <run_address>0x15a34</run_address>
         <size>0x396</size>
         <input_file_ref idref="fl-de"/>
      </object_component>
      <object_component id="oc-2e5">
         <name>.debug_info</name>
         <load_address>0x15dca</load_address>
         <run_address>0x15dca</run_address>
         <size>0x18e</size>
         <input_file_ref idref="fl-de"/>
      </object_component>
      <object_component id="oc-384">
         <name>.debug_info</name>
         <load_address>0x15f58</load_address>
         <run_address>0x15f58</run_address>
         <size>0x120</size>
         <input_file_ref idref="fl-de"/>
      </object_component>
      <object_component id="oc-389">
         <name>.debug_info</name>
         <load_address>0x16078</load_address>
         <run_address>0x16078</run_address>
         <size>0x2c</size>
         <input_file_ref idref="fl-de"/>
      </object_component>
      <object_component id="oc-381">
         <name>.debug_info</name>
         <load_address>0x160a4</load_address>
         <run_address>0x160a4</run_address>
         <size>0x336</size>
         <input_file_ref idref="fl-df"/>
      </object_component>
      <object_component id="oc-37d">
         <name>.debug_info</name>
         <load_address>0x163da</load_address>
         <run_address>0x163da</run_address>
         <size>0x108</size>
         <input_file_ref idref="fl-df"/>
      </object_component>
      <object_component id="oc-33c">
         <name>.debug_info</name>
         <load_address>0x164e2</load_address>
         <run_address>0x164e2</run_address>
         <size>0x108</size>
         <input_file_ref idref="fl-df"/>
      </object_component>
      <object_component id="oc-2a">
         <name>.debug_info</name>
         <load_address>0x165ea</load_address>
         <run_address>0x165ea</run_address>
         <size>0x10a</size>
         <input_file_ref idref="fl-e0"/>
      </object_component>
      <object_component id="oc-57">
         <name>.debug_info</name>
         <load_address>0x166f4</load_address>
         <run_address>0x166f4</run_address>
         <size>0x1a8</size>
         <input_file_ref idref="fl-e0"/>
      </object_component>
      <object_component id="oc-2bd">
         <name>.debug_info</name>
         <load_address>0x1689c</load_address>
         <run_address>0x1689c</run_address>
         <size>0x288</size>
         <input_file_ref idref="fl-e1"/>
      </object_component>
      <object_component id="oc-2ba">
         <name>.debug_info</name>
         <load_address>0x16b24</load_address>
         <run_address>0x16b24</run_address>
         <size>0x10d</size>
         <input_file_ref idref="fl-e1"/>
      </object_component>
      <object_component id="oc-217">
         <name>.debug_info</name>
         <load_address>0x16c31</load_address>
         <run_address>0x16c31</run_address>
         <size>0x14d</size>
         <input_file_ref idref="fl-e1"/>
      </object_component>
      <object_component id="oc-2b8">
         <name>.debug_info</name>
         <load_address>0x16d7e</load_address>
         <run_address>0x16d7e</run_address>
         <size>0x28e</size>
         <input_file_ref idref="fl-e2"/>
      </object_component>
      <object_component id="oc-213">
         <name>.debug_info</name>
         <load_address>0x1700c</load_address>
         <run_address>0x1700c</run_address>
         <size>0x159</size>
         <input_file_ref idref="fl-e2"/>
      </object_component>
      <object_component id="oc-319">
         <name>.debug_info</name>
         <load_address>0x17165</load_address>
         <run_address>0x17165</run_address>
         <size>0x46</size>
         <input_file_ref idref="fl-e2"/>
      </object_component>
      <object_component id="oc-2b3">
         <name>.debug_info</name>
[...]
      </symbol>
      <symbol id="sm-406">
         <name>__aeabi_dmul</name>
         <value>0x23ad</value>
         <object_component_ref idref="oc-25e"/>
      </symbol>
      <symbol id="sm-410">
         <name>__aeabi_d2iz</name>
         <value>0x3225</value>
         <object_component_ref idref="oc-26d"/>
      </symbol>
      <symbol id="sm-41a">
         <name>__aeabi_i2d</name>
         <value>0x34f9</value>
         <object_component_ref idref="oc-278"/>
      </symbol>
      <symbol id="sm-435">
         <name>memcpy</name>
         <value>0x271b</value>
         <object_component_ref idref="oc-37"/>
      </symbol>
      <symbol id="sm-436">
         <name>__aeabi_memcpy</name>
         <value>0x271b</value>
         <object_component_ref idref="oc-37"/>
      </symbol>
      <symbol id="sm-437">
         <name>__aeabi_memcpy8</name>
         <value>0x271b</value>
         <object_component_ref idref="oc-37"/>
      </symbol>
      <symbol id="sm-438">
         <name>__aeabi_memcpy4</name>
         <value>0x271b</value>
         <object_component_ref idref="oc-37"/>
      </symbol>
      <symbol id="sm-445">
         <name>__aeabi_uldivmod</name>
         <value>0x27b7</value>
         <object_component_ref idref="oc-257"/>
      </symbol>
      <symbol id="sm-454">
         <name>__aeabi_memset</name>
         <value>0x29e7</value>
         <object_component_ref idref="oc-8b"/>
      </symbol>
      <symbol id="sm-455">
         <name>memset</name>
         <value>0x29ed</value>
         <object_component_ref idref="oc-8b"/>
      </symbol>
      <symbol id="sm-456">
         <name>__aeabi_memset8</name>
         <value>0x29e7</value>
         <object_component_ref idref="oc-8b"/>
      </symbol>
      <symbol id="sm-457">
         <name>__aeabi_memset4</name>
         <value>0x29e7</value>
         <object_component_ref idref="oc-8b"/>
      </symbol>
      <symbol id="sm-458">
         <name>__aeabi_memclr8</name>
         <value>0x29e5</value>
         <object_component_ref idref="oc-8b"/>
      </symbol>
      <symbol id="sm-459">
         <name>__aeabi_memclr4</name>
         <value>0x29e5</value>
         <object_component_ref idref="oc-8b"/>
      </symbol>
      <symbol id="sm-45a">
         <name>__aeabi_memclr</name>
         <value>0x29e5</value>
         <object_component_ref idref="oc-8b"/>
      </symbol>
      <symbol id="sm-46e">
         <name>__TI_zero_init_nomemset</name>
         <value>0x35ed</value>
         <object_component_ref idref="oc-43"/>
      </symbol>
      <symbol id="sm-485">
         <name>__TI_decompress_none</name>
         <value>0x36c3</value>
         <object_component_ref idref="oc-1a"/>
      </symbol>
      <symbol id="sm-4a8">
         <name>__TI_decompress_lzss</name>
         <value>0x2c89</value>
         <object_component_ref idref="oc-14"/>
      </symbol>
      <symbol id="sm-4ce">
         <name>C$$EXIT</name>
         <value>0x36fd</value>
         <object_component_ref idref="oc-104"/>
      </symbol>
      <symbol id="sm-4cf">
         <name>abort</name>
         <value>0x36fd</value>
         <object_component_ref idref="oc-104"/>
      </symbol>
      <symbol id="sm-4d0">
         <name>__TI_dtors_ptr</name>
         <value>0x200005cc</value>
         <object_component_ref idref="oc-17d"/>
      </symbol>
      <symbol id="sm-4d1">
         <name>__TI_cleanup_ptr</name>
         <value>0x200005c8</value>
         <object_component_ref idref="oc-17d"/>
      </symbol>
      <symbol id="sm-4d2">
         <name>__TI_enable_exit_profile_output</name>
         <value>0x200005d0</value>
         <object_component_ref idref="oc-17d"/>
      </symbol>
      <symbol id="sm-4d3">
         <name>exit</name>
         <value>0x31dd</value>
         <object_component_ref idref="oc-10a"/>
      </symbol>
      <symbol id="sm-4e8">
         <name>_nop</name>
         <value>0xb33</value>
         <object_component_ref idref="oc-1bc"/>
      </symbol>
      <symbol id="sm-4e9">
         <name>_lock</name>
         <value>0x200005d4</value>
         <object_component_ref idref="oc-180"/>
      </symbol>
      <symbol id="sm-4ea">
         <name>_unlock</name>
         <value>0x200005d8</value>
         <object_component_ref idref="oc-180"/>
      </symbol>
      <symbol id="sm-500">
         <name>atoi</name>
         <value>0x3191</value>
         <object_component_ref idref="oc-1e1"/>
      </symbol>
      <symbol id="sm-50b">
         <name>_ctypes_</name>
         <value>0x3700</value>
         <object_component_ref idref="oc-252"/>
      </symbol>
      <symbol id="sm-520">
         <name>__TI_tmpnams</name>
         <value>0x20000710</value>
      </symbol>
      <symbol id="sm-521">
         <name>__aeabi_stdout</name>
         <value>0x200005c0</value>
         <object_component_ref idref="oc-3ac"/>
      </symbol>
      <symbol id="sm-522">
         <name>__aeabi_stderr</name>
         <value>0x200005c4</value>
         <object_component_ref idref="oc-3ac"/>
      </symbol>
      <symbol id="sm-523">
         <name>__aeabi_stdin</name>
         <value>0x200005bc</value>
         <object_component_ref idref="oc-3ac"/>
      </symbol>
      <symbol id="sm-524">
         <name>_ftable</name>
         <value>0x20000400</value>
         <object_component_ref idref="oc-1a4"/>
      </symbol>
      <symbol id="sm-525">
         <name>__TI_ft_end</name>
         <value>0x200005b8</value>
         <object_component_ref idref="oc-3ac"/>
      </symbol>
      <symbol id="sm-534">
         <name>ltoa</name>
         <value>0x309d</value>
         <object_component_ref idref="oc-272"/>
      </symbol>
      <symbol id="sm-544">
         <name>memccpy</name>
         <value>0x3625</value>
         <object_component_ref idref="oc-20a"/>
      </symbol>
      <symbol id="sm-554">
         <name>memchr</name>
         <value>0x35cd</value>
         <object_component_ref idref="oc-2d7"/>
      </symbol>
      <symbol id="sm-5dd">
         <name>_sys_memory</name>
         <value>0x20000000</value>
         <object_component_ref idref="oc-26"/>
      </symbol>
      <symbol id="sm-5de">
         <name>free</name>
         <value>0x24a9</value>
         <object_component_ref idref="oc-35d"/>
      </symbol>
      <symbol id="sm-5df">
         <name>memalign</name>
         <value>0x2071</value>
         <object_component_ref idref="oc-39f"/>
      </symbol>
      <symbol id="sm-5e0">
         <name>malloc</name>
         <value>0x36e9</value>
         <object_component_ref idref="oc-363"/>
      </symbol>
      <symbol id="sm-5e1">
         <name>aligned_alloc</name>
         <value>0x2071</value>
         <object_component_ref idref="oc-39f"/>
      </symbol>
      <symbol id="sm-5f1">
         <name>strchr</name>
         <value>0x3673</value>
         <object_component_ref idref="oc-2a9"/>
      </symbol>
      <symbol id="sm-5ff">
         <name>strlen</name>
         <value>0x369d</value>
         <object_component_ref idref="oc-1db"/>
      </symbol>
      <symbol id="sm-619">
         <name>write</name>
         <value>0x35a5</value>
         <object_component_ref idref="oc-2e3"/>
      </symbol>
      <symbol id="sm-62a">
         <name>_stream</name>
         <value>0x20000568</value>
         <object_component_ref idref="oc-33b"/>
      </symbol>
      <symbol id="sm-62b">
         <name>_device</name>
         <value>0x200004f0</value>
         <object_component_ref idref="oc-37c"/>
      </symbol>
      <symbol id="sm-63e">
         <name>__stack</name>
         <value>0x2000fe00</value>
         <object_component_ref idref="oc-29"/>
      </symbol>
      <symbol id="sm-63f">
         <name>_c_int00_noargs</name>
         <value>0x3495</value>
         <object_component_ref idref="oc-55"/>
      </symbol>
      <symbol id="sm-655">
         <name>__aeabi_errno_addr</name>
         <value>0x36e1</value>
         <object_component_ref idref="oc-216"/>
      </symbol>
      <symbol id="sm-656">
         <name>errno</name>
         <value>0x200005e4</value>
         <object_component_ref idref="oc-2b9"/>
      </symbol>
      <symbol id="sm-66f">
         <name>wcslen</name>
         <value>0x36b1</value>
         <object_component_ref idref="oc-210"/>
      </symbol>
      <symbol id="sm-68f">
         <name>frexpl</name>
         <value>0x2d59</value>
         <object_component_ref idref="oc-29d"/>
      </symbol>
      <symbol id="sm-690">
         <name>frexp</name>
         <value>0x2d59</value>
         <object_component_ref idref="oc-29d"/>
      </symbol>
      <symbol id="sm-6ad">
         <name>scalbn</name>
         <value>0x229d</value>
         <object_component_ref idref="oc-2a3"/>
      </symbol>
      <symbol id="sm-6ae">
         <name>scalbnl</name>
         <value>0x229d</value>
         <object_component_ref idref="oc-2a3"/>
      </symbol>
      <symbol id="sm-6af">
         <name>ldexpl</name>
         <value>0x229d</value>
         <object_component_ref idref="oc-2a3"/>
      </symbol>
      <symbol id="sm-6b0">
         <name>ldexp</name>
         <value>0x229d</value>
         <object_component_ref idref="oc-2a3"/>
      </symbol>
      <symbol id="sm-6c0">
         <name>__TI_doflush</name>
         <value>0x3143</value>
         <object_component_ref idref="oc-2dd"/>
      </symbol>
      <symbol id="sm-6d0">
         <name>__TI_cleanup</name>
         <value>0x342d</value>
         <object_component_ref idref="oc-369"/>
      </symbol>
      <symbol id="sm-6e2">
         <name>fseek</name>
         <value>0x2dbd</value>
         <object_component_ref idref="oc-329"/>
      </symbol>
      <symbol id="sm-6ec">
         <name>__aeabi_idiv0</name>
         <value>0x1cd7</value>
         <object_component_ref idref="oc-2f4"/>
      </symbol>
      <symbol id="sm-6ed">
         <name>__aeabi_ldiv0</name>
         <value>0x1cd7</value>
         <object_component_ref idref="oc-2f4"/>
      </symbol>
      <symbol id="sm-715">
         <name>__TI_auto_init_nobinit_nopinit</name>
         <value>0x32f5</value>
         <object_component_ref idref="oc-110"/>
      </symbol>
      <symbol id="sm-71f">
         <name>_system_pre_init</name>
         <value>0x36f9</value>
         <object_component_ref idref="oc-91"/>
      </symbol>
      <symbol id="sm-732">
         <name>HOSTclose</name>
         <value>0x326d</value>
         <object_component_ref idref="oc-3b8"/>
      </symbol>
      <symbol id="sm-743">
         <name>HOSTlseek</name>
         <value>0x2c21</value>
         <object_component_ref idref="oc-3ca"/>
      </symbol>
      <symbol id="sm-755">
         <name>parmbuf</name>
         <value>0x200007b0</value>
      </symbol>
      <symbol id="sm-756">
         <name>HOSTopen</name>
         <value>0x2e85</value>
         <object_component_ref idref="oc-3b2"/>
      </symbol>
      <symbol id="sm-767">
         <name>HOSTread</name>
         <value>0x2f41</value>
         <object_component_ref idref="oc-3be"/>
      </symbol>
      <symbol id="sm-778">
         <name>HOSTrename</name>
         <value>0x2bb5</value>
         <object_component_ref idref="oc-3d6"/>
      </symbol>
      <symbol id="sm-789">
         <name>HOSTunlink</name>
         <value>0x32b1</value>
         <object_component_ref idref="oc-3d0"/>
      </symbol>
      <symbol id="sm-79a">
         <name>HOSTwrite</name>
         <value>0x2f99</value>
         <object_component_ref idref="oc-3c4"/>
      </symbol>
      <symbol id="sm-7be">
         <name>__TI_readmsg</name>
         <value>0x3461</value>
         <object_component_ref idref="oc-405"/>
      </symbol>
      <symbol id="sm-7bf">
         <name>C$$IO$$</name>
         <value>0x33eb</value>
         <object_component_ref idref="oc-3ff"/>
      </symbol>
      <symbol id="sm-7c0">
         <name>__CIOBUF_</name>
         <value>0x200005f0</value>
         <object_component_ref idref="oc-430"/>
      </symbol>
      <symbol id="sm-7c1">
         <name>__TI_writemsg</name>
         <value>0x33bd</value>
         <object_component_ref idref="oc-3ff"/>
      </symbol>
      <symbol id="sm-7d2">
         <name>lseek</name>
         <value>0x357d</value>
         <object_component_ref idref="oc-355"/>
      </symbol>
      <symbol id="sm-7dc">
         <name>copysign</name>
         <value>0x3641</value>
         <object_component_ref idref="oc-30d"/>
      </symbol>
      <symbol id="sm-7dd">
         <name>copysignl</name>
         <value>0x3641</value>
         <object_component_ref idref="oc-30d"/>
      </symbol>
      <symbol id="sm-7f2">
         <name>__TI_closefile</name>
         <value>0x2a61</value>
         <object_component_ref idref="oc-3a6"/>
      </symbol>
      <symbol id="sm-815">
         <name>finddevice</name>
         <value>0x34c9</value>
         <object_component_ref idref="oc-44e"/>
      </symbol>
      <symbol id="sm-816">
         <name>getdevice</name>
         <value>0x3339</value>
         <object_component_ref idref="oc-426"/>
      </symbol>
      <symbol id="sm-825">
         <name>strcmp</name>
         <value>0x365b</value>
         <object_component_ref idref="oc-465"/>
      </symbol>
      <symbol id="sm-833">
         <name>strcpy</name>
         <value>0x3689</value>
         <object_component_ref idref="oc-419"/>
      </symbol>
      <symbol id="sm-843">
         <name>strncpy</name>
         <value>0x33f5</value>
         <object_component_ref idref="oc-448"/>
      </symbol>
      <symbol id="sm-858">
         <name>close</name>
         <value>0x2ee5</value>
         <object_component_ref idref="oc-3ee"/>
      </symbol>
      <symbol id="sm-868">
         <name>unlink</name>
         <value>0x3529</value>
         <object_component_ref idref="oc-3f4"/>
      </symbol>
      <symbol id="sm-869">
         <name>__TI_static_base__</name>
         <value>0x0</value>
      </symbol>
      <symbol id="sm-86c">
         <name>__mpu_init</name>
         <value>0x0</value>
      </symbol>
      <symbol id="sm-86d">
         <name>_system_post_cinit</name>
         <value>0x0</value>
      </symbol>
      <symbol id="sm-86e">
         <name>NMI_Handler</name>
         <value>0x36dd</value>
      </symbol>
      <symbol id="sm-86f">
         <name>HardFault_Handler</name>
         <value>0x36dd</value>
      </symbol>
      <symbol id="sm-870">
         <name>MemManage_Handler</name>
         <value>0x36dd</value>
      </symbol>
      <symbol id="sm-871">
         <name>BusFault_Handler</name>
         <value>0x36dd</value>
      </symbol>
      <symbol id="sm-872">
         <name>UsageFault_Handler</name>
         <value>0x36dd</value>
      </symbol>
      <symbol id="sm-873">
         <name>SVC_Handler</name>
         <value>0x36dd</value>
      </symbol>
      <symbol id="sm-874">
         <name>DebugMon_Handler</name>
         <value>0x36dd</value>
      </symbol>
      <symbol id="sm-875">
         <name>PendSV_Handler</name>
         <value>0x36dd</value>
      </symbol>
      <symbol id="sm-876">
         <name>SysTick_Handler</name>
         <value>0x36dd</value>
      </symbol>
      <symbol id="sm-877">
         <name>PSS_IRQHandler</name>
         <value>0x36dd</value>
      </symbol>
      <symbol id="sm-878">
         <name>CS_IRQHandler</name>
         <value>0x36dd</value>
      </symbol>
      <symbol id="sm-879">
         <name>PCM_IRQHandler</name>
         <value>0x36dd</value>
      </symbol>
      <symbol id="sm-87a">
         <name>WDT_A_IRQHandler</name>
         <value>0x36dd</value>
      </symbol>
      <symbol id="sm-87b">
         <name>FPU_IRQHandler</name>
         <value>0x36dd</value>
      </symbol>
      <symbol id="sm-87c">
         <name>FLCTL_IRQHandler</name>
         <value>0x36dd</value>
      </symbol>
      <symbol id="sm-87d">
         <name>COMP_E0_IRQHandler</name>
         <value>0x36dd</value>
      </symbol>
      <symbol id="sm-87e">
         <name>COMP_E1_IRQHandler</name>
         <value>0x36dd</value>
      </symbol>
      <symbol id="sm-87f">
         <name>TA0_0_IRQHandler</name>
         <value>0x36dd</value>
      </symbol>
      <symbol id="sm-880">
         <name>TA0_N_IRQHandler</name>
         <value>0x36dd</value>
      </symbol>
      <symbol id="sm-881">
         <name>TA1_0_IRQHandler</name>
         <value>0x36dd</value>
      </symbol>
      <symbol id="sm-882">
         <name>TA1_N_IRQHandler</name>
         <value>0x36dd</value>
      </symbol>
      <symbol id="sm-883">
         <name>TA2_0_IRQHandler</name>
         <value>0x36dd</value>
      </symbol>
      <symbol id="sm-884">
         <name>TA2_N_IRQHandler</name>
         <value>0x36dd</value>
      </symbol>
      <symbol id="sm-885">
         <name>TA3_0_IRQHandler</name>
         <value>0x36dd</value>
      </symbol>
      <symbol id="sm-886">
         <name>TA3_N_IRQHandler</name>
         <value>0x36dd</value>
      </symbol>
      <symbol id="sm-887">
         <name>EUSCIA0_IRQHandler</name>
         <value>0x36dd</value>
      </symbol>
      <symbol id="sm-888">
         <name>EUSCIA1_IRQHandler</name>
         <value>0x36dd</value>
      </symbol>
      <symbol id="sm-889">
         <name>EUSCIA2_IRQHandler</name>
         <value>0x36dd</value>
      </symbol>
      <symbol id="sm-88a">
         <name>EUSCIA3_IRQHandler</name>
         <value>0x36dd</value>
      </symbol>
      <symbol id="sm-88b">
         <name>EUSCIB0_IRQHandler</name>
         <value>0x36dd</value>
      </symbol>
      <symbol id="sm-88c">
         <name>EUSCIB1_IRQHandler</name>
         <value>0x36dd</value>
      </symbol>
      <symbol id="sm-88d">
         <name>EUSCIB2_IRQHandler</name>
         <value>0x36dd</value>
      </symbol>
      <symbol id="sm-88e">
         <name>EUSCIB3_IRQHandler</name>
         <value>0x36dd</value>
      </symbol>
      <symbol id="sm-88f">
         <name>ADC14_IRQHandler</name>
         <value>0x36dd</value>
      </symbol>
      <symbol id="sm-890">
         <name>T32_INT1_IRQHandler</name>
         <value>0x36dd</value>
      </symbol>
      <symbol id="sm-891">
         <name>T32_INT2_IRQHandler</name>
         <value>0x36dd</value>
      </symbol>
      <symbol id="sm-892">
         <name>T32_INTC_IRQHandler</name>
         <value>0x36dd</value>
      </symbol>
      <symbol id="sm-893">
         <name>AES256_IRQHandler</name>
         <value>0x36dd</value>
      </symbol>
      <symbol id="sm-894">
         <name>RTC_C_IRQHandler</name>
         <value>0x36dd</value>
      </symbol>
      <symbol id="sm-895">
         <name>DMA_ERR_IRQHandler</name>
         <value>0x36dd</value>
      </symbol>
      <symbol id="sm-896">
         <name>DMA_INT3_IRQHandler</name>
         <value>0x36dd</value>
      </symbol>
      <symbol id="sm-897">
         <name>DMA_INT2_IRQHandler</name>
         <value>0x36dd</value>
      </symbol>
      <symbol id="sm-898">
         <name>DMA_INT1_IRQHandler</name>
         <value>0x36dd</value>
      </symbol>
      <symbol id="sm-899">
         <name>DMA_INT0_IRQHandler</name>
         <value>0x36dd</value>
      </symbol>
      <symbol id="sm-89a">
         <name>PORT1_IRQHandler</name>
         <value>0x36dd</value>
      </symbol>
      <symbol id="sm-89b">
         <name>PORT2_IRQHandler</name>
         <value>0x36dd</value>
      </symbol>
      <symbol id="sm-89c">
         <name>PORT3_IRQHandler</name>
         <value>0x36dd</value>
      </symbol>
      <symbol id="sm-89d">
         <name>PORT4_IRQHandler</name>
         <value>0x36dd</value>
      </symbol>
      <symbol id="sm-89e">
         <name>PORT5_IRQHandler</name>
         <value>0x36dd</value>
      </symbol>
      <symbol id="sm-89f">
         <name>PORT6_IRQHandler</name>
         <value>0x36dd</value>
      </symbol>
      <symbol id="sm-8a0">
         <name>remove</name>
         <value>0x3529</value>
      </symbol>
   </symbol_table>
   <title>Link successful</title>
</link_info>
