******************************************************************************
                  TI ARM Linker PC v18.12.4                    
******************************************************************************
>> Linked Mon Apr  5 21:40:33 2021

OUTPUT FILE NAME:   <FinalProject.out>
ENTRY POINT SYMBOL: "_c_int00_noargs"  address: 00003495


MEMORY CONFIGURATION

         name            origin    length      used     unused   attr    fill
----------------------  --------  ---------  --------  --------  ----  --------
  MAIN                  00000000   00040000  000038f2  0003c70e  R  X
  INFO                  00200000   00004000  00000000  00004000  R  X
  SRAM_CODE             01000000   00010000  000009b8  0000f648  RW X
  SRAM_DATA             20000000   00010000  000009b8  0000f648  RW  


SEGMENT ALLOCATION MAP

run origin  load origin   length   init length attrs members
----------  ----------- ---------- ----------- ----- -------
00000000    00000000    000038f8   000038f8    r-x
  00000000    00000000    000000e4   000000e4    r-- .intvecs
  000000e4    000000e4    0000361c   0000361c    r-x .text
  00003700    00003700    0000015a   0000015a    r-- .const
  00003860    00003860    00000098   00000098    r-- .cinit
20000000    20000000    000007ba   00000000    rw-
  20000000    20000000    00000400   00000000    rw- .sysmem
  20000400    20000400    000001ee   00000000    rw- .data
  200005f0    200005f0    000001ca   00000000    rw- .bss
2000fe00    2000fe00    00000200   00000000    rw-
  2000fe00    2000fe00    00000200   00000000    rw- .stack


SECTION ALLOCATION MAP

 output                                  attributes/
section   page    origin      length       input sections
--------  ----  ----------  ----------   ----------------
.intvecs   0    00000000    000000e4     
                  00000000    000000e4     startup_msp432p401r_ccs.obj (.intvecs:retain)

.text      0    000000e4    0000361c     
                  000000e4    00000a4e     rtsv7M4_T_le_v4SPD16_eabi.lib : _printfi.c.obj (.text:__TI_printfi)
                  00000b32    00000002                                   : _lock.c.obj (.text:_nop)
                  00000b34    00000368     main.obj (.text)
                  00000e9c    00000334     system_msp432p401r.obj (.text)
                  000011d0    00000320     LCD.obj (.text)
                  000014f0    00000270     rtsv7M4_T_le_v4SPD16_eabi.lib : _printfi.c.obj (.text:_pconv_a)
                  00001760    000001f0     Keypad.obj (.text)
                  00001950    000001d0     rtsv7M4_T_le_v4SPD16_eabi.lib : _printfi.c.obj (.text:_pconv_g)
                  00001b20    000001b6                                   : fd_add_t2.asm.obj (.text)
                  00001cd6    00000002                                   : div0.asm.obj (.text)
                  00001cd8    0000013c                                   : _printfi.c.obj (.text:_pconv_e)
                  00001e14    00000136                                   : fd_div_t2.asm.obj (.text)
                  00001f4a    00000002     --HOLE-- [fill = 0]
                  00001f4c    00000124                                   : _printfi.c.obj (.text:fcvt)
                  00002070    00000118                                   : memory.c.obj (.text:aligned_alloc)
                  00002188    00000114                                   : fputs.c.obj (.text:fputs)
                  0000229c    00000110                                   : s_scalbn.c.obj (.text:scalbn)
                  000023ac    000000fc                                   : fd_mul_t2.asm.obj (.text)
                  000024a8    000000e4                                   : memory.c.obj (.text:free)
                  0000258c    000000dc                                   : setvbuf.c.obj (.text:setvbuf)
                  00002668    000000b1                                   : _printfi.c.obj (.text:_ltostr)
                  00002719    00000001     --HOLE-- [fill = 0]
                  0000271a    0000009c                                   : memcpy_t2.asm.obj (.text)
                  000027b6    00000096                                   : ull_div_t2.asm.obj (.text)
                  0000284c    0000008c                                   : fputc.c.obj (.text:fputc)
                  000028d8    00000086                                   : fd_cmp_t2.asm.obj (.text:__aeabi_cdcmple)
                  0000295e    00000086                                   : fd_cmp_t2.asm.obj (.text:__aeabi_cdrcmple)
                  000029e4    0000007a                                   : memset_t2.asm.obj (.text)
                  00002a5e    00000002     --HOLE-- [fill = 0]
                  00002a60    00000074                                   : fclose.c.obj (.text:__TI_closefile)
                  00002ad4    00000070                                   : memory.c.obj (.text:split)
                  00002b44    0000006e                                   : _printfi.c.obj (.text:_mcpy)
                  00002bb2    00000002     --HOLE-- [fill = 0]
                  00002bb4    0000006c                                   : hostrename.c.obj (.text:HOSTrename)
                  00002c20    00000068                                   : hostlseek.c.obj (.text:HOSTlseek)
                  00002c88    00000068                                   : copy_decompress_lzss.c.obj (.text:decompress:lzss:__TI_decompress_lzss)
                  00002cf0    00000068                                   : printf.c.obj (.text:printf)
                  00002d58    00000064                                   : s_frexp.c.obj (.text:frexp)
                  00002dbc    00000064                                   : fseek.c.obj (.text:fseek)
                  00002e20    00000062                                   : _io_perm.c.obj (.text:__TI_wrt_ok)
                  00002e82    00000002     --HOLE-- [fill = 0]
                  00002e84    00000060                                   : hostopen.c.obj (.text:HOSTopen)
                  00002ee4    0000005c                                   : close.c.obj (.text:close)
                  00002f40    00000058                                   : hostread.c.obj (.text:HOSTread)
                  00002f98    00000058                                   : hostwrite.c.obj (.text:HOSTwrite)
                  00002ff0    00000056                                   : _printfi.c.obj (.text:_pconv_f)
                  00003046    00000002     --HOLE-- [fill = 0]
                  00003048    00000054     SysTick.obj (.text)
                  0000309c    00000054     rtsv7M4_T_le_v4SPD16_eabi.lib : ltoa.c.obj (.text:ltoa)
                  000030f0    00000052                                   : _printfi.c.obj (.text:_ecpy)
                  00003142    0000004c                                   : fflush.c.obj (.text:__TI_doflush)
                  0000318e    00000002     --HOLE-- [fill = 0]
                  00003190    0000004c                                   : atoi.c.obj (.text:atoi)
                  000031dc    00000048                                   : exit.c.obj (.text:exit)
                  00003224    00000048                                   : fd_toi_t2.asm.obj (.text)
                  0000326c    00000044                                   : hostclose.c.obj (.text:HOSTclose)
                  000032b0    00000044                                   : hostunlink.c.obj (.text:HOSTunlink)
                  000032f4    00000044                                   : autoinit.c.obj (.text:__TI_auto_init_nobinit_nopinit:__TI_auto_init_nobinit_nopinit)
                  00003338    00000044                                   : getdevice.c.obj (.text:getdevice)
                  0000337c    0000003e                                   : _printfi.c.obj (.text:_fcpy)
                  000033ba    00000002     --HOLE-- [fill = 0]
                  000033bc    00000038                                   : trgmsg.c.obj (.text:__TI_writemsg)
                  000033f4    00000036                                   : strncpy.c.obj (.text:strncpy)
                  0000342a    00000002     --HOLE-- [fill = 0]
                  0000342c    00000034                                   : fopen.c.obj (.text:__TI_cleanup)
                  00003460    00000034                                   : trgmsg.c.obj (.text:__TI_readmsg)
                  00003494    00000034                                   : boot_cortex_m.c.obj (.text:_c_int00_noargs:_c_int00_noargs)
                  000034c8    00000030                                   : getdevice.c.obj (.text:finddevice)
                  000034f8    0000002e                                   : i_tofd_t2.asm.obj (.text)
                  00003526    00000002     --HOLE-- [fill = 0]
                  00003528    0000002c                                   : unlink.c.obj (.text:unlink)
                  00003554    00000028                                   : memory.c.obj (.text:free_list_insert)
                  0000357c    00000028                                   : lseek.c.obj (.text:lseek)
                  000035a4    00000028                                   : write.c.obj (.text:write)
                  000035cc    00000020                                   : memchr.c.obj (.text:memchr)
                  000035ec    0000001c                                   : copy_zero_init.c.obj (.text:decompress:ZI:__TI_zero_init_nomemset:__TI_zero_init_nomemset)
                  00003608    0000001c                                   : memory.c.obj (.text:free_list_remove)
                  00003624    0000001c                                   : memccpy.c.obj (.text:memccpy)
                  00003640    0000001a                                   : s_copysign.c.obj (.text:copysign)
                  0000365a    00000018                                   : strcmp.c.obj (.text:strcmp)
                  00003672    00000016                                   : strchr.c.obj (.text:strchr)
                  00003688    00000014                                   : strcpy.c.obj (.text:strcpy)
                  0000369c    00000014                                   : strlen.c.obj (.text:strlen)
                  000036b0    00000012                                   : wcslen.c.obj (.text:wcslen)
                  000036c2    0000000e                                   : copy_decompress_none.c.obj (.text:decompress:none:__TI_decompress_none)
                  000036d0    0000000e     startup_msp432p401r_ccs.obj (.text)
                  000036de    00000002     --HOLE-- [fill = 0]
                  000036e0    00000008     rtsv7M4_T_le_v4SPD16_eabi.lib : errno.c.obj (.text:__aeabi_errno_addr)
                  000036e8    00000008                                   : memory.c.obj (.text:malloc)
                  000036f0    00000004                                   : printf.c.obj (.text:_outc)
                  000036f4    00000004                                   : printf.c.obj (.text:_outs)
                  000036f8    00000004                                   : pre_init.c.obj (.text:_system_pre_init)
                  000036fc    00000004                                   : exit.c.obj (.text:abort:abort)

.const     0    00003700    0000015a     
                  00003700    00000101     rtsv7M4_T_le_v4SPD16_eabi.lib : ctype.c.obj (.const:.string:_ctypes_)
                  00003801    0000000f     main.obj (.const:.string:$P$T3$4)
                  00003810    0000000e     main.obj (.const:.string:$P$T2$3)
                  0000381e    0000000e     main.obj (.const:.string:$P$T6$7)
                  0000382c    0000000d     main.obj (.const:.string:$P$T1$2)
                  00003839    0000000d     main.obj (.const:.string:$P$T5$6)
                  00003846    0000000a     main.obj (.const:.string:$P$T0$1)
                  00003850    0000000a     main.obj (.const:.string:$P$T4$5)

.cinit     0    00003860    00000098     
                  00003860    0000006d     (.cinit..data.load) [load image, compression = lzss]
                  000038cd    00000003     --HOLE-- [fill = 0]
                  000038d0    0000000c     (__TI_handler_table)
                  000038dc    00000004     --HOLE-- [fill = 0]
                  000038e0    00000008     (.cinit..bss.load) [load image, compression = zero_init]
                  000038e8    00000010     (__TI_cinit_table)

.init_array 
*          0    00000000    00000000     UNINITIALIZED

.binit     0    00000000    00000000     

.sysmem    0    20000000    00000400     UNINITIALIZED
                  20000000    00000010     rtsv7M4_T_le_v4SPD16_eabi.lib : memory.c.obj (.sysmem)
                  20000010    000003f0     --HOLE--

.data      0    20000400    000001ee     UNINITIALIZED
                  20000400    000000f0     rtsv7M4_T_le_v4SPD16_eabi.lib : defs.c.obj (.data:_ftable)
                  200004f0    00000078                                   : host_device.c.obj (.data:_device)
                  20000568    00000050                                   : host_device.c.obj (.data:_stream)
                  200005b8    00000010                                   : defs.c.obj (.data)
                  200005c8    0000000c                                   : exit.c.obj (.data:$O1$$)
                  200005d4    00000008                                   : _lock.c.obj (.data:$O1$$)
                  200005dc    00000008                                   : memory.c.obj (.data:$O1$$)
                  200005e4    00000004                                   : errno.c.obj (.data)
                  200005e8    00000004     system_msp432p401r.obj (.data)
                  200005ec    00000002     main.obj (.data)

.bss       0    200005f0    000001ca     UNINITIALIZED
                  200005f0    00000120     rtsv7M4_T_le_v4SPD16_eabi.lib : trgmsg.c.obj (.bss:_CIOBUF_)
                  20000710    000000a0     (.common:__TI_tmpnams)
                  200007b0    00000008     (.common:parmbuf)
                  200007b8    00000001     (.common:num)
                  200007b9    00000001     (.common:pressed)

.stack     0    2000fe00    00000200     UNINITIALIZED
                  2000fe00    00000004     rtsv7M4_T_le_v4SPD16_eabi.lib : boot_cortex_m.c.obj (.stack)
                  2000fe04    000001fc     --HOLE--

MODULE SUMMARY

       Module                        code    ro data   rw data
       ------                        ----    -------   -------
    .\
       main.obj                      872     89        4      
       system_msp432p401r.obj        820     0         8      
       LCD.obj                       800     0         0      
       Keypad.obj                    496     0         4      
       startup_msp432p401r_ccs.obj   14      228       0      
       SysTick.obj                   84      0         0      
    +--+-----------------------------+-------+---------+---------+
       Total:                        3086    317       16     
                                                              
    C:\ti\ccs930\ccs\tools\compiler\ti-cgt-arm_18.12.4.LTS\lib\rtsv7M4_T_le_v4SPD16_eabi.lib
       _printfi.c.obj                4851    0         0      
       defs.c.obj                    0       0         832    
       memory.c.obj                  696     0         16     
       trgmsg.c.obj                  108     0         576    
       fd_add_t2.asm.obj             438     0         0      
       host_device.c.obj             0       0         400    
       fd_div_t2.asm.obj             310     0         0      
       fputs.c.obj                   276     0         0      
       s_scalbn.c.obj                272     0         0      
       fd_cmp_t2.asm.obj             268     0         0      
       ctype.c.obj                   0       257       0      
       fd_mul_t2.asm.obj             252     0         0      
       setvbuf.c.obj                 220     0         0      
       memcpy_t2.asm.obj             156     0         0      
       ull_div_t2.asm.obj            150     0         0      
       fputc.c.obj                   140     0         0      
       memset_t2.asm.obj             122     0         0      
       fclose.c.obj                  116     0         0      
       getdevice.c.obj               116     0         0      
       hostopen.c.obj                96      0         16     
       printf.c.obj                  112     0         0      
       hostrename.c.obj              108     0         0      
       copy_decompress_lzss.c.obj    104     0         0      
       hostlseek.c.obj               104     0         0      
       exit.c.obj                    76      0         24     
       fseek.c.obj                   100     0         0      
       s_frexp.c.obj                 100     0         0      
       _io_perm.c.obj                98      0         0      
       close.c.obj                   92      0         0      
       hostread.c.obj                88      0         0      
       hostwrite.c.obj               88      0         0      
       ltoa.c.obj                    84      0         0      
       atoi.c.obj                    76      0         0      
       fflush.c.obj                  76      0         0      
       fd_toi_t2.asm.obj             72      0         0      
       autoinit.c.obj                68      0         0      
       hostclose.c.obj               68      0         0      
       hostunlink.c.obj              68      0         0      
       strncpy.c.obj                 54      0         0      
       boot_cortex_m.c.obj           52      0         0      
       fopen.c.obj                   52      0         0      
       i_tofd_t2.asm.obj             46      0         0      
       unlink.c.obj                  44      0         0      
       lseek.c.obj                   40      0         0      
       write.c.obj                   40      0         0      
       memchr.c.obj                  32      0         0      
       copy_zero_init.c.obj          28      0         0      
       memccpy.c.obj                 28      0         0      
       s_copysign.c.obj              26      0         0      
       strcmp.c.obj                  24      0         0      
       strchr.c.obj                  22      0         0      
       strcpy.c.obj                  20      0         0      
       strlen.c.obj                  20      0         0      
       _lock.c.obj                   2       0         16     
       wcslen.c.obj                  18      0         0      
       errno.c.obj                   8       0         8      
       copy_decompress_none.c.obj    14      0         0      
       pre_init.c.obj                4       0         0      
       div0.asm.obj                  2       0         0      
    +--+-----------------------------+-------+---------+---------+
       Total:                        10745   257       1888   
                                                              
       Heap:                         0       0         2048   
       Stack:                        0       0         1024   
       Linker Generated:             0       145       0      
    +--+-----------------------------+-------+---------+---------+
       Grand Total:                  13831   719       4976   


LINKER GENERATED COPY TABLES

__TI_cinit_table @ 000038e8 records: 2, size/record: 8, table size: 16
	.data: load addr=00003860, load size=0000006d bytes, run addr=20000400, run size=000001ee bytes, compression=lzss
	.bss: load addr=000038e0, load size=00000008 bytes, run addr=200005f0, run size=000001ca bytes, compression=zero_init


LINKER GENERATED HANDLER TABLE

__TI_handler_table @ 000038d0 records: 3, size/record: 4, table size: 12
	index: 0, handler: __TI_decompress_lzss
	index: 1, handler: __TI_decompress_none
	index: 2, handler: __TI_zero_init


GLOBAL SYMBOLS: SORTED ALPHABETICALLY BY Name 

address   name                           
-------   ----                           
000036dd  ADC14_IRQHandler               
000036dd  AES256_IRQHandler              
000036dd  BusFault_Handler               
000036fd  C$$EXIT                        
000033eb  C$$IO$$                        
000036dd  COMP_E0_IRQHandler             
000036dd  COMP_E1_IRQHandler             
000036dd  CS_IRQHandler                  
000036dd  DMA_ERR_IRQHandler             
000036dd  DMA_INT0_IRQHandler            
000036dd  DMA_INT1_IRQHandler            
000036dd  DMA_INT2_IRQHandler            
000036dd  DMA_INT3_IRQHandler            
000036dd  DebugMon_Handler               
000036dd  Default_Handler                
000036dd  EUSCIA0_IRQHandler             
000036dd  EUSCIA1_IRQHandler             
000036dd  EUSCIA2_IRQHandler             
000036dd  EUSCIA3_IRQHandler             
000036dd  EUSCIB0_IRQHandler             
000036dd  EUSCIB1_IRQHandler             
000036dd  EUSCIB2_IRQHandler             
000036dd  EUSCIB3_IRQHandler             
000036dd  FLCTL_IRQHandler               
000036dd  FPU_IRQHandler                 
0000326d  HOSTclose                      
00002c21  HOSTlseek                      
00002e85  HOSTopen                       
00002f41  HOSTread                       
00002bb5  HOSTrename                     
000032b1  HOSTunlink                     
00002f99  HOSTwrite                      
000036dd  HardFault_Handler              
00001761  Keypad_Init                    
00001415  LCD_Init                       
00000dfd  LED_init                       
000036dd  MemManage_Handler              
000036dd  NMI_Handler                    
000036dd  PCM_IRQHandler                 
000036dd  PORT1_IRQHandler               
000036dd  PORT2_IRQHandler               
000036dd  PORT3_IRQHandler               
000036dd  PORT4_IRQHandler               
000036dd  PORT5_IRQHandler               
000036dd  PORT6_IRQHandler               
000036dd  PSS_IRQHandler                 
000036dd  PendSV_Handler                 
000011d1  Pin_Init                       
000018a9  Print_Keys                     
00001315  PulseEnablePin                 
000036dd  RTC_C_IRQHandler               
00001795  Read_Keypad                    
000036d1  Reset_Handler                  
000036dd  SVC_Handler                    
00003065  SysTick_Delay                  
000036dd  SysTick_Handler                
00003049  SysTick_Init                   
200005e8  SystemCoreClock                
00000e9d  SystemCoreClockUpdate          
00001115  SystemInit                     
000036dd  T32_INT1_IRQHandler            
000036dd  T32_INT2_IRQHandler            
000036dd  T32_INTC_IRQHandler            
000036dd  TA0_0_IRQHandler               
000036dd  TA0_N_IRQHandler               
000036dd  TA1_0_IRQHandler               
000036dd  TA1_N_IRQHandler               
000036dd  TA2_0_IRQHandler               
000036dd  TA2_N_IRQHandler               
000036dd  TA3_0_IRQHandler               
000036dd  TA3_N_IRQHandler               
000036dd  UsageFault_Handler             
4000480c  WDTCTL_SYM                     
000036dd  WDT_A_IRQHandler               
200005f0  __CIOBUF_                      
20010000  __STACK_END                    
00000200  __STACK_SIZE                   
00000400  __SYSMEM_SIZE                  
000038e8  __TI_CINIT_Base                
000038f8  __TI_CINIT_Limit               
000038d0  __TI_Handler_Table_Base        
000038dc  __TI_Handler_Table_Limit       
000032f5  __TI_auto_init_nobinit_nopinit 
0000342d  __TI_cleanup                   
200005c8  __TI_cleanup_ptr               
00002a61  __TI_closefile                 
00002c89  __TI_decompress_lzss           
000036c3  __TI_decompress_none           
00003143  __TI_doflush                   
200005cc  __TI_dtors_ptr                 
200005d0  __TI_enable_exit_profile_output
200005b8  __TI_ft_end                    
ffffffff  __TI_pprof_out_hndl            
000000e5  __TI_printfi                   
ffffffff  __TI_prof_data_size            
ffffffff  __TI_prof_data_start           
00003461  __TI_readmsg                   
00000000  __TI_static_base__             
20000710  __TI_tmpnams                   
000033bd  __TI_writemsg                  
00002e21  __TI_wrt_ok                    
000035ed  __TI_zero_init_nomemset        
000028d9  __aeabi_cdcmpeq                
000028d9  __aeabi_cdcmple                
0000295f  __aeabi_cdrcmple               
00003225  __aeabi_d2iz                   
00001b2b  __aeabi_dadd                   
00001e15  __aeabi_ddiv                   
000023ad  __aeabi_dmul                   
00001b21  __aeabi_dsub                   
000036e1  __aeabi_errno_addr             
000034f9  __aeabi_i2d                    
00001cd7  __aeabi_idiv0                  
00001cd7  __aeabi_ldiv0                  
000029e5  __aeabi_memclr                 
000029e5  __aeabi_memclr4                
000029e5  __aeabi_memclr8                
0000271b  __aeabi_memcpy                 
0000271b  __aeabi_memcpy4                
0000271b  __aeabi_memcpy8                
000029e7  __aeabi_memset                 
000029e7  __aeabi_memset4                
000029e7  __aeabi_memset8                
200005c4  __aeabi_stderr                 
200005bc  __aeabi_stdin                  
200005c0  __aeabi_stdout                 
000027b7  __aeabi_uldivmod               
ffffffff  __binit__                      
ffffffff  __c_args__                     
UNDEFED   __mpu_init                     
2000fe00  __stack                        
00003495  _c_int00_noargs                
00003700  _ctypes_                       
200004f0  _device                        
20000400  _ftable                        
200005d4  _lock                          
00000b33  _nop                           
20000568  _stream                        
20000000  _sys_memory                    
UNDEFED   _system_post_cinit             
000036f9  _system_pre_init               
200005d8  _unlock                        
000036fd  abort                          
00002071  aligned_alloc                  
00003191  atoi                           
ffffffff  binit                          
00000b9b  changeCase                     
00002ee5  close                          
200005ed  closeOpen                      
0000147f  commandWrite                   
00003641  copysign                       
00003641  copysignl                      
200005ec  count                          
00001499  dataWrite                      
000012cb  delay_micro                    
000012ef  delay_milli                    
00000ce9  doorMenu                       
200005e4  errno                          
000031dd  exit                           
000034c9  finddevice                     
0000284d  fputc                          
00002189  fputs                          
000024a9  free                           
00002d59  frexp                          
00002d59  frexpl                         
00002dbd  fseek                          
00003339  getdevice                      
00000000  interruptVectors               
0000229d  ldexp                          
0000229d  ldexpl                         
0000357d  lseek                          
0000309d  ltoa                           
00000b35  main                           
00000be5  mainMenu                       
000036e9  malloc                         
00002071  memalign                       
00003625  memccpy                        
000035cd  memchr                         
0000271b  memcpy                         
000029ed  memset                         
200007b8  num                            
00000dbd  openClose                      
200007b0  parmbuf                        
200007b9  pressed                        
00002cf1  printf                         
000013dd  pushByte                       
00001349  pushNibble                     
0000284d  putc                           
00003529  remove                         
0000229d  scalbn                         
0000229d  scalbnl                        
0000258d  setvbuf                        
00003673  strchr                         
0000365b  strcmp                         
00003689  strcpy                         
0000369d  strlen                         
000033f5  strncpy                        
00003529  unlink                         
000036b1  wcslen                         
000035a5  write                          


GLOBAL SYMBOLS: SORTED BY Symbol Address 

address   name                           
-------   ----                           
00000000  __TI_static_base__             
00000000  interruptVectors               
000000e5  __TI_printfi                   
00000200  __STACK_SIZE                   
00000400  __SYSMEM_SIZE                  
00000b33  _nop                           
00000b35  main                           
00000b9b  changeCase                     
00000be5  mainMenu                       
00000ce9  doorMenu                       
00000dbd  openClose                      
00000dfd  LED_init                       
00000e9d  SystemCoreClockUpdate          
00001115  SystemInit                     
000011d1  Pin_Init                       
000012cb  delay_micro                    
000012ef  delay_milli                    
00001315  PulseEnablePin                 
00001349  pushNibble                     
000013dd  pushByte                       
00001415  LCD_Init                       
0000147f  commandWrite                   
00001499  dataWrite                      
00001761  Keypad_Init                    
00001795  Read_Keypad                    
000018a9  Print_Keys                     
00001b21  __aeabi_dsub                   
00001b2b  __aeabi_dadd                   
00001cd7  __aeabi_idiv0                  
00001cd7  __aeabi_ldiv0                  
00001e15  __aeabi_ddiv                   
00002071  aligned_alloc                  
00002071  memalign                       
00002189  fputs                          
0000229d  ldexp                          
0000229d  ldexpl                         
0000229d  scalbn                         
0000229d  scalbnl                        
000023ad  __aeabi_dmul                   
000024a9  free                           
0000258d  setvbuf                        
0000271b  __aeabi_memcpy                 
0000271b  __aeabi_memcpy4                
0000271b  __aeabi_memcpy8                
0000271b  memcpy                         
000027b7  __aeabi_uldivmod               
0000284d  fputc                          
0000284d  putc                           
000028d9  __aeabi_cdcmpeq                
000028d9  __aeabi_cdcmple                
0000295f  __aeabi_cdrcmple               
000029e5  __aeabi_memclr                 
000029e5  __aeabi_memclr4                
000029e5  __aeabi_memclr8                
000029e7  __aeabi_memset                 
000029e7  __aeabi_memset4                
000029e7  __aeabi_memset8                
000029ed  memset                         
00002a61  __TI_closefile                 
00002bb5  HOSTrename                     
00002c21  HOSTlseek                      
00002c89  __TI_decompress_lzss           
00002cf1  printf                         
00002d59  frexp                          
00002d59  frexpl                         
00002dbd  fseek                          
00002e21  __TI_wrt_ok                    
00002e85  HOSTopen                       
00002ee5  close                          
00002f41  HOSTread                       
00002f99  HOSTwrite                      
00003049  SysTick_Init                   
00003065  SysTick_Delay                  
0000309d  ltoa                           
00003143  __TI_doflush                   
00003191  atoi                           
000031dd  exit                           
00003225  __aeabi_d2iz                   
0000326d  HOSTclose                      
000032b1  HOSTunlink                     
000032f5  __TI_auto_init_nobinit_nopinit 
00003339  getdevice                      
000033bd  __TI_writemsg                  
000033eb  C$$IO$$                        
000033f5  strncpy                        
0000342d  __TI_cleanup                   
00003461  __TI_readmsg                   
00003495  _c_int00_noargs                
000034c9  finddevice                     
000034f9  __aeabi_i2d                    
00003529  remove                         
00003529  unlink                         
0000357d  lseek                          
000035a5  write                          
000035cd  memchr                         
000035ed  __TI_zero_init_nomemset        
00003625  memccpy                        
00003641  copysign                       
00003641  copysignl                      
0000365b  strcmp                         
00003673  strchr                         
00003689  strcpy                         
0000369d  strlen                         
000036b1  wcslen                         
000036c3  __TI_decompress_none           
000036d1  Reset_Handler                  
000036dd  ADC14_IRQHandler               
000036dd  AES256_IRQHandler              
000036dd  BusFault_Handler               
000036dd  COMP_E0_IRQHandler             
000036dd  COMP_E1_IRQHandler             
000036dd  CS_IRQHandler                  
000036dd  DMA_ERR_IRQHandler             
000036dd  DMA_INT0_IRQHandler            
000036dd  DMA_INT1_IRQHandler            
000036dd  DMA_INT2_IRQHandler            
000036dd  DMA_INT3_IRQHandler            
000036dd  DebugMon_Handler               
000036dd  Default_Handler                
000036dd  EUSCIA0_IRQHandler             
000036dd  EUSCIA1_IRQHandler             
000036dd  EUSCIA2_IRQHandler             
000036dd  EUSCIA3_IRQHandler             
000036dd  EUSCIB0_IRQHandler             
000036dd  EUSCIB1_IRQHandler             
000036dd  EUSCIB2_IRQHandler             
000036dd  EUSCIB3_IRQHandler             
000036dd  FLCTL_IRQHandler               
000036dd  FPU_IRQHandler                 
000036dd  HardFault_Handler              
000036dd  MemManage_Handler              
000036dd  NMI_Handler                    
000036dd  PCM_IRQHandler                 
000036dd  PORT1_IRQHandler               
000036dd  PORT2_IRQHandler               
000036dd  PORT3_IRQHandler               
000036dd  PORT4_IRQHandler               
000036dd  PORT5_IRQHandler               
000036dd  PORT6_IRQHandler               
000036dd  PSS_IRQHandler                 
000036dd  PendSV_Handler                 
000036dd  RTC_C_IRQHandler               
000036dd  SVC_Handler                    
000036dd  SysTick_Handler                
000036dd  T32_INT1_IRQHandler            
000036dd  T32_INT2_IRQHandler            
000036dd  T32_INTC_IRQHandler            
000036dd  TA0_0_IRQHandler               
000036dd  TA0_N_IRQHandler               
000036dd  TA1_0_IRQHandler               
000036dd  TA1_N_IRQHandler               
000036dd  TA2_0_IRQHandler               
000036dd  TA2_N_IRQHandler               
000036dd  TA3_0_IRQHandler               
000036dd  TA3_N_IRQHandler               
000036dd  UsageFault_Handler             
000036dd  WDT_A_IRQHandler               
000036e1  __aeabi_errno_addr             
000036e9  malloc                         
000036f9  _system_pre_init               
000036fd  C$$EXIT                        
000036fd  abort                          
00003700  _ctypes_                       
000038d0  __TI_Handler_Table_Base        
000038dc  __TI_Handler_Table_Limit       
000038e8  __TI_CINIT_Base                
000038f8  __TI_CINIT_Limit               
20000000  _sys_memory                    
20000400  _ftable                        
200004f0  _device                        
20000568  _stream                        
200005b8  __TI_ft_end                    
200005bc  __aeabi_stdin                  
200005c0  __aeabi_stdout                 
200005c4  __aeabi_stderr                 
200005c8  __TI_cleanup_ptr               
200005cc  __TI_dtors_ptr                 
200005d0  __TI_enable_exit_profile_output
200005d4  _lock                          
200005d8  _unlock                        
200005e4  errno                          
200005e8  SystemCoreClock                
200005ec  count                          
200005ed  closeOpen                      
200005f0  __CIOBUF_                      
20000710  __TI_tmpnams                   
200007b0  parmbuf                        
200007b8  num                            
200007b9  pressed                        
2000fe00  __stack                        
20010000  __STACK_END                    
4000480c  WDTCTL_SYM                     
ffffffff  __TI_pprof_out_hndl            
ffffffff  __TI_prof_data_size            
ffffffff  __TI_prof_data_start           
ffffffff  __binit__                      
ffffffff  __c_args__                     
ffffffff  binit                          
UNDEFED   __mpu_init                     
UNDEFED   _system_post_cinit             

[200 symbols]
