******************************************************************************
                  TI ARM Linker PC v18.12.4                    
******************************************************************************
>> Linked Tue Apr 13 23:50:48 2021

OUTPUT FILE NAME:   <FinalProject.out>
ENTRY POINT SYMBOL: "_c_int00_noargs"  address: 00004701


MEMORY CONFIGURATION

         name            origin    length      used     unused   attr    fill
----------------------  --------  ---------  --------  --------  ----  --------
  MAIN                  00000000   00040000  00004cdd  0003b323  R  X
  INFO                  00200000   00004000  00000000  00004000  R  X
  SRAM_CODE             01000000   00010000  000009bd  0000f643  RW X
  SRAM_DATA             20000000   00010000  000009bd  0000f643  RW  


SEGMENT ALLOCATION MAP

run origin  load origin   length   init length attrs members
----------  ----------- ---------- ----------- ----- -------
00000000    00000000    00004ce0   00004ce0    r-x
  00000000    00000000    000000e4   000000e4    r-- .intvecs
  000000e4    000000e4    000048a8   000048a8    r-x .text
  0000498c    0000498c    000002c1   000002c1    r-- .const
  00004c50    00004c50    00000090   00000090    r-- .cinit
20000000    20000000    000007bd   00000000    rw-
  20000000    20000000    00000400   00000000    rw- .sysmem
  20000400    20000400    000001ec   00000000    rw- .data
  200005ec    200005ec    000001d1   00000000    rw- .bss
2000fe00    2000fe00    00000200   00000000    rw-
  2000fe00    2000fe00    00000200   00000000    rw- .stack


SECTION ALLOCATION MAP

 output                                  attributes/
section   page    origin      length       input sections
--------  ----  ----------  ----------   ----------------
.intvecs   0    00000000    000000e4     
                  00000000    000000e4     startup_msp432p401r_ccs.obj (.intvecs:retain)

.text      0    000000e4    000048a8     
                  000000e4    00000a4e     rtsv7M4_T_le_v4SPD16_eabi.lib : _printfi.c.obj (.text:__TI_printfi)
                  00000b32    00000002                                   : _lock.c.obj (.text:_nop)
                  00000b34    0000076c     Menu.obj (.text)
                  000012a0    000005c8     main.obj (.text)
                  00001868    000004d0     RGB.obj (.text)
                  00001d38    00000334     system_msp432p401r.obj (.text)
                  0000206c    0000032c     InitPins.obj (.text)
                  00002398    00000320     LCD.obj (.text)
                  000026b8    00000270     rtsv7M4_T_le_v4SPD16_eabi.lib : _printfi.c.obj (.text:_pconv_a)
                  00002928    000001f0     Keypad.obj (.text)
                  00002b18    000001d0     rtsv7M4_T_le_v4SPD16_eabi.lib : _printfi.c.obj (.text:_pconv_g)
                  00002ce8    000001b6                                   : fd_add_t2.asm.obj (.text)
                  00002e9e    00000002                                   : div0.asm.obj (.text)
                  00002ea0    0000013c                                   : _printfi.c.obj (.text:_pconv_e)
                  00002fdc    00000136                                   : fd_div_t2.asm.obj (.text)
                  00003112    00000002     --HOLE-- [fill = 0]
                  00003114    00000124                                   : _printfi.c.obj (.text:fcvt)
                  00003238    00000118                                   : memory.c.obj (.text:aligned_alloc)
                  00003350    00000114                                   : fputs.c.obj (.text:fputs)
                  00003464    00000110                                   : s_scalbn.c.obj (.text:scalbn)
                  00003574    000000fc                                   : fd_mul_t2.asm.obj (.text)
                  00003670    000000e4                                   : memory.c.obj (.text:free)
                  00003754    000000dc                                   : setvbuf.c.obj (.text:setvbuf)
                  00003830    000000b1                                   : _printfi.c.obj (.text:_ltostr)
                  000038e1    00000001     --HOLE-- [fill = 0]
                  000038e2    0000009c                                   : memcpy_t2.asm.obj (.text)
                  0000397e    00000096                                   : ull_div_t2.asm.obj (.text)
                  00003a14    0000008c                                   : fputc.c.obj (.text:fputc)
                  00003aa0    00000086                                   : fd_cmp_t2.asm.obj (.text:__aeabi_cdcmple)
                  00003b26    00000086                                   : fd_cmp_t2.asm.obj (.text:__aeabi_cdrcmple)
                  00003bac    0000007a                                   : memset_t2.asm.obj (.text)
                  00003c26    00000002     --HOLE-- [fill = 0]
                  00003c28    00000074                                   : fclose.c.obj (.text:__TI_closefile)
                  00003c9c    00000070                                   : memory.c.obj (.text:split)
                  00003d0c    0000006e                                   : _printfi.c.obj (.text:_mcpy)
                  00003d7a    0000006e                                   : fd_tos_t2.asm.obj (.text)
                  00003de8    0000006c                                   : hostrename.c.obj (.text:HOSTrename)
                  00003e54    00000068                                   : hostlseek.c.obj (.text:HOSTlseek)
                  00003ebc    00000068                                   : copy_decompress_lzss.c.obj (.text:decompress:lzss:__TI_decompress_lzss)
                  00003f24    00000068                                   : printf.c.obj (.text:printf)
                  00003f8c    00000064                                   : s_frexp.c.obj (.text:frexp)
                  00003ff0    00000064                                   : fseek.c.obj (.text:fseek)
                  00004054    00000062                                   : _io_perm.c.obj (.text:__TI_wrt_ok)
                  000040b6    00000002     --HOLE-- [fill = 0]
                  000040b8    00000060                                   : hostopen.c.obj (.text:HOSTopen)
                  00004118    0000005c                                   : close.c.obj (.text:close)
                  00004174    00000058                                   : hostread.c.obj (.text:HOSTread)
                  000041cc    00000058                                   : hostwrite.c.obj (.text:HOSTwrite)
                  00004224    00000056                                   : _printfi.c.obj (.text:_pconv_f)
                  0000427a    00000002     --HOLE-- [fill = 0]
                  0000427c    00000054     SysTick.obj (.text)
                  000042d0    00000054     rtsv7M4_T_le_v4SPD16_eabi.lib : ltoa.c.obj (.text:ltoa)
                  00004324    00000052                                   : _printfi.c.obj (.text:_ecpy)
                  00004376    0000004c                                   : fflush.c.obj (.text:__TI_doflush)
                  000043c2    00000002     --HOLE-- [fill = 0]
                  000043c4    0000004c                                   : atoi.c.obj (.text:atoi)
                  00004410    00000048                                   : exit.c.obj (.text:exit)
                  00004458    00000048                                   : fd_toi_t2.asm.obj (.text)
                  000044a0    00000044                                   : hostclose.c.obj (.text:HOSTclose)
                  000044e4    00000044                                   : hostunlink.c.obj (.text:HOSTunlink)
                  00004528    00000044                                   : autoinit.c.obj (.text:__TI_auto_init_nobinit_nopinit:__TI_auto_init_nobinit_nopinit)
                  0000456c    00000044                                   : getdevice.c.obj (.text:getdevice)
                  000045b0    0000003e                                   : _printfi.c.obj (.text:_fcpy)
                  000045ee    00000002     --HOLE-- [fill = 0]
                  000045f0    00000038                                   : trgmsg.c.obj (.text:__TI_writemsg)
                  00004628    00000038                                   : fs_tod_t2.asm.obj (.text)
                  00004660    00000036                                   : strncpy.c.obj (.text:strncpy)
                  00004696    00000002     --HOLE-- [fill = 0]
                  00004698    00000034                                   : fopen.c.obj (.text:__TI_cleanup)
                  000046cc    00000034                                   : trgmsg.c.obj (.text:__TI_readmsg)
                  00004700    00000034                                   : boot_cortex_m.c.obj (.text:_c_int00_noargs:_c_int00_noargs)
                  00004734    00000030                                   : getdevice.c.obj (.text:finddevice)
                  00004764    0000002e                                   : i_tofd_t2.asm.obj (.text)
                  00004792    00000002     --HOLE-- [fill = 0]
                  00004794    0000002c                                   : unlink.c.obj (.text:unlink)
                  000047c0    00000028                                   : memory.c.obj (.text:free_list_insert)
                  000047e8    00000028                                   : lseek.c.obj (.text:lseek)
                  00004810    00000028                                   : write.c.obj (.text:write)
                  00004838    00000020                                   : memchr.c.obj (.text:memchr)
                  00004858    00000020                                   : u_tofd_t2.asm.obj (.text)
                  00004878    0000001c                                   : copy_zero_init.c.obj (.text:decompress:ZI:__TI_zero_init_nomemset:__TI_zero_init_nomemset)
                  00004894    0000001c                                   : memory.c.obj (.text:free_list_remove)
                  000048b0    0000001c                                   : memccpy.c.obj (.text:memccpy)
                  000048cc    0000001a                                   : s_copysign.c.obj (.text:copysign)
                  000048e6    00000018                                   : strcmp.c.obj (.text:strcmp)
                  000048fe    00000016                                   : strchr.c.obj (.text:strchr)
                  00004914    00000014                                   : strcpy.c.obj (.text:strcpy)
                  00004928    00000014                                   : strlen.c.obj (.text:strlen)
                  0000493c    00000012                                   : wcslen.c.obj (.text:wcslen)
                  0000494e    0000000e                                   : copy_decompress_none.c.obj (.text:decompress:none:__TI_decompress_none)
                  0000495c    0000000e     startup_msp432p401r_ccs.obj (.text)
                  0000496a    00000002     --HOLE-- [fill = 0]
                  0000496c    00000008     rtsv7M4_T_le_v4SPD16_eabi.lib : errno.c.obj (.text:__aeabi_errno_addr)
                  00004974    00000008                                   : memory.c.obj (.text:malloc)
                  0000497c    00000004                                   : printf.c.obj (.text:_outc)
                  00004980    00000004                                   : printf.c.obj (.text:_outs)
                  00004984    00000004                                   : pre_init.c.obj (.text:_system_pre_init)
                  00004988    00000004                                   : exit.c.obj (.text:abort:abort)

.const     0    0000498c    000002c1     
                  0000498c    00000101     rtsv7M4_T_le_v4SPD16_eabi.lib : ctype.c.obj (.const:.string:_ctypes_)
                  00004a8d    00000010     Menu.obj (.const:.string:$P$T0$1)
                  00004a9d    00000010     Menu.obj (.const:.string:$P$T1$2)
                  00004aad    00000010     Menu.obj (.const:.string:$P$T10$11)
                  00004abd    00000010     Menu.obj (.const:.string:$P$T11$12)
                  00004acd    00000010     Menu.obj (.const:.string:$P$T12$13)
                  00004add    00000010     Menu.obj (.const:.string:$P$T13$14)
                  00004aed    00000010     Menu.obj (.const:.string:$P$T14$15)
                  00004afd    00000010     Menu.obj (.const:.string:$P$T15$16)
                  00004b0d    00000010     Menu.obj (.const:.string:$P$T16$17)
                  00004b1d    00000010     Menu.obj (.const:.string:$P$T17$18)
                  00004b2d    00000010     Menu.obj (.const:.string:$P$T18$19)
                  00004b3d    00000010     Menu.obj (.const:.string:$P$T19$20)
                  00004b4d    00000010     Menu.obj (.const:.string:$P$T2$3)
                  00004b5d    00000010     Menu.obj (.const:.string:$P$T20$21)
                  00004b6d    00000010     Menu.obj (.const:.string:$P$T21$22)
                  00004b7d    00000010     Menu.obj (.const:.string:$P$T22$23)
                  00004b8d    00000010     Menu.obj (.const:.string:$P$T23$24)
                  00004b9d    00000010     Menu.obj (.const:.string:$P$T24$25)
                  00004bad    00000010     Menu.obj (.const:.string:$P$T25$26)
                  00004bbd    00000010     Menu.obj (.const:.string:$P$T26$27)
                  00004bcd    00000010     Menu.obj (.const:.string:$P$T27$28)
                  00004bdd    00000010     Menu.obj (.const:.string:$P$T3$4)
                  00004bed    00000010     Menu.obj (.const:.string:$P$T4$5)
                  00004bfd    00000010     Menu.obj (.const:.string:$P$T5$6)
                  00004c0d    00000010     Menu.obj (.const:.string:$P$T6$7)
                  00004c1d    00000010     Menu.obj (.const:.string:$P$T7$8)
                  00004c2d    00000010     Menu.obj (.const:.string:$P$T8$9)
                  00004c3d    00000010     Menu.obj (.const:.string:$P$T9$10)

.cinit     0    00004c50    00000090     
                  00004c50    0000006c     (.cinit..data.load) [load image, compression = lzss]
                  00004cbc    0000000c     (__TI_handler_table)
                  00004cc8    00000008     (.cinit..bss.load) [load image, compression = zero_init]
                  00004cd0    00000010     (__TI_cinit_table)

.init_array 
*          0    00000000    00000000     UNINITIALIZED

.binit     0    00000000    00000000     

.sysmem    0    20000000    00000400     UNINITIALIZED
                  20000000    00000010     rtsv7M4_T_le_v4SPD16_eabi.lib : memory.c.obj (.sysmem)
                  20000010    000003f0     --HOLE--

.data      0    20000400    000001ec     UNINITIALIZED
                  20000400    000000f0     rtsv7M4_T_le_v4SPD16_eabi.lib : defs.c.obj (.data:_ftable)
                  200004f0    00000078                                   : host_device.c.obj (.data:_device)
                  20000568    00000050                                   : host_device.c.obj (.data:_stream)
                  200005b8    00000010                                   : defs.c.obj (.data)
                  200005c8    0000000c                                   : exit.c.obj (.data:$O1$$)
                  200005d4    00000008                                   : _lock.c.obj (.data:$O1$$)
                  200005dc    00000008                                   : memory.c.obj (.data:$O1$$)
                  200005e4    00000004                                   : errno.c.obj (.data)
                  200005e8    00000004     system_msp432p401r.obj (.data)

.bss       0    200005ec    000001d1     UNINITIALIZED
                  200005ec    00000120     rtsv7M4_T_le_v4SPD16_eabi.lib : trgmsg.c.obj (.bss:_CIOBUF_)
                  2000070c    000000a0     (.common:__TI_tmpnams)
                  200007ac    00000008     (.common:parmbuf)
                  200007b4    00000001     (.common:blueOn)
                  200007b5    00000001     (.common:blueSum)
                  200007b6    00000001     (.common:buttonflag)
                  200007b7    00000001     (.common:greenOn)
                  200007b8    00000001     (.common:greenSum)
                  200007b9    00000001     (.common:num)
                  200007ba    00000001     (.common:redOn)
                  200007bb    00000001     (.common:redSum)
                  200007bc    00000001     (.common:state)

.stack     0    2000fe00    00000200     UNINITIALIZED
                  2000fe00    00000004     rtsv7M4_T_le_v4SPD16_eabi.lib : boot_cortex_m.c.obj (.stack)
                  2000fe04    000001fc     --HOLE--

MODULE SUMMARY

       Module                        code    ro data   rw data
       ------                        ----    -------   -------
    .\
       Menu.obj                      1900    448       0      
       main.obj                      1480    0         4      
       RGB.obj                       1232    0         12     
       system_msp432p401r.obj        820     0         8      
       InitPins.obj                  812     0         0      
       LCD.obj                       800     0         0      
       Keypad.obj                    496     0         2      
       startup_msp432p401r_ccs.obj   14      228       0      
       SysTick.obj                   84      0         0      
    +--+-----------------------------+-------+---------+---------+
       Total:                        7638    676       26     
                                                              
    C:\ti\ccs930\ccs\tools\compiler\ti-cgt-arm_18.12.4.LTS\lib\rtsv7M4_T_le_v4SPD16_eabi.lib
       _printfi.c.obj                4851    0         0      
       defs.c.obj                    0       0         832    
       memory.c.obj                  696     0         16     
       trgmsg.c.obj                  108     0         576    
       fd_add_t2.asm.obj             438     0         0      
       host_device.c.obj             0       0         400    
       fd_div_t2.asm.obj             310     0         0      
       fputs.c.obj                   276     0         0      
       s_scalbn.c.obj                272     0         0      
       fd_cmp_t2.asm.obj             268     0         0      
       ctype.c.obj                   0       257       0      
       fd_mul_t2.asm.obj             252     0         0      
       setvbuf.c.obj                 220     0         0      
       memcpy_t2.asm.obj             156     0         0      
       ull_div_t2.asm.obj            150     0         0      
       fputc.c.obj                   140     0         0      
       memset_t2.asm.obj             122     0         0      
       fclose.c.obj                  116     0         0      
       getdevice.c.obj               116     0         0      
       hostopen.c.obj                96      0         16     
       printf.c.obj                  112     0         0      
       fd_tos_t2.asm.obj             110     0         0      
       hostrename.c.obj              108     0         0      
       copy_decompress_lzss.c.obj    104     0         0      
       hostlseek.c.obj               104     0         0      
       exit.c.obj                    76      0         24     
       fseek.c.obj                   100     0         0      
       s_frexp.c.obj                 100     0         0      
       _io_perm.c.obj                98      0         0      
       close.c.obj                   92      0         0      
       hostread.c.obj                88      0         0      
       hostwrite.c.obj               88      0         0      
       ltoa.c.obj                    84      0         0      
       atoi.c.obj                    76      0         0      
       fflush.c.obj                  76      0         0      
       fd_toi_t2.asm.obj             72      0         0      
       autoinit.c.obj                68      0         0      
       hostclose.c.obj               68      0         0      
       hostunlink.c.obj              68      0         0      
       fs_tod_t2.asm.obj             56      0         0      
       strncpy.c.obj                 54      0         0      
       boot_cortex_m.c.obj           52      0         0      
       fopen.c.obj                   52      0         0      
       i_tofd_t2.asm.obj             46      0         0      
       unlink.c.obj                  44      0         0      
       lseek.c.obj                   40      0         0      
       write.c.obj                   40      0         0      
       memchr.c.obj                  32      0         0      
       u_tofd_t2.asm.obj             32      0         0      
       copy_zero_init.c.obj          28      0         0      
       memccpy.c.obj                 28      0         0      
       s_copysign.c.obj              26      0         0      
       strcmp.c.obj                  24      0         0      
       strchr.c.obj                  22      0         0      
       strcpy.c.obj                  20      0         0      
       strlen.c.obj                  20      0         0      
       _lock.c.obj                   2       0         16     
       wcslen.c.obj                  18      0         0      
       errno.c.obj                   8       0         8      
       copy_decompress_none.c.obj    14      0         0      
       pre_init.c.obj                4       0         0      
       div0.asm.obj                  2       0         0      
    +--+-----------------------------+-------+---------+---------+
       Total:                        10943   257       1888   
                                                              
       Heap:                         0       0         2048   
       Stack:                        0       0         1024   
       Linker Generated:             0       144       0      
    +--+-----------------------------+-------+---------+---------+
       Grand Total:                  18581   1077      4986   


LINKER GENERATED COPY TABLES

__TI_cinit_table @ 00004cd0 records: 2, size/record: 8, table size: 16
	.data: load addr=00004c50, load size=0000006c bytes, run addr=20000400, run size=000001ec bytes, compression=lzss
	.bss: load addr=00004cc8, load size=00000008 bytes, run addr=200005ec, run size=000001d1 bytes, compression=zero_init


LINKER GENERATED HANDLER TABLE

__TI_handler_table @ 00004cbc records: 3, size/record: 4, table size: 12
	index: 0, handler: __TI_decompress_lzss
	index: 1, handler: __TI_decompress_none
	index: 2, handler: __TI_zero_init


GLOBAL SYMBOLS: SORTED ALPHABETICALLY BY Name 

address   name                           
-------   ----                           
00004969  ADC14_IRQHandler               
00002225  ADCsetup                       
00004969  AES256_IRQHandler              
0000226b  Back_init                      
00004969  BusFault_Handler               
00002107  Button_init                    
00004989  C$$EXIT                        
0000461f  C$$IO$$                        
00004969  COMP_E0_IRQHandler             
00004969  COMP_E1_IRQHandler             
00004969  CS_IRQHandler                  
000020bf  DC_init                        
00004969  DMA_ERR_IRQHandler             
00004969  DMA_INT0_IRQHandler            
00004969  DMA_INT1_IRQHandler            
00004969  DMA_INT2_IRQHandler            
00004969  DMA_INT3_IRQHandler            
00004969  DebugMon_Handler               
00004969  Default_Handler                
00004969  EUSCIA0_IRQHandler             
00004969  EUSCIA1_IRQHandler             
00004969  EUSCIA2_IRQHandler             
00004969  EUSCIA3_IRQHandler             
00004969  EUSCIB0_IRQHandler             
00004969  EUSCIB1_IRQHandler             
00004969  EUSCIB2_IRQHandler             
00004969  EUSCIB3_IRQHandler             
00004969  FLCTL_IRQHandler               
00004969  FPU_IRQHandler                 
000044a1  HOSTclose                      
00003e55  HOSTlseek                      
000040b9  HOSTopen                       
00004175  HOSTread                       
00003de9  HOSTrename                     
000044e5  HOSTunlink                     
000041cd  HOSTwrite                      
00004969  HardFault_Handler              
00002929  Keypad_Init                    
000025dd  LCD_Init                       
0000206d  LED_init                       
00004969  MemManage_Handler              
00004969  NMI_Handler                    
00004969  PCM_IRQHandler                 
00004969  PORT1_IRQHandler               
00004969  PORT2_IRQHandler               
00004969  PORT3_IRQHandler               
00004969  PORT4_IRQHandler               
00004969  PORT5_IRQHandler               
00001671  PORT6_IRQHandler               
00001671  PORT6_IRQHandler               
00001765  PORT8_IRQHandler               
00004969  PSS_IRQHandler                 
00004969  PendSV_Handler                 
00002399  Pin_Init                       
00002a71  Print_Keys                     
000024dd  PulseEnablePin                 
00002187  RGB_init                       
00004969  RTC_C_IRQHandler               
0000295d  Read_Keypad                    
0000495d  Reset_Handler                  
00004969  SVC_Handler                    
00002155  Servo_init                     
00004299  SysTick_Delay                  
00004969  SysTick_Handler                
0000427d  SysTick_Init                   
200005e8  SystemCoreClock                
00001d39  SystemCoreClockUpdate          
00001fb1  SystemInit                     
00004969  T32_INT1_IRQHandler            
00004969  T32_INT2_IRQHandler            
00004969  T32_INTC_IRQHandler            
00004969  TA0_0_IRQHandler               
00004969  TA0_N_IRQHandler               
00004969  TA1_0_IRQHandler               
00004969  TA1_N_IRQHandler               
00004969  TA2_0_IRQHandler               
00004969  TA2_N_IRQHandler               
00004969  TA3_0_IRQHandler               
00004969  TA3_N_IRQHandler               
00004969  UsageFault_Handler             
4000480c  WDTCTL_SYM                     
00004969  WDT_A_IRQHandler               
200005ec  __CIOBUF_                      
20010000  __STACK_END                    
00000200  __STACK_SIZE                   
00000400  __SYSMEM_SIZE                  
00004cd0  __TI_CINIT_Base                
00004ce0  __TI_CINIT_Limit               
00004cbc  __TI_Handler_Table_Base        
00004cc8  __TI_Handler_Table_Limit       
00004529  __TI_auto_init_nobinit_nopinit 
00004699  __TI_cleanup                   
200005c8  __TI_cleanup_ptr               
00003c29  __TI_closefile                 
00003ebd  __TI_decompress_lzss           
0000494f  __TI_decompress_none           
00004377  __TI_doflush                   
200005cc  __TI_dtors_ptr                 
200005d0  __TI_enable_exit_profile_output
200005b8  __TI_ft_end                    
ffffffff  __TI_pprof_out_hndl            
000000e5  __TI_printfi                   
ffffffff  __TI_prof_data_size            
ffffffff  __TI_prof_data_start           
000046cd  __TI_readmsg                   
00000000  __TI_static_base__             
2000070c  __TI_tmpnams                   
000045f1  __TI_writemsg                  
00004055  __TI_wrt_ok                    
00004879  __TI_zero_init_nomemset        
00003aa1  __aeabi_cdcmpeq                
00003aa1  __aeabi_cdcmple                
00003b27  __aeabi_cdrcmple               
00003d7b  __aeabi_d2f                    
00004459  __aeabi_d2iz                   
00002cf3  __aeabi_dadd                   
00002fdd  __aeabi_ddiv                   
00003575  __aeabi_dmul                   
00002ce9  __aeabi_dsub                   
0000496d  __aeabi_errno_addr             
00004629  __aeabi_f2d                    
00004765  __aeabi_i2d                    
00002e9f  __aeabi_idiv0                  
00002e9f  __aeabi_ldiv0                  
00003bad  __aeabi_memclr                 
00003bad  __aeabi_memclr4                
00003bad  __aeabi_memclr8                
000038e3  __aeabi_memcpy                 
000038e3  __aeabi_memcpy4                
000038e3  __aeabi_memcpy8                
00003baf  __aeabi_memset                 
00003baf  __aeabi_memset4                
00003baf  __aeabi_memset8                
200005c4  __aeabi_stderr                 
200005bc  __aeabi_stdin                  
200005c0  __aeabi_stdout                 
00004859  __aeabi_ui2d                   
0000397f  __aeabi_uldivmod               
ffffffff  __binit__                      
ffffffff  __c_args__                     
UNDEFED   __mpu_init                     
2000fe00  __stack                        
00004701  _c_int00_noargs                
0000498c  _ctypes_                       
200004f0  _device                        
20000400  _ftable                        
200005d4  _lock                          
00000b33  _nop                           
20000568  _stream                        
20000000  _sys_memory                    
UNDEFED   _system_post_cinit             
00004985  _system_pre_init               
200005d8  _unlock                        
00004989  abort                          
00003239  aligned_alloc                  
000043c5  atoi                           
ffffffff  binit                          
00001b95  blue                           
00001071  blueMenu                       
200007b4  blueOn                         
200007b5  blueSum                        
200007b6  buttonflag                     
00001339  changeState                    
00004119  close                          
00002647  commandWrite                   
000048cd  copysign                       
000048cd  copysignl                      
00002661  dataWrite                      
0000163d  debounce                       
00002493  delay_micro                    
000024b7  delay_milli                    
00000c33  doorMenu                       
200005e4  errno                          
00004411  exit                           
00004735  finddevice                     
00003a15  fputc                          
00003351  fputs                          
00003671  free                           
00003f8d  frexp                          
00003f8d  frexpl                         
00003ff1  fseek                          
0000456d  getdevice                      
000019fd  green                          
00001181  greenMenu                      
200007b7  greenOn                        
200007b8  greenSum                       
00000000  interruptVectors               
00003465  ldexp                          
00003465  ldexpl                         
00000e51  lightsMenu                     
000047e9  lseek                          
000042d1  ltoa                           
000012cd  main                           
00000b35  mainMenu                       
00004975  malloc                         
00003239  memalign                       
000048b1  memccpy                        
00004839  memchr                         
000038e3  memcpy                         
00003bb5  memset                         
00000d3d  motorMenu                      
200007b9  num                            
200007ac  parmbuf                        
00003f25  printf                         
000025a5  pushByte                       
00002511  pushNibble                     
00003a15  putc                           
00001869  red                            
00000f61  redMenu                        
200007ba  redOn                          
200007bb  redSum                         
00004795  remove                         
00003465  scalbn                         
00003465  scalbnl                        
00003755  setvbuf                        
200007bc  state                          
000048ff  strchr                         
000048e7  strcmp                         
00004915  strcpy                         
00004929  strlen                         
00004661  strncpy                        
00004795  unlink                         
0000493d  wcslen                         
00004811  write                          


GLOBAL SYMBOLS: SORTED BY Symbol Address 

address   name                           
-------   ----                           
00000000  __TI_static_base__             
00000000  interruptVectors               
000000e5  __TI_printfi                   
00000200  __STACK_SIZE                   
00000400  __SYSMEM_SIZE                  
00000b33  _nop                           
00000b35  mainMenu                       
00000c33  doorMenu                       
00000d3d  motorMenu                      
00000e51  lightsMenu                     
00000f61  redMenu                        
00001071  blueMenu                       
00001181  greenMenu                      
000012cd  main                           
00001339  changeState                    
0000163d  debounce                       
00001671  PORT6_IRQHandler               
00001671  PORT6_IRQHandler               
00001765  PORT8_IRQHandler               
00001869  red                            
000019fd  green                          
00001b95  blue                           
00001d39  SystemCoreClockUpdate          
00001fb1  SystemInit                     
0000206d  LED_init                       
000020bf  DC_init                        
00002107  Button_init                    
00002155  Servo_init                     
00002187  RGB_init                       
00002225  ADCsetup                       
0000226b  Back_init                      
00002399  Pin_Init                       
00002493  delay_micro                    
000024b7  delay_milli                    
000024dd  PulseEnablePin                 
00002511  pushNibble                     
000025a5  pushByte                       
000025dd  LCD_Init                       
00002647  commandWrite                   
00002661  dataWrite                      
00002929  Keypad_Init                    
0000295d  Read_Keypad                    
00002a71  Print_Keys                     
00002ce9  __aeabi_dsub                   
00002cf3  __aeabi_dadd                   
00002e9f  __aeabi_idiv0                  
00002e9f  __aeabi_ldiv0                  
00002fdd  __aeabi_ddiv                   
00003239  aligned_alloc                  
00003239  memalign                       
00003351  fputs                          
00003465  ldexp                          
00003465  ldexpl                         
00003465  scalbn                         
00003465  scalbnl                        
00003575  __aeabi_dmul                   
00003671  free                           
00003755  setvbuf                        
000038e3  __aeabi_memcpy                 
000038e3  __aeabi_memcpy4                
000038e3  __aeabi_memcpy8                
000038e3  memcpy                         
0000397f  __aeabi_uldivmod               
00003a15  fputc                          
00003a15  putc                           
00003aa1  __aeabi_cdcmpeq                
00003aa1  __aeabi_cdcmple                
00003b27  __aeabi_cdrcmple               
00003bad  __aeabi_memclr                 
00003bad  __aeabi_memclr4                
00003bad  __aeabi_memclr8                
00003baf  __aeabi_memset                 
00003baf  __aeabi_memset4                
00003baf  __aeabi_memset8                
00003bb5  memset                         
00003c29  __TI_closefile                 
00003d7b  __aeabi_d2f                    
00003de9  HOSTrename                     
00003e55  HOSTlseek                      
00003ebd  __TI_decompress_lzss           
00003f25  printf                         
00003f8d  frexp                          
00003f8d  frexpl                         
00003ff1  fseek                          
00004055  __TI_wrt_ok                    
000040b9  HOSTopen                       
00004119  close                          
00004175  HOSTread                       
000041cd  HOSTwrite                      
0000427d  SysTick_Init                   
00004299  SysTick_Delay                  
000042d1  ltoa                           
00004377  __TI_doflush                   
000043c5  atoi                           
00004411  exit                           
00004459  __aeabi_d2iz                   
000044a1  HOSTclose                      
000044e5  HOSTunlink                     
00004529  __TI_auto_init_nobinit_nopinit 
0000456d  getdevice                      
000045f1  __TI_writemsg                  
0000461f  C$$IO$$                        
00004629  __aeabi_f2d                    
00004661  strncpy                        
00004699  __TI_cleanup                   
000046cd  __TI_readmsg                   
00004701  _c_int00_noargs                
00004735  finddevice                     
00004765  __aeabi_i2d                    
00004795  remove                         
00004795  unlink                         
000047e9  lseek                          
00004811  write                          
00004839  memchr                         
00004859  __aeabi_ui2d                   
00004879  __TI_zero_init_nomemset        
000048b1  memccpy                        
000048cd  copysign                       
000048cd  copysignl                      
000048e7  strcmp                         
000048ff  strchr                         
00004915  strcpy                         
00004929  strlen                         
0000493d  wcslen                         
0000494f  __TI_decompress_none           
0000495d  Reset_Handler                  
00004969  ADC14_IRQHandler               
00004969  AES256_IRQHandler              
00004969  BusFault_Handler               
00004969  COMP_E0_IRQHandler             
00004969  COMP_E1_IRQHandler             
00004969  CS_IRQHandler                  
00004969  DMA_ERR_IRQHandler             
00004969  DMA_INT0_IRQHandler            
00004969  DMA_INT1_IRQHandler            
00004969  DMA_INT2_IRQHandler            
00004969  DMA_INT3_IRQHandler            
00004969  DebugMon_Handler               
00004969  Default_Handler                
00004969  EUSCIA0_IRQHandler             
00004969  EUSCIA1_IRQHandler             
00004969  EUSCIA2_IRQHandler             
00004969  EUSCIA3_IRQHandler             
00004969  EUSCIB0_IRQHandler             
00004969  EUSCIB1_IRQHandler             
00004969  EUSCIB2_IRQHandler             
00004969  EUSCIB3_IRQHandler             
00004969  FLCTL_IRQHandler               
00004969  FPU_IRQHandler                 
00004969  HardFault_Handler              
00004969  MemManage_Handler              
00004969  NMI_Handler                    
00004969  PCM_IRQHandler                 
00004969  PORT1_IRQHandler               
00004969  PORT2_IRQHandler               
00004969  PORT3_IRQHandler               
00004969  PORT4_IRQHandler               
00004969  PORT5_IRQHandler               
00004969  PSS_IRQHandler                 
00004969  PendSV_Handler                 
00004969  RTC_C_IRQHandler               
00004969  SVC_Handler                    
00004969  SysTick_Handler                
00004969  T32_INT1_IRQHandler            
00004969  T32_INT2_IRQHandler            
00004969  T32_INTC_IRQHandler            
00004969  TA0_0_IRQHandler               
00004969  TA0_N_IRQHandler               
00004969  TA1_0_IRQHandler               
00004969  TA1_N_IRQHandler               
00004969  TA2_0_IRQHandler               
00004969  TA2_N_IRQHandler               
00004969  TA3_0_IRQHandler               
00004969  TA3_N_IRQHandler               
00004969  UsageFault_Handler             
00004969  WDT_A_IRQHandler               
0000496d  __aeabi_errno_addr             
00004975  malloc                         
00004985  _system_pre_init               
00004989  C$$EXIT                        
00004989  abort                          
0000498c  _ctypes_                       
00004cbc  __TI_Handler_Table_Base        
00004cc8  __TI_Handler_Table_Limit       
00004cd0  __TI_CINIT_Base                
00004ce0  __TI_CINIT_Limit               
20000000  _sys_memory                    
20000400  _ftable                        
200004f0  _device                        
20000568  _stream                        
200005b8  __TI_ft_end                    
200005bc  __aeabi_stdin                  
200005c0  __aeabi_stdout                 
200005c4  __aeabi_stderr                 
200005c8  __TI_cleanup_ptr               
200005cc  __TI_dtors_ptr                 
200005d0  __TI_enable_exit_profile_output
200005d4  _lock                          
200005d8  _unlock                        
200005e4  errno                          
200005e8  SystemCoreClock                
200005ec  __CIOBUF_                      
2000070c  __TI_tmpnams                   
200007ac  parmbuf                        
200007b4  blueOn                         
200007b5  blueSum                        
200007b6  buttonflag                     
200007b7  greenOn                        
200007b8  greenSum                       
200007b9  num                            
200007ba  redOn                          
200007bb  redSum                         
200007bc  state                          
2000fe00  __stack                        
20010000  __STACK_END                    
4000480c  WDTCTL_SYM                     
ffffffff  __TI_pprof_out_hndl            
ffffffff  __TI_prof_data_size            
ffffffff  __TI_prof_data_start           
ffffffff  __binit__                      
ffffffff  __c_args__                     
ffffffff  binit                          
UNDEFED   __mpu_init                     
UNDEFED   _system_post_cinit             

[224 symbols]
