******************************************************************************
                  TI ARM Linker PC v18.12.4                    
******************************************************************************
>> Linked Sun Apr 11 19:57:38 2021

OUTPUT FILE NAME:   <FinalProject.out>
ENTRY POINT SYMBOL: "_c_int00_noargs"  address: 000038f5


MEMORY CONFIGURATION

         name            origin    length      used     unused   attr    fill
----------------------  --------  ---------  --------  --------  ----  --------
  MAIN                  00000000   00040000  00003e19  0003c1e7  R  X
  INFO                  00200000   00004000  00000000  00004000  R  X
  SRAM_CODE             01000000   00010000  000009be  0000f642  RW X
  SRAM_DATA             20000000   00010000  000009be  0000f642  RW  


SEGMENT ALLOCATION MAP

run origin  load origin   length   init length attrs members
----------  ----------- ---------- ----------- ----- -------
00000000    00000000    00003e20   00003e20    r-x
  00000000    00000000    000000e4   000000e4    r-- .intvecs
  000000e4    000000e4    00003a9c   00003a9c    r-x .text
  00003b80    00003b80    00000201   00000201    r-- .const
  00003d88    00003d88    00000098   00000098    r-- .cinit
20000000    20000000    000007be   00000000    rw-
  20000000    20000000    00000400   00000000    rw- .sysmem
  20000400    20000400    000001f4   00000000    rw- .data
  200005f4    200005f4    000001ca   00000000    rw- .bss
2000fe00    2000fe00    00000200   00000000    rw-
  2000fe00    2000fe00    00000200   00000000    rw- .stack


SECTION ALLOCATION MAP

 output                                  attributes/
section   page    origin      length       input sections
--------  ----  ----------  ----------   ----------------
.intvecs   0    00000000    000000e4     
                  00000000    000000e4     startup_msp432p401r_ccs.obj (.intvecs:retain)

.text      0    000000e4    00003a9c     
                  000000e4    00000a4e     rtsv7M4_T_le_v4SPD16_eabi.lib : _printfi.c.obj (.text:__TI_printfi)
                  00000b32    00000002                                   : _lock.c.obj (.text:_nop)
                  00000b34    0000043c     Menu.obj (.text)
                  00000f70    00000334     system_msp432p401r.obj (.text)
                  000012a4    00000320     LCD.obj (.text)
                  000015c4    00000280     main.obj (.text)
                  00001844    00000270     rtsv7M4_T_le_v4SPD16_eabi.lib : _printfi.c.obj (.text:_pconv_a)
                  00001ab4    000001f0     Keypad.obj (.text)
                  00001ca4    000001d0     rtsv7M4_T_le_v4SPD16_eabi.lib : _printfi.c.obj (.text:_pconv_g)
                  00001e74    000001b6                                   : fd_add_t2.asm.obj (.text)
                  0000202a    00000002                                   : div0.asm.obj (.text)
                  0000202c    0000013c                                   : _printfi.c.obj (.text:_pconv_e)
                  00002168    00000136                                   : fd_div_t2.asm.obj (.text)
                  0000229e    00000002     --HOLE-- [fill = 0]
                  000022a0    00000124                                   : _printfi.c.obj (.text:fcvt)
                  000023c4    00000118                                   : memory.c.obj (.text:aligned_alloc)
                  000024dc    00000114                                   : fputs.c.obj (.text:fputs)
                  000025f0    00000110                                   : s_scalbn.c.obj (.text:scalbn)
                  00002700    0000010c     InitPins.obj (.text)
                  0000280c    000000fc     rtsv7M4_T_le_v4SPD16_eabi.lib : fd_mul_t2.asm.obj (.text)
                  00002908    000000e4                                   : memory.c.obj (.text:free)
                  000029ec    000000dc                                   : setvbuf.c.obj (.text:setvbuf)
                  00002ac8    000000b1                                   : _printfi.c.obj (.text:_ltostr)
                  00002b79    00000001     --HOLE-- [fill = 0]
                  00002b7a    0000009c                                   : memcpy_t2.asm.obj (.text)
                  00002c16    00000096                                   : ull_div_t2.asm.obj (.text)
                  00002cac    0000008c                                   : fputc.c.obj (.text:fputc)
                  00002d38    00000086                                   : fd_cmp_t2.asm.obj (.text:__aeabi_cdcmple)
                  00002dbe    00000086                                   : fd_cmp_t2.asm.obj (.text:__aeabi_cdrcmple)
                  00002e44    0000007a                                   : memset_t2.asm.obj (.text)
                  00002ebe    00000002     --HOLE-- [fill = 0]
                  00002ec0    00000074                                   : fclose.c.obj (.text:__TI_closefile)
                  00002f34    00000070                                   : memory.c.obj (.text:split)
                  00002fa4    0000006e                                   : _printfi.c.obj (.text:_mcpy)
                  00003012    00000002     --HOLE-- [fill = 0]
                  00003014    0000006c                                   : hostrename.c.obj (.text:HOSTrename)
                  00003080    00000068                                   : hostlseek.c.obj (.text:HOSTlseek)
                  000030e8    00000068                                   : copy_decompress_lzss.c.obj (.text:decompress:lzss:__TI_decompress_lzss)
                  00003150    00000068                                   : printf.c.obj (.text:printf)
                  000031b8    00000064                                   : s_frexp.c.obj (.text:frexp)
                  0000321c    00000064                                   : fseek.c.obj (.text:fseek)
                  00003280    00000062                                   : _io_perm.c.obj (.text:__TI_wrt_ok)
                  000032e2    00000002     --HOLE-- [fill = 0]
                  000032e4    00000060                                   : hostopen.c.obj (.text:HOSTopen)
                  00003344    0000005c                                   : close.c.obj (.text:close)
                  000033a0    00000058                                   : hostread.c.obj (.text:HOSTread)
                  000033f8    00000058                                   : hostwrite.c.obj (.text:HOSTwrite)
                  00003450    00000056                                   : _printfi.c.obj (.text:_pconv_f)
                  000034a6    00000002     --HOLE-- [fill = 0]
                  000034a8    00000054     SysTick.obj (.text)
                  000034fc    00000054     rtsv7M4_T_le_v4SPD16_eabi.lib : ltoa.c.obj (.text:ltoa)
                  00003550    00000052                                   : _printfi.c.obj (.text:_ecpy)
                  000035a2    0000004c                                   : fflush.c.obj (.text:__TI_doflush)
                  000035ee    00000002     --HOLE-- [fill = 0]
                  000035f0    0000004c                                   : atoi.c.obj (.text:atoi)
                  0000363c    00000048                                   : exit.c.obj (.text:exit)
                  00003684    00000048                                   : fd_toi_t2.asm.obj (.text)
                  000036cc    00000044                                   : hostclose.c.obj (.text:HOSTclose)
                  00003710    00000044                                   : hostunlink.c.obj (.text:HOSTunlink)
                  00003754    00000044                                   : autoinit.c.obj (.text:__TI_auto_init_nobinit_nopinit:__TI_auto_init_nobinit_nopinit)
                  00003798    00000044                                   : getdevice.c.obj (.text:getdevice)
                  000037dc    0000003e                                   : _printfi.c.obj (.text:_fcpy)
                  0000381a    00000002     --HOLE-- [fill = 0]
                  0000381c    00000038                                   : trgmsg.c.obj (.text:__TI_writemsg)
                  00003854    00000036                                   : strncpy.c.obj (.text:strncpy)
                  0000388a    00000002     --HOLE-- [fill = 0]
                  0000388c    00000034                                   : fopen.c.obj (.text:__TI_cleanup)
                  000038c0    00000034                                   : trgmsg.c.obj (.text:__TI_readmsg)
                  000038f4    00000034                                   : boot_cortex_m.c.obj (.text:_c_int00_noargs:_c_int00_noargs)
                  00003928    00000030                                   : getdevice.c.obj (.text:finddevice)
                  00003958    0000002e                                   : i_tofd_t2.asm.obj (.text)
                  00003986    00000002     --HOLE-- [fill = 0]
                  00003988    0000002c                                   : unlink.c.obj (.text:unlink)
                  000039b4    00000028                                   : memory.c.obj (.text:free_list_insert)
                  000039dc    00000028                                   : lseek.c.obj (.text:lseek)
                  00003a04    00000028                                   : write.c.obj (.text:write)
                  00003a2c    00000020                                   : memchr.c.obj (.text:memchr)
                  00003a4c    00000020                                   : u_tofd_t2.asm.obj (.text)
                  00003a6c    0000001c                                   : copy_zero_init.c.obj (.text:decompress:ZI:__TI_zero_init_nomemset:__TI_zero_init_nomemset)
                  00003a88    0000001c                                   : memory.c.obj (.text:free_list_remove)
                  00003aa4    0000001c                                   : memccpy.c.obj (.text:memccpy)
                  00003ac0    0000001a                                   : s_copysign.c.obj (.text:copysign)
                  00003ada    00000018                                   : strcmp.c.obj (.text:strcmp)
                  00003af2    00000016                                   : strchr.c.obj (.text:strchr)
                  00003b08    00000014                                   : strcpy.c.obj (.text:strcpy)
                  00003b1c    00000014                                   : strlen.c.obj (.text:strlen)
                  00003b30    00000012                                   : wcslen.c.obj (.text:wcslen)
                  00003b42    0000000e                                   : copy_decompress_none.c.obj (.text:decompress:none:__TI_decompress_none)
                  00003b50    0000000e     startup_msp432p401r_ccs.obj (.text)
                  00003b5e    00000002     --HOLE-- [fill = 0]
                  00003b60    00000008     rtsv7M4_T_le_v4SPD16_eabi.lib : errno.c.obj (.text:__aeabi_errno_addr)
                  00003b68    00000008                                   : memory.c.obj (.text:malloc)
                  00003b70    00000004                                   : printf.c.obj (.text:_outc)
                  00003b74    00000004                                   : printf.c.obj (.text:_outs)
                  00003b78    00000004                                   : pre_init.c.obj (.text:_system_pre_init)
                  00003b7c    00000004                                   : exit.c.obj (.text:abort:abort)

.const     0    00003b80    00000201     
                  00003b80    00000101     rtsv7M4_T_le_v4SPD16_eabi.lib : ctype.c.obj (.const:.string:_ctypes_)
                  00003c81    00000010     Menu.obj (.const:.string:$P$T0$1)
                  00003c91    00000010     Menu.obj (.const:.string:$P$T1$2)
                  00003ca1    00000010     Menu.obj (.const:.string:$P$T10$11)
                  00003cb1    00000010     Menu.obj (.const:.string:$P$T11$12)
                  00003cc1    00000010     Menu.obj (.const:.string:$P$T12$13)
                  00003cd1    00000010     Menu.obj (.const:.string:$P$T13$14)
                  00003ce1    00000010     Menu.obj (.const:.string:$P$T14$15)
                  00003cf1    00000010     Menu.obj (.const:.string:$P$T15$16)
                  00003d01    00000010     Menu.obj (.const:.string:$P$T2$3)
                  00003d11    00000010     Menu.obj (.const:.string:$P$T3$4)
                  00003d21    00000010     Menu.obj (.const:.string:$P$T4$5)
                  00003d31    00000010     Menu.obj (.const:.string:$P$T5$6)
                  00003d41    00000010     Menu.obj (.const:.string:$P$T6$7)
                  00003d51    00000010     Menu.obj (.const:.string:$P$T7$8)
                  00003d61    00000010     Menu.obj (.const:.string:$P$T8$9)
                  00003d71    00000010     Menu.obj (.const:.string:$P$T9$10)

.cinit     0    00003d88    00000098     
                  00003d88    00000072     (.cinit..data.load) [load image, compression = lzss]
                  00003dfa    00000002     --HOLE-- [fill = 0]
                  00003dfc    0000000c     (__TI_handler_table)
                  00003e08    00000008     (.cinit..bss.load) [load image, compression = zero_init]
                  00003e10    00000010     (__TI_cinit_table)

.init_array 
*          0    00000000    00000000     UNINITIALIZED

.binit     0    00000000    00000000     

.sysmem    0    20000000    00000400     UNINITIALIZED
                  20000000    00000010     rtsv7M4_T_le_v4SPD16_eabi.lib : memory.c.obj (.sysmem)
                  20000010    000003f0     --HOLE--

.data      0    20000400    000001f4     UNINITIALIZED
                  20000400    000000f0     rtsv7M4_T_le_v4SPD16_eabi.lib : defs.c.obj (.data:_ftable)
                  200004f0    00000078                                   : host_device.c.obj (.data:_device)
                  20000568    00000050                                   : host_device.c.obj (.data:_stream)
                  200005b8    00000010                                   : defs.c.obj (.data)
                  200005c8    0000000c                                   : exit.c.obj (.data:$O1$$)
                  200005d4    00000008                                   : _lock.c.obj (.data:$O1$$)
                  200005dc    00000008                                   : memory.c.obj (.data:$O1$$)
                  200005e4    00000008     main.obj (.data)
                  200005ec    00000004     rtsv7M4_T_le_v4SPD16_eabi.lib : errno.c.obj (.data)
                  200005f0    00000004     system_msp432p401r.obj (.data)

.bss       0    200005f4    000001ca     UNINITIALIZED
                  200005f4    00000120     rtsv7M4_T_le_v4SPD16_eabi.lib : trgmsg.c.obj (.bss:_CIOBUF_)
                  20000714    000000a0     (.common:__TI_tmpnams)
                  200007b4    00000008     (.common:parmbuf)
                  200007bc    00000001     (.common:num)
                  200007bd    00000001     (.common:state)

.stack     0    2000fe00    00000200     UNINITIALIZED
                  2000fe00    00000004     rtsv7M4_T_le_v4SPD16_eabi.lib : boot_cortex_m.c.obj (.stack)
                  2000fe04    000001fc     --HOLE--

MODULE SUMMARY

       Module                        code    ro data   rw data
       ------                        ----    -------   -------
    .\
       Menu.obj                      1084    256       0      
       system_msp432p401r.obj        820     0         8      
       LCD.obj                       800     0         0      
       main.obj                      640     0         18     
       Keypad.obj                    496     0         2      
       InitPins.obj                  268     0         0      
       startup_msp432p401r_ccs.obj   14      228       0      
       SysTick.obj                   84      0         0      
    +--+-----------------------------+-------+---------+---------+
       Total:                        4206    484       28     
                                                              
    C:\ti\ccs930\ccs\tools\compiler\ti-cgt-arm_18.12.4.LTS\lib\rtsv7M4_T_le_v4SPD16_eabi.lib
       _printfi.c.obj                4851    0         0      
       defs.c.obj                    0       0         832    
       memory.c.obj                  696     0         16     
       trgmsg.c.obj                  108     0         576    
       fd_add_t2.asm.obj             438     0         0      
       host_device.c.obj             0       0         400    
       fd_div_t2.asm.obj             310     0         0      
       fputs.c.obj                   276     0         0      
       s_scalbn.c.obj                272     0         0      
       fd_cmp_t2.asm.obj             268     0         0      
       ctype.c.obj                   0       257       0      
       fd_mul_t2.asm.obj             252     0         0      
       setvbuf.c.obj                 220     0         0      
       memcpy_t2.asm.obj             156     0         0      
       ull_div_t2.asm.obj            150     0         0      
       fputc.c.obj                   140     0         0      
       memset_t2.asm.obj             122     0         0      
       fclose.c.obj                  116     0         0      
       getdevice.c.obj               116     0         0      
       hostopen.c.obj                96      0         16     
       printf.c.obj                  112     0         0      
       hostrename.c.obj              108     0         0      
       copy_decompress_lzss.c.obj    104     0         0      
       hostlseek.c.obj               104     0         0      
       exit.c.obj                    76      0         24     
       fseek.c.obj                   100     0         0      
       s_frexp.c.obj                 100     0         0      
       _io_perm.c.obj                98      0         0      
       close.c.obj                   92      0         0      
       hostread.c.obj                88      0         0      
       hostwrite.c.obj               88      0         0      
       ltoa.c.obj                    84      0         0      
       atoi.c.obj                    76      0         0      
       fflush.c.obj                  76      0         0      
       fd_toi_t2.asm.obj             72      0         0      
       autoinit.c.obj                68      0         0      
       hostclose.c.obj               68      0         0      
       hostunlink.c.obj              68      0         0      
       strncpy.c.obj                 54      0         0      
       boot_cortex_m.c.obj           52      0         0      
       fopen.c.obj                   52      0         0      
       i_tofd_t2.asm.obj             46      0         0      
       unlink.c.obj                  44      0         0      
       lseek.c.obj                   40      0         0      
       write.c.obj                   40      0         0      
       memchr.c.obj                  32      0         0      
       u_tofd_t2.asm.obj             32      0         0      
       copy_zero_init.c.obj          28      0         0      
       memccpy.c.obj                 28      0         0      
       s_copysign.c.obj              26      0         0      
       strcmp.c.obj                  24      0         0      
       strchr.c.obj                  22      0         0      
       strcpy.c.obj                  20      0         0      
       strlen.c.obj                  20      0         0      
       _lock.c.obj                   2       0         16     
       wcslen.c.obj                  18      0         0      
       errno.c.obj                   8       0         8      
       copy_decompress_none.c.obj    14      0         0      
       pre_init.c.obj                4       0         0      
       div0.asm.obj                  2       0         0      
    +--+-----------------------------+-------+---------+---------+
       Total:                        10777   257       1888   
                                                              
       Heap:                         0       0         2048   
       Stack:                        0       0         1024   
       Linker Generated:             0       150       0      
    +--+-----------------------------+-------+---------+---------+
       Grand Total:                  14983   891       4988   


LINKER GENERATED COPY TABLES

__TI_cinit_table @ 00003e10 records: 2, size/record: 8, table size: 16
	.data: load addr=00003d88, load size=00000072 bytes, run addr=20000400, run size=000001f4 bytes, compression=lzss
	.bss: load addr=00003e08, load size=00000008 bytes, run addr=200005f4, run size=000001ca bytes, compression=zero_init


LINKER GENERATED HANDLER TABLE

__TI_handler_table @ 00003dfc records: 3, size/record: 4, table size: 12
	index: 0, handler: __TI_decompress_lzss
	index: 1, handler: __TI_decompress_none
	index: 2, handler: __TI_zero_init


GLOBAL SYMBOLS: SORTED ALPHABETICALLY BY Name 

address   name                           
-------   ----                           
00003b5d  ADC14_IRQHandler               
00003b5d  AES256_IRQHandler              
00003b5d  BusFault_Handler               
00003b7d  C$$EXIT                        
0000384b  C$$IO$$                        
00003b5d  COMP_E0_IRQHandler             
00003b5d  COMP_E1_IRQHandler             
00003b5d  CS_IRQHandler                  
200005e4  DC                             
00002753  DC_init                        
00003b5d  DMA_ERR_IRQHandler             
00003b5d  DMA_INT0_IRQHandler            
00003b5d  DMA_INT1_IRQHandler            
00003b5d  DMA_INT2_IRQHandler            
00003b5d  DMA_INT3_IRQHandler            
00003b5d  DebugMon_Handler               
00003b5d  Default_Handler                
00003b5d  EUSCIA0_IRQHandler             
00003b5d  EUSCIA1_IRQHandler             
00003b5d  EUSCIA2_IRQHandler             
00003b5d  EUSCIA3_IRQHandler             
00003b5d  EUSCIB0_IRQHandler             
00003b5d  EUSCIB1_IRQHandler             
00003b5d  EUSCIB2_IRQHandler             
00003b5d  EUSCIB3_IRQHandler             
00003b5d  FLCTL_IRQHandler               
00003b5d  FPU_IRQHandler                 
000036cd  HOSTclose                      
00003081  HOSTlseek                      
000032e5  HOSTopen                       
000033a1  HOSTread                       
00003015  HOSTrename                     
00003711  HOSTunlink                     
000033f9  HOSTwrite                      
00003b5d  HardFault_Handler              
00001ab5  Keypad_Init                    
000014e9  LCD_Init                       
00002701  LED_init                       
00003b5d  MemManage_Handler              
00003b5d  NMI_Handler                    
00003b5d  PCM_IRQHandler                 
00003b5d  PORT1_IRQHandler               
00003b5d  PORT2_IRQHandler               
00003b5d  PORT3_IRQHandler               
00003b5d  PORT4_IRQHandler               
00003b5d  PORT5_IRQHandler               
00003b5d  PORT6_IRQHandler               
00003b5d  PSS_IRQHandler                 
00003b5d  PendSV_Handler                 
000012a5  Pin_Init                       
00001bfd  Print_Keys                     
000013e9  PulseEnablePin                 
00003b5d  RTC_C_IRQHandler               
00001ae9  Read_Keypad                    
00003b51  Reset_Handler                  
00003b5d  SVC_Handler                    
000034c5  SysTick_Delay                  
00003b5d  SysTick_Handler                
000034a9  SysTick_Init                   
200005f0  SystemCoreClock                
00000f71  SystemCoreClockUpdate          
000011e9  SystemInit                     
00003b5d  T32_INT1_IRQHandler            
00003b5d  T32_INT2_IRQHandler            
00003b5d  T32_INTC_IRQHandler            
00003b5d  TA0_0_IRQHandler               
00003b5d  TA0_N_IRQHandler               
00003b5d  TA1_0_IRQHandler               
00003b5d  TA1_N_IRQHandler               
00003b5d  TA2_0_IRQHandler               
00003b5d  TA2_N_IRQHandler               
00003b5d  TA3_0_IRQHandler               
00003b5d  TA3_N_IRQHandler               
00003b5d  UsageFault_Handler             
4000480c  WDTCTL_SYM                     
00003b5d  WDT_A_IRQHandler               
200005f4  __CIOBUF_                      
20010000  __STACK_END                    
00000200  __STACK_SIZE                   
00000400  __SYSMEM_SIZE                  
00003e10  __TI_CINIT_Base                
00003e20  __TI_CINIT_Limit               
00003dfc  __TI_Handler_Table_Base        
00003e08  __TI_Handler_Table_Limit       
00003755  __TI_auto_init_nobinit_nopinit 
0000388d  __TI_cleanup                   
200005c8  __TI_cleanup_ptr               
00002ec1  __TI_closefile                 
000030e9  __TI_decompress_lzss           
00003b43  __TI_decompress_none           
000035a3  __TI_doflush                   
200005cc  __TI_dtors_ptr                 
200005d0  __TI_enable_exit_profile_output
200005b8  __TI_ft_end                    
ffffffff  __TI_pprof_out_hndl            
000000e5  __TI_printfi                   
ffffffff  __TI_prof_data_size            
ffffffff  __TI_prof_data_start           
000038c1  __TI_readmsg                   
00000000  __TI_static_base__             
20000714  __TI_tmpnams                   
0000381d  __TI_writemsg                  
00003281  __TI_wrt_ok                    
00003a6d  __TI_zero_init_nomemset        
00002d39  __aeabi_cdcmpeq                
00002d39  __aeabi_cdcmple                
00002dbf  __aeabi_cdrcmple               
00003685  __aeabi_d2iz                   
00001e7f  __aeabi_dadd                   
00002169  __aeabi_ddiv                   
0000280d  __aeabi_dmul                   
00001e75  __aeabi_dsub                   
00003b61  __aeabi_errno_addr             
00003959  __aeabi_i2d                    
0000202b  __aeabi_idiv0                  
0000202b  __aeabi_ldiv0                  
00002e45  __aeabi_memclr                 
00002e45  __aeabi_memclr4                
00002e45  __aeabi_memclr8                
00002b7b  __aeabi_memcpy                 
00002b7b  __aeabi_memcpy4                
00002b7b  __aeabi_memcpy8                
00002e47  __aeabi_memset                 
00002e47  __aeabi_memset4                
00002e47  __aeabi_memset8                
200005c4  __aeabi_stderr                 
200005bc  __aeabi_stdin                  
200005c0  __aeabi_stdout                 
00003a4d  __aeabi_ui2d                   
00002c17  __aeabi_uldivmod               
ffffffff  __binit__                      
ffffffff  __c_args__                     
UNDEFED   __mpu_init                     
2000fe00  __stack                        
000038f5  _c_int00_noargs                
00003b80  _ctypes_                       
200004f0  _device                        
20000400  _ftable                        
200005d4  _lock                          
00000b33  _nop                           
20000568  _stream                        
20000000  _sys_memory                    
UNDEFED   _system_post_cinit             
00003b79  _system_pre_init               
200005d8  _unlock                        
00003b7d  abort                          
000023c5  aligned_alloc                  
000035f1  atoi                           
ffffffff  binit                          
0000160d  changeState                    
00003345  close                          
00001553  commandWrite                   
00003ac1  copysign                       
00003ac1  copysignl                      
0000156d  dataWrite                      
0000139f  delay_micro                    
000013c3  delay_milli                    
00000c33  doorMenu                       
200005ec  errno                          
0000363d  exit                           
00003929  finddevice                     
00002cad  fputc                          
000024dd  fputs                          
00002909  free                           
000031b9  frexp                          
000031b9  frexpl                         
0000321d  fseek                          
00003799  getdevice                      
00000000  interruptVectors               
000025f1  ldexp                          
000025f1  ldexpl                         
00000e51  lightsMenu                     
000039dd  lseek                          
000034fd  ltoa                           
000015c5  main                           
00000b35  mainMenu                       
00003b69  malloc                         
000023c5  memalign                       
00003aa5  memccpy                        
00003a2d  memchr                         
00002b7b  memcpy                         
00002e4d  memset                         
00000d3d  motorMenu                      
200007bc  num                            
200007b4  parmbuf                        
200005e8  period                         
00003151  printf                         
000014b1  pushByte                       
0000141d  pushNibble                     
00002cad  putc                           
00003989  remove                         
000025f1  scalbn                         
000025f1  scalbnl                        
000029ed  setvbuf                        
200007bd  state                          
00003af3  strchr                         
00003adb  strcmp                         
00003b09  strcpy                         
00003b1d  strlen                         
00003855  strncpy                        
00003989  unlink                         
00003b31  wcslen                         
00003a05  write                          


GLOBAL SYMBOLS: SORTED BY Symbol Address 

address   name                           
-------   ----                           
00000000  __TI_static_base__             
00000000  interruptVectors               
000000e5  __TI_printfi                   
00000200  __STACK_SIZE                   
00000400  __SYSMEM_SIZE                  
00000b33  _nop                           
00000b35  mainMenu                       
00000c33  doorMenu                       
00000d3d  motorMenu                      
00000e51  lightsMenu                     
00000f71  SystemCoreClockUpdate          
000011e9  SystemInit                     
000012a5  Pin_Init                       
0000139f  delay_micro                    
000013c3  delay_milli                    
000013e9  PulseEnablePin                 
0000141d  pushNibble                     
000014b1  pushByte                       
000014e9  LCD_Init                       
00001553  commandWrite                   
0000156d  dataWrite                      
000015c5  main                           
0000160d  changeState                    
00001ab5  Keypad_Init                    
00001ae9  Read_Keypad                    
00001bfd  Print_Keys                     
00001e75  __aeabi_dsub                   
00001e7f  __aeabi_dadd                   
0000202b  __aeabi_idiv0                  
0000202b  __aeabi_ldiv0                  
00002169  __aeabi_ddiv                   
000023c5  aligned_alloc                  
000023c5  memalign                       
000024dd  fputs                          
000025f1  ldexp                          
000025f1  ldexpl                         
000025f1  scalbn                         
000025f1  scalbnl                        
00002701  LED_init                       
00002753  DC_init                        
0000280d  __aeabi_dmul                   
00002909  free                           
000029ed  setvbuf                        
00002b7b  __aeabi_memcpy                 
00002b7b  __aeabi_memcpy4                
00002b7b  __aeabi_memcpy8                
00002b7b  memcpy                         
00002c17  __aeabi_uldivmod               
00002cad  fputc                          
00002cad  putc                           
00002d39  __aeabi_cdcmpeq                
00002d39  __aeabi_cdcmple                
00002dbf  __aeabi_cdrcmple               
00002e45  __aeabi_memclr                 
00002e45  __aeabi_memclr4                
00002e45  __aeabi_memclr8                
00002e47  __aeabi_memset                 
00002e47  __aeabi_memset4                
00002e47  __aeabi_memset8                
00002e4d  memset                         
00002ec1  __TI_closefile                 
00003015  HOSTrename                     
00003081  HOSTlseek                      
000030e9  __TI_decompress_lzss           
00003151  printf                         
000031b9  frexp                          
000031b9  frexpl                         
0000321d  fseek                          
00003281  __TI_wrt_ok                    
000032e5  HOSTopen                       
00003345  close                          
000033a1  HOSTread                       
000033f9  HOSTwrite                      
000034a9  SysTick_Init                   
000034c5  SysTick_Delay                  
000034fd  ltoa                           
000035a3  __TI_doflush                   
000035f1  atoi                           
0000363d  exit                           
00003685  __aeabi_d2iz                   
000036cd  HOSTclose                      
00003711  HOSTunlink                     
00003755  __TI_auto_init_nobinit_nopinit 
00003799  getdevice                      
0000381d  __TI_writemsg                  
0000384b  C$$IO$$                        
00003855  strncpy                        
0000388d  __TI_cleanup                   
000038c1  __TI_readmsg                   
000038f5  _c_int00_noargs                
00003929  finddevice                     
00003959  __aeabi_i2d                    
00003989  remove                         
00003989  unlink                         
000039dd  lseek                          
00003a05  write                          
00003a2d  memchr                         
00003a4d  __aeabi_ui2d                   
00003a6d  __TI_zero_init_nomemset        
00003aa5  memccpy                        
00003ac1  copysign                       
00003ac1  copysignl                      
00003adb  strcmp                         
00003af3  strchr                         
00003b09  strcpy                         
00003b1d  strlen                         
00003b31  wcslen                         
00003b43  __TI_decompress_none           
00003b51  Reset_Handler                  
00003b5d  ADC14_IRQHandler               
00003b5d  AES256_IRQHandler              
00003b5d  BusFault_Handler               
00003b5d  COMP_E0_IRQHandler             
00003b5d  COMP_E1_IRQHandler             
00003b5d  CS_IRQHandler                  
00003b5d  DMA_ERR_IRQHandler             
00003b5d  DMA_INT0_IRQHandler            
00003b5d  DMA_INT1_IRQHandler            
00003b5d  DMA_INT2_IRQHandler            
00003b5d  DMA_INT3_IRQHandler            
00003b5d  DebugMon_Handler               
00003b5d  Default_Handler                
00003b5d  EUSCIA0_IRQHandler             
00003b5d  EUSCIA1_IRQHandler             
00003b5d  EUSCIA2_IRQHandler             
00003b5d  EUSCIA3_IRQHandler             
00003b5d  EUSCIB0_IRQHandler             
00003b5d  EUSCIB1_IRQHandler             
00003b5d  EUSCIB2_IRQHandler             
00003b5d  EUSCIB3_IRQHandler             
00003b5d  FLCTL_IRQHandler               
00003b5d  FPU_IRQHandler                 
00003b5d  HardFault_Handler              
00003b5d  MemManage_Handler              
00003b5d  NMI_Handler                    
00003b5d  PCM_IRQHandler                 
00003b5d  PORT1_IRQHandler               
00003b5d  PORT2_IRQHandler               
00003b5d  PORT3_IRQHandler               
00003b5d  PORT4_IRQHandler               
00003b5d  PORT5_IRQHandler               
00003b5d  PORT6_IRQHandler               
00003b5d  PSS_IRQHandler                 
00003b5d  PendSV_Handler                 
00003b5d  RTC_C_IRQHandler               
00003b5d  SVC_Handler                    
00003b5d  SysTick_Handler                
00003b5d  T32_INT1_IRQHandler            
00003b5d  T32_INT2_IRQHandler            
00003b5d  T32_INTC_IRQHandler            
00003b5d  TA0_0_IRQHandler               
00003b5d  TA0_N_IRQHandler               
00003b5d  TA1_0_IRQHandler               
00003b5d  TA1_N_IRQHandler               
00003b5d  TA2_0_IRQHandler               
00003b5d  TA2_N_IRQHandler               
00003b5d  TA3_0_IRQHandler               
00003b5d  TA3_N_IRQHandler               
00003b5d  UsageFault_Handler             
00003b5d  WDT_A_IRQHandler               
00003b61  __aeabi_errno_addr             
00003b69  malloc                         
00003b79  _system_pre_init               
00003b7d  C$$EXIT                        
00003b7d  abort                          
00003b80  _ctypes_                       
00003dfc  __TI_Handler_Table_Base        
00003e08  __TI_Handler_Table_Limit       
00003e10  __TI_CINIT_Base                
00003e20  __TI_CINIT_Limit               
20000000  _sys_memory                    
20000400  _ftable                        
200004f0  _device                        
20000568  _stream                        
200005b8  __TI_ft_end                    
200005bc  __aeabi_stdin                  
200005c0  __aeabi_stdout                 
200005c4  __aeabi_stderr                 
200005c8  __TI_cleanup_ptr               
200005cc  __TI_dtors_ptr                 
200005d0  __TI_enable_exit_profile_output
200005d4  _lock                          
200005d8  _unlock                        
200005e4  DC                             
200005e8  period                         
200005ec  errno                          
200005f0  SystemCoreClock                
200005f4  __CIOBUF_                      
20000714  __TI_tmpnams                   
200007b4  parmbuf                        
200007bc  num                            
200007bd  state                          
2000fe00  __stack                        
20010000  __STACK_END                    
4000480c  WDTCTL_SYM                     
ffffffff  __TI_pprof_out_hndl            
ffffffff  __TI_prof_data_size            
ffffffff  __TI_prof_data_start           
ffffffff  __binit__                      
ffffffff  __c_args__                     
ffffffff  binit                          
UNDEFED   __mpu_init                     
UNDEFED   _system_post_cinit             

[203 symbols]
