******************************************************************************
                  TI ARM Linker PC v18.12.4                    
******************************************************************************
>> Linked Wed Mar 17 23:01:06 2021

OUTPUT FILE NAME:   <Lab8_Part3.out>
ENTRY POINT SYMBOL: "_c_int00_noargs"  address: 00002f4d


MEMORY CONFIGURATION

         name            origin    length      used     unused   attr    fill
----------------------  --------  ---------  --------  --------  ----  --------
  MAIN                  00000000   00040000  00003371  0003cc8f  R  X
  INFO                  00200000   00004000  00000000  00004000  R  X
  SRAM_CODE             01000000   00010000  000009be  0000f642  RW X
  SRAM_DATA             20000000   00010000  000009be  0000f642  RW  


SEGMENT ALLOCATION MAP

run origin  load origin   length   init length attrs members
----------  ----------- ---------- ----------- ----- -------
00000000    00000000    00003378   00003378    r-x
  00000000    00000000    000000e4   000000e4    r-- .intvecs
  000000e4    000000e4    000030f4   000030f4    r-x .text
  000031d8    000031d8    00000101   00000101    r-- .const
  000032e0    000032e0    00000098   00000098    r-- .cinit
20000000    20000000    000007be   00000000    rw-
  20000000    20000000    00000400   00000000    rw- .sysmem
  20000400    20000400    000001f4   00000000    rw- .data
  200005f4    200005f4    000001ca   00000000    rw- .bss
2000fe00    2000fe00    00000200   00000000    rw-
  2000fe00    2000fe00    00000200   00000000    rw- .stack


SECTION ALLOCATION MAP

 output                                  attributes/
section   page    origin      length       input sections
--------  ----  ----------  ----------   ----------------
.intvecs   0    00000000    000000e4     
                  00000000    000000e4     startup_msp432p401r_ccs.obj (.intvecs:retain)

.text      0    000000e4    000030f4     
                  000000e4    00000a4e     rtsv7M4_T_le_v4SPD16_eabi.lib : _printfi.c.obj (.text:__TI_printfi)
                  00000b32    00000002                                   : _lock.c.obj (.text:_nop)
                  00000b34    00000388     main.obj (.text)
                  00000ebc    00000334     system_msp432p401r.obj (.text)
                  000011f0    00000270     rtsv7M4_T_le_v4SPD16_eabi.lib : _printfi.c.obj (.text:_pconv_a)
                  00001460    000001d0                                   : _printfi.c.obj (.text:_pconv_g)
                  00001630    000001b6                                   : fd_add_t2.asm.obj (.text)
                  000017e6    00000002                                   : div0.asm.obj (.text)
                  000017e8    0000013c                                   : _printfi.c.obj (.text:_pconv_e)
                  00001924    00000136                                   : fd_div_t2.asm.obj (.text)
                  00001a5a    00000002     --HOLE-- [fill = 0]
                  00001a5c    00000124                                   : _printfi.c.obj (.text:fcvt)
                  00001b80    00000118                                   : memory.c.obj (.text:aligned_alloc)
                  00001c98    00000114                                   : fputs.c.obj (.text:fputs)
                  00001dac    00000110                                   : s_scalbn.c.obj (.text:scalbn)
                  00001ebc    000000fc                                   : fd_mul_t2.asm.obj (.text)
                  00001fb8    000000e4                                   : memory.c.obj (.text:free)
                  0000209c    000000dc                                   : setvbuf.c.obj (.text:setvbuf)
                  00002178    000000b1                                   : _printfi.c.obj (.text:_ltostr)
                  00002229    00000001     --HOLE-- [fill = 0]
                  0000222a    0000009c                                   : memcpy_t2.asm.obj (.text)
                  000022c6    00000096                                   : ull_div_t2.asm.obj (.text)
                  0000235c    0000008c                                   : fputc.c.obj (.text:fputc)
                  000023e8    00000086                                   : fd_cmp_t2.asm.obj (.text:__aeabi_cdcmple)
                  0000246e    00000086                                   : fd_cmp_t2.asm.obj (.text:__aeabi_cdrcmple)
                  000024f4    0000007a                                   : memset_t2.asm.obj (.text)
                  0000256e    00000002     --HOLE-- [fill = 0]
                  00002570    00000074                                   : fclose.c.obj (.text:__TI_closefile)
                  000025e4    00000070                                   : memory.c.obj (.text:split)
                  00002654    0000006e                                   : _printfi.c.obj (.text:_mcpy)
                  000026c2    00000002     --HOLE-- [fill = 0]
                  000026c4    0000006c                                   : hostrename.c.obj (.text:HOSTrename)
                  00002730    00000068                                   : hostlseek.c.obj (.text:HOSTlseek)
                  00002798    00000068                                   : copy_decompress_lzss.c.obj (.text:decompress:lzss:__TI_decompress_lzss)
                  00002800    00000068                                   : printf.c.obj (.text:printf)
                  00002868    00000064                                   : s_frexp.c.obj (.text:frexp)
                  000028cc    00000064                                   : fseek.c.obj (.text:fseek)
                  00002930    00000062                                   : _io_perm.c.obj (.text:__TI_wrt_ok)
                  00002992    00000002     --HOLE-- [fill = 0]
                  00002994    00000060                                   : hostopen.c.obj (.text:HOSTopen)
                  000029f4    0000005c                                   : close.c.obj (.text:close)
                  00002a50    00000058                                   : hostread.c.obj (.text:HOSTread)
                  00002aa8    00000058                                   : hostwrite.c.obj (.text:HOSTwrite)
                  00002b00    00000056                                   : _printfi.c.obj (.text:_pconv_f)
                  00002b56    00000054                                   : ltoa.c.obj (.text:ltoa)
                  00002baa    00000052                                   : _printfi.c.obj (.text:_ecpy)
                  00002bfc    0000004c                                   : fflush.c.obj (.text:__TI_doflush)
                  00002c48    0000004c                                   : atoi.c.obj (.text:atoi)
                  00002c94    00000048                                   : exit.c.obj (.text:exit)
                  00002cdc    00000048                                   : fd_toi_t2.asm.obj (.text)
                  00002d24    00000044                                   : hostclose.c.obj (.text:HOSTclose)
                  00002d68    00000044                                   : hostunlink.c.obj (.text:HOSTunlink)
                  00002dac    00000044                                   : autoinit.c.obj (.text:__TI_auto_init_nobinit_nopinit:__TI_auto_init_nobinit_nopinit)
                  00002df0    00000044                                   : getdevice.c.obj (.text:getdevice)
                  00002e34    0000003e                                   : _printfi.c.obj (.text:_fcpy)
                  00002e72    00000002     --HOLE-- [fill = 0]
                  00002e74    00000038                                   : trgmsg.c.obj (.text:__TI_writemsg)
                  00002eac    00000036                                   : strncpy.c.obj (.text:strncpy)
                  00002ee2    00000002     --HOLE-- [fill = 0]
                  00002ee4    00000034                                   : fopen.c.obj (.text:__TI_cleanup)
                  00002f18    00000034                                   : trgmsg.c.obj (.text:__TI_readmsg)
                  00002f4c    00000034                                   : boot_cortex_m.c.obj (.text:_c_int00_noargs:_c_int00_noargs)
                  00002f80    00000030                                   : getdevice.c.obj (.text:finddevice)
                  00002fb0    0000002e                                   : i_tofd_t2.asm.obj (.text)
                  00002fde    00000002     --HOLE-- [fill = 0]
                  00002fe0    0000002c                                   : unlink.c.obj (.text:unlink)
                  0000300c    00000028                                   : memory.c.obj (.text:free_list_insert)
                  00003034    00000028                                   : lseek.c.obj (.text:lseek)
                  0000305c    00000028                                   : write.c.obj (.text:write)
                  00003084    00000020                                   : memchr.c.obj (.text:memchr)
                  000030a4    00000020                                   : u_tofd_t2.asm.obj (.text)
                  000030c4    0000001c                                   : copy_zero_init.c.obj (.text:decompress:ZI:__TI_zero_init_nomemset:__TI_zero_init_nomemset)
                  000030e0    0000001c                                   : memory.c.obj (.text:free_list_remove)
                  000030fc    0000001c                                   : memccpy.c.obj (.text:memccpy)
                  00003118    0000001a                                   : s_copysign.c.obj (.text:copysign)
                  00003132    00000018                                   : strcmp.c.obj (.text:strcmp)
                  0000314a    00000016                                   : strchr.c.obj (.text:strchr)
                  00003160    00000014                                   : strcpy.c.obj (.text:strcpy)
                  00003174    00000014                                   : strlen.c.obj (.text:strlen)
                  00003188    00000012                                   : wcslen.c.obj (.text:wcslen)
                  0000319a    0000000e                                   : copy_decompress_none.c.obj (.text:decompress:none:__TI_decompress_none)
                  000031a8    0000000e     startup_msp432p401r_ccs.obj (.text)
                  000031b6    00000002     --HOLE-- [fill = 0]
                  000031b8    00000008     rtsv7M4_T_le_v4SPD16_eabi.lib : errno.c.obj (.text:__aeabi_errno_addr)
                  000031c0    00000008                                   : memory.c.obj (.text:malloc)
                  000031c8    00000004                                   : printf.c.obj (.text:_outc)
                  000031cc    00000004                                   : printf.c.obj (.text:_outs)
                  000031d0    00000004                                   : pre_init.c.obj (.text:_system_pre_init)
                  000031d4    00000004                                   : exit.c.obj (.text:abort:abort)

.const     0    000031d8    00000101     
                  000031d8    00000101     rtsv7M4_T_le_v4SPD16_eabi.lib : ctype.c.obj (.const:.string:_ctypes_)

.cinit     0    000032e0    00000098     
                  000032e0    00000070     (.cinit..data.load) [load image, compression = lzss]
                  00003350    0000000c     (__TI_handler_table)
                  0000335c    00000004     --HOLE-- [fill = 0]
                  00003360    00000008     (.cinit..bss.load) [load image, compression = zero_init]
                  00003368    00000010     (__TI_cinit_table)

.init_array 
*          0    00000000    00000000     UNINITIALIZED

.binit     0    00000000    00000000     

.sysmem    0    20000000    00000400     UNINITIALIZED
                  20000000    00000010     rtsv7M4_T_le_v4SPD16_eabi.lib : memory.c.obj (.sysmem)
                  20000010    000003f0     --HOLE--

.data      0    20000400    000001f4     UNINITIALIZED
                  20000400    000000f0     rtsv7M4_T_le_v4SPD16_eabi.lib : defs.c.obj (.data:_ftable)
                  200004f0    00000078                                   : host_device.c.obj (.data:_device)
                  20000568    00000050                                   : host_device.c.obj (.data:_stream)
                  200005b8    00000010                                   : defs.c.obj (.data)
                  200005c8    0000000c                                   : exit.c.obj (.data:$O1$$)
                  200005d4    00000008                                   : _lock.c.obj (.data:$O1$$)
                  200005dc    00000008                                   : memory.c.obj (.data:$O1$$)
                  200005e4    00000008     main.obj (.data)
                  200005ec    00000004     rtsv7M4_T_le_v4SPD16_eabi.lib : errno.c.obj (.data)
                  200005f0    00000004     system_msp432p401r.obj (.data)

.bss       0    200005f4    000001ca     UNINITIALIZED
                  200005f4    00000120     rtsv7M4_T_le_v4SPD16_eabi.lib : trgmsg.c.obj (.bss:_CIOBUF_)
                  20000714    000000a0     (.common:__TI_tmpnams)
                  200007b4    00000008     (.common:parmbuf)
                  200007bc    00000001     (.common:num)
                  200007bd    00000001     (.common:pressed)

.stack     0    2000fe00    00000200     UNINITIALIZED
                  2000fe00    00000004     rtsv7M4_T_le_v4SPD16_eabi.lib : boot_cortex_m.c.obj (.stack)
                  2000fe04    000001fc     --HOLE--

MODULE SUMMARY

       Module                        code    ro data   rw data
       ------                        ----    -------   -------
    .\
       main.obj                      904     0         20     
       system_msp432p401r.obj        820     0         8      
       startup_msp432p401r_ccs.obj   14      228       0      
    +--+-----------------------------+-------+---------+---------+
       Total:                        1738    228       28     
                                                              
    C:\ti\ccs930\ccs\tools\compiler\ti-cgt-arm_18.12.4.LTS\lib\rtsv7M4_T_le_v4SPD16_eabi.lib
       _printfi.c.obj                4851    0         0      
       defs.c.obj                    0       0         832    
       memory.c.obj                  696     0         16     
       trgmsg.c.obj                  108     0         576    
       fd_add_t2.asm.obj             438     0         0      
       host_device.c.obj             0       0         400    
       fd_div_t2.asm.obj             310     0         0      
       fputs.c.obj                   276     0         0      
       s_scalbn.c.obj                272     0         0      
       fd_cmp_t2.asm.obj             268     0         0      
       ctype.c.obj                   0       257       0      
       fd_mul_t2.asm.obj             252     0         0      
       setvbuf.c.obj                 220     0         0      
       memcpy_t2.asm.obj             156     0         0      
       ull_div_t2.asm.obj            150     0         0      
       fputc.c.obj                   140     0         0      
       memset_t2.asm.obj             122     0         0      
       fclose.c.obj                  116     0         0      
       getdevice.c.obj               116     0         0      
       hostopen.c.obj                96      0         16     
       printf.c.obj                  112     0         0      
       hostrename.c.obj              108     0         0      
       copy_decompress_lzss.c.obj    104     0         0      
       hostlseek.c.obj               104     0         0      
       exit.c.obj                    76      0         24     
       fseek.c.obj                   100     0         0      
       s_frexp.c.obj                 100     0         0      
       _io_perm.c.obj                98      0         0      
       close.c.obj                   92      0         0      
       hostread.c.obj                88      0         0      
       hostwrite.c.obj               88      0         0      
       ltoa.c.obj                    84      0         0      
       atoi.c.obj                    76      0         0      
       fflush.c.obj                  76      0         0      
       fd_toi_t2.asm.obj             72      0         0      
       autoinit.c.obj                68      0         0      
       hostclose.c.obj               68      0         0      
       hostunlink.c.obj              68      0         0      
       strncpy.c.obj                 54      0         0      
       boot_cortex_m.c.obj           52      0         0      
       fopen.c.obj                   52      0         0      
       i_tofd_t2.asm.obj             46      0         0      
       unlink.c.obj                  44      0         0      
       lseek.c.obj                   40      0         0      
       write.c.obj                   40      0         0      
       memchr.c.obj                  32      0         0      
       u_tofd_t2.asm.obj             32      0         0      
       copy_zero_init.c.obj          28      0         0      
       memccpy.c.obj                 28      0         0      
       s_copysign.c.obj              26      0         0      
       strcmp.c.obj                  24      0         0      
       strchr.c.obj                  22      0         0      
       strcpy.c.obj                  20      0         0      
       strlen.c.obj                  20      0         0      
       _lock.c.obj                   2       0         16     
       wcslen.c.obj                  18      0         0      
       errno.c.obj                   8       0         8      
       copy_decompress_none.c.obj    14      0         0      
       pre_init.c.obj                4       0         0      
       div0.asm.obj                  2       0         0      
    +--+-----------------------------+-------+---------+---------+
       Total:                        10777   257       1888   
                                                              
       Heap:                         0       0         2048   
       Stack:                        0       0         1024   
       Linker Generated:             0       148       0      
    +--+-----------------------------+-------+---------+---------+
       Grand Total:                  12515   633       4988   


LINKER GENERATED COPY TABLES

__TI_cinit_table @ 00003368 records: 2, size/record: 8, table size: 16
	.data: load addr=000032e0, load size=00000070 bytes, run addr=20000400, run size=000001f4 bytes, compression=lzss
	.bss: load addr=00003360, load size=00000008 bytes, run addr=200005f4, run size=000001ca bytes, compression=zero_init


LINKER GENERATED HANDLER TABLE

__TI_handler_table @ 00003350 records: 3, size/record: 4, table size: 12
	index: 0, handler: __TI_decompress_lzss
	index: 1, handler: __TI_decompress_none
	index: 2, handler: __TI_zero_init


GLOBAL SYMBOLS: SORTED ALPHABETICALLY BY Name 

address   name                           
-------   ----                           
000031b5  ADC14_IRQHandler               
000031b5  AES256_IRQHandler              
000031b5  BusFault_Handler               
000031d5  C$$EXIT                        
00002ea3  C$$IO$$                        
000031b5  COMP_E0_IRQHandler             
000031b5  COMP_E1_IRQHandler             
000031b5  CS_IRQHandler                  
200005e4  DC                             
000031b5  DMA_ERR_IRQHandler             
000031b5  DMA_INT0_IRQHandler            
000031b5  DMA_INT1_IRQHandler            
000031b5  DMA_INT2_IRQHandler            
000031b5  DMA_INT3_IRQHandler            
000031b5  DebugMon_Handler               
000031b5  Default_Handler                
000031b5  EUSCIA0_IRQHandler             
000031b5  EUSCIA1_IRQHandler             
000031b5  EUSCIA2_IRQHandler             
000031b5  EUSCIA3_IRQHandler             
000031b5  EUSCIB0_IRQHandler             
000031b5  EUSCIB1_IRQHandler             
000031b5  EUSCIB2_IRQHandler             
000031b5  EUSCIB3_IRQHandler             
000031b5  FLCTL_IRQHandler               
000031b5  FPU_IRQHandler                 
00002d25  HOSTclose                      
00002731  HOSTlseek                      
00002995  HOSTopen                       
00002a51  HOSTread                       
000026c5  HOSTrename                     
00002d69  HOSTunlink                     
00002aa9  HOSTwrite                      
000031b5  HardFault_Handler              
000031b5  MemManage_Handler              
000031b5  NMI_Handler                    
000031b5  PCM_IRQHandler                 
000031b5  PORT1_IRQHandler               
000031b5  PORT2_IRQHandler               
000031b5  PORT3_IRQHandler               
000031b5  PORT4_IRQHandler               
000031b5  PORT5_IRQHandler               
000031b5  PORT6_IRQHandler               
000031b5  PSS_IRQHandler                 
000031b5  PendSV_Handler                 
00000db7  Print_Keys                     
000031b5  RTC_C_IRQHandler               
00000ca3  Read_Keypad                    
000031a9  Reset_Handler                  
000031b5  SVC_Handler                    
00000c43  SysTick_Delay                  
000031b5  SysTick_Handler                
00000c27  SysTick_Init                   
200005f0  SystemCoreClock                
00000ebd  SystemCoreClockUpdate          
00001135  SystemInit                     
000031b5  T32_INT1_IRQHandler            
000031b5  T32_INT2_IRQHandler            
000031b5  T32_INTC_IRQHandler            
000031b5  TA0_0_IRQHandler               
000031b5  TA0_N_IRQHandler               
000031b5  TA1_0_IRQHandler               
000031b5  TA1_N_IRQHandler               
000031b5  TA2_0_IRQHandler               
000031b5  TA2_N_IRQHandler               
000031b5  TA3_0_IRQHandler               
000031b5  TA3_N_IRQHandler               
000031b5  UsageFault_Handler             
4000480c  WDTCTL_SYM                     
000031b5  WDT_A_IRQHandler               
200005f4  __CIOBUF_                      
20010000  __STACK_END                    
00000200  __STACK_SIZE                   
00000400  __SYSMEM_SIZE                  
00003368  __TI_CINIT_Base                
00003378  __TI_CINIT_Limit               
00003350  __TI_Handler_Table_Base        
0000335c  __TI_Handler_Table_Limit       
00002dad  __TI_auto_init_nobinit_nopinit 
00002ee5  __TI_cleanup                   
200005c8  __TI_cleanup_ptr               
00002571  __TI_closefile                 
00002799  __TI_decompress_lzss           
0000319b  __TI_decompress_none           
00002bfd  __TI_doflush                   
200005cc  __TI_dtors_ptr                 
200005d0  __TI_enable_exit_profile_output
200005b8  __TI_ft_end                    
ffffffff  __TI_pprof_out_hndl            
000000e5  __TI_printfi                   
ffffffff  __TI_prof_data_size            
ffffffff  __TI_prof_data_start           
00002f19  __TI_readmsg                   
00000000  __TI_static_base__             
20000714  __TI_tmpnams                   
00002e75  __TI_writemsg                  
00002931  __TI_wrt_ok                    
000030c5  __TI_zero_init_nomemset        
000023e9  __aeabi_cdcmpeq                
000023e9  __aeabi_cdcmple                
0000246f  __aeabi_cdrcmple               
00002cdd  __aeabi_d2iz                   
0000163b  __aeabi_dadd                   
00001925  __aeabi_ddiv                   
00001ebd  __aeabi_dmul                   
00001631  __aeabi_dsub                   
000031b9  __aeabi_errno_addr             
00002fb1  __aeabi_i2d                    
000017e7  __aeabi_idiv0                  
000017e7  __aeabi_ldiv0                  
000024f5  __aeabi_memclr                 
000024f5  __aeabi_memclr4                
000024f5  __aeabi_memclr8                
0000222b  __aeabi_memcpy                 
0000222b  __aeabi_memcpy4                
0000222b  __aeabi_memcpy8                
000024f7  __aeabi_memset                 
000024f7  __aeabi_memset4                
000024f7  __aeabi_memset8                
200005c4  __aeabi_stderr                 
200005bc  __aeabi_stdin                  
200005c0  __aeabi_stdout                 
000030a5  __aeabi_ui2d                   
000022c7  __aeabi_uldivmod               
ffffffff  __binit__                      
ffffffff  __c_args__                     
UNDEFED   __mpu_init                     
2000fe00  __stack                        
00002f4d  _c_int00_noargs                
000031d8  _ctypes_                       
200004f0  _device                        
20000400  _ftable                        
200005d4  _lock                          
00000b33  _nop                           
20000568  _stream                        
20000000  _sys_memory                    
UNDEFED   _system_post_cinit             
000031d1  _system_pre_init               
200005d8  _unlock                        
000031d5  abort                          
00001b81  aligned_alloc                  
00002c49  atoi                           
ffffffff  binit                          
000029f5  close                          
00003119  copysign                       
00003119  copysignl                      
200005ec  errno                          
00002c95  exit                           
00002f81  finddevice                     
0000235d  fputc                          
00001c99  fputs                          
00001fb9  free                           
00002869  frexp                          
00002869  frexpl                         
000028cd  fseek                          
00002df1  getdevice                      
00000000  interruptVectors               
00000c6f  keypad_init                    
00001dad  ldexp                          
00001dad  ldexpl                         
00003035  lseek                          
00002b57  ltoa                           
00000b35  main                           
000031c1  malloc                         
00001b81  memalign                       
000030fd  memccpy                        
00003085  memchr                         
0000222b  memcpy                         
000024fd  memset                         
200007bc  num                            
200007b4  parmbuf                        
200005e8  period                         
00000bdd  pin_init                       
200007bd  pressed                        
00002801  printf                         
0000235d  putc                           
00002fe1  remove                         
00001dad  scalbn                         
00001dad  scalbnl                        
0000209d  setvbuf                        
0000314b  strchr                         
00003133  strcmp                         
00003161  strcpy                         
00003175  strlen                         
00002ead  strncpy                        
00002fe1  unlink                         
00003189  wcslen                         
0000305d  write                          


GLOBAL SYMBOLS: SORTED BY Symbol Address 

address   name                           
-------   ----                           
00000000  __TI_static_base__             
00000000  interruptVectors               
000000e5  __TI_printfi                   
00000200  __STACK_SIZE                   
00000400  __SYSMEM_SIZE                  
00000b33  _nop                           
00000b35  main                           
00000bdd  pin_init                       
00000c27  SysTick_Init                   
00000c43  SysTick_Delay                  
00000c6f  keypad_init                    
00000ca3  Read_Keypad                    
00000db7  Print_Keys                     
00000ebd  SystemCoreClockUpdate          
00001135  SystemInit                     
00001631  __aeabi_dsub                   
0000163b  __aeabi_dadd                   
000017e7  __aeabi_idiv0                  
000017e7  __aeabi_ldiv0                  
00001925  __aeabi_ddiv                   
00001b81  aligned_alloc                  
00001b81  memalign                       
00001c99  fputs                          
00001dad  ldexp                          
00001dad  ldexpl                         
00001dad  scalbn                         
00001dad  scalbnl                        
00001ebd  __aeabi_dmul                   
00001fb9  free                           
0000209d  setvbuf                        
0000222b  __aeabi_memcpy                 
0000222b  __aeabi_memcpy4                
0000222b  __aeabi_memcpy8                
0000222b  memcpy                         
000022c7  __aeabi_uldivmod               
0000235d  fputc                          
0000235d  putc                           
000023e9  __aeabi_cdcmpeq                
000023e9  __aeabi_cdcmple                
0000246f  __aeabi_cdrcmple               
000024f5  __aeabi_memclr                 
000024f5  __aeabi_memclr4                
000024f5  __aeabi_memclr8                
000024f7  __aeabi_memset                 
000024f7  __aeabi_memset4                
000024f7  __aeabi_memset8                
000024fd  memset                         
00002571  __TI_closefile                 
000026c5  HOSTrename                     
00002731  HOSTlseek                      
00002799  __TI_decompress_lzss           
00002801  printf                         
00002869  frexp                          
00002869  frexpl                         
000028cd  fseek                          
00002931  __TI_wrt_ok                    
00002995  HOSTopen                       
000029f5  close                          
00002a51  HOSTread                       
00002aa9  HOSTwrite                      
00002b57  ltoa                           
00002bfd  __TI_doflush                   
00002c49  atoi                           
00002c95  exit                           
00002cdd  __aeabi_d2iz                   
00002d25  HOSTclose                      
00002d69  HOSTunlink                     
00002dad  __TI_auto_init_nobinit_nopinit 
00002df1  getdevice                      
00002e75  __TI_writemsg                  
00002ea3  C$$IO$$                        
00002ead  strncpy                        
00002ee5  __TI_cleanup                   
00002f19  __TI_readmsg                   
00002f4d  _c_int00_noargs                
00002f81  finddevice                     
00002fb1  __aeabi_i2d                    
00002fe1  remove                         
00002fe1  unlink                         
00003035  lseek                          
0000305d  write                          
00003085  memchr                         
000030a5  __aeabi_ui2d                   
000030c5  __TI_zero_init_nomemset        
000030fd  memccpy                        
00003119  copysign                       
00003119  copysignl                      
00003133  strcmp                         
0000314b  strchr                         
00003161  strcpy                         
00003175  strlen                         
00003189  wcslen                         
0000319b  __TI_decompress_none           
000031a9  Reset_Handler                  
000031b5  ADC14_IRQHandler               
000031b5  AES256_IRQHandler              
000031b5  BusFault_Handler               
000031b5  COMP_E0_IRQHandler             
000031b5  COMP_E1_IRQHandler             
000031b5  CS_IRQHandler                  
000031b5  DMA_ERR_IRQHandler             
000031b5  DMA_INT0_IRQHandler            
000031b5  DMA_INT1_IRQHandler            
000031b5  DMA_INT2_IRQHandler            
000031b5  DMA_INT3_IRQHandler            
000031b5  DebugMon_Handler               
000031b5  Default_Handler                
000031b5  EUSCIA0_IRQHandler             
000031b5  EUSCIA1_IRQHandler             
000031b5  EUSCIA2_IRQHandler             
000031b5  EUSCIA3_IRQHandler             
000031b5  EUSCIB0_IRQHandler             
000031b5  EUSCIB1_IRQHandler             
000031b5  EUSCIB2_IRQHandler             
000031b5  EUSCIB3_IRQHandler             
000031b5  FLCTL_IRQHandler               
000031b5  FPU_IRQHandler                 
000031b5  HardFault_Handler              
000031b5  MemManage_Handler              
000031b5  NMI_Handler                    
000031b5  PCM_IRQHandler                 
000031b5  PORT1_IRQHandler               
000031b5  PORT2_IRQHandler               
000031b5  PORT3_IRQHandler               
000031b5  PORT4_IRQHandler               
000031b5  PORT5_IRQHandler               
000031b5  PORT6_IRQHandler               
000031b5  PSS_IRQHandler                 
000031b5  PendSV_Handler                 
000031b5  RTC_C_IRQHandler               
000031b5  SVC_Handler                    
000031b5  SysTick_Handler                
000031b5  T32_INT1_IRQHandler            
000031b5  T32_INT2_IRQHandler            
000031b5  T32_INTC_IRQHandler            
000031b5  TA0_0_IRQHandler               
000031b5  TA0_N_IRQHandler               
000031b5  TA1_0_IRQHandler               
000031b5  TA1_N_IRQHandler               
000031b5  TA2_0_IRQHandler               
000031b5  TA2_N_IRQHandler               
000031b5  TA3_0_IRQHandler               
000031b5  TA3_N_IRQHandler               
000031b5  UsageFault_Handler             
000031b5  WDT_A_IRQHandler               
000031b9  __aeabi_errno_addr             
000031c1  malloc                         
000031d1  _system_pre_init               
000031d5  C$$EXIT                        
000031d5  abort                          
000031d8  _ctypes_                       
00003350  __TI_Handler_Table_Base        
0000335c  __TI_Handler_Table_Limit       
00003368  __TI_CINIT_Base                
00003378  __TI_CINIT_Limit               
20000000  _sys_memory                    
20000400  _ftable                        
200004f0  _device                        
20000568  _stream                        
200005b8  __TI_ft_end                    
200005bc  __aeabi_stdin                  
200005c0  __aeabi_stdout                 
200005c4  __aeabi_stderr                 
200005c8  __TI_cleanup_ptr               
200005cc  __TI_dtors_ptr                 
200005d0  __TI_enable_exit_profile_output
200005d4  _lock                          
200005d8  _unlock                        
200005e4  DC                             
200005e8  period                         
200005ec  errno                          
200005f0  SystemCoreClock                
200005f4  __CIOBUF_                      
20000714  __TI_tmpnams                   
200007b4  parmbuf                        
200007bc  num                            
200007bd  pressed                        
2000fe00  __stack                        
20010000  __STACK_END                    
4000480c  WDTCTL_SYM                     
ffffffff  __TI_pprof_out_hndl            
ffffffff  __TI_prof_data_size            
ffffffff  __TI_prof_data_start           
ffffffff  __binit__                      
ffffffff  __c_args__                     
ffffffff  binit                          
UNDEFED   __mpu_init                     
UNDEFED   _system_post_cinit             

[188 symbols]
