******************************************************************************
                  TI ARM Linker PC v18.12.4                    
******************************************************************************
>> Linked Wed Apr 14 19:06:40 2021

OUTPUT FILE NAME:   <Test_Final.out>
ENTRY POINT SYMBOL: "_c_int00_noargs"  address: 00000b79


MEMORY CONFIGURATION

         name            origin    length      used     unused   attr    fill
----------------------  --------  ---------  --------  --------  ----  --------
  MAIN                  00000000   00040000  00000bec  0003f414  R  X
  INFO                  00200000   00004000  00000000  00004000  R  X
  SRAM_CODE             01000000   00010000  0000060c  0000f9f4  RW X
  SRAM_DATA             20000000   00010000  0000060c  0000f9f4  RW  


SEGMENT ALLOCATION MAP

run origin  load origin   length   init length attrs members
----------  ----------- ---------- ----------- ----- -------
00000000    00000000    00000bec   00000bec    r-x
  00000000    00000000    000000e4   000000e4    r-- .intvecs
  000000e4    000000e4    00000aec   00000aec    r-x .text
  00000bd0    00000bd0    0000001c   0000001c    r-- .cinit
20000000    20000000    0000040c   00000000    rw-
  20000000    20000000    00000400   00000000    rw- .sysmem
  20000400    20000400    0000000c   00000000    rw- .data
2000fe00    2000fe00    00000200   00000000    rw-
  2000fe00    2000fe00    00000200   00000000    rw- .stack


SECTION ALLOCATION MAP

 output                                  attributes/
section   page    origin      length       input sections
--------  ----  ----------  ----------   ----------------
.intvecs   0    00000000    000000e4     
                  00000000    000000e4     startup_msp432p401r_ccs.obj (.intvecs:retain)

.text      0    000000e4    00000aec     
                  000000e4    00000334     system_msp432p401r.obj (.text)
                  00000418    00000290     InitPins.obj (.text)
                  000006a8    0000019c     main.obj (.text)
                  00000844    000000fc     rtsv7M4_T_le_v4SPD16_eabi.lib : fd_mul_t2.asm.obj (.text)
                  00000940    0000009c                                   : memcpy_t2.asm.obj (.text)
                  000009dc    0000006e                                   : fd_tos_t2.asm.obj (.text)
                  00000a4a    00000068                                   : copy_decompress_lzss.c.obj (.text:decompress:lzss:__TI_decompress_lzss)
                  00000ab2    00000048                                   : fd_toi_t2.asm.obj (.text)
                  00000afa    00000002     --HOLE-- [fill = 0]
                  00000afc    00000044                                   : autoinit.c.obj (.text:__TI_auto_init_nobinit_nopinit:__TI_auto_init_nobinit_nopinit)
                  00000b40    00000038                                   : fs_tod_t2.asm.obj (.text)
                  00000b78    00000034                                   : boot_cortex_m.c.obj (.text:_c_int00_noargs:_c_int00_noargs)
                  00000bac    0000000e                                   : copy_decompress_none.c.obj (.text:decompress:none:__TI_decompress_none)
                  00000bba    0000000e     startup_msp432p401r_ccs.obj (.text)
                  00000bc8    00000004     rtsv7M4_T_le_v4SPD16_eabi.lib : pre_init.c.obj (.text:_system_pre_init)
                  00000bcc    00000004                                   : exit.c.obj (.text:abort:abort)

.cinit     0    00000bd0    0000001c     
                  00000bd0    0000000b     (.cinit..data.load) [load image, compression = lzss]
                  00000bdb    00000001     --HOLE-- [fill = 0]
                  00000bdc    00000008     (__TI_handler_table)
                  00000be4    00000008     (__TI_cinit_table)

.init_array 
*          0    00000000    00000000     UNINITIALIZED

.binit     0    00000000    00000000     

.data      0    20000400    0000000c     UNINITIALIZED
                  20000400    00000008     main.obj (.data)
                  20000408    00000004     system_msp432p401r.obj (.data)

.sysmem    0    20000000    00000400     UNINITIALIZED
                  20000000    00000010     rtsv7M4_T_le_v4SPD16_eabi.lib : memory.c.obj (.sysmem)
                  20000010    000003f0     --HOLE--

.stack     0    2000fe00    00000200     UNINITIALIZED
                  2000fe00    00000004     rtsv7M4_T_le_v4SPD16_eabi.lib : boot_cortex_m.c.obj (.stack)
                  2000fe04    000001fc     --HOLE--

MODULE SUMMARY

       Module                        code   ro data   rw data
       ------                        ----   -------   -------
    .\
       system_msp432p401r.obj        820    0         8      
       InitPins.obj                  656    0         0      
       main.obj                      412    0         16     
       startup_msp432p401r_ccs.obj   14     228       0      
    +--+-----------------------------+------+---------+---------+
       Total:                        1902   228       24     
                                                             
    C:\ti\ccs930\ccs\tools\compiler\ti-cgt-arm_18.12.4.LTS\lib\rtsv7M4_T_le_v4SPD16_eabi.lib
       fd_mul_t2.asm.obj             252    0         0      
       memcpy_t2.asm.obj             156    0         0      
       fd_tos_t2.asm.obj             110    0         0      
       copy_decompress_lzss.c.obj    104    0         0      
       fd_toi_t2.asm.obj             72     0         0      
       autoinit.c.obj                68     0         0      
       fs_tod_t2.asm.obj             56     0         0      
       boot_cortex_m.c.obj           52     0         0      
       copy_decompress_none.c.obj    14     0         0      
       exit.c.obj                    4      0         0      
       pre_init.c.obj                4      0         0      
    +--+-----------------------------+------+---------+---------+
       Total:                        892    0         0      
                                                             
       Heap:                         0      0         2048   
       Stack:                        0      0         1024   
       Linker Generated:             0      27        0      
    +--+-----------------------------+------+---------+---------+
       Grand Total:                  2794   255       3096   


LINKER GENERATED COPY TABLES

__TI_cinit_table @ 00000be4 records: 1, size/record: 8, table size: 8
	.data: load addr=00000bd0, load size=0000000b bytes, run addr=20000400, run size=0000000c bytes, compression=lzss


LINKER GENERATED HANDLER TABLE

__TI_handler_table @ 00000bdc records: 2, size/record: 4, table size: 8
	index: 0, handler: __TI_decompress_lzss
	index: 1, handler: __TI_decompress_none


GLOBAL SYMBOLS: SORTED ALPHABETICALLY BY Name 

address   name                          
-------   ----                          
00000bc7  ADC14_IRQHandler              
00000729  ADCsetup                      
00000bc7  AES256_IRQHandler             
000005d1  Back_init                     
00000bc7  BusFault_Handler              
000004b3  Button_init                   
00000bcd  C$$EXIT                       
00000bc7  COMP_E0_IRQHandler            
00000bc7  COMP_E1_IRQHandler            
00000bc7  CS_IRQHandler                 
0000046b  DC_init                       
00000bc7  DMA_ERR_IRQHandler            
00000bc7  DMA_INT0_IRQHandler           
00000bc7  DMA_INT1_IRQHandler           
00000bc7  DMA_INT2_IRQHandler           
00000bc7  DMA_INT3_IRQHandler           
00000bc7  DebugMon_Handler              
00000bc7  Default_Handler               
00000bc7  EUSCIA0_IRQHandler            
00000bc7  EUSCIA1_IRQHandler            
00000bc7  EUSCIA2_IRQHandler            
00000bc7  EUSCIA3_IRQHandler            
00000bc7  EUSCIB0_IRQHandler            
00000bc7  EUSCIB1_IRQHandler            
00000bc7  EUSCIB2_IRQHandler            
00000bc7  EUSCIB3_IRQHandler            
00000bc7  FLCTL_IRQHandler              
00000bc7  FPU_IRQHandler                
00000bc7  HardFault_Handler             
00000419  LED_init                      
00000bc7  MemManage_Handler             
00000bc7  NMI_Handler                   
00000bc7  PCM_IRQHandler                
00000bc7  PORT1_IRQHandler              
00000bc7  PORT2_IRQHandler              
00000bc7  PORT3_IRQHandler              
00000bc7  PORT4_IRQHandler              
00000bc7  PORT5_IRQHandler              
00000bc7  PORT6_IRQHandler              
00000bc7  PSS_IRQHandler                
00000bc7  PendSV_Handler                
00000533  RGB_init                      
00000bc7  RTC_C_IRQHandler              
00000bbb  Reset_Handler                 
00000bc7  SVC_Handler                   
00000501  Servo_init                    
00000bc7  SysTick_Handler               
20000408  SystemCoreClock               
000000e5  SystemCoreClockUpdate         
0000035d  SystemInit                    
00000bc7  T32_INT1_IRQHandler           
0000076f  T32_INT2_IRQHandler           
0000076f  T32_INT2_IRQHandler           
00000bc7  T32_INTC_IRQHandler           
00000bc7  TA0_0_IRQHandler              
00000bc7  TA0_N_IRQHandler              
00000bc7  TA1_0_IRQHandler              
00000bc7  TA1_N_IRQHandler              
00000bc7  TA2_0_IRQHandler              
00000bc7  TA2_N_IRQHandler              
00000bc7  TA3_0_IRQHandler              
00000bc7  TA3_N_IRQHandler              
00000bc7  UsageFault_Handler            
4000480c  WDTCTL_SYM                    
00000bc7  WDT_A_IRQHandler              
20010000  __STACK_END                   
00000200  __STACK_SIZE                  
00000400  __SYSMEM_SIZE                 
00000be4  __TI_CINIT_Base               
00000bec  __TI_CINIT_Limit              
00000bdc  __TI_Handler_Table_Base       
00000be4  __TI_Handler_Table_Limit      
00000afd  __TI_auto_init_nobinit_nopinit
00000a4b  __TI_decompress_lzss          
00000bad  __TI_decompress_none          
ffffffff  __TI_pprof_out_hndl           
ffffffff  __TI_prof_data_size           
ffffffff  __TI_prof_data_start          
00000000  __TI_static_base__            
000009dd  __aeabi_d2f                   
00000ab3  __aeabi_d2iz                  
00000845  __aeabi_dmul                  
00000b41  __aeabi_f2d                   
00000941  __aeabi_memcpy                
00000941  __aeabi_memcpy4               
00000941  __aeabi_memcpy8               
ffffffff  __binit__                     
ffffffff  __c_args__                    
UNDEFED   __mpu_init                    
2000fe00  __stack                       
00000b79  _c_int00_noargs               
20000000  _sys_memory                   
UNDEFED   _system_post_cinit            
00000bc9  _system_pre_init              
00000bcd  abort                         
ffffffff  binit                         
00000000  interruptVectors              
000006d5  main                          
00000941  memcpy                        
20000400  result                        
20000404  voltage                       


GLOBAL SYMBOLS: SORTED BY Symbol Address 

address   name                          
-------   ----                          
00000000  __TI_static_base__            
00000000  interruptVectors              
000000e5  SystemCoreClockUpdate         
00000200  __STACK_SIZE                  
0000035d  SystemInit                    
00000400  __SYSMEM_SIZE                 
00000419  LED_init                      
0000046b  DC_init                       
000004b3  Button_init                   
00000501  Servo_init                    
00000533  RGB_init                      
000005d1  Back_init                     
000006d5  main                          
00000729  ADCsetup                      
0000076f  T32_INT2_IRQHandler           
0000076f  T32_INT2_IRQHandler           
00000845  __aeabi_dmul                  
00000941  __aeabi_memcpy                
00000941  __aeabi_memcpy4               
00000941  __aeabi_memcpy8               
00000941  memcpy                        
000009dd  __aeabi_d2f                   
00000a4b  __TI_decompress_lzss          
00000ab3  __aeabi_d2iz                  
00000afd  __TI_auto_init_nobinit_nopinit
00000b41  __aeabi_f2d                   
00000b79  _c_int00_noargs               
00000bad  __TI_decompress_none          
00000bbb  Reset_Handler                 
00000bc7  ADC14_IRQHandler              
00000bc7  AES256_IRQHandler             
00000bc7  BusFault_Handler              
00000bc7  COMP_E0_IRQHandler            
00000bc7  COMP_E1_IRQHandler            
00000bc7  CS_IRQHandler                 
00000bc7  DMA_ERR_IRQHandler            
00000bc7  DMA_INT0_IRQHandler           
00000bc7  DMA_INT1_IRQHandler           
00000bc7  DMA_INT2_IRQHandler           
00000bc7  DMA_INT3_IRQHandler           
00000bc7  DebugMon_Handler              
00000bc7  Default_Handler               
00000bc7  EUSCIA0_IRQHandler            
00000bc7  EUSCIA1_IRQHandler            
00000bc7  EUSCIA2_IRQHandler            
00000bc7  EUSCIA3_IRQHandler            
00000bc7  EUSCIB0_IRQHandler            
00000bc7  EUSCIB1_IRQHandler            
00000bc7  EUSCIB2_IRQHandler            
00000bc7  EUSCIB3_IRQHandler            
00000bc7  FLCTL_IRQHandler              
00000bc7  FPU_IRQHandler                
00000bc7  HardFault_Handler             
00000bc7  MemManage_Handler             
00000bc7  NMI_Handler                   
00000bc7  PCM_IRQHandler                
00000bc7  PORT1_IRQHandler              
00000bc7  PORT2_IRQHandler              
00000bc7  PORT3_IRQHandler              
00000bc7  PORT4_IRQHandler              
00000bc7  PORT5_IRQHandler              
00000bc7  PORT6_IRQHandler              
00000bc7  PSS_IRQHandler                
00000bc7  PendSV_Handler                
00000bc7  RTC_C_IRQHandler              
00000bc7  SVC_Handler                   
00000bc7  SysTick_Handler               
00000bc7  T32_INT1_IRQHandler           
00000bc7  T32_INTC_IRQHandler           
00000bc7  TA0_0_IRQHandler              
00000bc7  TA0_N_IRQHandler              
00000bc7  TA1_0_IRQHandler              
00000bc7  TA1_N_IRQHandler              
00000bc7  TA2_0_IRQHandler              
00000bc7  TA2_N_IRQHandler              
00000bc7  TA3_0_IRQHandler              
00000bc7  TA3_N_IRQHandler              
00000bc7  UsageFault_Handler            
00000bc7  WDT_A_IRQHandler              
00000bc9  _system_pre_init              
00000bcd  C$$EXIT                       
00000bcd  abort                         
00000bdc  __TI_Handler_Table_Base       
00000be4  __TI_CINIT_Base               
00000be4  __TI_Handler_Table_Limit      
00000bec  __TI_CINIT_Limit              
20000000  _sys_memory                   
20000400  result                        
20000404  voltage                       
20000408  SystemCoreClock               
2000fe00  __stack                       
20010000  __STACK_END                   
4000480c  WDTCTL_SYM                    
ffffffff  __TI_pprof_out_hndl           
ffffffff  __TI_prof_data_size           
ffffffff  __TI_prof_data_start          
ffffffff  __binit__                     
ffffffff  __c_args__                    
ffffffff  binit                         
UNDEFED   __mpu_init                    
UNDEFED   _system_post_cinit            

[101 symbols]
