******************************************************************************
                  TI ARM Linker PC v18.12.4                    
******************************************************************************
>> Linked Sun Apr 11 16:33:40 2021

OUTPUT FILE NAME:   <Test_Final.out>
ENTRY POINT SYMBOL: "_c_int00_noargs"  address: 00002f95


MEMORY CONFIGURATION

         name            origin    length      used     unused   attr    fill
----------------------  --------  ---------  --------  --------  ----  --------
  MAIN                  00000000   00040000  000033b9  0003cc47  R  X
  INFO                  00200000   00004000  00000000  00004000  R  X
  SRAM_CODE             01000000   00010000  000009be  0000f642  RW X
  SRAM_DATA             20000000   00010000  000009be  0000f642  RW  


SEGMENT ALLOCATION MAP

run origin  load origin   length   init length attrs members
----------  ----------- ---------- ----------- ----- -------
00000000    00000000    000033c0   000033c0    r-x
  00000000    00000000    000000e4   000000e4    r-- .intvecs
  000000e4    000000e4    0000313c   0000313c    r-x .text
  00003220    00003220    00000101   00000101    r-- .const
  00003328    00003328    00000098   00000098    r-- .cinit
20000000    20000000    000007be   00000000    rw-
  20000000    20000000    00000400   00000000    rw- .sysmem
  20000400    20000400    000001f4   00000000    rw- .data
  200005f4    200005f4    000001ca   00000000    rw- .bss
2000fe00    2000fe00    00000200   00000000    rw-
  2000fe00    2000fe00    00000200   00000000    rw- .stack


SECTION ALLOCATION MAP

 output                                  attributes/
section   page    origin      length       input sections
--------  ----  ----------  ----------   ----------------
.intvecs   0    00000000    000000e4     
                  00000000    000000e4     startup_msp432p401r_ccs.obj (.intvecs:retain)

.text      0    000000e4    0000313c     
                  000000e4    00000a4e     rtsv7M4_T_le_v4SPD16_eabi.lib : _printfi.c.obj (.text:__TI_printfi)
                  00000b32    00000002                                   : _lock.c.obj (.text:_nop)
                  00000b34    00000334     system_msp432p401r.obj (.text)
                  00000e68    00000270     rtsv7M4_T_le_v4SPD16_eabi.lib : _printfi.c.obj (.text:_pconv_a)
                  000010d8    000001f0     Keypad.obj (.text)
                  000012c8    000001d0     rtsv7M4_T_le_v4SPD16_eabi.lib : _printfi.c.obj (.text:_pconv_g)
                  00001498    000001b6                                   : fd_add_t2.asm.obj (.text)
                  0000164e    00000002                                   : div0.asm.obj (.text)
                  00001650    00000188     main.obj (.text)
                  000017d8    0000013c     rtsv7M4_T_le_v4SPD16_eabi.lib : _printfi.c.obj (.text:_pconv_e)
                  00001914    00000136                                   : fd_div_t2.asm.obj (.text)
                  00001a4a    00000002     --HOLE-- [fill = 0]
                  00001a4c    00000124                                   : _printfi.c.obj (.text:fcvt)
                  00001b70    00000118                                   : memory.c.obj (.text:aligned_alloc)
                  00001c88    00000114                                   : fputs.c.obj (.text:fputs)
                  00001d9c    00000110                                   : s_scalbn.c.obj (.text:scalbn)
                  00001eac    000000fc                                   : fd_mul_t2.asm.obj (.text)
                  00001fa8    000000e4                                   : memory.c.obj (.text:free)
                  0000208c    000000dc                                   : setvbuf.c.obj (.text:setvbuf)
                  00002168    000000b1                                   : _printfi.c.obj (.text:_ltostr)
                  00002219    00000001     --HOLE-- [fill = 0]
                  0000221a    0000009c                                   : memcpy_t2.asm.obj (.text)
                  000022b6    00000096                                   : ull_div_t2.asm.obj (.text)
                  0000234c    0000008c                                   : fputc.c.obj (.text:fputc)
                  000023d8    00000086                                   : fd_cmp_t2.asm.obj (.text:__aeabi_cdcmple)
                  0000245e    00000086                                   : fd_cmp_t2.asm.obj (.text:__aeabi_cdrcmple)
                  000024e4    0000007a                                   : memset_t2.asm.obj (.text)
                  0000255e    00000002     --HOLE-- [fill = 0]
                  00002560    00000074                                   : fclose.c.obj (.text:__TI_closefile)
                  000025d4    00000070                                   : memory.c.obj (.text:split)
                  00002644    0000006e                                   : _printfi.c.obj (.text:_mcpy)
                  000026b2    00000002     --HOLE-- [fill = 0]
                  000026b4    0000006c                                   : hostrename.c.obj (.text:HOSTrename)
                  00002720    00000068                                   : hostlseek.c.obj (.text:HOSTlseek)
                  00002788    00000068                                   : copy_decompress_lzss.c.obj (.text:decompress:lzss:__TI_decompress_lzss)
                  000027f0    00000068                                   : printf.c.obj (.text:printf)
                  00002858    00000064                                   : s_frexp.c.obj (.text:frexp)
                  000028bc    00000064                                   : fseek.c.obj (.text:fseek)
                  00002920    00000062                                   : _io_perm.c.obj (.text:__TI_wrt_ok)
                  00002982    00000002     --HOLE-- [fill = 0]
                  00002984    00000060                                   : hostopen.c.obj (.text:HOSTopen)
                  000029e4    0000005c                                   : close.c.obj (.text:close)
                  00002a40    00000058                                   : hostread.c.obj (.text:HOSTread)
                  00002a98    00000058                                   : hostwrite.c.obj (.text:HOSTwrite)
                  00002af0    00000056                                   : _printfi.c.obj (.text:_pconv_f)
                  00002b46    00000002     --HOLE-- [fill = 0]
                  00002b48    00000054     SysTick.obj (.text)
                  00002b9c    00000054     rtsv7M4_T_le_v4SPD16_eabi.lib : ltoa.c.obj (.text:ltoa)
                  00002bf0    00000052                                   : _printfi.c.obj (.text:_ecpy)
                  00002c42    0000004c                                   : fflush.c.obj (.text:__TI_doflush)
                  00002c8e    00000002     --HOLE-- [fill = 0]
                  00002c90    0000004c                                   : atoi.c.obj (.text:atoi)
                  00002cdc    00000048                                   : exit.c.obj (.text:exit)
                  00002d24    00000048                                   : fd_toi_t2.asm.obj (.text)
                  00002d6c    00000044                                   : hostclose.c.obj (.text:HOSTclose)
                  00002db0    00000044                                   : hostunlink.c.obj (.text:HOSTunlink)
                  00002df4    00000044                                   : autoinit.c.obj (.text:__TI_auto_init_nobinit_nopinit:__TI_auto_init_nobinit_nopinit)
                  00002e38    00000044                                   : getdevice.c.obj (.text:getdevice)
                  00002e7c    0000003e                                   : _printfi.c.obj (.text:_fcpy)
                  00002eba    00000002     --HOLE-- [fill = 0]
                  00002ebc    00000038                                   : trgmsg.c.obj (.text:__TI_writemsg)
                  00002ef4    00000036                                   : strncpy.c.obj (.text:strncpy)
                  00002f2a    00000002     --HOLE-- [fill = 0]
                  00002f2c    00000034                                   : fopen.c.obj (.text:__TI_cleanup)
                  00002f60    00000034                                   : trgmsg.c.obj (.text:__TI_readmsg)
                  00002f94    00000034                                   : boot_cortex_m.c.obj (.text:_c_int00_noargs:_c_int00_noargs)
                  00002fc8    00000030                                   : getdevice.c.obj (.text:finddevice)
                  00002ff8    0000002e                                   : i_tofd_t2.asm.obj (.text)
                  00003026    00000002     --HOLE-- [fill = 0]
                  00003028    0000002c                                   : unlink.c.obj (.text:unlink)
                  00003054    00000028                                   : memory.c.obj (.text:free_list_insert)
                  0000307c    00000028                                   : lseek.c.obj (.text:lseek)
                  000030a4    00000028                                   : write.c.obj (.text:write)
                  000030cc    00000020                                   : memchr.c.obj (.text:memchr)
                  000030ec    00000020                                   : u_tofd_t2.asm.obj (.text)
                  0000310c    0000001c                                   : copy_zero_init.c.obj (.text:decompress:ZI:__TI_zero_init_nomemset:__TI_zero_init_nomemset)
                  00003128    0000001c                                   : memory.c.obj (.text:free_list_remove)
                  00003144    0000001c                                   : memccpy.c.obj (.text:memccpy)
                  00003160    0000001a                                   : s_copysign.c.obj (.text:copysign)
                  0000317a    00000018                                   : strcmp.c.obj (.text:strcmp)
                  00003192    00000016                                   : strchr.c.obj (.text:strchr)
                  000031a8    00000014                                   : strcpy.c.obj (.text:strcpy)
                  000031bc    00000014                                   : strlen.c.obj (.text:strlen)
                  000031d0    00000012                                   : wcslen.c.obj (.text:wcslen)
                  000031e2    0000000e                                   : copy_decompress_none.c.obj (.text:decompress:none:__TI_decompress_none)
                  000031f0    0000000e     startup_msp432p401r_ccs.obj (.text)
                  000031fe    00000002     --HOLE-- [fill = 0]
                  00003200    00000008     rtsv7M4_T_le_v4SPD16_eabi.lib : errno.c.obj (.text:__aeabi_errno_addr)
                  00003208    00000008                                   : memory.c.obj (.text:malloc)
                  00003210    00000004                                   : printf.c.obj (.text:_outc)
                  00003214    00000004                                   : printf.c.obj (.text:_outs)
                  00003218    00000004                                   : pre_init.c.obj (.text:_system_pre_init)
                  0000321c    00000004                                   : exit.c.obj (.text:abort:abort)

.const     0    00003220    00000101     
                  00003220    00000101     rtsv7M4_T_le_v4SPD16_eabi.lib : ctype.c.obj (.const:.string:_ctypes_)

.cinit     0    00003328    00000098     
                  00003328    00000070     (.cinit..data.load) [load image, compression = lzss]
                  00003398    0000000c     (__TI_handler_table)
                  000033a4    00000004     --HOLE-- [fill = 0]
                  000033a8    00000008     (.cinit..bss.load) [load image, compression = zero_init]
                  000033b0    00000010     (__TI_cinit_table)

.init_array 
*          0    00000000    00000000     UNINITIALIZED

.binit     0    00000000    00000000     

.sysmem    0    20000000    00000400     UNINITIALIZED
                  20000000    00000010     rtsv7M4_T_le_v4SPD16_eabi.lib : memory.c.obj (.sysmem)
                  20000010    000003f0     --HOLE--

.data      0    20000400    000001f4     UNINITIALIZED
                  20000400    000000f0     rtsv7M4_T_le_v4SPD16_eabi.lib : defs.c.obj (.data:_ftable)
                  200004f0    00000078                                   : host_device.c.obj (.data:_device)
                  20000568    00000050                                   : host_device.c.obj (.data:_stream)
                  200005b8    00000010                                   : defs.c.obj (.data)
                  200005c8    0000000c                                   : exit.c.obj (.data:$O1$$)
                  200005d4    00000008                                   : _lock.c.obj (.data:$O1$$)
                  200005dc    00000008                                   : memory.c.obj (.data:$O1$$)
                  200005e4    00000008     main.obj (.data)
                  200005ec    00000004     rtsv7M4_T_le_v4SPD16_eabi.lib : errno.c.obj (.data)
                  200005f0    00000004     system_msp432p401r.obj (.data)

.bss       0    200005f4    000001ca     UNINITIALIZED
                  200005f4    00000120     rtsv7M4_T_le_v4SPD16_eabi.lib : trgmsg.c.obj (.bss:_CIOBUF_)
                  20000714    000000a0     (.common:__TI_tmpnams)
                  200007b4    00000008     (.common:parmbuf)
                  200007bc    00000001     (.common:num)
                  200007bd    00000001     (.common:pressed)

.stack     0    2000fe00    00000200     UNINITIALIZED
                  2000fe00    00000004     rtsv7M4_T_le_v4SPD16_eabi.lib : boot_cortex_m.c.obj (.stack)
                  2000fe04    000001fc     --HOLE--

MODULE SUMMARY

       Module                        code    ro data   rw data
       ------                        ----    -------   -------
    .\
       system_msp432p401r.obj        820     0         8      
       Keypad.obj                    496     0         4      
       main.obj                      392     0         16     
       startup_msp432p401r_ccs.obj   14      228       0      
       SysTick.obj                   84      0         0      
    +--+-----------------------------+-------+---------+---------+
       Total:                        1806    228       28     
                                                              
    C:\ti\ccs930\ccs\tools\compiler\ti-cgt-arm_18.12.4.LTS\lib\rtsv7M4_T_le_v4SPD16_eabi.lib
       _printfi.c.obj                4851    0         0      
       defs.c.obj                    0       0         832    
       memory.c.obj                  696     0         16     
       trgmsg.c.obj                  108     0         576    
       fd_add_t2.asm.obj             438     0         0      
       host_device.c.obj             0       0         400    
       fd_div_t2.asm.obj             310     0         0      
       fputs.c.obj                   276     0         0      
       s_scalbn.c.obj                272     0         0      
       fd_cmp_t2.asm.obj             268     0         0      
       ctype.c.obj                   0       257       0      
       fd_mul_t2.asm.obj             252     0         0      
       setvbuf.c.obj                 220     0         0      
       memcpy_t2.asm.obj             156     0         0      
       ull_div_t2.asm.obj            150     0         0      
       fputc.c.obj                   140     0         0      
       memset_t2.asm.obj             122     0         0      
       fclose.c.obj                  116     0         0      
       getdevice.c.obj               116     0         0      
       hostopen.c.obj                96      0         16     
       printf.c.obj                  112     0         0      
       hostrename.c.obj              108     0         0      
       copy_decompress_lzss.c.obj    104     0         0      
       hostlseek.c.obj               104     0         0      
       exit.c.obj                    76      0         24     
       fseek.c.obj                   100     0         0      
       s_frexp.c.obj                 100     0         0      
       _io_perm.c.obj                98      0         0      
       close.c.obj                   92      0         0      
       hostread.c.obj                88      0         0      
       hostwrite.c.obj               88      0         0      
       ltoa.c.obj                    84      0         0      
       atoi.c.obj                    76      0         0      
       fflush.c.obj                  76      0         0      
       fd_toi_t2.asm.obj             72      0         0      
       autoinit.c.obj                68      0         0      
       hostclose.c.obj               68      0         0      
       hostunlink.c.obj              68      0         0      
       strncpy.c.obj                 54      0         0      
       boot_cortex_m.c.obj           52      0         0      
       fopen.c.obj                   52      0         0      
       i_tofd_t2.asm.obj             46      0         0      
       unlink.c.obj                  44      0         0      
       lseek.c.obj                   40      0         0      
       write.c.obj                   40      0         0      
       memchr.c.obj                  32      0         0      
       u_tofd_t2.asm.obj             32      0         0      
       copy_zero_init.c.obj          28      0         0      
       memccpy.c.obj                 28      0         0      
       s_copysign.c.obj              26      0         0      
       strcmp.c.obj                  24      0         0      
       strchr.c.obj                  22      0         0      
       strcpy.c.obj                  20      0         0      
       strlen.c.obj                  20      0         0      
       _lock.c.obj                   2       0         16     
       wcslen.c.obj                  18      0         0      
       errno.c.obj                   8       0         8      
       copy_decompress_none.c.obj    14      0         0      
       pre_init.c.obj                4       0         0      
       div0.asm.obj                  2       0         0      
    +--+-----------------------------+-------+---------+---------+
       Total:                        10777   257       1888   
                                                              
       Heap:                         0       0         2048   
       Stack:                        0       0         1024   
       Linker Generated:             0       148       0      
    +--+-----------------------------+-------+---------+---------+
       Grand Total:                  12583   633       4988   


LINKER GENERATED COPY TABLES

__TI_cinit_table @ 000033b0 records: 2, size/record: 8, table size: 16
	.data: load addr=00003328, load size=00000070 bytes, run addr=20000400, run size=000001f4 bytes, compression=lzss
	.bss: load addr=000033a8, load size=00000008 bytes, run addr=200005f4, run size=000001ca bytes, compression=zero_init


LINKER GENERATED HANDLER TABLE

__TI_handler_table @ 00003398 records: 3, size/record: 4, table size: 12
	index: 0, handler: __TI_decompress_lzss
	index: 1, handler: __TI_decompress_none
	index: 2, handler: __TI_zero_init


GLOBAL SYMBOLS: SORTED ALPHABETICALLY BY Name 

address   name                           
-------   ----                           
000031fd  ADC14_IRQHandler               
000031fd  AES256_IRQHandler              
000031fd  BusFault_Handler               
0000321d  C$$EXIT                        
00002eeb  C$$IO$$                        
000031fd  COMP_E0_IRQHandler             
000031fd  COMP_E1_IRQHandler             
000031fd  CS_IRQHandler                  
200005e4  DC                             
000031fd  DMA_ERR_IRQHandler             
000031fd  DMA_INT0_IRQHandler            
000031fd  DMA_INT1_IRQHandler            
000031fd  DMA_INT2_IRQHandler            
000031fd  DMA_INT3_IRQHandler            
000031fd  DebugMon_Handler               
000031fd  Default_Handler                
000031fd  EUSCIA0_IRQHandler             
000031fd  EUSCIA1_IRQHandler             
000031fd  EUSCIA2_IRQHandler             
000031fd  EUSCIA3_IRQHandler             
000031fd  EUSCIB0_IRQHandler             
000031fd  EUSCIB1_IRQHandler             
000031fd  EUSCIB2_IRQHandler             
000031fd  EUSCIB3_IRQHandler             
000031fd  FLCTL_IRQHandler               
000031fd  FPU_IRQHandler                 
00002d6d  HOSTclose                      
00002721  HOSTlseek                      
00002985  HOSTopen                       
00002a41  HOSTread                       
000026b5  HOSTrename                     
00002db1  HOSTunlink                     
00002a99  HOSTwrite                      
000031fd  HardFault_Handler              
000010d9  Keypad_Init                    
000031fd  MemManage_Handler              
000031fd  NMI_Handler                    
000031fd  PCM_IRQHandler                 
000031fd  PORT1_IRQHandler               
000031fd  PORT2_IRQHandler               
000031fd  PORT3_IRQHandler               
000031fd  PORT4_IRQHandler               
000031fd  PORT5_IRQHandler               
000031fd  PORT6_IRQHandler               
000031fd  PSS_IRQHandler                 
000031fd  PendSV_Handler                 
00001221  Print_Keys                     
000031fd  RTC_C_IRQHandler               
0000110d  Read_Keypad                    
000031f1  Reset_Handler                  
000031fd  SVC_Handler                    
00002b65  SysTick_Delay                  
000031fd  SysTick_Handler                
00002b49  SysTick_Init                   
200005f0  SystemCoreClock                
00000b35  SystemCoreClockUpdate          
00000dad  SystemInit                     
000031fd  T32_INT1_IRQHandler            
000031fd  T32_INT2_IRQHandler            
000031fd  T32_INTC_IRQHandler            
000031fd  TA0_0_IRQHandler               
000031fd  TA0_N_IRQHandler               
000031fd  TA1_0_IRQHandler               
000031fd  TA1_N_IRQHandler               
000031fd  TA2_0_IRQHandler               
000031fd  TA2_N_IRQHandler               
000031fd  TA3_0_IRQHandler               
000031fd  TA3_N_IRQHandler               
000031fd  UsageFault_Handler             
4000480c  WDTCTL_SYM                     
000031fd  WDT_A_IRQHandler               
200005f4  __CIOBUF_                      
20010000  __STACK_END                    
00000200  __STACK_SIZE                   
00000400  __SYSMEM_SIZE                  
000033b0  __TI_CINIT_Base                
000033c0  __TI_CINIT_Limit               
00003398  __TI_Handler_Table_Base        
000033a4  __TI_Handler_Table_Limit       
00002df5  __TI_auto_init_nobinit_nopinit 
00002f2d  __TI_cleanup                   
200005c8  __TI_cleanup_ptr               
00002561  __TI_closefile                 
00002789  __TI_decompress_lzss           
000031e3  __TI_decompress_none           
00002c43  __TI_doflush                   
200005cc  __TI_dtors_ptr                 
200005d0  __TI_enable_exit_profile_output
200005b8  __TI_ft_end                    
ffffffff  __TI_pprof_out_hndl            
000000e5  __TI_printfi                   
ffffffff  __TI_prof_data_size            
ffffffff  __TI_prof_data_start           
00002f61  __TI_readmsg                   
00000000  __TI_static_base__             
20000714  __TI_tmpnams                   
00002ebd  __TI_writemsg                  
00002921  __TI_wrt_ok                    
0000310d  __TI_zero_init_nomemset        
000023d9  __aeabi_cdcmpeq                
000023d9  __aeabi_cdcmple                
0000245f  __aeabi_cdrcmple               
00002d25  __aeabi_d2iz                   
000014a3  __aeabi_dadd                   
00001915  __aeabi_ddiv                   
00001ead  __aeabi_dmul                   
00001499  __aeabi_dsub                   
00003201  __aeabi_errno_addr             
00002ff9  __aeabi_i2d                    
0000164f  __aeabi_idiv0                  
0000164f  __aeabi_ldiv0                  
000024e5  __aeabi_memclr                 
000024e5  __aeabi_memclr4                
000024e5  __aeabi_memclr8                
0000221b  __aeabi_memcpy                 
0000221b  __aeabi_memcpy4                
0000221b  __aeabi_memcpy8                
000024e7  __aeabi_memset                 
000024e7  __aeabi_memset4                
000024e7  __aeabi_memset8                
200005c4  __aeabi_stderr                 
200005bc  __aeabi_stdin                  
200005c0  __aeabi_stdout                 
000030ed  __aeabi_ui2d                   
000022b7  __aeabi_uldivmod               
ffffffff  __binit__                      
ffffffff  __c_args__                     
UNDEFED   __mpu_init                     
2000fe00  __stack                        
00002f95  _c_int00_noargs                
00003220  _ctypes_                       
200004f0  _device                        
20000400  _ftable                        
200005d4  _lock                          
00000b33  _nop                           
20000568  _stream                        
20000000  _sys_memory                    
UNDEFED   _system_post_cinit             
00003219  _system_pre_init               
200005d8  _unlock                        
0000321d  abort                          
00001b71  aligned_alloc                  
00002c91  atoi                           
ffffffff  binit                          
000029e5  close                          
00003161  copysign                       
00003161  copysignl                      
200005ec  errno                          
00002cdd  exit                           
00002fc9  finddevice                     
0000234d  fputc                          
00001c89  fputs                          
00001fa9  free                           
00002859  frexp                          
00002859  frexpl                         
000028bd  fseek                          
00002e39  getdevice                      
00000000  interruptVectors               
00001d9d  ldexp                          
00001d9d  ldexpl                         
0000307d  lseek                          
00002b9d  ltoa                           
00001651  main                           
00003209  malloc                         
00001b71  memalign                       
00003145  memccpy                        
000030cd  memchr                         
0000221b  memcpy                         
000024ed  memset                         
200007bc  num                            
200007b4  parmbuf                        
200005e8  period                         
000016f5  pin_init                       
200007bd  pressed                        
000027f1  printf                         
0000234d  putc                           
00003029  remove                         
00001d9d  scalbn                         
00001d9d  scalbnl                        
0000208d  setvbuf                        
00003193  strchr                         
0000317b  strcmp                         
000031a9  strcpy                         
000031bd  strlen                         
00002ef5  strncpy                        
00003029  unlink                         
000031d1  wcslen                         
000030a5  write                          


GLOBAL SYMBOLS: SORTED BY Symbol Address 

address   name                           
-------   ----                           
00000000  __TI_static_base__             
00000000  interruptVectors               
000000e5  __TI_printfi                   
00000200  __STACK_SIZE                   
00000400  __SYSMEM_SIZE                  
00000b33  _nop                           
00000b35  SystemCoreClockUpdate          
00000dad  SystemInit                     
000010d9  Keypad_Init                    
0000110d  Read_Keypad                    
00001221  Print_Keys                     
00001499  __aeabi_dsub                   
000014a3  __aeabi_dadd                   
0000164f  __aeabi_idiv0                  
0000164f  __aeabi_ldiv0                  
00001651  main                           
000016f5  pin_init                       
00001915  __aeabi_ddiv                   
00001b71  aligned_alloc                  
00001b71  memalign                       
00001c89  fputs                          
00001d9d  ldexp                          
00001d9d  ldexpl                         
00001d9d  scalbn                         
00001d9d  scalbnl                        
00001ead  __aeabi_dmul                   
00001fa9  free                           
0000208d  setvbuf                        
0000221b  __aeabi_memcpy                 
0000221b  __aeabi_memcpy4                
0000221b  __aeabi_memcpy8                
0000221b  memcpy                         
000022b7  __aeabi_uldivmod               
0000234d  fputc                          
0000234d  putc                           
000023d9  __aeabi_cdcmpeq                
000023d9  __aeabi_cdcmple                
0000245f  __aeabi_cdrcmple               
000024e5  __aeabi_memclr                 
000024e5  __aeabi_memclr4                
000024e5  __aeabi_memclr8                
000024e7  __aeabi_memset                 
000024e7  __aeabi_memset4                
000024e7  __aeabi_memset8                
000024ed  memset                         
00002561  __TI_closefile                 
000026b5  HOSTrename                     
00002721  HOSTlseek                      
00002789  __TI_decompress_lzss           
000027f1  printf                         
00002859  frexp                          
00002859  frexpl                         
000028bd  fseek                          
00002921  __TI_wrt_ok                    
00002985  HOSTopen                       
000029e5  close                          
00002a41  HOSTread                       
00002a99  HOSTwrite                      
00002b49  SysTick_Init                   
00002b65  SysTick_Delay                  
00002b9d  ltoa                           
00002c43  __TI_doflush                   
00002c91  atoi                           
00002cdd  exit                           
00002d25  __aeabi_d2iz                   
00002d6d  HOSTclose                      
00002db1  HOSTunlink                     
00002df5  __TI_auto_init_nobinit_nopinit 
00002e39  getdevice                      
00002ebd  __TI_writemsg                  
00002eeb  C$$IO$$                        
00002ef5  strncpy                        
00002f2d  __TI_cleanup                   
00002f61  __TI_readmsg                   
00002f95  _c_int00_noargs                
00002fc9  finddevice                     
00002ff9  __aeabi_i2d                    
00003029  remove                         
00003029  unlink                         
0000307d  lseek                          
000030a5  write                          
000030cd  memchr                         
000030ed  __aeabi_ui2d                   
0000310d  __TI_zero_init_nomemset        
00003145  memccpy                        
00003161  copysign                       
00003161  copysignl                      
0000317b  strcmp                         
00003193  strchr                         
000031a9  strcpy                         
000031bd  strlen                         
000031d1  wcslen                         
000031e3  __TI_decompress_none           
000031f1  Reset_Handler                  
000031fd  ADC14_IRQHandler               
000031fd  AES256_IRQHandler              
000031fd  BusFault_Handler               
000031fd  COMP_E0_IRQHandler             
000031fd  COMP_E1_IRQHandler             
000031fd  CS_IRQHandler                  
000031fd  DMA_ERR_IRQHandler             
000031fd  DMA_INT0_IRQHandler            
000031fd  DMA_INT1_IRQHandler            
000031fd  DMA_INT2_IRQHandler            
000031fd  DMA_INT3_IRQHandler            
000031fd  DebugMon_Handler               
000031fd  Default_Handler                
000031fd  EUSCIA0_IRQHandler             
000031fd  EUSCIA1_IRQHandler             
000031fd  EUSCIA2_IRQHandler             
000031fd  EUSCIA3_IRQHandler             
000031fd  EUSCIB0_IRQHandler             
000031fd  EUSCIB1_IRQHandler             
000031fd  EUSCIB2_IRQHandler             
000031fd  EUSCIB3_IRQHandler             
000031fd  FLCTL_IRQHandler               
000031fd  FPU_IRQHandler                 
000031fd  HardFault_Handler              
000031fd  MemManage_Handler              
000031fd  NMI_Handler                    
000031fd  PCM_IRQHandler                 
000031fd  PORT1_IRQHandler               
000031fd  PORT2_IRQHandler               
000031fd  PORT3_IRQHandler               
000031fd  PORT4_IRQHandler               
000031fd  PORT5_IRQHandler               
000031fd  PORT6_IRQHandler               
000031fd  PSS_IRQHandler                 
000031fd  PendSV_Handler                 
000031fd  RTC_C_IRQHandler               
000031fd  SVC_Handler                    
000031fd  SysTick_Handler                
000031fd  T32_INT1_IRQHandler            
000031fd  T32_INT2_IRQHandler            
000031fd  T32_INTC_IRQHandler            
000031fd  TA0_0_IRQHandler               
000031fd  TA0_N_IRQHandler               
000031fd  TA1_0_IRQHandler               
000031fd  TA1_N_IRQHandler               
000031fd  TA2_0_IRQHandler               
000031fd  TA2_N_IRQHandler               
000031fd  TA3_0_IRQHandler               
000031fd  TA3_N_IRQHandler               
000031fd  UsageFault_Handler             
000031fd  WDT_A_IRQHandler               
00003201  __aeabi_errno_addr             
00003209  malloc                         
00003219  _system_pre_init               
0000321d  C$$EXIT                        
0000321d  abort                          
00003220  _ctypes_                       
00003398  __TI_Handler_Table_Base        
000033a4  __TI_Handler_Table_Limit       
000033b0  __TI_CINIT_Base                
000033c0  __TI_CINIT_Limit               
20000000  _sys_memory                    
20000400  _ftable                        
200004f0  _device                        
20000568  _stream                        
200005b8  __TI_ft_end                    
200005bc  __aeabi_stdin                  
200005c0  __aeabi_stdout                 
200005c4  __aeabi_stderr                 
200005c8  __TI_cleanup_ptr               
200005cc  __TI_dtors_ptr                 
200005d0  __TI_enable_exit_profile_output
200005d4  _lock                          
200005d8  _unlock                        
200005e4  DC                             
200005e8  period                         
200005ec  errno                          
200005f0  SystemCoreClock                
200005f4  __CIOBUF_                      
20000714  __TI_tmpnams                   
200007b4  parmbuf                        
200007bc  num                            
200007bd  pressed                        
2000fe00  __stack                        
20010000  __STACK_END                    
4000480c  WDTCTL_SYM                     
ffffffff  __TI_pprof_out_hndl            
ffffffff  __TI_prof_data_size            
ffffffff  __TI_prof_data_start           
ffffffff  __binit__                      
ffffffff  __c_args__                     
ffffffff  binit                          
UNDEFED   __mpu_init                     
UNDEFED   _system_post_cinit             

[188 symbols]
