******************************************************************************
                  TI ARM Linker PC v18.12.4                    
******************************************************************************
>> Linked Tue Mar 30 12:05:59 2021

OUTPUT FILE NAME:   <Lab10_ExtraCredit.out>
ENTRY POINT SYMBOL: "_c_int00_noargs"  address: 000027a5


MEMORY CONFIGURATION

         name            origin    length      used     unused   attr    fill
----------------------  --------  ---------  --------  --------  ----  --------
  MAIN                  00000000   00040000  00002a15  0003d5eb  R  X
  INFO                  00200000   00004000  00000000  00004000  R  X
  SRAM_CODE             01000000   00010000  0000022c  0000fdd4  RW X
  SRAM_DATA             20000000   00010000  0000022c  0000fdd4  RW  


SEGMENT ALLOCATION MAP

run origin  load origin   length   init length attrs members
----------  ----------- ---------- ----------- ----- -------
00000000    00000000    00002a1c   00002a1c    r-x
  00000000    00000000    000000e4   000000e4    r-- .intvecs
  000000e4    000000e4    00002804   00002804    r-x .text
  000028e8    000028e8    00000111   00000111    r-- .const
  00002a00    00002a00    0000001c   0000001c    r-- .cinit
20000000    20000000    0000002c   00000000    rw-
  20000000    20000000    0000002c   00000000    rw- .data
2000fe00    2000fe00    00000200   00000000    rw-
  2000fe00    2000fe00    00000200   00000000    rw- .stack


SECTION ALLOCATION MAP

 output                                  attributes/
section   page    origin      length       input sections
--------  ----  ----------  ----------   ----------------
.intvecs   0    00000000    000000e4     
                  00000000    000000e4     startup_msp432p401r_ccs.obj (.intvecs:retain)

.text      0    000000e4    00002804     
                  000000e4    00000a4e     rtsv7M4_T_le_v4SPD16_eabi.lib : _printfi.c.obj (.text:__TI_printfi)
                  00000b32    00000002                                   : div0.asm.obj (.text)
                  00000b34    000003a8     LCD.obj (.text)
                  00000edc    00000334     system_msp432p401r.obj (.text)
                  00001210    00000300     main.obj (.text)
                  00001510    00000270     rtsv7M4_T_le_v4SPD16_eabi.lib : _printfi.c.obj (.text:_pconv_a)
                  00001780    000001d0                                   : _printfi.c.obj (.text:_pconv_g)
                  00001950    000001b6                                   : fd_add_t2.asm.obj (.text)
                  00001b06    00000002     --HOLE-- [fill = 0]
                  00001b08    0000013c                                   : _printfi.c.obj (.text:_pconv_e)
                  00001c44    00000136                                   : fd_div_t2.asm.obj (.text)
                  00001d7a    00000002     --HOLE-- [fill = 0]
                  00001d7c    00000124                                   : _printfi.c.obj (.text:fcvt)
                  00001ea0    00000110                                   : s_scalbn.c.obj (.text:scalbn)
                  00001fb0    000000fc                                   : fd_mul_t2.asm.obj (.text)
                  000020ac    000000b1                                   : _printfi.c.obj (.text:_ltostr)
                  0000215d    00000001     --HOLE-- [fill = 0]
                  0000215e    0000009c                                   : memcpy_t2.asm.obj (.text)
                  000021fa    00000096                                   : ull_div_t2.asm.obj (.text)
                  00002290    00000086                                   : fd_cmp_t2.asm.obj (.text:__aeabi_cdcmple)
                  00002316    00000086                                   : fd_cmp_t2.asm.obj (.text:__aeabi_cdrcmple)
                  0000239c    0000007a                                   : memset_t2.asm.obj (.text)
                  00002416    0000006e                                   : _printfi.c.obj (.text:_mcpy)
                  00002484    00000068                                   : copy_decompress_lzss.c.obj (.text:decompress:lzss:__TI_decompress_lzss)
                  000024ec    00000064                                   : s_frexp.c.obj (.text:frexp)
                  00002550    00000056                                   : _printfi.c.obj (.text:_pconv_f)
                  000025a6    00000054                                   : ltoa.c.obj (.text:ltoa)
                  000025fa    00000052                                   : _printfi.c.obj (.text:_ecpy)
                  0000264c    0000004c                                   : atoi.c.obj (.text:atoi)
                  00002698    00000048                                   : fd_toi_t2.asm.obj (.text)
                  000026e0    00000044                                   : autoinit.c.obj (.text:__TI_auto_init_nobinit_nopinit:__TI_auto_init_nobinit_nopinit)
                  00002724    00000040                                   : sprintf.c.obj (.text:sprintf)
                  00002764    0000003e                                   : _printfi.c.obj (.text:_fcpy)
                  000027a2    00000002     --HOLE-- [fill = 0]
                  000027a4    00000034                                   : boot_cortex_m.c.obj (.text:_c_int00_noargs:_c_int00_noargs)
                  000027d8    0000002e                                   : i_tofd_t2.asm.obj (.text)
                  00002806    00000020                                   : u_tofd_t2.asm.obj (.text)
                  00002826    0000001c                                   : memccpy.c.obj (.text:memccpy)
                  00002842    0000001a                                   : s_copysign.c.obj (.text:copysign)
                  0000285c    00000018                                   : sprintf.c.obj (.text:_outs)
                  00002874    00000016                                   : strchr.c.obj (.text:strchr)
                  0000288a    00000014                                   : strlen.c.obj (.text:strlen)
                  0000289e    00000012                                   : wcslen.c.obj (.text:wcslen)
                  000028b0    0000000e                                   : copy_decompress_none.c.obj (.text:decompress:none:__TI_decompress_none)
                  000028be    0000000e     startup_msp432p401r_ccs.obj (.text)
                  000028cc    0000000a     rtsv7M4_T_le_v4SPD16_eabi.lib : sprintf.c.obj (.text:_outc)
                  000028d6    00000002     --HOLE-- [fill = 0]
                  000028d8    00000008                                   : errno.c.obj (.text:__aeabi_errno_addr)
                  000028e0    00000004                                   : pre_init.c.obj (.text:_system_pre_init)
                  000028e4    00000004                                   : exit.c.obj (.text:abort:abort)

.const     0    000028e8    00000111     
                  000028e8    00000101     rtsv7M4_T_le_v4SPD16_eabi.lib : ctype.c.obj (.const:.string:_ctypes_)
                  000029e9    00000010     main.obj (.const:.string:$P$T0$1)

.cinit     0    00002a00    0000001c     
                  00002a00    0000000c     (.cinit..data.load) [load image, compression = lzss]
                  00002a0c    00000008     (__TI_handler_table)
                  00002a14    00000008     (__TI_cinit_table)

.init_array 
*          0    00000000    00000000     UNINITIALIZED

.binit     0    00000000    00000000     

.data      0    20000000    0000002c     UNINITIALIZED
                  20000000    00000024     main.obj (.data)
                  20000024    00000004     rtsv7M4_T_le_v4SPD16_eabi.lib : errno.c.obj (.data)
                  20000028    00000004     system_msp432p401r.obj (.data)

.stack     0    2000fe00    00000200     UNINITIALIZED
                  2000fe00    00000004     rtsv7M4_T_le_v4SPD16_eabi.lib : boot_cortex_m.c.obj (.stack)
                  2000fe04    000001fc     --HOLE--

MODULE SUMMARY

       Module                        code    ro data   rw data
       ------                        ----    -------   -------
    .\
       LCD.obj                       936     0         0      
       main.obj                      768     16        72     
       system_msp432p401r.obj        820     0         8      
       startup_msp432p401r_ccs.obj   14      228       0      
    +--+-----------------------------+-------+---------+---------+
       Total:                        2538    244       80     
                                                              
    C:\ti\ccs930\ccs\tools\compiler\ti-cgt-arm_18.12.4.LTS\lib\rtsv7M4_T_le_v4SPD16_eabi.lib
       _printfi.c.obj                4851    0         0      
       fd_add_t2.asm.obj             438     0         0      
       fd_div_t2.asm.obj             310     0         0      
       s_scalbn.c.obj                272     0         0      
       fd_cmp_t2.asm.obj             268     0         0      
       ctype.c.obj                   0       257       0      
       fd_mul_t2.asm.obj             252     0         0      
       memcpy_t2.asm.obj             156     0         0      
       ull_div_t2.asm.obj            150     0         0      
       memset_t2.asm.obj             122     0         0      
       copy_decompress_lzss.c.obj    104     0         0      
       s_frexp.c.obj                 100     0         0      
       sprintf.c.obj                 98      0         0      
       ltoa.c.obj                    84      0         0      
       atoi.c.obj                    76      0         0      
       fd_toi_t2.asm.obj             72      0         0      
       autoinit.c.obj                68      0         0      
       boot_cortex_m.c.obj           52      0         0      
       i_tofd_t2.asm.obj             46      0         0      
       u_tofd_t2.asm.obj             32      0         0      
       memccpy.c.obj                 28      0         0      
       s_copysign.c.obj              26      0         0      
       strchr.c.obj                  22      0         0      
       strlen.c.obj                  20      0         0      
       wcslen.c.obj                  18      0         0      
       errno.c.obj                   8       0         8      
       copy_decompress_none.c.obj    14      0         0      
       exit.c.obj                    4       0         0      
       pre_init.c.obj                4       0         0      
       div0.asm.obj                  2       0         0      
    +--+-----------------------------+-------+---------+---------+
       Total:                        7697    257       8      
                                                              
       Stack:                        0       0         1024   
       Linker Generated:             0       28        0      
    +--+-----------------------------+-------+---------+---------+
       Grand Total:                  10235   529       1112   


LINKER GENERATED COPY TABLES

__TI_cinit_table @ 00002a14 records: 1, size/record: 8, table size: 8
	.data: load addr=00002a00, load size=0000000c bytes, run addr=20000000, run size=0000002c bytes, compression=lzss


LINKER GENERATED HANDLER TABLE

__TI_handler_table @ 00002a0c records: 2, size/record: 4, table size: 8
	index: 0, handler: __TI_decompress_lzss
	index: 1, handler: __TI_decompress_none


GLOBAL SYMBOLS: SORTED ALPHABETICALLY BY Name 

address   name                          
-------   ----                          
000028cb  ADC14_IRQHandler              
0000130d  ADCsetup                      
000028cb  AES256_IRQHandler             
000028cb  BusFault_Handler              
000028e5  C$$EXIT                       
000028cb  COMP_E0_IRQHandler            
000028cb  COMP_E1_IRQHandler            
000028cb  CS_IRQHandler                 
000028cb  DMA_ERR_IRQHandler            
000028cb  DMA_INT0_IRQHandler           
000028cb  DMA_INT1_IRQHandler           
000028cb  DMA_INT2_IRQHandler           
000028cb  DMA_INT3_IRQHandler           
000028cb  DebugMon_Handler              
000028cb  Default_Handler               
000028cb  EUSCIA0_IRQHandler            
000028cb  EUSCIA1_IRQHandler            
000028cb  EUSCIA2_IRQHandler            
000028cb  EUSCIA3_IRQHandler            
000028cb  EUSCIB0_IRQHandler            
000028cb  EUSCIB1_IRQHandler            
000028cb  EUSCIB2_IRQHandler            
000028cb  EUSCIB3_IRQHandler            
000028cb  FLCTL_IRQHandler              
000028cb  FPU_IRQHandler                
000028cb  HardFault_Handler             
00000dc5  LCD_Init                      
000028cb  MemManage_Handler             
000028cb  NMI_Handler                   
000028cb  PCM_IRQHandler                
000028cb  PORT1_IRQHandler              
000028cb  PORT2_IRQHandler              
000028cb  PORT3_IRQHandler              
000028cb  PORT4_IRQHandler              
000028cb  PORT5_IRQHandler              
0000147d  PORT6_IRQHandler              
0000147d  PORT6_IRQHandler              
000028cb  PSS_IRQHandler                
000028cb  PendSV_Handler                
00000b35  Pin_Init                      
00000cc5  PulseEnablePin                
000028cb  RTC_C_IRQHandler              
000028bf  Reset_Handler                 
000028cb  SVC_Handler                   
000028cb  SysTick_Handler               
00000e63  SysTick_Init                  
20000028  SystemCoreClock               
00000edd  SystemCoreClockUpdate         
00001155  SystemInit                    
000028cb  T32_INT1_IRQHandler           
000028cb  T32_INT2_IRQHandler           
000028cb  T32_INTC_IRQHandler           
000028cb  TA0_0_IRQHandler              
000028cb  TA0_N_IRQHandler              
000028cb  TA1_0_IRQHandler              
000028cb  TA1_N_IRQHandler              
000028cb  TA2_0_IRQHandler              
000028cb  TA2_N_IRQHandler              
000028cb  TA3_0_IRQHandler              
000028cb  TA3_N_IRQHandler              
000028cb  UsageFault_Handler            
4000480c  WDTCTL_SYM                    
000028cb  WDT_A_IRQHandler              
20010000  __STACK_END                   
00000200  __STACK_SIZE                  
00002a14  __TI_CINIT_Base               
00002a1c  __TI_CINIT_Limit              
00002a0c  __TI_Handler_Table_Base       
00002a14  __TI_Handler_Table_Limit      
000026e1  __TI_auto_init_nobinit_nopinit
00002485  __TI_decompress_lzss          
000028b1  __TI_decompress_none          
ffffffff  __TI_pprof_out_hndl           
000000e5  __TI_printfi                  
ffffffff  __TI_prof_data_size           
ffffffff  __TI_prof_data_start          
00000000  __TI_static_base__            
00002291  __aeabi_cdcmpeq               
00002291  __aeabi_cdcmple               
00002317  __aeabi_cdrcmple              
00002699  __aeabi_d2iz                  
0000195b  __aeabi_dadd                  
00001c45  __aeabi_ddiv                  
00001fb1  __aeabi_dmul                  
00001951  __aeabi_dsub                  
000028d9  __aeabi_errno_addr            
000027d9  __aeabi_i2d                   
00000b33  __aeabi_idiv0                 
00000b33  __aeabi_ldiv0                 
0000239d  __aeabi_memclr                
0000239d  __aeabi_memclr4               
0000239d  __aeabi_memclr8               
0000215f  __aeabi_memcpy                
0000215f  __aeabi_memcpy4               
0000215f  __aeabi_memcpy8               
0000239f  __aeabi_memset                
0000239f  __aeabi_memset4               
0000239f  __aeabi_memset8               
00002807  __aeabi_ui2d                  
000021fb  __aeabi_uldivmod              
ffffffff  __binit__                     
ffffffff  __c_args__                    
UNDEFED   __mpu_init                    
2000fe00  __stack                       
000027a5  _c_int00_noargs               
000028e8  _ctypes_                      
UNDEFED   _system_post_cinit            
000028e1  _system_pre_init              
000028e5  abort                         
0000264d  atoi                          
ffffffff  binit                         
20000010  celc                          
00000e2f  commandWrite                  
00002843  copysign                      
00002843  copysignl                     
00000e49  dataWrite                     
00001353  debounce                      
00000c7b  delay_micro                   
00000c9f  delay_milli                   
20000024  errno                         
20000018  fahr                          
00001383  firstline                     
20000020  flag                          
000024ed  frexp                         
000024ed  frexpl                        
00000000  interruptVectors              
00001ea1  ldexp                         
00001ea1  ldexpl                        
000025a7  ltoa                          
0000123d  main                          
00002827  memccpy                       
0000215f  memcpy                        
000023a5  memset                        
000013c9  printCelc                     
00001423  printFahr                     
00000d8d  pushByte                      
00000cf9  pushNibble                    
20000000  result                        
00001ea1  scalbn                        
00001ea1  scalbnl                       
00002725  sprintf                       
00002875  strchr                        
0000288b  strlen                        
20000008  voltage                       
0000289f  wcslen                        


GLOBAL SYMBOLS: SORTED BY Symbol Address 

address   name                          
-------   ----                          
00000000  __TI_static_base__            
00000000  interruptVectors              
000000e5  __TI_printfi                  
00000200  __STACK_SIZE                  
00000b33  __aeabi_idiv0                 
00000b33  __aeabi_ldiv0                 
00000b35  Pin_Init                      
00000c7b  delay_micro                   
00000c9f  delay_milli                   
00000cc5  PulseEnablePin                
00000cf9  pushNibble                    
00000d8d  pushByte                      
00000dc5  LCD_Init                      
00000e2f  commandWrite                  
00000e49  dataWrite                     
00000e63  SysTick_Init                  
00000edd  SystemCoreClockUpdate         
00001155  SystemInit                    
0000123d  main                          
0000130d  ADCsetup                      
00001353  debounce                      
00001383  firstline                     
000013c9  printCelc                     
00001423  printFahr                     
0000147d  PORT6_IRQHandler              
0000147d  PORT6_IRQHandler              
00001951  __aeabi_dsub                  
0000195b  __aeabi_dadd                  
00001c45  __aeabi_ddiv                  
00001ea1  ldexp                         
00001ea1  ldexpl                        
00001ea1  scalbn                        
00001ea1  scalbnl                       
00001fb1  __aeabi_dmul                  
0000215f  __aeabi_memcpy                
0000215f  __aeabi_memcpy4               
0000215f  __aeabi_memcpy8               
0000215f  memcpy                        
000021fb  __aeabi_uldivmod              
00002291  __aeabi_cdcmpeq               
00002291  __aeabi_cdcmple               
00002317  __aeabi_cdrcmple              
0000239d  __aeabi_memclr                
0000239d  __aeabi_memclr4               
0000239d  __aeabi_memclr8               
0000239f  __aeabi_memset                
0000239f  __aeabi_memset4               
0000239f  __aeabi_memset8               
000023a5  memset                        
00002485  __TI_decompress_lzss          
000024ed  frexp                         
000024ed  frexpl                        
000025a7  ltoa                          
0000264d  atoi                          
00002699  __aeabi_d2iz                  
000026e1  __TI_auto_init_nobinit_nopinit
00002725  sprintf                       
000027a5  _c_int00_noargs               
000027d9  __aeabi_i2d                   
00002807  __aeabi_ui2d                  
00002827  memccpy                       
00002843  copysign                      
00002843  copysignl                     
00002875  strchr                        
0000288b  strlen                        
0000289f  wcslen                        
000028b1  __TI_decompress_none          
000028bf  Reset_Handler                 
000028cb  ADC14_IRQHandler              
000028cb  AES256_IRQHandler             
000028cb  BusFault_Handler              
000028cb  COMP_E0_IRQHandler            
000028cb  COMP_E1_IRQHandler            
000028cb  CS_IRQHandler                 
000028cb  DMA_ERR_IRQHandler            
000028cb  DMA_INT0_IRQHandler           
000028cb  DMA_INT1_IRQHandler           
000028cb  DMA_INT2_IRQHandler           
000028cb  DMA_INT3_IRQHandler           
000028cb  DebugMon_Handler              
000028cb  Default_Handler               
000028cb  EUSCIA0_IRQHandler            
000028cb  EUSCIA1_IRQHandler            
000028cb  EUSCIA2_IRQHandler            
000028cb  EUSCIA3_IRQHandler            
000028cb  EUSCIB0_IRQHandler            
000028cb  EUSCIB1_IRQHandler            
000028cb  EUSCIB2_IRQHandler            
000028cb  EUSCIB3_IRQHandler            
000028cb  FLCTL_IRQHandler              
000028cb  FPU_IRQHandler                
000028cb  HardFault_Handler             
000028cb  MemManage_Handler             
000028cb  NMI_Handler                   
000028cb  PCM_IRQHandler                
000028cb  PORT1_IRQHandler              
000028cb  PORT2_IRQHandler              
000028cb  PORT3_IRQHandler              
000028cb  PORT4_IRQHandler              
000028cb  PORT5_IRQHandler              
000028cb  PSS_IRQHandler                
000028cb  PendSV_Handler                
000028cb  RTC_C_IRQHandler              
000028cb  SVC_Handler                   
000028cb  SysTick_Handler               
000028cb  T32_INT1_IRQHandler           
000028cb  T32_INT2_IRQHandler           
000028cb  T32_INTC_IRQHandler           
000028cb  TA0_0_IRQHandler              
000028cb  TA0_N_IRQHandler              
000028cb  TA1_0_IRQHandler              
000028cb  TA1_N_IRQHandler              
000028cb  TA2_0_IRQHandler              
000028cb  TA2_N_IRQHandler              
000028cb  TA3_0_IRQHandler              
000028cb  TA3_N_IRQHandler              
000028cb  UsageFault_Handler            
000028cb  WDT_A_IRQHandler              
000028d9  __aeabi_errno_addr            
000028e1  _system_pre_init              
000028e5  C$$EXIT                       
000028e5  abort                         
000028e8  _ctypes_                      
00002a0c  __TI_Handler_Table_Base       
00002a14  __TI_CINIT_Base               
00002a14  __TI_Handler_Table_Limit      
00002a1c  __TI_CINIT_Limit              
20000000  result                        
20000008  voltage                       
20000010  celc                          
20000018  fahr                          
20000020  flag                          
20000024  errno                         
20000028  SystemCoreClock               
2000fe00  __stack                       
20010000  __STACK_END                   
4000480c  WDTCTL_SYM                    
ffffffff  __TI_pprof_out_hndl           
ffffffff  __TI_prof_data_size           
ffffffff  __TI_prof_data_start          
ffffffff  __binit__                     
ffffffff  __c_args__                    
ffffffff  binit                         
UNDEFED   __mpu_init                    
UNDEFED   _system_post_cinit            

[145 symbols]
