******************************************************************************
                  TI ARM Linker PC v18.12.4                    
******************************************************************************
>> Linked Mon Mar 29 10:19:20 2021

OUTPUT FILE NAME:   <Lab10_ExtraCredit.out>
ENTRY POINT SYMBOL: "_c_int00_noargs"  address: 00002741


MEMORY CONFIGURATION

         name            origin    length      used     unused   attr    fill
----------------------  --------  ---------  --------  --------  ----  --------
  MAIN                  00000000   00040000  000029b5  0003d64b  R  X
  INFO                  00200000   00004000  00000000  00004000  R  X
  SRAM_CODE             01000000   00010000  00000230  0000fdd0  RW X
  SRAM_DATA             20000000   00010000  00000230  0000fdd0  RW  


SEGMENT ALLOCATION MAP

run origin  load origin   length   init length attrs members
----------  ----------- ---------- ----------- ----- -------
00000000    00000000    000029bc   000029bc    r-x
  00000000    00000000    000000e4   000000e4    r-- .intvecs
  000000e4    000000e4    000027b4   000027b4    r-x .text
  00002898    00002898    00000101   00000101    r-- .const
  000029a0    000029a0    0000001c   0000001c    r-- .cinit
20000000    20000000    00000030   00000000    rw-
  20000000    20000000    00000030   00000000    rw- .data
2000fe00    2000fe00    00000200   00000000    rw-
  2000fe00    2000fe00    00000200   00000000    rw- .stack


SECTION ALLOCATION MAP

 output                                  attributes/
section   page    origin      length       input sections
--------  ----  ----------  ----------   ----------------
.intvecs   0    00000000    000000e4     
                  00000000    000000e4     startup_msp432p401r_ccs.obj (.intvecs:retain)

.text      0    000000e4    000027b4     
                  000000e4    00000a4e     rtsv7M4_T_le_v4SPD16_eabi.lib : _printfi.c.obj (.text:__TI_printfi)
                  00000b32    00000002                                   : div0.asm.obj (.text)
                  00000b34    00000380     LCD.obj (.text)
                  00000eb4    00000334     system_msp432p401r.obj (.text)
                  000011e8    000002c4     main.obj (.text)
                  000014ac    00000270     rtsv7M4_T_le_v4SPD16_eabi.lib : _printfi.c.obj (.text:_pconv_a)
                  0000171c    000001d0                                   : _printfi.c.obj (.text:_pconv_g)
                  000018ec    000001b6                                   : fd_add_t2.asm.obj (.text)
                  00001aa2    00000002     --HOLE-- [fill = 0]
                  00001aa4    0000013c                                   : _printfi.c.obj (.text:_pconv_e)
                  00001be0    00000136                                   : fd_div_t2.asm.obj (.text)
                  00001d16    00000002     --HOLE-- [fill = 0]
                  00001d18    00000124                                   : _printfi.c.obj (.text:fcvt)
                  00001e3c    00000110                                   : s_scalbn.c.obj (.text:scalbn)
                  00001f4c    000000fc                                   : fd_mul_t2.asm.obj (.text)
                  00002048    000000b1                                   : _printfi.c.obj (.text:_ltostr)
                  000020f9    00000001     --HOLE-- [fill = 0]
                  000020fa    0000009c                                   : memcpy_t2.asm.obj (.text)
                  00002196    00000096                                   : ull_div_t2.asm.obj (.text)
                  0000222c    00000086                                   : fd_cmp_t2.asm.obj (.text:__aeabi_cdcmple)
                  000022b2    00000086                                   : fd_cmp_t2.asm.obj (.text:__aeabi_cdrcmple)
                  00002338    0000007a                                   : memset_t2.asm.obj (.text)
                  000023b2    0000006e                                   : _printfi.c.obj (.text:_mcpy)
                  00002420    00000068                                   : copy_decompress_lzss.c.obj (.text:decompress:lzss:__TI_decompress_lzss)
                  00002488    00000064                                   : s_frexp.c.obj (.text:frexp)
                  000024ec    00000056                                   : _printfi.c.obj (.text:_pconv_f)
                  00002542    00000054                                   : ltoa.c.obj (.text:ltoa)
                  00002596    00000052                                   : _printfi.c.obj (.text:_ecpy)
                  000025e8    0000004c                                   : atoi.c.obj (.text:atoi)
                  00002634    00000048                                   : fd_toi_t2.asm.obj (.text)
                  0000267c    00000044                                   : autoinit.c.obj (.text:__TI_auto_init_nobinit_nopinit:__TI_auto_init_nobinit_nopinit)
                  000026c0    00000040                                   : sprintf.c.obj (.text:sprintf)
                  00002700    0000003e                                   : _printfi.c.obj (.text:_fcpy)
                  0000273e    00000002     --HOLE-- [fill = 0]
                  00002740    00000034                                   : boot_cortex_m.c.obj (.text:_c_int00_noargs:_c_int00_noargs)
                  00002774    0000002e                                   : i_tofd_t2.asm.obj (.text)
                  000027a2    00000020                                   : u_tofd_t2.asm.obj (.text)
                  000027c2    0000001c                                   : memccpy.c.obj (.text:memccpy)
                  000027de    0000001a                                   : s_copysign.c.obj (.text:copysign)
                  000027f8    00000018                                   : sprintf.c.obj (.text:_outs)
                  00002810    00000016                                   : strchr.c.obj (.text:strchr)
                  00002826    00000014                                   : strcpy.c.obj (.text:strcpy)
                  0000283a    00000014                                   : strlen.c.obj (.text:strlen)
                  0000284e    00000012                                   : wcslen.c.obj (.text:wcslen)
                  00002860    0000000e                                   : copy_decompress_none.c.obj (.text:decompress:none:__TI_decompress_none)
                  0000286e    0000000e     startup_msp432p401r_ccs.obj (.text)
                  0000287c    0000000a     rtsv7M4_T_le_v4SPD16_eabi.lib : sprintf.c.obj (.text:_outc)
                  00002886    00000002     --HOLE-- [fill = 0]
                  00002888    00000008                                   : errno.c.obj (.text:__aeabi_errno_addr)
                  00002890    00000004                                   : pre_init.c.obj (.text:_system_pre_init)
                  00002894    00000004                                   : exit.c.obj (.text:abort:abort)

.const     0    00002898    00000101     
                  00002898    00000101     rtsv7M4_T_le_v4SPD16_eabi.lib : ctype.c.obj (.const:.string:_ctypes_)

.cinit     0    000029a0    0000001c     
                  000029a0    0000000c     (.cinit..data.load) [load image, compression = lzss]
                  000029ac    00000008     (__TI_handler_table)
                  000029b4    00000008     (__TI_cinit_table)

.init_array 
*          0    00000000    00000000     UNINITIALIZED

.binit     0    00000000    00000000     

.data      0    20000000    00000030     UNINITIALIZED
                  20000000    00000028     main.obj (.data)
                  20000028    00000004     rtsv7M4_T_le_v4SPD16_eabi.lib : errno.c.obj (.data)
                  2000002c    00000004     system_msp432p401r.obj (.data)

.stack     0    2000fe00    00000200     UNINITIALIZED
                  2000fe00    00000004     rtsv7M4_T_le_v4SPD16_eabi.lib : boot_cortex_m.c.obj (.stack)
                  2000fe04    000001fc     --HOLE--

MODULE SUMMARY

       Module                        code    ro data   rw data
       ------                        ----    -------   -------
    .\
       LCD.obj                       896     0         0      
       system_msp432p401r.obj        820     0         8      
       main.obj                      708     0         80     
       startup_msp432p401r_ccs.obj   14      228       0      
    +--+-----------------------------+-------+---------+---------+
       Total:                        2438    228       88     
                                                              
    C:\ti\ccs930\ccs\tools\compiler\ti-cgt-arm_18.12.4.LTS\lib\rtsv7M4_T_le_v4SPD16_eabi.lib
       _printfi.c.obj                4851    0         0      
       fd_add_t2.asm.obj             438     0         0      
       fd_div_t2.asm.obj             310     0         0      
       s_scalbn.c.obj                272     0         0      
       fd_cmp_t2.asm.obj             268     0         0      
       ctype.c.obj                   0       257       0      
       fd_mul_t2.asm.obj             252     0         0      
       memcpy_t2.asm.obj             156     0         0      
       ull_div_t2.asm.obj            150     0         0      
       memset_t2.asm.obj             122     0         0      
       copy_decompress_lzss.c.obj    104     0         0      
       s_frexp.c.obj                 100     0         0      
       sprintf.c.obj                 98      0         0      
       ltoa.c.obj                    84      0         0      
       atoi.c.obj                    76      0         0      
       fd_toi_t2.asm.obj             72      0         0      
       autoinit.c.obj                68      0         0      
       boot_cortex_m.c.obj           52      0         0      
       i_tofd_t2.asm.obj             46      0         0      
       u_tofd_t2.asm.obj             32      0         0      
       memccpy.c.obj                 28      0         0      
       s_copysign.c.obj              26      0         0      
       strchr.c.obj                  22      0         0      
       strcpy.c.obj                  20      0         0      
       strlen.c.obj                  20      0         0      
       wcslen.c.obj                  18      0         0      
       errno.c.obj                   8       0         8      
       copy_decompress_none.c.obj    14      0         0      
       exit.c.obj                    4       0         0      
       pre_init.c.obj                4       0         0      
       div0.asm.obj                  2       0         0      
    +--+-----------------------------+-------+---------+---------+
       Total:                        7717    257       8      
                                                              
       Stack:                        0       0         1024   
       Linker Generated:             0       28        0      
    +--+-----------------------------+-------+---------+---------+
       Grand Total:                  10155   513       1120   


LINKER GENERATED COPY TABLES

__TI_cinit_table @ 000029b4 records: 1, size/record: 8, table size: 8
	.data: load addr=000029a0, load size=0000000c bytes, run addr=20000000, run size=00000030 bytes, compression=lzss


LINKER GENERATED HANDLER TABLE

__TI_handler_table @ 000029ac records: 2, size/record: 4, table size: 8
	index: 0, handler: __TI_decompress_lzss
	index: 1, handler: __TI_decompress_none


GLOBAL SYMBOLS: SORTED ALPHABETICALLY BY Name 

address   name                          
-------   ----                          
0000287b  ADC14_IRQHandler              
000012c3  ADCsetup                      
0000287b  AES256_IRQHandler             
0000287b  BusFault_Handler              
00002895  C$$EXIT                       
0000287b  COMP_E0_IRQHandler            
0000287b  COMP_E1_IRQHandler            
0000287b  CS_IRQHandler                 
0000287b  DMA_ERR_IRQHandler            
0000287b  DMA_INT0_IRQHandler           
0000287b  DMA_INT1_IRQHandler           
0000287b  DMA_INT2_IRQHandler           
0000287b  DMA_INT3_IRQHandler           
0000287b  DebugMon_Handler              
0000287b  Default_Handler               
0000287b  EUSCIA0_IRQHandler            
0000287b  EUSCIA1_IRQHandler            
0000287b  EUSCIA2_IRQHandler            
0000287b  EUSCIA3_IRQHandler            
0000287b  EUSCIB0_IRQHandler            
0000287b  EUSCIB1_IRQHandler            
0000287b  EUSCIB2_IRQHandler            
0000287b  EUSCIB3_IRQHandler            
0000287b  FLCTL_IRQHandler              
0000287b  FPU_IRQHandler                
0000287b  HardFault_Handler             
00000dab  LCD_Init                      
0000287b  MemManage_Handler             
0000287b  NMI_Handler                   
0000287b  PCM_IRQHandler                
0000287b  PORT1_IRQHandler              
0000287b  PORT2_IRQHandler              
0000287b  PORT3_IRQHandler              
0000287b  PORT4_IRQHandler              
0000287b  PORT5_IRQHandler              
0000287b  PORT6_IRQHandler              
0000287b  PSS_IRQHandler                
0000287b  PendSV_Handler                
00000b35  Pin_Init                      
00000cab  PulseEnablePin                
0000287b  RTC_C_IRQHandler              
0000286f  Reset_Handler                 
0000287b  SVC_Handler                   
0000287b  SysTick_Handler               
00000e49  SysTick_Init                  
2000002c  SystemCoreClock               
00000eb5  SystemCoreClockUpdate         
0000112d  SystemInit                    
0000287b  T32_INT1_IRQHandler           
0000287b  T32_INT2_IRQHandler           
0000287b  T32_INTC_IRQHandler           
0000287b  TA0_0_IRQHandler              
0000287b  TA0_N_IRQHandler              
0000287b  TA1_0_IRQHandler              
0000287b  TA1_N_IRQHandler              
0000287b  TA2_0_IRQHandler              
0000287b  TA2_N_IRQHandler              
0000287b  TA3_0_IRQHandler              
0000287b  TA3_N_IRQHandler              
0000287b  UsageFault_Handler            
4000480c  WDTCTL_SYM                    
0000287b  WDT_A_IRQHandler              
20010000  __STACK_END                   
00000200  __STACK_SIZE                  
000029b4  __TI_CINIT_Base               
000029bc  __TI_CINIT_Limit              
000029ac  __TI_Handler_Table_Base       
000029b4  __TI_Handler_Table_Limit      
0000267d  __TI_auto_init_nobinit_nopinit
00002421  __TI_decompress_lzss          
00002861  __TI_decompress_none          
ffffffff  __TI_pprof_out_hndl           
000000e5  __TI_printfi                  
ffffffff  __TI_prof_data_size           
ffffffff  __TI_prof_data_start          
00000000  __TI_static_base__            
0000222d  __aeabi_cdcmpeq               
0000222d  __aeabi_cdcmple               
000022b3  __aeabi_cdrcmple              
00002635  __aeabi_d2iz                  
000018f7  __aeabi_dadd                  
00001be1  __aeabi_ddiv                  
00001f4d  __aeabi_dmul                  
000018ed  __aeabi_dsub                  
00002889  __aeabi_errno_addr            
00002775  __aeabi_i2d                   
00000b33  __aeabi_idiv0                 
00000b33  __aeabi_ldiv0                 
00002339  __aeabi_memclr                
00002339  __aeabi_memclr4               
00002339  __aeabi_memclr8               
000020fb  __aeabi_memcpy                
000020fb  __aeabi_memcpy4               
000020fb  __aeabi_memcpy8               
0000233b  __aeabi_memset                
0000233b  __aeabi_memset4               
0000233b  __aeabi_memset8               
000027a3  __aeabi_ui2d                  
00002197  __aeabi_uldivmod              
ffffffff  __binit__                     
ffffffff  __c_args__                    
UNDEFED   __mpu_init                    
2000fe00  __stack                       
00002741  _c_int00_noargs               
00002898  _ctypes_                      
UNDEFED   _system_post_cinit            
00002891  _system_pre_init              
00002895  abort                         
000025e9  atoi                          
ffffffff  binit                         
20000010  celc                          
00000e15  commandWrite                  
000027df  copysign                      
000027df  copysignl                     
00000e2f  dataWrite                     
00001309  debounce                      
00000c61  delay_micro                   
00000c85  delay_milli                   
20000028  errno                         
20000018  fahr                          
00001339  firstline                     
20000020  flag                          
00002489  frexp                         
00002489  frexpl                        
20000024  i                             
00000000  interruptVectors              
00001e3d  ldexp                         
00001e3d  ldexpl                        
00002543  ltoa                          
000011e9  main                          
000027c3  memccpy                       
000020fb  memcpy                        
00002341  memset                        
0000137d  printCelc                     
000013d7  printFahr                     
00000d73  pushByte                      
00000cdf  pushNibble                    
20000000  result                        
00001e3d  scalbn                        
00001e3d  scalbnl                       
000026c1  sprintf                       
00002811  strchr                        
00002827  strcpy                        
0000283b  strlen                        
20000008  voltage                       
0000284f  wcslen                        


GLOBAL SYMBOLS: SORTED BY Symbol Address 

address   name                          
-------   ----                          
00000000  __TI_static_base__            
00000000  interruptVectors              
000000e5  __TI_printfi                  
00000200  __STACK_SIZE                  
00000b33  __aeabi_idiv0                 
00000b33  __aeabi_ldiv0                 
00000b35  Pin_Init                      
00000c61  delay_micro                   
00000c85  delay_milli                   
00000cab  PulseEnablePin                
00000cdf  pushNibble                    
00000d73  pushByte                      
00000dab  LCD_Init                      
00000e15  commandWrite                  
00000e2f  dataWrite                     
00000e49  SysTick_Init                  
00000eb5  SystemCoreClockUpdate         
0000112d  SystemInit                    
000011e9  main                          
000012c3  ADCsetup                      
00001309  debounce                      
00001339  firstline                     
0000137d  printCelc                     
000013d7  printFahr                     
000018ed  __aeabi_dsub                  
000018f7  __aeabi_dadd                  
00001be1  __aeabi_ddiv                  
00001e3d  ldexp                         
00001e3d  ldexpl                        
00001e3d  scalbn                        
00001e3d  scalbnl                       
00001f4d  __aeabi_dmul                  
000020fb  __aeabi_memcpy                
000020fb  __aeabi_memcpy4               
000020fb  __aeabi_memcpy8               
000020fb  memcpy                        
00002197  __aeabi_uldivmod              
0000222d  __aeabi_cdcmpeq               
0000222d  __aeabi_cdcmple               
000022b3  __aeabi_cdrcmple              
00002339  __aeabi_memclr                
00002339  __aeabi_memclr4               
00002339  __aeabi_memclr8               
0000233b  __aeabi_memset                
0000233b  __aeabi_memset4               
0000233b  __aeabi_memset8               
00002341  memset                        
00002421  __TI_decompress_lzss          
00002489  frexp                         
00002489  frexpl                        
00002543  ltoa                          
000025e9  atoi                          
00002635  __aeabi_d2iz                  
0000267d  __TI_auto_init_nobinit_nopinit
000026c1  sprintf                       
00002741  _c_int00_noargs               
00002775  __aeabi_i2d                   
000027a3  __aeabi_ui2d                  
000027c3  memccpy                       
000027df  copysign                      
000027df  copysignl                     
00002811  strchr                        
00002827  strcpy                        
0000283b  strlen                        
0000284f  wcslen                        
00002861  __TI_decompress_none          
0000286f  Reset_Handler                 
0000287b  ADC14_IRQHandler              
0000287b  AES256_IRQHandler             
0000287b  BusFault_Handler              
0000287b  COMP_E0_IRQHandler            
0000287b  COMP_E1_IRQHandler            
0000287b  CS_IRQHandler                 
0000287b  DMA_ERR_IRQHandler            
0000287b  DMA_INT0_IRQHandler           
0000287b  DMA_INT1_IRQHandler           
0000287b  DMA_INT2_IRQHandler           
0000287b  DMA_INT3_IRQHandler           
0000287b  DebugMon_Handler              
0000287b  Default_Handler               
0000287b  EUSCIA0_IRQHandler            
0000287b  EUSCIA1_IRQHandler            
0000287b  EUSCIA2_IRQHandler            
0000287b  EUSCIA3_IRQHandler            
0000287b  EUSCIB0_IRQHandler            
0000287b  EUSCIB1_IRQHandler            
0000287b  EUSCIB2_IRQHandler            
0000287b  EUSCIB3_IRQHandler            
0000287b  FLCTL_IRQHandler              
0000287b  FPU_IRQHandler                
0000287b  HardFault_Handler             
0000287b  MemManage_Handler             
0000287b  NMI_Handler                   
0000287b  PCM_IRQHandler                
0000287b  PORT1_IRQHandler              
0000287b  PORT2_IRQHandler              
0000287b  PORT3_IRQHandler              
0000287b  PORT4_IRQHandler              
0000287b  PORT5_IRQHandler              
0000287b  PORT6_IRQHandler              
0000287b  PSS_IRQHandler                
0000287b  PendSV_Handler                
0000287b  RTC_C_IRQHandler              
0000287b  SVC_Handler                   
0000287b  SysTick_Handler               
0000287b  T32_INT1_IRQHandler           
0000287b  T32_INT2_IRQHandler           
0000287b  T32_INTC_IRQHandler           
0000287b  TA0_0_IRQHandler              
0000287b  TA0_N_IRQHandler              
0000287b  TA1_0_IRQHandler              
0000287b  TA1_N_IRQHandler              
0000287b  TA2_0_IRQHandler              
0000287b  TA2_N_IRQHandler              
0000287b  TA3_0_IRQHandler              
0000287b  TA3_N_IRQHandler              
0000287b  UsageFault_Handler            
0000287b  WDT_A_IRQHandler              
00002889  __aeabi_errno_addr            
00002891  _system_pre_init              
00002895  C$$EXIT                       
00002895  abort                         
00002898  _ctypes_                      
000029ac  __TI_Handler_Table_Base       
000029b4  __TI_CINIT_Base               
000029b4  __TI_Handler_Table_Limit      
000029bc  __TI_CINIT_Limit              
20000000  result                        
20000008  voltage                       
20000010  celc                          
20000018  fahr                          
20000020  flag                          
20000024  i                             
20000028  errno                         
2000002c  SystemCoreClock               
2000fe00  __stack                       
20010000  __STACK_END                   
4000480c  WDTCTL_SYM                    
ffffffff  __TI_pprof_out_hndl           
ffffffff  __TI_prof_data_size           
ffffffff  __TI_prof_data_start          
ffffffff  __binit__                     
ffffffff  __c_args__                    
ffffffff  binit                         
UNDEFED   __mpu_init                    
UNDEFED   _system_post_cinit            

[146 symbols]
