******************************************************************************
                  TI ARM Linker PC v18.12.4                    
******************************************************************************
>> Linked Tue Mar  2 20:50:01 2021

OUTPUT FILE NAME:   <Lab6_Part1.out>
ENTRY POINT SYMBOL: "_c_int00_noargs"  address: 00002e41


MEMORY CONFIGURATION

         name            origin    length      used     unused   attr    fill
----------------------  --------  ---------  --------  --------  ----  --------
  MAIN                  00000000   00040000  0000323d  0003cdc3  R  X
  INFO                  00200000   00004000  00000000  00004000  R  X
  SRAM_CODE             01000000   00010000  000009b6  0000f64a  RW X
  SRAM_DATA             20000000   00010000  000009b6  0000f64a  RW  


SEGMENT ALLOCATION MAP

run origin  load origin   length   init length attrs members
----------  ----------- ---------- ----------- ----- -------
00000000    00000000    00003240   00003240    r-x
  00000000    00000000    000000e4   000000e4    r-- .intvecs
  000000e4    000000e4    00002fc8   00002fc8    r-x .text
  000030ac    000030ac    00000101   00000101    r-- .const
  000031b0    000031b0    00000090   00000090    r-- .cinit
20000000    20000000    000007b6   00000000    rw-
  20000000    20000000    00000400   00000000    rw- .sysmem
  20000400    20000400    000001ec   00000000    rw- .data
  200005ec    200005ec    000001ca   00000000    rw- .bss
2000fe00    2000fe00    00000200   00000000    rw-
  2000fe00    2000fe00    00000200   00000000    rw- .stack


SECTION ALLOCATION MAP

 output                                  attributes/
section   page    origin      length       input sections
--------  ----  ----------  ----------   ----------------
.intvecs   0    00000000    000000e4     
                  00000000    000000e4     startup_msp432p401r_ccs.obj (.intvecs:retain)

.text      0    000000e4    00002fc8     
                  000000e4    00000a4e     rtsv7M4_T_le_v4SPD16_eabi.lib : _printfi.c.obj (.text:__TI_printfi)
                  00000b32    00000002                                   : _lock.c.obj (.text:_nop)
                  00000b34    00000334     system_msp432p401r.obj (.text)
                  00000e68    0000027c     main.obj (.text)
                  000010e4    00000270     rtsv7M4_T_le_v4SPD16_eabi.lib : _printfi.c.obj (.text:_pconv_a)
                  00001354    000001d0                                   : _printfi.c.obj (.text:_pconv_g)
                  00001524    000001b6                                   : fd_add_t2.asm.obj (.text)
                  000016da    00000002                                   : div0.asm.obj (.text)
                  000016dc    0000013c                                   : _printfi.c.obj (.text:_pconv_e)
                  00001818    00000136                                   : fd_div_t2.asm.obj (.text)
                  0000194e    00000002     --HOLE-- [fill = 0]
                  00001950    00000124                                   : _printfi.c.obj (.text:fcvt)
                  00001a74    00000118                                   : memory.c.obj (.text:aligned_alloc)
                  00001b8c    00000114                                   : fputs.c.obj (.text:fputs)
                  00001ca0    00000110                                   : s_scalbn.c.obj (.text:scalbn)
                  00001db0    000000fc                                   : fd_mul_t2.asm.obj (.text)
                  00001eac    000000e4                                   : memory.c.obj (.text:free)
                  00001f90    000000dc                                   : setvbuf.c.obj (.text:setvbuf)
                  0000206c    000000b1                                   : _printfi.c.obj (.text:_ltostr)
                  0000211d    00000001     --HOLE-- [fill = 0]
                  0000211e    0000009c                                   : memcpy_t2.asm.obj (.text)
                  000021ba    00000096                                   : ull_div_t2.asm.obj (.text)
                  00002250    0000008c                                   : fputc.c.obj (.text:fputc)
                  000022dc    00000086                                   : fd_cmp_t2.asm.obj (.text:__aeabi_cdcmple)
                  00002362    00000086                                   : fd_cmp_t2.asm.obj (.text:__aeabi_cdrcmple)
                  000023e8    0000007a                                   : memset_t2.asm.obj (.text)
                  00002462    00000002     --HOLE-- [fill = 0]
                  00002464    00000074                                   : fclose.c.obj (.text:__TI_closefile)
                  000024d8    00000070                                   : memory.c.obj (.text:split)
                  00002548    0000006e                                   : _printfi.c.obj (.text:_mcpy)
                  000025b6    00000002     --HOLE-- [fill = 0]
                  000025b8    0000006c                                   : hostrename.c.obj (.text:HOSTrename)
                  00002624    00000068                                   : hostlseek.c.obj (.text:HOSTlseek)
                  0000268c    00000068                                   : copy_decompress_lzss.c.obj (.text:decompress:lzss:__TI_decompress_lzss)
                  000026f4    00000068                                   : printf.c.obj (.text:printf)
                  0000275c    00000064                                   : s_frexp.c.obj (.text:frexp)
                  000027c0    00000064                                   : fseek.c.obj (.text:fseek)
                  00002824    00000062                                   : _io_perm.c.obj (.text:__TI_wrt_ok)
                  00002886    00000002     --HOLE-- [fill = 0]
                  00002888    00000060                                   : hostopen.c.obj (.text:HOSTopen)
                  000028e8    0000005c                                   : close.c.obj (.text:close)
                  00002944    00000058                                   : hostread.c.obj (.text:HOSTread)
                  0000299c    00000058                                   : hostwrite.c.obj (.text:HOSTwrite)
                  000029f4    00000056                                   : _printfi.c.obj (.text:_pconv_f)
                  00002a4a    00000054                                   : ltoa.c.obj (.text:ltoa)
                  00002a9e    00000052                                   : _printfi.c.obj (.text:_ecpy)
                  00002af0    0000004c                                   : fflush.c.obj (.text:__TI_doflush)
                  00002b3c    0000004c                                   : atoi.c.obj (.text:atoi)
                  00002b88    00000048                                   : exit.c.obj (.text:exit)
                  00002bd0    00000048                                   : fd_toi_t2.asm.obj (.text)
                  00002c18    00000044                                   : hostclose.c.obj (.text:HOSTclose)
                  00002c5c    00000044                                   : hostunlink.c.obj (.text:HOSTunlink)
                  00002ca0    00000044                                   : autoinit.c.obj (.text:__TI_auto_init_nobinit_nopinit:__TI_auto_init_nobinit_nopinit)
                  00002ce4    00000044                                   : getdevice.c.obj (.text:getdevice)
                  00002d28    0000003e                                   : _printfi.c.obj (.text:_fcpy)
                  00002d66    00000002     --HOLE-- [fill = 0]
                  00002d68    00000038                                   : trgmsg.c.obj (.text:__TI_writemsg)
                  00002da0    00000036                                   : strncpy.c.obj (.text:strncpy)
                  00002dd6    00000002     --HOLE-- [fill = 0]
                  00002dd8    00000034                                   : fopen.c.obj (.text:__TI_cleanup)
                  00002e0c    00000034                                   : trgmsg.c.obj (.text:__TI_readmsg)
                  00002e40    00000034                                   : boot_cortex_m.c.obj (.text:_c_int00_noargs:_c_int00_noargs)
                  00002e74    00000030                                   : getdevice.c.obj (.text:finddevice)
                  00002ea4    0000002e                                   : i_tofd_t2.asm.obj (.text)
                  00002ed2    00000002     --HOLE-- [fill = 0]
                  00002ed4    0000002c                                   : unlink.c.obj (.text:unlink)
                  00002f00    00000028                                   : memory.c.obj (.text:free_list_insert)
                  00002f28    00000028                                   : lseek.c.obj (.text:lseek)
                  00002f50    00000028                                   : write.c.obj (.text:write)
                  00002f78    00000020                                   : memchr.c.obj (.text:memchr)
                  00002f98    0000001c                                   : copy_zero_init.c.obj (.text:decompress:ZI:__TI_zero_init_nomemset:__TI_zero_init_nomemset)
                  00002fb4    0000001c                                   : memory.c.obj (.text:free_list_remove)
                  00002fd0    0000001c                                   : memccpy.c.obj (.text:memccpy)
                  00002fec    0000001a                                   : s_copysign.c.obj (.text:copysign)
                  00003006    00000018                                   : strcmp.c.obj (.text:strcmp)
                  0000301e    00000016                                   : strchr.c.obj (.text:strchr)
                  00003034    00000014                                   : strcpy.c.obj (.text:strcpy)
                  00003048    00000014                                   : strlen.c.obj (.text:strlen)
                  0000305c    00000012                                   : wcslen.c.obj (.text:wcslen)
                  0000306e    0000000e                                   : copy_decompress_none.c.obj (.text:decompress:none:__TI_decompress_none)
                  0000307c    0000000e     startup_msp432p401r_ccs.obj (.text)
                  0000308a    00000002     --HOLE-- [fill = 0]
                  0000308c    00000008     rtsv7M4_T_le_v4SPD16_eabi.lib : errno.c.obj (.text:__aeabi_errno_addr)
                  00003094    00000008                                   : memory.c.obj (.text:malloc)
                  0000309c    00000004                                   : printf.c.obj (.text:_outc)
                  000030a0    00000004                                   : printf.c.obj (.text:_outs)
                  000030a4    00000004                                   : pre_init.c.obj (.text:_system_pre_init)
                  000030a8    00000004                                   : exit.c.obj (.text:abort:abort)

.const     0    000030ac    00000101     
                  000030ac    00000101     rtsv7M4_T_le_v4SPD16_eabi.lib : ctype.c.obj (.const:.string:_ctypes_)

.cinit     0    000031b0    00000090     
                  000031b0    0000006c     (.cinit..data.load) [load image, compression = lzss]
                  0000321c    0000000c     (__TI_handler_table)
                  00003228    00000008     (.cinit..bss.load) [load image, compression = zero_init]
                  00003230    00000010     (__TI_cinit_table)

.init_array 
*          0    00000000    00000000     UNINITIALIZED

.binit     0    00000000    00000000     

.sysmem    0    20000000    00000400     UNINITIALIZED
                  20000000    00000010     rtsv7M4_T_le_v4SPD16_eabi.lib : memory.c.obj (.sysmem)
                  20000010    000003f0     --HOLE--

.data      0    20000400    000001ec     UNINITIALIZED
                  20000400    000000f0     rtsv7M4_T_le_v4SPD16_eabi.lib : defs.c.obj (.data:_ftable)
                  200004f0    00000078                                   : host_device.c.obj (.data:_device)
                  20000568    00000050                                   : host_device.c.obj (.data:_stream)
                  200005b8    00000010                                   : defs.c.obj (.data)
                  200005c8    0000000c                                   : exit.c.obj (.data:$O1$$)
                  200005d4    00000008                                   : _lock.c.obj (.data:$O1$$)
                  200005dc    00000008                                   : memory.c.obj (.data:$O1$$)
                  200005e4    00000004                                   : errno.c.obj (.data)
                  200005e8    00000004     system_msp432p401r.obj (.data)

.bss       0    200005ec    000001ca     UNINITIALIZED
                  200005ec    00000120     rtsv7M4_T_le_v4SPD16_eabi.lib : trgmsg.c.obj (.bss:_CIOBUF_)
                  2000070c    000000a0     (.common:__TI_tmpnams)
                  200007ac    00000008     (.common:parmbuf)
                  200007b4    00000001     (.common:num)
                  200007b5    00000001     (.common:pressed)

.stack     0    2000fe00    00000200     UNINITIALIZED
                  2000fe00    00000004     rtsv7M4_T_le_v4SPD16_eabi.lib : boot_cortex_m.c.obj (.stack)
                  2000fe04    000001fc     --HOLE--

MODULE SUMMARY

       Module                        code    ro data   rw data
       ------                        ----    -------   -------
    .\
       system_msp432p401r.obj        820     0         8      
       main.obj                      636     0         4      
       startup_msp432p401r_ccs.obj   14      228       0      
    +--+-----------------------------+-------+---------+---------+
       Total:                        1470    228       12     
                                                              
    C:\ti\ccs930\ccs\tools\compiler\ti-cgt-arm_18.12.4.LTS\lib\rtsv7M4_T_le_v4SPD16_eabi.lib
       _printfi.c.obj                4851    0         0      
       defs.c.obj                    0       0         832    
       memory.c.obj                  696     0         16     
       trgmsg.c.obj                  108     0         576    
       fd_add_t2.asm.obj             438     0         0      
       host_device.c.obj             0       0         400    
       fd_div_t2.asm.obj             310     0         0      
       fputs.c.obj                   276     0         0      
       s_scalbn.c.obj                272     0         0      
       fd_cmp_t2.asm.obj             268     0         0      
       ctype.c.obj                   0       257       0      
       fd_mul_t2.asm.obj             252     0         0      
       setvbuf.c.obj                 220     0         0      
       memcpy_t2.asm.obj             156     0         0      
       ull_div_t2.asm.obj            150     0         0      
       fputc.c.obj                   140     0         0      
       memset_t2.asm.obj             122     0         0      
       fclose.c.obj                  116     0         0      
       getdevice.c.obj               116     0         0      
       hostopen.c.obj                96      0         16     
       printf.c.obj                  112     0         0      
       hostrename.c.obj              108     0         0      
       copy_decompress_lzss.c.obj    104     0         0      
       hostlseek.c.obj               104     0         0      
       exit.c.obj                    76      0         24     
       fseek.c.obj                   100     0         0      
       s_frexp.c.obj                 100     0         0      
       _io_perm.c.obj                98      0         0      
       close.c.obj                   92      0         0      
       hostread.c.obj                88      0         0      
       hostwrite.c.obj               88      0         0      
       ltoa.c.obj                    84      0         0      
       atoi.c.obj                    76      0         0      
       fflush.c.obj                  76      0         0      
       fd_toi_t2.asm.obj             72      0         0      
       autoinit.c.obj                68      0         0      
       hostclose.c.obj               68      0         0      
       hostunlink.c.obj              68      0         0      
       strncpy.c.obj                 54      0         0      
       boot_cortex_m.c.obj           52      0         0      
       fopen.c.obj                   52      0         0      
       i_tofd_t2.asm.obj             46      0         0      
       unlink.c.obj                  44      0         0      
       lseek.c.obj                   40      0         0      
       write.c.obj                   40      0         0      
       memchr.c.obj                  32      0         0      
       copy_zero_init.c.obj          28      0         0      
       memccpy.c.obj                 28      0         0      
       s_copysign.c.obj              26      0         0      
       strcmp.c.obj                  24      0         0      
       strchr.c.obj                  22      0         0      
       strcpy.c.obj                  20      0         0      
       strlen.c.obj                  20      0         0      
       _lock.c.obj                   2       0         16     
       wcslen.c.obj                  18      0         0      
       errno.c.obj                   8       0         8      
       copy_decompress_none.c.obj    14      0         0      
       pre_init.c.obj                4       0         0      
       div0.asm.obj                  2       0         0      
    +--+-----------------------------+-------+---------+---------+
       Total:                        10745   257       1888   
                                                              
       Heap:                         0       0         2048   
       Stack:                        0       0         1024   
       Linker Generated:             0       144       0      
    +--+-----------------------------+-------+---------+---------+
       Grand Total:                  12215   629       4972   


LINKER GENERATED COPY TABLES

__TI_cinit_table @ 00003230 records: 2, size/record: 8, table size: 16
	.data: load addr=000031b0, load size=0000006c bytes, run addr=20000400, run size=000001ec bytes, compression=lzss
	.bss: load addr=00003228, load size=00000008 bytes, run addr=200005ec, run size=000001ca bytes, compression=zero_init


LINKER GENERATED HANDLER TABLE

__TI_handler_table @ 0000321c records: 3, size/record: 4, table size: 12
	index: 0, handler: __TI_decompress_lzss
	index: 1, handler: __TI_decompress_none
	index: 2, handler: __TI_zero_init


GLOBAL SYMBOLS: SORTED ALPHABETICALLY BY Name 

address   name                           
-------   ----                           
00003089  ADC14_IRQHandler               
00003089  AES256_IRQHandler              
00003089  BusFault_Handler               
000030a9  C$$EXIT                        
00002d97  C$$IO$$                        
00003089  COMP_E0_IRQHandler             
00003089  COMP_E1_IRQHandler             
00003089  CS_IRQHandler                  
00003089  DMA_ERR_IRQHandler             
00003089  DMA_INT0_IRQHandler            
00003089  DMA_INT1_IRQHandler            
00003089  DMA_INT2_IRQHandler            
00003089  DMA_INT3_IRQHandler            
00003089  DebugMon_Handler               
00003089  Default_Handler                
00003089  EUSCIA0_IRQHandler             
00003089  EUSCIA1_IRQHandler             
00003089  EUSCIA2_IRQHandler             
00003089  EUSCIA3_IRQHandler             
00003089  EUSCIB0_IRQHandler             
00003089  EUSCIB1_IRQHandler             
00003089  EUSCIB2_IRQHandler             
00003089  EUSCIB3_IRQHandler             
00003089  FLCTL_IRQHandler               
00003089  FPU_IRQHandler                 
00002c19  HOSTclose                      
00002625  HOSTlseek                      
00002889  HOSTopen                       
00002945  HOSTread                       
000025b9  HOSTrename                     
00002c5d  HOSTunlink                     
0000299d  HOSTwrite                      
00003089  HardFault_Handler              
00000ff3  Keypad_Init                    
00003089  MemManage_Handler              
00003089  NMI_Handler                    
00003089  PCM_IRQHandler                 
00003089  PORT1_IRQHandler               
00003089  PORT2_IRQHandler               
00003089  PORT3_IRQHandler               
00003089  PORT4_IRQHandler               
00003089  PORT5_IRQHandler               
00003089  PORT6_IRQHandler               
00003089  PSS_IRQHandler                 
00003089  PendSV_Handler                 
00000fab  Print_Keys                     
00003089  RTC_C_IRQHandler               
00000e97  Read_Keypad                    
0000307d  Reset_Handler                  
00003089  SVC_Handler                    
00001043  SysTick_Delay                  
00003089  SysTick_Handler                
00001027  SysTick_Init                   
200005e8  SystemCoreClock                
00000b35  SystemCoreClockUpdate          
00000dad  SystemInit                     
00003089  T32_INT1_IRQHandler            
00003089  T32_INT2_IRQHandler            
00003089  T32_INTC_IRQHandler            
00003089  TA0_0_IRQHandler               
00003089  TA0_N_IRQHandler               
00003089  TA1_0_IRQHandler               
00003089  TA1_N_IRQHandler               
00003089  TA2_0_IRQHandler               
00003089  TA2_N_IRQHandler               
00003089  TA3_0_IRQHandler               
00003089  TA3_N_IRQHandler               
00003089  UsageFault_Handler             
4000480c  WDTCTL_SYM                     
00003089  WDT_A_IRQHandler               
200005ec  __CIOBUF_                      
20010000  __STACK_END                    
00000200  __STACK_SIZE                   
00000400  __SYSMEM_SIZE                  
00003230  __TI_CINIT_Base                
00003240  __TI_CINIT_Limit               
0000321c  __TI_Handler_Table_Base        
00003228  __TI_Handler_Table_Limit       
00002ca1  __TI_auto_init_nobinit_nopinit 
00002dd9  __TI_cleanup                   
200005c8  __TI_cleanup_ptr               
00002465  __TI_closefile                 
0000268d  __TI_decompress_lzss           
0000306f  __TI_decompress_none           
00002af1  __TI_doflush                   
200005cc  __TI_dtors_ptr                 
200005d0  __TI_enable_exit_profile_output
200005b8  __TI_ft_end                    
ffffffff  __TI_pprof_out_hndl            
000000e5  __TI_printfi                   
ffffffff  __TI_prof_data_size            
ffffffff  __TI_prof_data_start           
00002e0d  __TI_readmsg                   
00000000  __TI_static_base__             
2000070c  __TI_tmpnams                   
00002d69  __TI_writemsg                  
00002825  __TI_wrt_ok                    
00002f99  __TI_zero_init_nomemset        
000022dd  __aeabi_cdcmpeq                
000022dd  __aeabi_cdcmple                
00002363  __aeabi_cdrcmple               
00002bd1  __aeabi_d2iz                   
0000152f  __aeabi_dadd                   
00001819  __aeabi_ddiv                   
00001db1  __aeabi_dmul                   
00001525  __aeabi_dsub                   
0000308d  __aeabi_errno_addr             
00002ea5  __aeabi_i2d                    
000016db  __aeabi_idiv0                  
000016db  __aeabi_ldiv0                  
000023e9  __aeabi_memclr                 
000023e9  __aeabi_memclr4                
000023e9  __aeabi_memclr8                
0000211f  __aeabi_memcpy                 
0000211f  __aeabi_memcpy4                
0000211f  __aeabi_memcpy8                
000023eb  __aeabi_memset                 
000023eb  __aeabi_memset4                
000023eb  __aeabi_memset8                
200005c4  __aeabi_stderr                 
200005bc  __aeabi_stdin                  
200005c0  __aeabi_stdout                 
000021bb  __aeabi_uldivmod               
ffffffff  __binit__                      
ffffffff  __c_args__                     
UNDEFED   __mpu_init                     
2000fe00  __stack                        
00002e41  _c_int00_noargs                
000030ac  _ctypes_                       
200004f0  _device                        
20000400  _ftable                        
200005d4  _lock                          
00000b33  _nop                           
20000568  _stream                        
20000000  _sys_memory                    
UNDEFED   _system_post_cinit             
000030a5  _system_pre_init               
200005d8  _unlock                        
000030a9  abort                          
00001a75  aligned_alloc                  
00002b3d  atoi                           
ffffffff  binit                          
000028e9  close                          
00002fed  copysign                       
00002fed  copysignl                      
200005e4  errno                          
00002b89  exit                           
00002e75  finddevice                     
00002251  fputc                          
00001b8d  fputs                          
00001ead  free                           
0000275d  frexp                          
0000275d  frexpl                         
000027c1  fseek                          
00002ce5  getdevice                      
00000000  interruptVectors               
00001ca1  ldexp                          
00001ca1  ldexpl                         
00002f29  lseek                          
00002a4b  ltoa                           
00000e69  main                           
00003095  malloc                         
00001a75  memalign                       
00002fd1  memccpy                        
00002f79  memchr                         
0000211f  memcpy                         
000023f1  memset                         
200007b4  num                            
200007ac  parmbuf                        
200007b5  pressed                        
000026f5  printf                         
00002251  putc                           
00002ed5  remove                         
00001ca1  scalbn                         
00001ca1  scalbnl                        
00001f91  setvbuf                        
0000301f  strchr                         
00003007  strcmp                         
00003035  strcpy                         
00003049  strlen                         
00002da1  strncpy                        
00002ed5  unlink                         
0000305d  wcslen                         
00002f51  write                          


GLOBAL SYMBOLS: SORTED BY Symbol Address 

address   name                           
-------   ----                           
00000000  __TI_static_base__             
00000000  interruptVectors               
000000e5  __TI_printfi                   
00000200  __STACK_SIZE                   
00000400  __SYSMEM_SIZE                  
00000b33  _nop                           
00000b35  SystemCoreClockUpdate          
00000dad  SystemInit                     
00000e69  main                           
00000e97  Read_Keypad                    
00000fab  Print_Keys                     
00000ff3  Keypad_Init                    
00001027  SysTick_Init                   
00001043  SysTick_Delay                  
00001525  __aeabi_dsub                   
0000152f  __aeabi_dadd                   
000016db  __aeabi_idiv0                  
000016db  __aeabi_ldiv0                  
00001819  __aeabi_ddiv                   
00001a75  aligned_alloc                  
00001a75  memalign                       
00001b8d  fputs                          
00001ca1  ldexp                          
00001ca1  ldexpl                         
00001ca1  scalbn                         
00001ca1  scalbnl                        
00001db1  __aeabi_dmul                   
00001ead  free                           
00001f91  setvbuf                        
0000211f  __aeabi_memcpy                 
0000211f  __aeabi_memcpy4                
0000211f  __aeabi_memcpy8                
0000211f  memcpy                         
000021bb  __aeabi_uldivmod               
00002251  fputc                          
00002251  putc                           
000022dd  __aeabi_cdcmpeq                
000022dd  __aeabi_cdcmple                
00002363  __aeabi_cdrcmple               
000023e9  __aeabi_memclr                 
000023e9  __aeabi_memclr4                
000023e9  __aeabi_memclr8                
000023eb  __aeabi_memset                 
000023eb  __aeabi_memset4                
000023eb  __aeabi_memset8                
000023f1  memset                         
00002465  __TI_closefile                 
000025b9  HOSTrename                     
00002625  HOSTlseek                      
0000268d  __TI_decompress_lzss           
000026f5  printf                         
0000275d  frexp                          
0000275d  frexpl                         
000027c1  fseek                          
00002825  __TI_wrt_ok                    
00002889  HOSTopen                       
000028e9  close                          
00002945  HOSTread                       
0000299d  HOSTwrite                      
00002a4b  ltoa                           
00002af1  __TI_doflush                   
00002b3d  atoi                           
00002b89  exit                           
00002bd1  __aeabi_d2iz                   
00002c19  HOSTclose                      
00002c5d  HOSTunlink                     
00002ca1  __TI_auto_init_nobinit_nopinit 
00002ce5  getdevice                      
00002d69  __TI_writemsg                  
00002d97  C$$IO$$                        
00002da1  strncpy                        
00002dd9  __TI_cleanup                   
00002e0d  __TI_readmsg                   
00002e41  _c_int00_noargs                
00002e75  finddevice                     
00002ea5  __aeabi_i2d                    
00002ed5  remove                         
00002ed5  unlink                         
00002f29  lseek                          
00002f51  write                          
00002f79  memchr                         
00002f99  __TI_zero_init_nomemset        
00002fd1  memccpy                        
00002fed  copysign                       
00002fed  copysignl                      
00003007  strcmp                         
0000301f  strchr                         
00003035  strcpy                         
00003049  strlen                         
0000305d  wcslen                         
0000306f  __TI_decompress_none           
0000307d  Reset_Handler                  
00003089  ADC14_IRQHandler               
00003089  AES256_IRQHandler              
00003089  BusFault_Handler               
00003089  COMP_E0_IRQHandler             
00003089  COMP_E1_IRQHandler             
00003089  CS_IRQHandler                  
00003089  DMA_ERR_IRQHandler             
00003089  DMA_INT0_IRQHandler            
00003089  DMA_INT1_IRQHandler            
00003089  DMA_INT2_IRQHandler            
00003089  DMA_INT3_IRQHandler            
00003089  DebugMon_Handler               
00003089  Default_Handler                
00003089  EUSCIA0_IRQHandler             
00003089  EUSCIA1_IRQHandler             
00003089  EUSCIA2_IRQHandler             
00003089  EUSCIA3_IRQHandler             
00003089  EUSCIB0_IRQHandler             
00003089  EUSCIB1_IRQHandler             
00003089  EUSCIB2_IRQHandler             
00003089  EUSCIB3_IRQHandler             
00003089  FLCTL_IRQHandler               
00003089  FPU_IRQHandler                 
00003089  HardFault_Handler              
00003089  MemManage_Handler              
00003089  NMI_Handler                    
00003089  PCM_IRQHandler                 
00003089  PORT1_IRQHandler               
00003089  PORT2_IRQHandler               
00003089  PORT3_IRQHandler               
00003089  PORT4_IRQHandler               
00003089  PORT5_IRQHandler               
00003089  PORT6_IRQHandler               
00003089  PSS_IRQHandler                 
00003089  PendSV_Handler                 
00003089  RTC_C_IRQHandler               
00003089  SVC_Handler                    
00003089  SysTick_Handler                
00003089  T32_INT1_IRQHandler            
00003089  T32_INT2_IRQHandler            
00003089  T32_INTC_IRQHandler            
00003089  TA0_0_IRQHandler               
00003089  TA0_N_IRQHandler               
00003089  TA1_0_IRQHandler               
00003089  TA1_N_IRQHandler               
00003089  TA2_0_IRQHandler               
00003089  TA2_N_IRQHandler               
00003089  TA3_0_IRQHandler               
00003089  TA3_N_IRQHandler               
00003089  UsageFault_Handler             
00003089  WDT_A_IRQHandler               
0000308d  __aeabi_errno_addr             
00003095  malloc                         
000030a5  _system_pre_init               
000030a9  C$$EXIT                        
000030a9  abort                          
000030ac  _ctypes_                       
0000321c  __TI_Handler_Table_Base        
00003228  __TI_Handler_Table_Limit       
00003230  __TI_CINIT_Base                
00003240  __TI_CINIT_Limit               
20000000  _sys_memory                    
20000400  _ftable                        
200004f0  _device                        
20000568  _stream                        
200005b8  __TI_ft_end                    
200005bc  __aeabi_stdin                  
200005c0  __aeabi_stdout                 
200005c4  __aeabi_stderr                 
200005c8  __TI_cleanup_ptr               
200005cc  __TI_dtors_ptr                 
200005d0  __TI_enable_exit_profile_output
200005d4  _lock                          
200005d8  _unlock                        
200005e4  errno                          
200005e8  SystemCoreClock                
200005ec  __CIOBUF_                      
2000070c  __TI_tmpnams                   
200007ac  parmbuf                        
200007b4  num                            
200007b5  pressed                        
2000fe00  __stack                        
20010000  __STACK_END                    
4000480c  WDTCTL_SYM                     
ffffffff  __TI_pprof_out_hndl            
ffffffff  __TI_prof_data_size            
ffffffff  __TI_prof_data_start           
ffffffff  __binit__                      
ffffffff  __c_args__                     
ffffffff  binit                          
UNDEFED   __mpu_init                     
UNDEFED   _system_post_cinit             

[184 symbols]
