******************************************************************************
                  TI ARM Linker PC v18.12.4                    
******************************************************************************
>> Linked Mon Mar 29 09:28:53 2021

OUTPUT FILE NAME:   <Lab10_Part3.out>
ENTRY POINT SYMBOL: "_c_int00_noargs"  address: 0000261d


MEMORY CONFIGURATION

         name            origin    length      used     unused   attr    fill
----------------------  --------  ---------  --------  --------  ----  --------
  MAIN                  00000000   00040000  00002891  0003d76f  R  X
  INFO                  00200000   00004000  00000000  00004000  R  X
  SRAM_CODE             01000000   00010000  00000220  0000fde0  RW X
  SRAM_DATA             20000000   00010000  00000220  0000fde0  RW  


SEGMENT ALLOCATION MAP

run origin  load origin   length   init length attrs members
----------  ----------- ---------- ----------- ----- -------
00000000    00000000    00002894   00002894    r-x
  00000000    00000000    000000e4   000000e4    r-- .intvecs
  000000e4    000000e4    00002690   00002690    r-x .text
  00002774    00002774    00000101   00000101    r-- .const
  00002878    00002878    0000001c   0000001c    r-- .cinit
20000000    20000000    00000020   00000000    rw-
  20000000    20000000    00000020   00000000    rw- .data
2000fe00    2000fe00    00000200   00000000    rw-
  2000fe00    2000fe00    00000200   00000000    rw- .stack


SECTION ALLOCATION MAP

 output                                  attributes/
section   page    origin      length       input sections
--------  ----  ----------  ----------   ----------------
.intvecs   0    00000000    000000e4     
                  00000000    000000e4     startup_msp432p401r_ccs.obj (.intvecs:retain)

.text      0    000000e4    00002690     
                  000000e4    00000a4e     rtsv7M4_T_le_v4SPD16_eabi.lib : _printfi.c.obj (.text:__TI_printfi)
                  00000b32    00000002                                   : div0.asm.obj (.text)
                  00000b34    0000033c     LCD.obj (.text)
                  00000e70    00000334     system_msp432p401r.obj (.text)
                  000011a4    00000270     rtsv7M4_T_le_v4SPD16_eabi.lib : _printfi.c.obj (.text:_pconv_a)
                  00001414    000001e4     main.obj (.text)
                  000015f8    000001d0     rtsv7M4_T_le_v4SPD16_eabi.lib : _printfi.c.obj (.text:_pconv_g)
                  000017c8    000001b6                                   : fd_add_t2.asm.obj (.text)
                  0000197e    00000002     --HOLE-- [fill = 0]
                  00001980    0000013c                                   : _printfi.c.obj (.text:_pconv_e)
                  00001abc    00000136                                   : fd_div_t2.asm.obj (.text)
                  00001bf2    00000002     --HOLE-- [fill = 0]
                  00001bf4    00000124                                   : _printfi.c.obj (.text:fcvt)
                  00001d18    00000110                                   : s_scalbn.c.obj (.text:scalbn)
                  00001e28    000000fc                                   : fd_mul_t2.asm.obj (.text)
                  00001f24    000000b1                                   : _printfi.c.obj (.text:_ltostr)
                  00001fd5    00000001     --HOLE-- [fill = 0]
                  00001fd6    0000009c                                   : memcpy_t2.asm.obj (.text)
                  00002072    00000096                                   : ull_div_t2.asm.obj (.text)
                  00002108    00000086                                   : fd_cmp_t2.asm.obj (.text:__aeabi_cdcmple)
                  0000218e    00000086                                   : fd_cmp_t2.asm.obj (.text:__aeabi_cdrcmple)
                  00002214    0000007a                                   : memset_t2.asm.obj (.text)
                  0000228e    0000006e                                   : _printfi.c.obj (.text:_mcpy)
                  000022fc    00000068                                   : copy_decompress_lzss.c.obj (.text:decompress:lzss:__TI_decompress_lzss)
                  00002364    00000064                                   : s_frexp.c.obj (.text:frexp)
                  000023c8    00000056                                   : _printfi.c.obj (.text:_pconv_f)
                  0000241e    00000054                                   : ltoa.c.obj (.text:ltoa)
                  00002472    00000052                                   : _printfi.c.obj (.text:_ecpy)
                  000024c4    0000004c                                   : atoi.c.obj (.text:atoi)
                  00002510    00000048                                   : fd_toi_t2.asm.obj (.text)
                  00002558    00000044                                   : autoinit.c.obj (.text:__TI_auto_init_nobinit_nopinit:__TI_auto_init_nobinit_nopinit)
                  0000259c    00000040                                   : sprintf.c.obj (.text:sprintf)
                  000025dc    0000003e                                   : _printfi.c.obj (.text:_fcpy)
                  0000261a    00000002     --HOLE-- [fill = 0]
                  0000261c    00000034                                   : boot_cortex_m.c.obj (.text:_c_int00_noargs:_c_int00_noargs)
                  00002650    0000002e                                   : i_tofd_t2.asm.obj (.text)
                  0000267e    00000020                                   : u_tofd_t2.asm.obj (.text)
                  0000269e    0000001c                                   : memccpy.c.obj (.text:memccpy)
                  000026ba    0000001a                                   : s_copysign.c.obj (.text:copysign)
                  000026d4    00000018                                   : sprintf.c.obj (.text:_outs)
                  000026ec    00000016                                   : strchr.c.obj (.text:strchr)
                  00002702    00000014                                   : strcpy.c.obj (.text:strcpy)
                  00002716    00000014                                   : strlen.c.obj (.text:strlen)
                  0000272a    00000012                                   : wcslen.c.obj (.text:wcslen)
                  0000273c    0000000e                                   : copy_decompress_none.c.obj (.text:decompress:none:__TI_decompress_none)
                  0000274a    0000000e     startup_msp432p401r_ccs.obj (.text)
                  00002758    0000000a     rtsv7M4_T_le_v4SPD16_eabi.lib : sprintf.c.obj (.text:_outc)
                  00002762    00000002     --HOLE-- [fill = 0]
                  00002764    00000008                                   : errno.c.obj (.text:__aeabi_errno_addr)
                  0000276c    00000004                                   : pre_init.c.obj (.text:_system_pre_init)
                  00002770    00000004                                   : exit.c.obj (.text:abort:abort)

.const     0    00002774    00000101     
                  00002774    00000101     rtsv7M4_T_le_v4SPD16_eabi.lib : ctype.c.obj (.const:.string:_ctypes_)

.cinit     0    00002878    0000001c     
                  00002878    0000000c     (.cinit..data.load) [load image, compression = lzss]
                  00002884    00000008     (__TI_handler_table)
                  0000288c    00000008     (__TI_cinit_table)

.init_array 
*          0    00000000    00000000     UNINITIALIZED

.binit     0    00000000    00000000     

.data      0    20000000    00000020     UNINITIALIZED
                  20000000    00000018     main.obj (.data)
                  20000018    00000004     rtsv7M4_T_le_v4SPD16_eabi.lib : errno.c.obj (.data)
                  2000001c    00000004     system_msp432p401r.obj (.data)

.stack     0    2000fe00    00000200     UNINITIALIZED
                  2000fe00    00000004     rtsv7M4_T_le_v4SPD16_eabi.lib : boot_cortex_m.c.obj (.stack)
                  2000fe04    000001fc     --HOLE--

MODULE SUMMARY

       Module                        code   ro data   rw data
       ------                        ----   -------   -------
    .\
       LCD.obj                       828    0         0      
       system_msp432p401r.obj        820    0         8      
       main.obj                      484    0         48     
       startup_msp432p401r_ccs.obj   14     228       0      
    +--+-----------------------------+------+---------+---------+
       Total:                        2146   228       56     
                                                             
    C:\ti\ccs930\ccs\tools\compiler\ti-cgt-arm_18.12.4.LTS\lib\rtsv7M4_T_le_v4SPD16_eabi.lib
       _printfi.c.obj                4851   0         0      
       fd_add_t2.asm.obj             438    0         0      
       fd_div_t2.asm.obj             310    0         0      
       s_scalbn.c.obj                272    0         0      
       fd_cmp_t2.asm.obj             268    0         0      
       ctype.c.obj                   0      257       0      
       fd_mul_t2.asm.obj             252    0         0      
       memcpy_t2.asm.obj             156    0         0      
       ull_div_t2.asm.obj            150    0         0      
       memset_t2.asm.obj             122    0         0      
       copy_decompress_lzss.c.obj    104    0         0      
       s_frexp.c.obj                 100    0         0      
       sprintf.c.obj                 98     0         0      
       ltoa.c.obj                    84     0         0      
       atoi.c.obj                    76     0         0      
       fd_toi_t2.asm.obj             72     0         0      
       autoinit.c.obj                68     0         0      
       boot_cortex_m.c.obj           52     0         0      
       i_tofd_t2.asm.obj             46     0         0      
       u_tofd_t2.asm.obj             32     0         0      
       memccpy.c.obj                 28     0         0      
       s_copysign.c.obj              26     0         0      
       strchr.c.obj                  22     0         0      
       strcpy.c.obj                  20     0         0      
       strlen.c.obj                  20     0         0      
       wcslen.c.obj                  18     0         0      
       errno.c.obj                   8      0         8      
       copy_decompress_none.c.obj    14     0         0      
       exit.c.obj                    4      0         0      
       pre_init.c.obj                4      0         0      
       div0.asm.obj                  2      0         0      
    +--+-----------------------------+------+---------+---------+
       Total:                        7717   257       8      
                                                             
       Stack:                        0      0         1024   
       Linker Generated:             0      28        0      
    +--+-----------------------------+------+---------+---------+
       Grand Total:                  9863   513       1088   


LINKER GENERATED COPY TABLES

__TI_cinit_table @ 0000288c records: 1, size/record: 8, table size: 8
	.data: load addr=00002878, load size=0000000c bytes, run addr=20000000, run size=00000020 bytes, compression=lzss


LINKER GENERATED HANDLER TABLE

__TI_handler_table @ 00002884 records: 2, size/record: 4, table size: 8
	index: 0, handler: __TI_decompress_lzss
	index: 1, handler: __TI_decompress_none


GLOBAL SYMBOLS: SORTED ALPHABETICALLY BY Name 

address   name                          
-------   ----                          
00002757  ADC14_IRQHandler              
000014b3  ADCsetup                      
00002757  AES256_IRQHandler             
00002757  BusFault_Handler              
00002771  C$$EXIT                       
00002757  COMP_E0_IRQHandler            
00002757  COMP_E1_IRQHandler            
00002757  CS_IRQHandler                 
00002757  DMA_ERR_IRQHandler            
00002757  DMA_INT0_IRQHandler           
00002757  DMA_INT1_IRQHandler           
00002757  DMA_INT2_IRQHandler           
00002757  DMA_INT3_IRQHandler           
00002757  DebugMon_Handler              
00002757  Default_Handler               
00002757  EUSCIA0_IRQHandler            
00002757  EUSCIA1_IRQHandler            
00002757  EUSCIA2_IRQHandler            
00002757  EUSCIA3_IRQHandler            
00002757  EUSCIB0_IRQHandler            
00002757  EUSCIB1_IRQHandler            
00002757  EUSCIB2_IRQHandler            
00002757  EUSCIB3_IRQHandler            
00002757  FLCTL_IRQHandler              
00002757  FPU_IRQHandler                
00002757  HardFault_Handler             
00000d79  LCD_Init                      
00002757  MemManage_Handler             
00002757  NMI_Handler                   
00002757  PCM_IRQHandler                
00002757  PORT1_IRQHandler              
00002757  PORT2_IRQHandler              
00002757  PORT3_IRQHandler              
00002757  PORT4_IRQHandler              
00002757  PORT5_IRQHandler              
00002757  PORT6_IRQHandler              
00002757  PSS_IRQHandler                
00002757  PendSV_Handler                
00000b35  Pin_Init                      
00000c79  PulseEnablePin                
00002757  RTC_C_IRQHandler              
0000274b  Reset_Handler                 
00002757  SVC_Handler                   
00002757  SysTick_Handler               
00000e17  SysTick_Init                  
2000001c  SystemCoreClock               
00000e71  SystemCoreClockUpdate         
000010e9  SystemInit                    
00002757  T32_INT1_IRQHandler           
00002757  T32_INT2_IRQHandler           
00002757  T32_INTC_IRQHandler           
00002757  TA0_0_IRQHandler              
00002757  TA0_N_IRQHandler              
00002757  TA1_0_IRQHandler              
00002757  TA1_N_IRQHandler              
00002757  TA2_0_IRQHandler              
00002757  TA2_N_IRQHandler              
00002757  TA3_0_IRQHandler              
00002757  TA3_N_IRQHandler              
00002757  UsageFault_Handler            
4000480c  WDTCTL_SYM                    
00002757  WDT_A_IRQHandler              
20010000  __STACK_END                   
00000200  __STACK_SIZE                  
0000288c  __TI_CINIT_Base               
00002894  __TI_CINIT_Limit              
00002884  __TI_Handler_Table_Base       
0000288c  __TI_Handler_Table_Limit      
00002559  __TI_auto_init_nobinit_nopinit
000022fd  __TI_decompress_lzss          
0000273d  __TI_decompress_none          
ffffffff  __TI_pprof_out_hndl           
000000e5  __TI_printfi                  
ffffffff  __TI_prof_data_size           
ffffffff  __TI_prof_data_start          
00000000  __TI_static_base__            
00002109  __aeabi_cdcmpeq               
00002109  __aeabi_cdcmple               
0000218f  __aeabi_cdrcmple              
00002511  __aeabi_d2iz                  
000017d3  __aeabi_dadd                  
00001abd  __aeabi_ddiv                  
00001e29  __aeabi_dmul                  
000017c9  __aeabi_dsub                  
00002765  __aeabi_errno_addr            
00002651  __aeabi_i2d                   
00000b33  __aeabi_idiv0                 
00000b33  __aeabi_ldiv0                 
00002215  __aeabi_memclr                
00002215  __aeabi_memclr4               
00002215  __aeabi_memclr8               
00001fd7  __aeabi_memcpy                
00001fd7  __aeabi_memcpy4               
00001fd7  __aeabi_memcpy8               
00002217  __aeabi_memset                
00002217  __aeabi_memset4               
00002217  __aeabi_memset8               
0000267f  __aeabi_ui2d                  
00002073  __aeabi_uldivmod              
ffffffff  __binit__                     
ffffffff  __c_args__                    
UNDEFED   __mpu_init                    
2000fe00  __stack                       
0000261d  _c_int00_noargs               
00002774  _ctypes_                      
UNDEFED   _system_post_cinit            
0000276d  _system_pre_init              
00002771  abort                         
000024c5  atoi                          
ffffffff  binit                         
20000010  celc                          
00000de3  commandWrite                  
000026bb  copysign                      
000026bb  copysignl                     
00000dfd  dataWrite                     
00000c2f  delay_micro                   
00000c53  delay_milli                   
20000018  errno                         
000014f9  firstline                     
00002365  frexp                         
00002365  frexpl                        
00000000  interruptVectors              
00001d19  ldexp                         
00001d19  ldexpl                        
0000241f  ltoa                          
00001415  main                          
0000269f  memccpy                       
00001fd7  memcpy                        
0000221d  memset                        
00000d41  pushByte                      
00000cad  pushNibble                    
20000000  result                        
00001d19  scalbn                        
00001d19  scalbnl                       
0000153d  secondline                    
0000259d  sprintf                       
000026ed  strchr                        
00002703  strcpy                        
00002717  strlen                        
20000008  voltage                       
0000272b  wcslen                        


GLOBAL SYMBOLS: SORTED BY Symbol Address 

address   name                          
-------   ----                          
00000000  __TI_static_base__            
00000000  interruptVectors              
000000e5  __TI_printfi                  
00000200  __STACK_SIZE                  
00000b33  __aeabi_idiv0                 
00000b33  __aeabi_ldiv0                 
00000b35  Pin_Init                      
00000c2f  delay_micro                   
00000c53  delay_milli                   
00000c79  PulseEnablePin                
00000cad  pushNibble                    
00000d41  pushByte                      
00000d79  LCD_Init                      
00000de3  commandWrite                  
00000dfd  dataWrite                     
00000e17  SysTick_Init                  
00000e71  SystemCoreClockUpdate         
000010e9  SystemInit                    
00001415  main                          
000014b3  ADCsetup                      
000014f9  firstline                     
0000153d  secondline                    
000017c9  __aeabi_dsub                  
000017d3  __aeabi_dadd                  
00001abd  __aeabi_ddiv                  
00001d19  ldexp                         
00001d19  ldexpl                        
00001d19  scalbn                        
00001d19  scalbnl                       
00001e29  __aeabi_dmul                  
00001fd7  __aeabi_memcpy                
00001fd7  __aeabi_memcpy4               
00001fd7  __aeabi_memcpy8               
00001fd7  memcpy                        
00002073  __aeabi_uldivmod              
00002109  __aeabi_cdcmpeq               
00002109  __aeabi_cdcmple               
0000218f  __aeabi_cdrcmple              
00002215  __aeabi_memclr                
00002215  __aeabi_memclr4               
00002215  __aeabi_memclr8               
00002217  __aeabi_memset                
00002217  __aeabi_memset4               
00002217  __aeabi_memset8               
0000221d  memset                        
000022fd  __TI_decompress_lzss          
00002365  frexp                         
00002365  frexpl                        
0000241f  ltoa                          
000024c5  atoi                          
00002511  __aeabi_d2iz                  
00002559  __TI_auto_init_nobinit_nopinit
0000259d  sprintf                       
0000261d  _c_int00_noargs               
00002651  __aeabi_i2d                   
0000267f  __aeabi_ui2d                  
0000269f  memccpy                       
000026bb  copysign                      
000026bb  copysignl                     
000026ed  strchr                        
00002703  strcpy                        
00002717  strlen                        
0000272b  wcslen                        
0000273d  __TI_decompress_none          
0000274b  Reset_Handler                 
00002757  ADC14_IRQHandler              
00002757  AES256_IRQHandler             
00002757  BusFault_Handler              
00002757  COMP_E0_IRQHandler            
00002757  COMP_E1_IRQHandler            
00002757  CS_IRQHandler                 
00002757  DMA_ERR_IRQHandler            
00002757  DMA_INT0_IRQHandler           
00002757  DMA_INT1_IRQHandler           
00002757  DMA_INT2_IRQHandler           
00002757  DMA_INT3_IRQHandler           
00002757  DebugMon_Handler              
00002757  Default_Handler               
00002757  EUSCIA0_IRQHandler            
00002757  EUSCIA1_IRQHandler            
00002757  EUSCIA2_IRQHandler            
00002757  EUSCIA3_IRQHandler            
00002757  EUSCIB0_IRQHandler            
00002757  EUSCIB1_IRQHandler            
00002757  EUSCIB2_IRQHandler            
00002757  EUSCIB3_IRQHandler            
00002757  FLCTL_IRQHandler              
00002757  FPU_IRQHandler                
00002757  HardFault_Handler             
00002757  MemManage_Handler             
00002757  NMI_Handler                   
00002757  PCM_IRQHandler                
00002757  PORT1_IRQHandler              
00002757  PORT2_IRQHandler              
00002757  PORT3_IRQHandler              
00002757  PORT4_IRQHandler              
00002757  PORT5_IRQHandler              
00002757  PORT6_IRQHandler              
00002757  PSS_IRQHandler                
00002757  PendSV_Handler                
00002757  RTC_C_IRQHandler              
00002757  SVC_Handler                   
00002757  SysTick_Handler               
00002757  T32_INT1_IRQHandler           
00002757  T32_INT2_IRQHandler           
00002757  T32_INTC_IRQHandler           
00002757  TA0_0_IRQHandler              
00002757  TA0_N_IRQHandler              
00002757  TA1_0_IRQHandler              
00002757  TA1_N_IRQHandler              
00002757  TA2_0_IRQHandler              
00002757  TA2_N_IRQHandler              
00002757  TA3_0_IRQHandler              
00002757  TA3_N_IRQHandler              
00002757  UsageFault_Handler            
00002757  WDT_A_IRQHandler              
00002765  __aeabi_errno_addr            
0000276d  _system_pre_init              
00002771  C$$EXIT                       
00002771  abort                         
00002774  _ctypes_                      
00002884  __TI_Handler_Table_Base       
0000288c  __TI_CINIT_Base               
0000288c  __TI_Handler_Table_Limit      
00002894  __TI_CINIT_Limit              
20000000  result                        
20000008  voltage                       
20000010  celc                          
20000018  errno                         
2000001c  SystemCoreClock               
2000fe00  __stack                       
20010000  __STACK_END                   
4000480c  WDTCTL_SYM                    
ffffffff  __TI_pprof_out_hndl           
ffffffff  __TI_prof_data_size           
ffffffff  __TI_prof_data_start          
ffffffff  __binit__                     
ffffffff  __c_args__                    
ffffffff  binit                         
UNDEFED   __mpu_init                    
UNDEFED   _system_post_cinit            

[141 symbols]
