******************************************************************************
                  TI ARM Linker PC v18.12.4                    
******************************************************************************
>> Linked Tue Apr  6 23:52:16 2021

OUTPUT FILE NAME:   <Lab11_EC.out>
ENTRY POINT SYMBOL: "_c_int00_noargs"  address: 00000901


MEMORY CONFIGURATION

         name            origin    length      used     unused   attr    fill
----------------------  --------  ---------  --------  --------  ----  --------
  MAIN                  00000000   00040000  000009a4  0003f65c  R  X
  INFO                  00200000   00004000  00000000  00004000  R  X
  SRAM_CODE             01000000   00010000  0000020e  0000fdf2  RW X
  SRAM_DATA             20000000   00010000  0000020e  0000fdf2  RW  


SEGMENT ALLOCATION MAP

run origin  load origin   length   init length attrs members
----------  ----------- ---------- ----------- ----- -------
00000000    00000000    000009a8   000009a8    r-x
  00000000    00000000    000000e4   000000e4    r-- .intvecs
  000000e4    000000e4    00000890   00000890    r-x .text
  00000978    00000978    00000030   00000030    r-- .cinit
20000000    20000000    00000010   00000000    rw-
  20000000    20000000    0000000a   00000000    rw- .bss
  2000000c    2000000c    00000004   00000000    rw- .data
2000fe00    2000fe00    00000200   00000000    rw-
  2000fe00    2000fe00    00000200   00000000    rw- .stack


SECTION ALLOCATION MAP

 output                                  attributes/
section   page    origin      length       input sections
--------  ----  ----------  ----------   ----------------
.intvecs   0    00000000    000000e4     
                  00000000    000000e4     startup_msp432p401r_ccs.obj (.intvecs:retain)

.text      0    000000e4    00000890     
                  000000e4    00000350     main.obj (.text)
                  00000434    00000334     system_msp432p401r.obj (.text)
                  00000768    0000009c     rtsv7M4_T_le_v4SPD16_eabi.lib : memcpy_t2.asm.obj (.text)
                  00000804    00000068                                   : copy_decompress_lzss.c.obj (.text:decompress:lzss:__TI_decompress_lzss)
                  0000086c    00000050     SysTick.obj (.text)
                  000008bc    00000044     rtsv7M4_T_le_v4SPD16_eabi.lib : autoinit.c.obj (.text:__TI_auto_init_nobinit_nopinit:__TI_auto_init_nobinit_nopinit)
                  00000900    00000034                                   : boot_cortex_m.c.obj (.text:_c_int00_noargs:_c_int00_noargs)
                  00000934    0000001c                                   : copy_zero_init.c.obj (.text:decompress:ZI:__TI_zero_init_nomemset:__TI_zero_init_nomemset)
                  00000950    0000000e                                   : copy_decompress_none.c.obj (.text:decompress:none:__TI_decompress_none)
                  0000095e    0000000e     startup_msp432p401r_ccs.obj (.text)
                  0000096c    00000004     rtsv7M4_T_le_v4SPD16_eabi.lib : pre_init.c.obj (.text:_system_pre_init)
                  00000970    00000004                                   : exit.c.obj (.text:abort:abort)

.cinit     0    00000978    00000030     
                  00000978    0000000c     (__TI_handler_table)
                  00000984    00000004     --HOLE-- [fill = 0]
                  00000988    00000008     (.cinit..bss.load) [load image, compression = zero_init]
                  00000990    00000008     (.cinit..data.load) [load image, compression = lzss]
                  00000998    00000010     (__TI_cinit_table)

.init_array 
*          0    00000000    00000000     UNINITIALIZED

.binit     0    00000000    00000000     

.bss       0    20000000    0000000a     UNINITIALIZED
                  20000000    00000002     (.common:check)
                  20000002    00000002     (.common:currentedge)
                  20000004    00000002     (.common:flag)
                  20000006    00000002     (.common:lastedge)
                  20000008    00000002     (.common:period)

.data      0    2000000c    00000004     UNINITIALIZED
                  2000000c    00000004     system_msp432p401r.obj (.data)

.stack     0    2000fe00    00000200     UNINITIALIZED
                  2000fe00    00000004     rtsv7M4_T_le_v4SPD16_eabi.lib : boot_cortex_m.c.obj (.stack)
                  2000fe04    000001fc     --HOLE--

MODULE SUMMARY

       Module                        code   ro data   rw data
       ------                        ----   -------   -------
    .\
       main.obj                      848    0         20     
       system_msp432p401r.obj        820    0         8      
       startup_msp432p401r_ccs.obj   14     228       0      
       SysTick.obj                   80     0         0      
    +--+-----------------------------+------+---------+---------+
       Total:                        1762   228       28     
                                                             
    C:\ti\ccs930\ccs\tools\compiler\ti-cgt-arm_18.12.4.LTS\lib\rtsv7M4_T_le_v4SPD16_eabi.lib
       memcpy_t2.asm.obj             156    0         0      
       copy_decompress_lzss.c.obj    104    0         0      
       autoinit.c.obj                68     0         0      
       boot_cortex_m.c.obj           52     0         0      
       copy_zero_init.c.obj          28     0         0      
       copy_decompress_none.c.obj    14     0         0      
       exit.c.obj                    4      0         0      
       pre_init.c.obj                4      0         0      
    +--+-----------------------------+------+---------+---------+
       Total:                        430    0         0      
                                                             
       Stack:                        0      0         1024   
       Linker Generated:             0      44        0      
    +--+-----------------------------+------+---------+---------+
       Grand Total:                  2192   272       1052   


LINKER GENERATED COPY TABLES

__TI_cinit_table @ 00000998 records: 2, size/record: 8, table size: 16
	.bss: load addr=00000988, load size=00000008 bytes, run addr=20000000, run size=0000000a bytes, compression=zero_init
	.data: load addr=00000990, load size=00000008 bytes, run addr=2000000c, run size=00000004 bytes, compression=lzss


LINKER GENERATED HANDLER TABLE

__TI_handler_table @ 00000978 records: 3, size/record: 4, table size: 12
	index: 0, handler: __TI_decompress_lzss
	index: 1, handler: __TI_decompress_none
	index: 2, handler: __TI_zero_init


GLOBAL SYMBOLS: SORTED ALPHABETICALLY BY Name 

address   name                          
-------   ----                          
0000096b  ADC14_IRQHandler              
0000096b  AES256_IRQHandler             
0000096b  BusFault_Handler              
00000971  C$$EXIT                       
0000096b  COMP_E0_IRQHandler            
0000096b  COMP_E1_IRQHandler            
0000096b  CS_IRQHandler                 
0000096b  DMA_ERR_IRQHandler            
0000096b  DMA_INT0_IRQHandler           
0000096b  DMA_INT1_IRQHandler           
0000096b  DMA_INT2_IRQHandler           
0000096b  DMA_INT3_IRQHandler           
0000096b  DebugMon_Handler              
0000096b  Default_Handler               
0000096b  EUSCIA0_IRQHandler            
0000096b  EUSCIA1_IRQHandler            
0000096b  EUSCIA2_IRQHandler            
0000096b  EUSCIA3_IRQHandler            
0000096b  EUSCIB0_IRQHandler            
0000096b  EUSCIB1_IRQHandler            
0000096b  EUSCIB2_IRQHandler            
0000096b  EUSCIB3_IRQHandler            
0000096b  FLCTL_IRQHandler              
0000096b  FPU_IRQHandler                
0000096b  HardFault_Handler             
000001f1  LED_init                      
0000096b  MemManage_Handler             
0000096b  NMI_Handler                   
0000096b  PCM_IRQHandler                
0000096b  PORT1_IRQHandler              
0000096b  PORT2_IRQHandler              
0000096b  PORT3_IRQHandler              
0000096b  PORT4_IRQHandler              
0000096b  PORT5_IRQHandler              
00000345  PORT6_IRQHandler              
00000345  PORT6_IRQHandler              
0000096b  PSS_IRQHandler                
0000096b  PendSV_Handler                
0000096b  RTC_C_IRQHandler              
0000095f  Reset_Handler                 
0000096b  SVC_Handler                   
00000889  SysTick_Delay                 
0000096b  SysTick_Handler               
0000086d  SysTick_Init                  
2000000c  SystemCoreClock               
00000435  SystemCoreClockUpdate         
000006ad  SystemInit                    
0000096b  T32_INT1_IRQHandler           
0000096b  T32_INT2_IRQHandler           
0000096b  T32_INTC_IRQHandler           
0000096b  TA0_0_IRQHandler              
0000096b  TA0_N_IRQHandler              
0000096b  TA1_0_IRQHandler              
0000096b  TA1_N_IRQHandler              
0000096b  TA2_0_IRQHandler              
0000022f  TA2_N_IRQHandler              
0000022f  TA2_N_IRQHandler              
0000096b  TA3_0_IRQHandler              
0000096b  TA3_N_IRQHandler              
0000096b  UsageFault_Handler            
4000480c  WDTCTL_SYM                    
0000096b  WDT_A_IRQHandler              
20010000  __STACK_END                   
00000200  __STACK_SIZE                  
00000998  __TI_CINIT_Base               
000009a8  __TI_CINIT_Limit              
00000978  __TI_Handler_Table_Base       
00000984  __TI_Handler_Table_Limit      
000008bd  __TI_auto_init_nobinit_nopinit
00000805  __TI_decompress_lzss          
00000951  __TI_decompress_none          
ffffffff  __TI_pprof_out_hndl           
ffffffff  __TI_prof_data_size           
ffffffff  __TI_prof_data_start          
00000000  __TI_static_base__            
00000935  __TI_zero_init_nomemset       
00000769  __aeabi_memcpy                
00000769  __aeabi_memcpy4               
00000769  __aeabi_memcpy8               
ffffffff  __binit__                     
ffffffff  __c_args__                    
UNDEFED   __mpu_init                    
2000fe00  __stack                       
00000901  _c_int00_noargs               
UNDEFED   _system_post_cinit            
0000096d  _system_pre_init              
00000971  abort                         
ffffffff  binit                         
000002c7  button_init                   
20000000  check                         
20000002  currentedge                   
00000315  debounce                      
00000171  emitter_init                  
20000004  flag                          
00000000  interruptVectors              
20000006  lastedge                      
00000111  main                          
00000769  memcpy                        
20000008  period                        
000001b1  receiver_init                 


GLOBAL SYMBOLS: SORTED BY Symbol Address 

address   name                          
-------   ----                          
00000000  __TI_static_base__            
00000000  interruptVectors              
00000111  main                          
00000171  emitter_init                  
000001b1  receiver_init                 
000001f1  LED_init                      
00000200  __STACK_SIZE                  
0000022f  TA2_N_IRQHandler              
0000022f  TA2_N_IRQHandler              
000002c7  button_init                   
00000315  debounce                      
00000345  PORT6_IRQHandler              
00000345  PORT6_IRQHandler              
00000435  SystemCoreClockUpdate         
000006ad  SystemInit                    
00000769  __aeabi_memcpy                
00000769  __aeabi_memcpy4               
00000769  __aeabi_memcpy8               
00000769  memcpy                        
00000805  __TI_decompress_lzss          
0000086d  SysTick_Init                  
00000889  SysTick_Delay                 
000008bd  __TI_auto_init_nobinit_nopinit
00000901  _c_int00_noargs               
00000935  __TI_zero_init_nomemset       
00000951  __TI_decompress_none          
0000095f  Reset_Handler                 
0000096b  ADC14_IRQHandler              
0000096b  AES256_IRQHandler             
0000096b  BusFault_Handler              
0000096b  COMP_E0_IRQHandler            
0000096b  COMP_E1_IRQHandler            
0000096b  CS_IRQHandler                 
0000096b  DMA_ERR_IRQHandler            
0000096b  DMA_INT0_IRQHandler           
0000096b  DMA_INT1_IRQHandler           
0000096b  DMA_INT2_IRQHandler           
0000096b  DMA_INT3_IRQHandler           
0000096b  DebugMon_Handler              
0000096b  Default_Handler               
0000096b  EUSCIA0_IRQHandler            
0000096b  EUSCIA1_IRQHandler            
0000096b  EUSCIA2_IRQHandler            
0000096b  EUSCIA3_IRQHandler            
0000096b  EUSCIB0_IRQHandler            
0000096b  EUSCIB1_IRQHandler            
0000096b  EUSCIB2_IRQHandler            
0000096b  EUSCIB3_IRQHandler            
0000096b  FLCTL_IRQHandler              
0000096b  FPU_IRQHandler                
0000096b  HardFault_Handler             
0000096b  MemManage_Handler             
0000096b  NMI_Handler                   
0000096b  PCM_IRQHandler                
0000096b  PORT1_IRQHandler              
0000096b  PORT2_IRQHandler              
0000096b  PORT3_IRQHandler              
0000096b  PORT4_IRQHandler              
0000096b  PORT5_IRQHandler              
0000096b  PSS_IRQHandler                
0000096b  PendSV_Handler                
0000096b  RTC_C_IRQHandler              
0000096b  SVC_Handler                   
0000096b  SysTick_Handler               
0000096b  T32_INT1_IRQHandler           
0000096b  T32_INT2_IRQHandler           
0000096b  T32_INTC_IRQHandler           
0000096b  TA0_0_IRQHandler              
0000096b  TA0_N_IRQHandler              
0000096b  TA1_0_IRQHandler              
0000096b  TA1_N_IRQHandler              
0000096b  TA2_0_IRQHandler              
0000096b  TA3_0_IRQHandler              
0000096b  TA3_N_IRQHandler              
0000096b  UsageFault_Handler            
0000096b  WDT_A_IRQHandler              
0000096d  _system_pre_init              
00000971  C$$EXIT                       
00000971  abort                         
00000978  __TI_Handler_Table_Base       
00000984  __TI_Handler_Table_Limit      
00000998  __TI_CINIT_Base               
000009a8  __TI_CINIT_Limit              
20000000  check                         
20000002  currentedge                   
20000004  flag                          
20000006  lastedge                      
20000008  period                        
2000000c  SystemCoreClock               
2000fe00  __stack                       
20010000  __STACK_END                   
4000480c  WDTCTL_SYM                    
ffffffff  __TI_pprof_out_hndl           
ffffffff  __TI_prof_data_size           
ffffffff  __TI_prof_data_start          
ffffffff  __binit__                     
ffffffff  __c_args__                    
ffffffff  binit                         
UNDEFED   __mpu_init                    
UNDEFED   _system_post_cinit            

[100 symbols]
