******************************************************************************
                  TI ARM Linker PC v18.12.4                    
******************************************************************************
>> Linked Wed Mar 17 20:28:24 2021

OUTPUT FILE NAME:   <Lab8_Part1.out>
ENTRY POINT SYMBOL: "_c_int00_noargs"  address: 00000971


MEMORY CONFIGURATION

         name            origin    length      used     unused   attr    fill
----------------------  --------  ---------  --------  --------  ----  --------
  MAIN                  00000000   00040000  00000a14  0003f5ec  R  X
  INFO                  00200000   00004000  00000000  00004000  R  X
  SRAM_CODE             01000000   00010000  00000208  0000fdf8  RW X
  SRAM_DATA             20000000   00010000  00000208  0000fdf8  RW  


SEGMENT ALLOCATION MAP

run origin  load origin   length   init length attrs members
----------  ----------- ---------- ----------- ----- -------
00000000    00000000    00000a18   00000a18    r-x
  00000000    00000000    000000e4   000000e4    r-- .intvecs
  000000e4    000000e4    00000900   00000900    r-x .text
  000009e8    000009e8    00000030   00000030    r-- .cinit
20000000    20000000    00000008   00000000    rw-
  20000000    20000000    00000004   00000000    rw- .bss
  20000004    20000004    00000004   00000000    rw- .data
2000fe00    2000fe00    00000200   00000000    rw-
  2000fe00    2000fe00    00000200   00000000    rw- .stack


SECTION ALLOCATION MAP

 output                                  attributes/
section   page    origin      length       input sections
--------  ----  ----------  ----------   ----------------
.intvecs   0    00000000    000000e4     
                  00000000    000000e4     startup_msp432p401r_ccs.obj (.intvecs:retain)

.text      0    000000e4    00000900     
                  000000e4    00000334     system_msp432p401r.obj (.text)
                  00000418    00000136     rtsv7M4_T_le_v4SPD16_eabi.lib : fd_div_t2.asm.obj (.text)
                  0000054e    00000002     --HOLE-- [fill = 0]
                  00000550    00000134     main.obj (.text)
                  00000684    000000fc     rtsv7M4_T_le_v4SPD16_eabi.lib : fd_mul_t2.asm.obj (.text)
                  00000780    0000009c                                   : memcpy_t2.asm.obj (.text)
                  0000081c    0000006e                                   : fd_tos_t2.asm.obj (.text)
                  0000088a    00000068                                   : copy_decompress_lzss.c.obj (.text:decompress:lzss:__TI_decompress_lzss)
                  000008f2    00000002     --HOLE-- [fill = 0]
                  000008f4    00000044                                   : autoinit.c.obj (.text:__TI_auto_init_nobinit_nopinit:__TI_auto_init_nobinit_nopinit)
                  00000938    00000038                                   : fs_tod_t2.asm.obj (.text)
                  00000970    00000034                                   : boot_cortex_m.c.obj (.text:_c_int00_noargs:_c_int00_noargs)
                  000009a4    0000001c                                   : copy_zero_init.c.obj (.text:decompress:ZI:__TI_zero_init_nomemset:__TI_zero_init_nomemset)
                  000009c0    0000000e                                   : copy_decompress_none.c.obj (.text:decompress:none:__TI_decompress_none)
                  000009ce    0000000e     startup_msp432p401r_ccs.obj (.text)
                  000009dc    00000004     rtsv7M4_T_le_v4SPD16_eabi.lib : pre_init.c.obj (.text:_system_pre_init)
                  000009e0    00000004                                   : exit.c.obj (.text:abort:abort)

.cinit     0    000009e8    00000030     
                  000009e8    0000000c     (__TI_handler_table)
                  000009f4    00000004     --HOLE-- [fill = 0]
                  000009f8    00000008     (.cinit..bss.load) [load image, compression = zero_init]
                  00000a00    00000008     (.cinit..data.load) [load image, compression = lzss]
                  00000a08    00000010     (__TI_cinit_table)

.init_array 
*          0    00000000    00000000     UNINITIALIZED

.binit     0    00000000    00000000     

.bss       0    20000000    00000004     UNINITIALIZED
                  20000000    00000004     (.common:DC)

.data      0    20000004    00000004     UNINITIALIZED
                  20000004    00000004     system_msp432p401r.obj (.data)

.stack     0    2000fe00    00000200     UNINITIALIZED
                  2000fe00    00000004     rtsv7M4_T_le_v4SPD16_eabi.lib : boot_cortex_m.c.obj (.stack)
                  2000fe04    000001fc     --HOLE--

MODULE SUMMARY

       Module                        code   ro data   rw data
       ------                        ----   -------   -------
    .\
       system_msp432p401r.obj        820    0         8      
       main.obj                      308    0         8      
       startup_msp432p401r_ccs.obj   14     228       0      
    +--+-----------------------------+------+---------+---------+
       Total:                        1142   228       16     
                                                             
    C:\ti\ccs930\ccs\tools\compiler\ti-cgt-arm_18.12.4.LTS\lib\rtsv7M4_T_le_v4SPD16_eabi.lib
       fd_div_t2.asm.obj             310    0         0      
       fd_mul_t2.asm.obj             252    0         0      
       memcpy_t2.asm.obj             156    0         0      
       fd_tos_t2.asm.obj             110    0         0      
       copy_decompress_lzss.c.obj    104    0         0      
       autoinit.c.obj                68     0         0      
       fs_tod_t2.asm.obj             56     0         0      
       boot_cortex_m.c.obj           52     0         0      
       copy_zero_init.c.obj          28     0         0      
       copy_decompress_none.c.obj    14     0         0      
       exit.c.obj                    4      0         0      
       pre_init.c.obj                4      0         0      
    +--+-----------------------------+------+---------+---------+
       Total:                        1158   0         0      
                                                             
       Stack:                        0      0         1024   
       Linker Generated:             0      44        0      
    +--+-----------------------------+------+---------+---------+
       Grand Total:                  2300   272       1040   


LINKER GENERATED COPY TABLES

__TI_cinit_table @ 00000a08 records: 2, size/record: 8, table size: 16
	.bss: load addr=000009f8, load size=00000008 bytes, run addr=20000000, run size=00000004 bytes, compression=zero_init
	.data: load addr=00000a00, load size=00000008 bytes, run addr=20000004, run size=00000004 bytes, compression=lzss


LINKER GENERATED HANDLER TABLE

__TI_handler_table @ 000009e8 records: 3, size/record: 4, table size: 12
	index: 0, handler: __TI_decompress_lzss
	index: 1, handler: __TI_decompress_none
	index: 2, handler: __TI_zero_init


GLOBAL SYMBOLS: SORTED ALPHABETICALLY BY Name 

address   name                          
-------   ----                          
000009db  ADC14_IRQHandler              
000009db  AES256_IRQHandler             
000009db  BusFault_Handler              
000009e1  C$$EXIT                       
000009db  COMP_E0_IRQHandler            
000009db  COMP_E1_IRQHandler            
000009db  CS_IRQHandler                 
20000000  DC                            
000009db  DMA_ERR_IRQHandler            
000009db  DMA_INT0_IRQHandler           
000009db  DMA_INT1_IRQHandler           
000009db  DMA_INT2_IRQHandler           
000009db  DMA_INT3_IRQHandler           
000009db  DebugMon_Handler              
000009db  Default_Handler               
000009db  EUSCIA0_IRQHandler            
000009db  EUSCIA1_IRQHandler            
000009db  EUSCIA2_IRQHandler            
000009db  EUSCIA3_IRQHandler            
000009db  EUSCIB0_IRQHandler            
000009db  EUSCIB1_IRQHandler            
000009db  EUSCIB2_IRQHandler            
000009db  EUSCIB3_IRQHandler            
000009db  FLCTL_IRQHandler              
000009db  FPU_IRQHandler                
000009db  HardFault_Handler             
000009db  MemManage_Handler             
000009db  NMI_Handler                   
000009db  PCM_IRQHandler                
000009db  PORT1_IRQHandler              
000009db  PORT2_IRQHandler              
000009db  PORT3_IRQHandler              
000009db  PORT4_IRQHandler              
000009db  PORT5_IRQHandler              
000009db  PORT6_IRQHandler              
000009db  PSS_IRQHandler                
000009db  PendSV_Handler                
000009db  RTC_C_IRQHandler              
000009cf  Reset_Handler                 
000009db  SVC_Handler                   
00000629  SysTick_Delay                 
000009db  SysTick_Handler               
0000060d  SysTick_Init                  
20000004  SystemCoreClock               
000000e5  SystemCoreClockUpdate         
0000035d  SystemInit                    
000009db  T32_INT1_IRQHandler           
000009db  T32_INT2_IRQHandler           
000009db  T32_INTC_IRQHandler           
000009db  TA0_0_IRQHandler              
000009db  TA0_N_IRQHandler              
000009db  TA1_0_IRQHandler              
000009db  TA1_N_IRQHandler              
000009db  TA2_0_IRQHandler              
000009db  TA2_N_IRQHandler              
000009db  TA3_0_IRQHandler              
000009db  TA3_N_IRQHandler              
000009db  UsageFault_Handler            
4000480c  WDTCTL_SYM                    
000009db  WDT_A_IRQHandler              
20010000  __STACK_END                   
00000200  __STACK_SIZE                  
00000a08  __TI_CINIT_Base               
00000a18  __TI_CINIT_Limit              
000009e8  __TI_Handler_Table_Base       
000009f4  __TI_Handler_Table_Limit      
000008f5  __TI_auto_init_nobinit_nopinit
0000088b  __TI_decompress_lzss          
000009c1  __TI_decompress_none          
ffffffff  __TI_pprof_out_hndl           
ffffffff  __TI_prof_data_size           
ffffffff  __TI_prof_data_start          
00000000  __TI_static_base__            
000009a5  __TI_zero_init_nomemset       
0000081d  __aeabi_d2f                   
00000419  __aeabi_ddiv                  
00000685  __aeabi_dmul                  
00000939  __aeabi_f2d                   
00000781  __aeabi_memcpy                
00000781  __aeabi_memcpy4               
00000781  __aeabi_memcpy8               
ffffffff  __binit__                     
ffffffff  __c_args__                    
UNDEFED   __mpu_init                    
2000fe00  __stack                       
00000971  _c_int00_noargs               
UNDEFED   _system_post_cinit            
000009dd  _system_pre_init              
000009e1  abort                         
ffffffff  binit                         
00000000  interruptVectors              
00000551  main                          
00000781  memcpy                        
000005e3  pin_init                      


GLOBAL SYMBOLS: SORTED BY Symbol Address 

address   name                          
-------   ----                          
00000000  __TI_static_base__            
00000000  interruptVectors              
000000e5  SystemCoreClockUpdate         
00000200  __STACK_SIZE                  
0000035d  SystemInit                    
00000419  __aeabi_ddiv                  
00000551  main                          
000005e3  pin_init                      
0000060d  SysTick_Init                  
00000629  SysTick_Delay                 
00000685  __aeabi_dmul                  
00000781  __aeabi_memcpy                
00000781  __aeabi_memcpy4               
00000781  __aeabi_memcpy8               
00000781  memcpy                        
0000081d  __aeabi_d2f                   
0000088b  __TI_decompress_lzss          
000008f5  __TI_auto_init_nobinit_nopinit
00000939  __aeabi_f2d                   
00000971  _c_int00_noargs               
000009a5  __TI_zero_init_nomemset       
000009c1  __TI_decompress_none          
000009cf  Reset_Handler                 
000009db  ADC14_IRQHandler              
000009db  AES256_IRQHandler             
000009db  BusFault_Handler              
000009db  COMP_E0_IRQHandler            
000009db  COMP_E1_IRQHandler            
000009db  CS_IRQHandler                 
000009db  DMA_ERR_IRQHandler            
000009db  DMA_INT0_IRQHandler           
000009db  DMA_INT1_IRQHandler           
000009db  DMA_INT2_IRQHandler           
000009db  DMA_INT3_IRQHandler           
000009db  DebugMon_Handler              
000009db  Default_Handler               
000009db  EUSCIA0_IRQHandler            
000009db  EUSCIA1_IRQHandler            
000009db  EUSCIA2_IRQHandler            
000009db  EUSCIA3_IRQHandler            
000009db  EUSCIB0_IRQHandler            
000009db  EUSCIB1_IRQHandler            
000009db  EUSCIB2_IRQHandler            
000009db  EUSCIB3_IRQHandler            
000009db  FLCTL_IRQHandler              
000009db  FPU_IRQHandler                
000009db  HardFault_Handler             
000009db  MemManage_Handler             
000009db  NMI_Handler                   
000009db  PCM_IRQHandler                
000009db  PORT1_IRQHandler              
000009db  PORT2_IRQHandler              
000009db  PORT3_IRQHandler              
000009db  PORT4_IRQHandler              
000009db  PORT5_IRQHandler              
000009db  PORT6_IRQHandler              
000009db  PSS_IRQHandler                
000009db  PendSV_Handler                
000009db  RTC_C_IRQHandler              
000009db  SVC_Handler                   
000009db  SysTick_Handler               
000009db  T32_INT1_IRQHandler           
000009db  T32_INT2_IRQHandler           
000009db  T32_INTC_IRQHandler           
000009db  TA0_0_IRQHandler              
000009db  TA0_N_IRQHandler              
000009db  TA1_0_IRQHandler              
000009db  TA1_N_IRQHandler              
000009db  TA2_0_IRQHandler              
000009db  TA2_N_IRQHandler              
000009db  TA3_0_IRQHandler              
000009db  TA3_N_IRQHandler              
000009db  UsageFault_Handler            
000009db  WDT_A_IRQHandler              
000009dd  _system_pre_init              
000009e1  C$$EXIT                       
000009e1  abort                         
000009e8  __TI_Handler_Table_Base       
000009f4  __TI_Handler_Table_Limit      
00000a08  __TI_CINIT_Base               
00000a18  __TI_CINIT_Limit              
20000000  DC                            
20000004  SystemCoreClock               
2000fe00  __stack                       
20010000  __STACK_END                   
4000480c  WDTCTL_SYM                    
ffffffff  __TI_pprof_out_hndl           
ffffffff  __TI_prof_data_size           
ffffffff  __TI_prof_data_start          
ffffffff  __binit__                     
ffffffff  __c_args__                    
ffffffff  binit                         
UNDEFED   __mpu_init                    
UNDEFED   _system_post_cinit            

[94 symbols]
