******************************************************************************
                  TI ARM Linker PC v18.12.4                    
******************************************************************************
>> Linked Tue Mar 30 11:57:52 2021

OUTPUT FILE NAME:   <Lab10_Part2.out>
ENTRY POINT SYMBOL: "_c_int00_noargs"  address: 00002d8d


MEMORY CONFIGURATION

         name            origin    length      used     unused   attr    fill
----------------------  --------  ---------  --------  --------  ----  --------
  MAIN                  00000000   00040000  000031a9  0003ce57  R  X
  INFO                  00200000   00004000  00000000  00004000  R  X
  SRAM_CODE             01000000   00010000  000009d4  0000f62c  RW X
  SRAM_DATA             20000000   00010000  000009d4  0000f62c  RW  


SEGMENT ALLOCATION MAP

run origin  load origin   length   init length attrs members
----------  ----------- ---------- ----------- ----- -------
00000000    00000000    000031b0   000031b0    r-x
  00000000    00000000    000000e4   000000e4    r-- .intvecs
  000000e4    000000e4    00002f34   00002f34    r-x .text
  00003018    00003018    00000101   00000101    r-- .const
  00003120    00003120    00000090   00000090    r-- .cinit
20000000    20000000    000007d4   00000000    rw-
  20000000    20000000    00000400   00000000    rw- .sysmem
  20000400    20000400    0000020c   00000000    rw- .data
  2000060c    2000060c    000001c8   00000000    rw- .bss
2000fe00    2000fe00    00000200   00000000    rw-
  2000fe00    2000fe00    00000200   00000000    rw- .stack


SECTION ALLOCATION MAP

 output                                  attributes/
section   page    origin      length       input sections
--------  ----  ----------  ----------   ----------------
.intvecs   0    00000000    000000e4     
                  00000000    000000e4     startup_msp432p401r_ccs.obj (.intvecs:retain)

.text      0    000000e4    00002f34     
                  000000e4    00000a4e     rtsv7M4_T_le_v4SPD16_eabi.lib : _printfi.c.obj (.text:__TI_printfi)
                  00000b32    00000002                                   : _lock.c.obj (.text:_nop)
                  00000b34    00000334     system_msp432p401r.obj (.text)
                  00000e68    00000270     rtsv7M4_T_le_v4SPD16_eabi.lib : _printfi.c.obj (.text:_pconv_a)
                  000010d8    000001d0                                   : _printfi.c.obj (.text:_pconv_g)
                  000012a8    000001b6                                   : fd_add_t2.asm.obj (.text)
                  0000145e    00000002                                   : div0.asm.obj (.text)
                  00001460    00000178     main.obj (.text)
                  000015d8    0000013c     rtsv7M4_T_le_v4SPD16_eabi.lib : _printfi.c.obj (.text:_pconv_e)
                  00001714    00000136                                   : fd_div_t2.asm.obj (.text)
                  0000184a    00000002     --HOLE-- [fill = 0]
                  0000184c    00000124                                   : _printfi.c.obj (.text:fcvt)
                  00001970    00000118                                   : memory.c.obj (.text:aligned_alloc)
                  00001a88    00000114                                   : fputs.c.obj (.text:fputs)
                  00001b9c    00000110                                   : s_scalbn.c.obj (.text:scalbn)
                  00001cac    000000fc                                   : fd_mul_t2.asm.obj (.text)
                  00001da8    000000e4                                   : memory.c.obj (.text:free)
                  00001e8c    000000dc                                   : setvbuf.c.obj (.text:setvbuf)
                  00001f68    000000b1                                   : _printfi.c.obj (.text:_ltostr)
                  00002019    00000001     --HOLE-- [fill = 0]
                  0000201a    0000009c                                   : memcpy_t2.asm.obj (.text)
                  000020b6    00000096                                   : ull_div_t2.asm.obj (.text)
                  0000214c    0000008c                                   : fputc.c.obj (.text:fputc)
                  000021d8    00000086                                   : fd_cmp_t2.asm.obj (.text:__aeabi_cdcmple)
                  0000225e    00000086                                   : fd_cmp_t2.asm.obj (.text:__aeabi_cdrcmple)
                  000022e4    0000007a                                   : memset_t2.asm.obj (.text)
                  0000235e    00000002     --HOLE-- [fill = 0]
                  00002360    00000074                                   : fclose.c.obj (.text:__TI_closefile)
                  000023d4    00000070                                   : memory.c.obj (.text:split)
                  00002444    0000006e                                   : _printfi.c.obj (.text:_mcpy)
                  000024b2    00000002     --HOLE-- [fill = 0]
                  000024b4    0000006c                                   : hostrename.c.obj (.text:HOSTrename)
                  00002520    00000068                                   : hostlseek.c.obj (.text:HOSTlseek)
                  00002588    00000068                                   : copy_decompress_lzss.c.obj (.text:decompress:lzss:__TI_decompress_lzss)
                  000025f0    00000068                                   : printf.c.obj (.text:printf)
                  00002658    00000064                                   : s_frexp.c.obj (.text:frexp)
                  000026bc    00000064                                   : fseek.c.obj (.text:fseek)
                  00002720    00000062                                   : _io_perm.c.obj (.text:__TI_wrt_ok)
                  00002782    00000002     --HOLE-- [fill = 0]
                  00002784    00000060                                   : hostopen.c.obj (.text:HOSTopen)
                  000027e4    0000005c                                   : close.c.obj (.text:close)
                  00002840    00000058                                   : hostread.c.obj (.text:HOSTread)
                  00002898    00000058                                   : hostwrite.c.obj (.text:HOSTwrite)
                  000028f0    00000056                                   : _printfi.c.obj (.text:_pconv_f)
                  00002946    00000054                                   : ltoa.c.obj (.text:ltoa)
                  0000299a    00000052                                   : _printfi.c.obj (.text:_ecpy)
                  000029ec    00000050     SysTick.obj (.text)
                  00002a3c    0000004c     rtsv7M4_T_le_v4SPD16_eabi.lib : fflush.c.obj (.text:__TI_doflush)
                  00002a88    0000004c                                   : atoi.c.obj (.text:atoi)
                  00002ad4    00000048                                   : exit.c.obj (.text:exit)
                  00002b1c    00000048                                   : fd_toi_t2.asm.obj (.text)
                  00002b64    00000044                                   : hostclose.c.obj (.text:HOSTclose)
                  00002ba8    00000044                                   : hostunlink.c.obj (.text:HOSTunlink)
                  00002bec    00000044                                   : autoinit.c.obj (.text:__TI_auto_init_nobinit_nopinit:__TI_auto_init_nobinit_nopinit)
                  00002c30    00000044                                   : getdevice.c.obj (.text:getdevice)
                  00002c74    0000003e                                   : _printfi.c.obj (.text:_fcpy)
                  00002cb2    00000002     --HOLE-- [fill = 0]
                  00002cb4    00000038                                   : trgmsg.c.obj (.text:__TI_writemsg)
                  00002cec    00000036                                   : strncpy.c.obj (.text:strncpy)
                  00002d22    00000002     --HOLE-- [fill = 0]
                  00002d24    00000034                                   : fopen.c.obj (.text:__TI_cleanup)
                  00002d58    00000034                                   : trgmsg.c.obj (.text:__TI_readmsg)
                  00002d8c    00000034                                   : boot_cortex_m.c.obj (.text:_c_int00_noargs:_c_int00_noargs)
                  00002dc0    00000030                                   : getdevice.c.obj (.text:finddevice)
                  00002df0    0000002e                                   : i_tofd_t2.asm.obj (.text)
                  00002e1e    00000002     --HOLE-- [fill = 0]
                  00002e20    0000002c                                   : unlink.c.obj (.text:unlink)
                  00002e4c    00000028                                   : memory.c.obj (.text:free_list_insert)
                  00002e74    00000028                                   : lseek.c.obj (.text:lseek)
                  00002e9c    00000028                                   : write.c.obj (.text:write)
                  00002ec4    00000020                                   : memchr.c.obj (.text:memchr)
                  00002ee4    00000020                                   : u_tofd_t2.asm.obj (.text)
                  00002f04    0000001c                                   : copy_zero_init.c.obj (.text:decompress:ZI:__TI_zero_init_nomemset:__TI_zero_init_nomemset)
                  00002f20    0000001c                                   : memory.c.obj (.text:free_list_remove)
                  00002f3c    0000001c                                   : memccpy.c.obj (.text:memccpy)
                  00002f58    0000001a                                   : s_copysign.c.obj (.text:copysign)
                  00002f72    00000018                                   : strcmp.c.obj (.text:strcmp)
                  00002f8a    00000016                                   : strchr.c.obj (.text:strchr)
                  00002fa0    00000014                                   : strcpy.c.obj (.text:strcpy)
                  00002fb4    00000014                                   : strlen.c.obj (.text:strlen)
                  00002fc8    00000012                                   : wcslen.c.obj (.text:wcslen)
                  00002fda    0000000e                                   : copy_decompress_none.c.obj (.text:decompress:none:__TI_decompress_none)
                  00002fe8    0000000e     startup_msp432p401r_ccs.obj (.text)
                  00002ff6    00000002     --HOLE-- [fill = 0]
                  00002ff8    00000008     rtsv7M4_T_le_v4SPD16_eabi.lib : errno.c.obj (.text:__aeabi_errno_addr)
                  00003000    00000008                                   : memory.c.obj (.text:malloc)
                  00003008    00000004                                   : printf.c.obj (.text:_outc)
                  0000300c    00000004                                   : printf.c.obj (.text:_outs)
                  00003010    00000004                                   : pre_init.c.obj (.text:_system_pre_init)
                  00003014    00000004                                   : exit.c.obj (.text:abort:abort)

.const     0    00003018    00000101     
                  00003018    00000101     rtsv7M4_T_le_v4SPD16_eabi.lib : ctype.c.obj (.const:.string:_ctypes_)

.cinit     0    00003120    00000090     
                  00003120    0000006a     (.cinit..data.load) [load image, compression = lzss]
                  0000318a    00000002     --HOLE-- [fill = 0]
                  0000318c    0000000c     (__TI_handler_table)
                  00003198    00000008     (.cinit..bss.load) [load image, compression = zero_init]
                  000031a0    00000010     (__TI_cinit_table)

.init_array 
*          0    00000000    00000000     UNINITIALIZED

.binit     0    00000000    00000000     

.sysmem    0    20000000    00000400     UNINITIALIZED
                  20000000    00000010     rtsv7M4_T_le_v4SPD16_eabi.lib : memory.c.obj (.sysmem)
                  20000010    000003f0     --HOLE--

.data      0    20000400    0000020c     UNINITIALIZED
                  20000400    000000f0     rtsv7M4_T_le_v4SPD16_eabi.lib : defs.c.obj (.data:_ftable)
                  200004f0    00000078                                   : host_device.c.obj (.data:_device)
                  20000568    00000050                                   : host_device.c.obj (.data:_stream)
                  200005b8    00000020     main.obj (.data)
                  200005d8    00000010     rtsv7M4_T_le_v4SPD16_eabi.lib : defs.c.obj (.data)
                  200005e8    0000000c                                   : exit.c.obj (.data:$O1$$)
                  200005f4    00000008                                   : _lock.c.obj (.data:$O1$$)
                  200005fc    00000008                                   : memory.c.obj (.data:$O1$$)
                  20000604    00000004                                   : errno.c.obj (.data)
                  20000608    00000004     system_msp432p401r.obj (.data)

.bss       0    2000060c    000001c8     UNINITIALIZED
                  2000060c    00000120     rtsv7M4_T_le_v4SPD16_eabi.lib : trgmsg.c.obj (.bss:_CIOBUF_)
                  2000072c    000000a0     (.common:__TI_tmpnams)
                  200007cc    00000008     (.common:parmbuf)

.stack     0    2000fe00    00000200     UNINITIALIZED
                  2000fe00    00000004     rtsv7M4_T_le_v4SPD16_eabi.lib : boot_cortex_m.c.obj (.stack)
                  2000fe04    000001fc     --HOLE--

MODULE SUMMARY

       Module                        code    ro data   rw data
       ------                        ----    -------   -------
    .\
       system_msp432p401r.obj        820     0         8      
       main.obj                      376     0         64     
       startup_msp432p401r_ccs.obj   14      228       0      
       SysTick.obj                   80      0         0      
    +--+-----------------------------+-------+---------+---------+
       Total:                        1290    228       72     
                                                              
    C:\ti\ccs930\ccs\tools\compiler\ti-cgt-arm_18.12.4.LTS\lib\rtsv7M4_T_le_v4SPD16_eabi.lib
       _printfi.c.obj                4851    0         0      
       defs.c.obj                    0       0         832    
       memory.c.obj                  696     0         16     
       trgmsg.c.obj                  108     0         576    
       fd_add_t2.asm.obj             438     0         0      
       host_device.c.obj             0       0         400    
       fd_div_t2.asm.obj             310     0         0      
       fputs.c.obj                   276     0         0      
       s_scalbn.c.obj                272     0         0      
       fd_cmp_t2.asm.obj             268     0         0      
       ctype.c.obj                   0       257       0      
       fd_mul_t2.asm.obj             252     0         0      
       setvbuf.c.obj                 220     0         0      
       memcpy_t2.asm.obj             156     0         0      
       ull_div_t2.asm.obj            150     0         0      
       fputc.c.obj                   140     0         0      
       memset_t2.asm.obj             122     0         0      
       fclose.c.obj                  116     0         0      
       getdevice.c.obj               116     0         0      
       hostopen.c.obj                96      0         16     
       printf.c.obj                  112     0         0      
       hostrename.c.obj              108     0         0      
       copy_decompress_lzss.c.obj    104     0         0      
       hostlseek.c.obj               104     0         0      
       exit.c.obj                    76      0         24     
       fseek.c.obj                   100     0         0      
       s_frexp.c.obj                 100     0         0      
       _io_perm.c.obj                98      0         0      
       close.c.obj                   92      0         0      
       hostread.c.obj                88      0         0      
       hostwrite.c.obj               88      0         0      
       ltoa.c.obj                    84      0         0      
       atoi.c.obj                    76      0         0      
       fflush.c.obj                  76      0         0      
       fd_toi_t2.asm.obj             72      0         0      
       autoinit.c.obj                68      0         0      
       hostclose.c.obj               68      0         0      
       hostunlink.c.obj              68      0         0      
       strncpy.c.obj                 54      0         0      
       boot_cortex_m.c.obj           52      0         0      
       fopen.c.obj                   52      0         0      
       i_tofd_t2.asm.obj             46      0         0      
       unlink.c.obj                  44      0         0      
       lseek.c.obj                   40      0         0      
       write.c.obj                   40      0         0      
       memchr.c.obj                  32      0         0      
       u_tofd_t2.asm.obj             32      0         0      
       copy_zero_init.c.obj          28      0         0      
       memccpy.c.obj                 28      0         0      
       s_copysign.c.obj              26      0         0      
       strcmp.c.obj                  24      0         0      
       strchr.c.obj                  22      0         0      
       strcpy.c.obj                  20      0         0      
       strlen.c.obj                  20      0         0      
       _lock.c.obj                   2       0         16     
       wcslen.c.obj                  18      0         0      
       errno.c.obj                   8       0         8      
       copy_decompress_none.c.obj    14      0         0      
       pre_init.c.obj                4       0         0      
       div0.asm.obj                  2       0         0      
    +--+-----------------------------+-------+---------+---------+
       Total:                        10777   257       1888   
                                                              
       Heap:                         0       0         2048   
       Stack:                        0       0         1024   
       Linker Generated:             0       142       0      
    +--+-----------------------------+-------+---------+---------+
       Grand Total:                  12067   627       5032   


LINKER GENERATED COPY TABLES

__TI_cinit_table @ 000031a0 records: 2, size/record: 8, table size: 16
	.data: load addr=00003120, load size=0000006a bytes, run addr=20000400, run size=0000020c bytes, compression=lzss
	.bss: load addr=00003198, load size=00000008 bytes, run addr=2000060c, run size=000001c8 bytes, compression=zero_init


LINKER GENERATED HANDLER TABLE

__TI_handler_table @ 0000318c records: 3, size/record: 4, table size: 12
	index: 0, handler: __TI_decompress_lzss
	index: 1, handler: __TI_decompress_none
	index: 2, handler: __TI_zero_init


GLOBAL SYMBOLS: SORTED ALPHABETICALLY BY Name 

address   name                           
-------   ----                           
00002ff5  ADC14_IRQHandler               
000014fb  ADCsetup                       
00002ff5  AES256_IRQHandler              
00002ff5  BusFault_Handler               
00003015  C$$EXIT                        
00002ce3  C$$IO$$                        
00002ff5  COMP_E0_IRQHandler             
00002ff5  COMP_E1_IRQHandler             
00002ff5  CS_IRQHandler                  
00002ff5  DMA_ERR_IRQHandler             
00002ff5  DMA_INT0_IRQHandler            
00002ff5  DMA_INT1_IRQHandler            
00002ff5  DMA_INT2_IRQHandler            
00002ff5  DMA_INT3_IRQHandler            
00002ff5  DebugMon_Handler               
00002ff5  Default_Handler                
00002ff5  EUSCIA0_IRQHandler             
00002ff5  EUSCIA1_IRQHandler             
00002ff5  EUSCIA2_IRQHandler             
00002ff5  EUSCIA3_IRQHandler             
00002ff5  EUSCIB0_IRQHandler             
00002ff5  EUSCIB1_IRQHandler             
00002ff5  EUSCIB2_IRQHandler             
00002ff5  EUSCIB3_IRQHandler             
00002ff5  FLCTL_IRQHandler               
00002ff5  FPU_IRQHandler                 
00002b65  HOSTclose                      
00002521  HOSTlseek                      
00002785  HOSTopen                       
00002841  HOSTread                       
000024b5  HOSTrename                     
00002ba9  HOSTunlink                     
00002899  HOSTwrite                      
00002ff5  HardFault_Handler              
00002ff5  MemManage_Handler              
00002ff5  NMI_Handler                    
00002ff5  PCM_IRQHandler                 
00002ff5  PORT1_IRQHandler               
00002ff5  PORT2_IRQHandler               
00002ff5  PORT3_IRQHandler               
00002ff5  PORT4_IRQHandler               
00002ff5  PORT5_IRQHandler               
00002ff5  PORT6_IRQHandler               
00002ff5  PSS_IRQHandler                 
00002ff5  PendSV_Handler                 
00002ff5  RTC_C_IRQHandler               
00002fe9  Reset_Handler                  
00002ff5  SVC_Handler                    
00002a09  SysTick_Delay                  
00002ff5  SysTick_Handler                
000029ed  SysTick_Init                   
20000608  SystemCoreClock                
00000b35  SystemCoreClockUpdate          
00000dad  SystemInit                     
00002ff5  T32_INT1_IRQHandler            
00002ff5  T32_INT2_IRQHandler            
00002ff5  T32_INTC_IRQHandler            
00002ff5  TA0_0_IRQHandler               
00002ff5  TA0_N_IRQHandler               
00002ff5  TA1_0_IRQHandler               
00002ff5  TA1_N_IRQHandler               
00002ff5  TA2_0_IRQHandler               
00002ff5  TA2_N_IRQHandler               
00002ff5  TA3_0_IRQHandler               
00002ff5  TA3_N_IRQHandler               
00002ff5  UsageFault_Handler             
4000480c  WDTCTL_SYM                     
00002ff5  WDT_A_IRQHandler               
2000060c  __CIOBUF_                      
20010000  __STACK_END                    
00000200  __STACK_SIZE                   
00000400  __SYSMEM_SIZE                  
000031a0  __TI_CINIT_Base                
000031b0  __TI_CINIT_Limit               
0000318c  __TI_Handler_Table_Base        
00003198  __TI_Handler_Table_Limit       
00002bed  __TI_auto_init_nobinit_nopinit 
00002d25  __TI_cleanup                   
200005e8  __TI_cleanup_ptr               
00002361  __TI_closefile                 
00002589  __TI_decompress_lzss           
00002fdb  __TI_decompress_none           
00002a3d  __TI_doflush                   
200005ec  __TI_dtors_ptr                 
200005f0  __TI_enable_exit_profile_output
200005d8  __TI_ft_end                    
ffffffff  __TI_pprof_out_hndl            
000000e5  __TI_printfi                   
ffffffff  __TI_prof_data_size            
ffffffff  __TI_prof_data_start           
00002d59  __TI_readmsg                   
00000000  __TI_static_base__             
2000072c  __TI_tmpnams                   
00002cb5  __TI_writemsg                  
00002721  __TI_wrt_ok                    
00002f05  __TI_zero_init_nomemset        
000021d9  __aeabi_cdcmpeq                
000021d9  __aeabi_cdcmple                
0000225f  __aeabi_cdrcmple               
00002b1d  __aeabi_d2iz                   
000012b3  __aeabi_dadd                   
00001715  __aeabi_ddiv                   
00001cad  __aeabi_dmul                   
000012a9  __aeabi_dsub                   
00002ff9  __aeabi_errno_addr             
00002df1  __aeabi_i2d                    
0000145f  __aeabi_idiv0                  
0000145f  __aeabi_ldiv0                  
000022e5  __aeabi_memclr                 
000022e5  __aeabi_memclr4                
000022e5  __aeabi_memclr8                
0000201b  __aeabi_memcpy                 
0000201b  __aeabi_memcpy4                
0000201b  __aeabi_memcpy8                
000022e7  __aeabi_memset                 
000022e7  __aeabi_memset4                
000022e7  __aeabi_memset8                
200005e4  __aeabi_stderr                 
200005dc  __aeabi_stdin                  
200005e0  __aeabi_stdout                 
00002ee5  __aeabi_ui2d                   
000020b7  __aeabi_uldivmod               
ffffffff  __binit__                      
ffffffff  __c_args__                     
UNDEFED   __mpu_init                     
2000fe00  __stack                        
00002d8d  _c_int00_noargs                
00003018  _ctypes_                       
200004f0  _device                        
20000400  _ftable                        
200005f4  _lock                          
00000b33  _nop                           
20000568  _stream                        
20000000  _sys_memory                    
UNDEFED   _system_post_cinit             
00003011  _system_pre_init               
200005f8  _unlock                        
00003015  abort                          
00001971  aligned_alloc                  
00002a89  atoi                           
ffffffff  binit                          
200005c8  celc                           
000027e5  close                          
00002f59  copysign                       
00002f59  copysignl                      
20000604  errno                          
00002ad5  exit                           
200005d0  fahr                           
00002dc1  finddevice                     
0000214d  fputc                          
00001a89  fputs                          
00001da9  free                           
00002659  frexp                          
00002659  frexpl                         
000026bd  fseek                          
00002c31  getdevice                      
00000000  interruptVectors               
00001b9d  ldexp                          
00001b9d  ldexpl                         
00002e75  lseek                          
00002947  ltoa                           
00001461  main                           
00003001  malloc                         
00001971  memalign                       
00002f3d  memccpy                        
00002ec5  memchr                         
0000201b  memcpy                         
000022ed  memset                         
200007cc  parmbuf                        
000025f1  printf                         
0000214d  putc                           
00002e21  remove                         
200005b8  result                         
00001b9d  scalbn                         
00001b9d  scalbnl                        
00001e8d  setvbuf                        
00002f8b  strchr                         
00002f73  strcmp                         
00002fa1  strcpy                         
00002fb5  strlen                         
00002ced  strncpy                        
00002e21  unlink                         
200005c0  voltage                        
00002fc9  wcslen                         
00002e9d  write                          


GLOBAL SYMBOLS: SORTED BY Symbol Address 

address   name                           
-------   ----                           
00000000  __TI_static_base__             
00000000  interruptVectors               
000000e5  __TI_printfi                   
00000200  __STACK_SIZE                   
00000400  __SYSMEM_SIZE                  
00000b33  _nop                           
00000b35  SystemCoreClockUpdate          
00000dad  SystemInit                     
000012a9  __aeabi_dsub                   
000012b3  __aeabi_dadd                   
0000145f  __aeabi_idiv0                  
0000145f  __aeabi_ldiv0                  
00001461  main                           
000014fb  ADCsetup                       
00001715  __aeabi_ddiv                   
00001971  aligned_alloc                  
00001971  memalign                       
00001a89  fputs                          
00001b9d  ldexp                          
00001b9d  ldexpl                         
00001b9d  scalbn                         
00001b9d  scalbnl                        
00001cad  __aeabi_dmul                   
00001da9  free                           
00001e8d  setvbuf                        
0000201b  __aeabi_memcpy                 
0000201b  __aeabi_memcpy4                
0000201b  __aeabi_memcpy8                
0000201b  memcpy                         
000020b7  __aeabi_uldivmod               
0000214d  fputc                          
0000214d  putc                           
000021d9  __aeabi_cdcmpeq                
000021d9  __aeabi_cdcmple                
0000225f  __aeabi_cdrcmple               
000022e5  __aeabi_memclr                 
000022e5  __aeabi_memclr4                
000022e5  __aeabi_memclr8                
000022e7  __aeabi_memset                 
000022e7  __aeabi_memset4                
000022e7  __aeabi_memset8                
000022ed  memset                         
00002361  __TI_closefile                 
000024b5  HOSTrename                     
00002521  HOSTlseek                      
00002589  __TI_decompress_lzss           
000025f1  printf                         
00002659  frexp                          
00002659  frexpl                         
000026bd  fseek                          
00002721  __TI_wrt_ok                    
00002785  HOSTopen                       
000027e5  close                          
00002841  HOSTread                       
00002899  HOSTwrite                      
00002947  ltoa                           
000029ed  SysTick_Init                   
00002a09  SysTick_Delay                  
00002a3d  __TI_doflush                   
00002a89  atoi                           
00002ad5  exit                           
00002b1d  __aeabi_d2iz                   
00002b65  HOSTclose                      
00002ba9  HOSTunlink                     
00002bed  __TI_auto_init_nobinit_nopinit 
00002c31  getdevice                      
00002cb5  __TI_writemsg                  
00002ce3  C$$IO$$                        
00002ced  strncpy                        
00002d25  __TI_cleanup                   
00002d59  __TI_readmsg                   
00002d8d  _c_int00_noargs                
00002dc1  finddevice                     
00002df1  __aeabi_i2d                    
00002e21  remove                         
00002e21  unlink                         
00002e75  lseek                          
00002e9d  write                          
00002ec5  memchr                         
00002ee5  __aeabi_ui2d                   
00002f05  __TI_zero_init_nomemset        
00002f3d  memccpy                        
00002f59  copysign                       
00002f59  copysignl                      
00002f73  strcmp                         
00002f8b  strchr                         
00002fa1  strcpy                         
00002fb5  strlen                         
00002fc9  wcslen                         
00002fdb  __TI_decompress_none           
00002fe9  Reset_Handler                  
00002ff5  ADC14_IRQHandler               
00002ff5  AES256_IRQHandler              
00002ff5  BusFault_Handler               
00002ff5  COMP_E0_IRQHandler             
00002ff5  COMP_E1_IRQHandler             
00002ff5  CS_IRQHandler                  
00002ff5  DMA_ERR_IRQHandler             
00002ff5  DMA_INT0_IRQHandler            
00002ff5  DMA_INT1_IRQHandler            
00002ff5  DMA_INT2_IRQHandler            
00002ff5  DMA_INT3_IRQHandler            
00002ff5  DebugMon_Handler               
00002ff5  Default_Handler                
00002ff5  EUSCIA0_IRQHandler             
00002ff5  EUSCIA1_IRQHandler             
00002ff5  EUSCIA2_IRQHandler             
00002ff5  EUSCIA3_IRQHandler             
00002ff5  EUSCIB0_IRQHandler             
00002ff5  EUSCIB1_IRQHandler             
00002ff5  EUSCIB2_IRQHandler             
00002ff5  EUSCIB3_IRQHandler             
00002ff5  FLCTL_IRQHandler               
00002ff5  FPU_IRQHandler                 
00002ff5  HardFault_Handler              
00002ff5  MemManage_Handler              
00002ff5  NMI_Handler                    
00002ff5  PCM_IRQHandler                 
00002ff5  PORT1_IRQHandler               
00002ff5  PORT2_IRQHandler               
00002ff5  PORT3_IRQHandler               
00002ff5  PORT4_IRQHandler               
00002ff5  PORT5_IRQHandler               
00002ff5  PORT6_IRQHandler               
00002ff5  PSS_IRQHandler                 
00002ff5  PendSV_Handler                 
00002ff5  RTC_C_IRQHandler               
00002ff5  SVC_Handler                    
00002ff5  SysTick_Handler                
00002ff5  T32_INT1_IRQHandler            
00002ff5  T32_INT2_IRQHandler            
00002ff5  T32_INTC_IRQHandler            
00002ff5  TA0_0_IRQHandler               
00002ff5  TA0_N_IRQHandler               
00002ff5  TA1_0_IRQHandler               
00002ff5  TA1_N_IRQHandler               
00002ff5  TA2_0_IRQHandler               
00002ff5  TA2_N_IRQHandler               
00002ff5  TA3_0_IRQHandler               
00002ff5  TA3_N_IRQHandler               
00002ff5  UsageFault_Handler             
00002ff5  WDT_A_IRQHandler               
00002ff9  __aeabi_errno_addr             
00003001  malloc                         
00003011  _system_pre_init               
00003015  C$$EXIT                        
00003015  abort                          
00003018  _ctypes_                       
0000318c  __TI_Handler_Table_Base        
00003198  __TI_Handler_Table_Limit       
000031a0  __TI_CINIT_Base                
000031b0  __TI_CINIT_Limit               
20000000  _sys_memory                    
20000400  _ftable                        
200004f0  _device                        
20000568  _stream                        
200005b8  result                         
200005c0  voltage                        
200005c8  celc                           
200005d0  fahr                           
200005d8  __TI_ft_end                    
200005dc  __aeabi_stdin                  
200005e0  __aeabi_stdout                 
200005e4  __aeabi_stderr                 
200005e8  __TI_cleanup_ptr               
200005ec  __TI_dtors_ptr                 
200005f0  __TI_enable_exit_profile_output
200005f4  _lock                          
200005f8  _unlock                        
20000604  errno                          
20000608  SystemCoreClock                
2000060c  __CIOBUF_                      
2000072c  __TI_tmpnams                   
200007cc  parmbuf                        
2000fe00  __stack                        
20010000  __STACK_END                    
4000480c  WDTCTL_SYM                     
ffffffff  __TI_pprof_out_hndl            
ffffffff  __TI_prof_data_size            
ffffffff  __TI_prof_data_start           
ffffffff  __binit__                      
ffffffff  __c_args__                     
ffffffff  binit                          
UNDEFED   __mpu_init                     
UNDEFED   _system_post_cinit             

[185 symbols]
