******************************************************************************
                  TI ARM Linker PC v18.12.4                    
******************************************************************************
>> Linked Sun Mar 14 13:13:59 2021

OUTPUT FILE NAME:   <Lab7_Part3.out>
ENTRY POINT SYMBOL: "_c_int00_noargs"  address: 00000acd


MEMORY CONFIGURATION

         name            origin    length      used     unused   attr    fill
----------------------  --------  ---------  --------  --------  ----  --------
  MAIN                  00000000   00040000  00000b50  0003f4b0  R  X
  INFO                  00200000   00004000  00000000  00004000  R  X
  SRAM_CODE             01000000   00010000  00000204  0000fdfc  RW X
  SRAM_DATA             20000000   00010000  00000204  0000fdfc  RW  


SEGMENT ALLOCATION MAP

run origin  load origin   length   init length attrs members
----------  ----------- ---------- ----------- ----- -------
00000000    00000000    00000b50   00000b50    r-x
  00000000    00000000    000000e4   000000e4    r-- .intvecs
  000000e4    000000e4    00000a54   00000a54    r-x .text
  00000b38    00000b38    00000018   00000018    r-- .cinit
20000000    20000000    00000004   00000000    rw-
  20000000    20000000    00000004   00000000    rw- .data
2000fe00    2000fe00    00000200   00000000    rw-
  2000fe00    2000fe00    00000200   00000000    rw- .stack


SECTION ALLOCATION MAP

 output                                  attributes/
section   page    origin      length       input sections
--------  ----  ----------  ----------   ----------------
.intvecs   0    00000000    000000e4     
                  00000000    000000e4     startup_msp432p401r_ccs.obj (.intvecs:retain)

.text      0    000000e4    00000a54     
                  000000e4    0000056c     main.obj (.text)
                  00000650    00000334     system_msp432p401r.obj (.text)
                  00000984    0000009c     rtsv7M4_T_le_v4SPD16_eabi.lib : memcpy_t2.asm.obj (.text)
                  00000a20    00000068                                   : copy_decompress_lzss.c.obj (.text:decompress:lzss:__TI_decompress_lzss)
                  00000a88    00000044                                   : autoinit.c.obj (.text:__TI_auto_init_nobinit_nopinit:__TI_auto_init_nobinit_nopinit)
                  00000acc    00000034                                   : boot_cortex_m.c.obj (.text:_c_int00_noargs:_c_int00_noargs)
                  00000b00    00000014                                   : strcpy.c.obj (.text:strcpy)
                  00000b14    0000000e                                   : copy_decompress_none.c.obj (.text:decompress:none:__TI_decompress_none)
                  00000b22    0000000e     startup_msp432p401r_ccs.obj (.text)
                  00000b30    00000004     rtsv7M4_T_le_v4SPD16_eabi.lib : pre_init.c.obj (.text:_system_pre_init)
                  00000b34    00000004                                   : exit.c.obj (.text:abort:abort)

.cinit     0    00000b38    00000018     
                  00000b38    00000008     (.cinit..data.load) [load image, compression = lzss]
                  00000b40    00000008     (__TI_handler_table)
                  00000b48    00000008     (__TI_cinit_table)

.init_array 
*          0    00000000    00000000     UNINITIALIZED

.binit     0    00000000    00000000     

.data      0    20000000    00000004     UNINITIALIZED
                  20000000    00000004     system_msp432p401r.obj (.data)

.stack     0    2000fe00    00000200     UNINITIALIZED
                  2000fe00    00000004     rtsv7M4_T_le_v4SPD16_eabi.lib : boot_cortex_m.c.obj (.stack)
                  2000fe04    000001fc     --HOLE--

MODULE SUMMARY

       Module                        code   ro data   rw data
       ------                        ----   -------   -------
    .\
       main.obj                      1388   0         0      
       system_msp432p401r.obj        820    0         8      
       startup_msp432p401r_ccs.obj   14     228       0      
    +--+-----------------------------+------+---------+---------+
       Total:                        2222   228       8      
                                                             
    C:\ti\ccs930\ccs\tools\compiler\ti-cgt-arm_18.12.4.LTS\lib\rtsv7M4_T_le_v4SPD16_eabi.lib
       memcpy_t2.asm.obj             156    0         0      
       copy_decompress_lzss.c.obj    104    0         0      
       autoinit.c.obj                68     0         0      
       boot_cortex_m.c.obj           52     0         0      
       strcpy.c.obj                  20     0         0      
       copy_decompress_none.c.obj    14     0         0      
       exit.c.obj                    4      0         0      
       pre_init.c.obj                4      0         0      
    +--+-----------------------------+------+---------+---------+
       Total:                        422    0         0      
                                                             
       Stack:                        0      0         1024   
       Linker Generated:             0      24        0      
    +--+-----------------------------+------+---------+---------+
       Grand Total:                  2644   252       1032   


LINKER GENERATED COPY TABLES

__TI_cinit_table @ 00000b48 records: 1, size/record: 8, table size: 8
	.data: load addr=00000b38, load size=00000008 bytes, run addr=20000000, run size=00000004 bytes, compression=lzss


LINKER GENERATED HANDLER TABLE

__TI_handler_table @ 00000b40 records: 2, size/record: 4, table size: 8
	index: 0, handler: __TI_decompress_lzss
	index: 1, handler: __TI_decompress_none


GLOBAL SYMBOLS: SORTED ALPHABETICALLY BY Name 

address   name                          
-------   ----                          
00000b2f  ADC14_IRQHandler              
00000b2f  AES256_IRQHandler             
00000b2f  BusFault_Handler              
00000b35  C$$EXIT                       
00000b2f  COMP_E0_IRQHandler            
00000b2f  COMP_E1_IRQHandler            
00000b2f  CS_IRQHandler                 
00000b2f  DMA_ERR_IRQHandler            
00000b2f  DMA_INT0_IRQHandler           
00000b2f  DMA_INT1_IRQHandler           
00000b2f  DMA_INT2_IRQHandler           
00000b2f  DMA_INT3_IRQHandler           
00000b2f  DebugMon_Handler              
00000b2f  Default_Handler               
00000b2f  EUSCIA0_IRQHandler            
00000b2f  EUSCIA1_IRQHandler            
00000b2f  EUSCIA2_IRQHandler            
00000b2f  EUSCIA3_IRQHandler            
00000b2f  EUSCIB0_IRQHandler            
00000b2f  EUSCIB1_IRQHandler            
00000b2f  EUSCIB2_IRQHandler            
00000b2f  EUSCIB3_IRQHandler            
00000b2f  FLCTL_IRQHandler              
00000b2f  FPU_IRQHandler                
00000b2f  HardFault_Handler             
00000577  LCD_Init                      
00000b2f  MemManage_Handler             
00000b2f  NMI_Handler                   
00000b2f  PCM_IRQHandler                
00000b2f  PORT1_IRQHandler              
00000b2f  PORT2_IRQHandler              
00000b2f  PORT3_IRQHandler              
00000b2f  PORT4_IRQHandler              
00000b2f  PORT5_IRQHandler              
00000b2f  PORT6_IRQHandler              
00000b2f  PSS_IRQHandler                
00000b2f  PendSV_Handler                
00000319  Pin_Init                      
00000475  PulseEnablePin                
00000b2f  RTC_C_IRQHandler              
00000b23  Reset_Handler                 
00000b2f  SVC_Handler                   
00000b2f  SysTick_Handler               
000002fd  SysTick_Init                  
20000000  SystemCoreClock               
00000651  SystemCoreClockUpdate         
000008c9  SystemInit                    
00000b2f  T32_INT1_IRQHandler           
00000b2f  T32_INT2_IRQHandler           
00000b2f  T32_INTC_IRQHandler           
00000b2f  TA0_0_IRQHandler              
00000b2f  TA0_N_IRQHandler              
00000b2f  TA1_0_IRQHandler              
00000b2f  TA1_N_IRQHandler              
00000b2f  TA2_0_IRQHandler              
00000b2f  TA2_N_IRQHandler              
00000b2f  TA3_0_IRQHandler              
00000b2f  TA3_N_IRQHandler              
00000b2f  UsageFault_Handler            
4000480c  WDTCTL_SYM                    
00000b2f  WDT_A_IRQHandler              
20010000  __STACK_END                   
00000200  __STACK_SIZE                  
00000b48  __TI_CINIT_Base               
00000b50  __TI_CINIT_Limit              
00000b40  __TI_Handler_Table_Base       
00000b48  __TI_Handler_Table_Limit      
00000a89  __TI_auto_init_nobinit_nopinit
00000a21  __TI_decompress_lzss          
00000b15  __TI_decompress_none          
ffffffff  __TI_pprof_out_hndl           
ffffffff  __TI_prof_data_size           
ffffffff  __TI_prof_data_start          
00000000  __TI_static_base__            
00000985  __aeabi_memcpy                
00000985  __aeabi_memcpy4               
00000985  __aeabi_memcpy8               
ffffffff  __binit__                     
ffffffff  __c_args__                    
UNDEFED   __mpu_init                    
2000fe00  __stack                       
00000acd  _c_int00_noargs               
UNDEFED   _system_post_cinit            
00000b31  _system_pre_init              
00000b35  abort                         
ffffffff  binit                         
000005e1  commandWrite                  
000005fb  dataWrite                     
00000419  delay_micro                   
0000043d  delay_milli                   
00000000  interruptVectors              
000000e5  main                          
00000985  memcpy                        
0000011f  print                         
0000053f  pushByte                      
000004ab  pushNibble                    
0000016b  scroll                        
00000b01  strcpy                        


GLOBAL SYMBOLS: SORTED BY Symbol Address 

address   name                          
-------   ----                          
00000000  __TI_static_base__            
00000000  interruptVectors              
000000e5  main                          
0000011f  print                         
0000016b  scroll                        
00000200  __STACK_SIZE                  
000002fd  SysTick_Init                  
00000319  Pin_Init                      
00000419  delay_micro                   
0000043d  delay_milli                   
00000475  PulseEnablePin                
000004ab  pushNibble                    
0000053f  pushByte                      
00000577  LCD_Init                      
000005e1  commandWrite                  
000005fb  dataWrite                     
00000651  SystemCoreClockUpdate         
000008c9  SystemInit                    
00000985  __aeabi_memcpy                
00000985  __aeabi_memcpy4               
00000985  __aeabi_memcpy8               
00000985  memcpy                        
00000a21  __TI_decompress_lzss          
00000a89  __TI_auto_init_nobinit_nopinit
00000acd  _c_int00_noargs               
00000b01  strcpy                        
00000b15  __TI_decompress_none          
00000b23  Reset_Handler                 
00000b2f  ADC14_IRQHandler              
00000b2f  AES256_IRQHandler             
00000b2f  BusFault_Handler              
00000b2f  COMP_E0_IRQHandler            
00000b2f  COMP_E1_IRQHandler            
00000b2f  CS_IRQHandler                 
00000b2f  DMA_ERR_IRQHandler            
00000b2f  DMA_INT0_IRQHandler           
00000b2f  DMA_INT1_IRQHandler           
00000b2f  DMA_INT2_IRQHandler           
00000b2f  DMA_INT3_IRQHandler           
00000b2f  DebugMon_Handler              
00000b2f  Default_Handler               
00000b2f  EUSCIA0_IRQHandler            
00000b2f  EUSCIA1_IRQHandler            
00000b2f  EUSCIA2_IRQHandler            
00000b2f  EUSCIA3_IRQHandler            
00000b2f  EUSCIB0_IRQHandler            
00000b2f  EUSCIB1_IRQHandler            
00000b2f  EUSCIB2_IRQHandler            
00000b2f  EUSCIB3_IRQHandler            
00000b2f  FLCTL_IRQHandler              
00000b2f  FPU_IRQHandler                
00000b2f  HardFault_Handler             
00000b2f  MemManage_Handler             
00000b2f  NMI_Handler                   
00000b2f  PCM_IRQHandler                
00000b2f  PORT1_IRQHandler              
00000b2f  PORT2_IRQHandler              
00000b2f  PORT3_IRQHandler              
00000b2f  PORT4_IRQHandler              
00000b2f  PORT5_IRQHandler              
00000b2f  PORT6_IRQHandler              
00000b2f  PSS_IRQHandler                
00000b2f  PendSV_Handler                
00000b2f  RTC_C_IRQHandler              
00000b2f  SVC_Handler                   
00000b2f  SysTick_Handler               
00000b2f  T32_INT1_IRQHandler           
00000b2f  T32_INT2_IRQHandler           
00000b2f  T32_INTC_IRQHandler           
00000b2f  TA0_0_IRQHandler              
00000b2f  TA0_N_IRQHandler              
00000b2f  TA1_0_IRQHandler              
00000b2f  TA1_N_IRQHandler              
00000b2f  TA2_0_IRQHandler              
00000b2f  TA2_N_IRQHandler              
00000b2f  TA3_0_IRQHandler              
00000b2f  TA3_N_IRQHandler              
00000b2f  UsageFault_Handler            
00000b2f  WDT_A_IRQHandler              
00000b31  _system_pre_init              
00000b35  C$$EXIT                       
00000b35  abort                         
00000b40  __TI_Handler_Table_Base       
00000b48  __TI_CINIT_Base               
00000b48  __TI_Handler_Table_Limit      
00000b50  __TI_CINIT_Limit              
20000000  SystemCoreClock               
2000fe00  __stack                       
20010000  __STACK_END                   
4000480c  WDTCTL_SYM                    
ffffffff  __TI_pprof_out_hndl           
ffffffff  __TI_prof_data_size           
ffffffff  __TI_prof_data_start          
ffffffff  __binit__                     
ffffffff  __c_args__                    
ffffffff  binit                         
UNDEFED   __mpu_init                    
UNDEFED   _system_post_cinit            

[98 symbols]
