******************************************************************************
                  TI ARM Linker PC v18.12.4                    
******************************************************************************
>> Linked Thu Mar 11 00:03:54 2021

OUTPUT FILE NAME:   <Lab7_Part3.out>
ENTRY POINT SYMBOL: "_c_int00_noargs"  address: 000009d1


MEMORY CONFIGURATION

         name            origin    length      used     unused   attr    fill
----------------------  --------  ---------  --------  --------  ----  --------
  MAIN                  00000000   00040000  00000a54  0003f5ac  R  X
  INFO                  00200000   00004000  00000000  00004000  R  X
  SRAM_CODE             01000000   00010000  00000204  0000fdfc  RW X
  SRAM_DATA             20000000   00010000  00000204  0000fdfc  RW  


SEGMENT ALLOCATION MAP

run origin  load origin   length   init length attrs members
----------  ----------- ---------- ----------- ----- -------
00000000    00000000    00000a58   00000a58    r-x
  00000000    00000000    000000e4   000000e4    r-- .intvecs
  000000e4    000000e4    00000958   00000958    r-x .text
  00000a40    00000a40    00000018   00000018    r-- .cinit
20000000    20000000    00000004   00000000    rw-
  20000000    20000000    00000004   00000000    rw- .data
2000fe00    2000fe00    00000200   00000000    rw-
  2000fe00    2000fe00    00000200   00000000    rw- .stack


SECTION ALLOCATION MAP

 output                                  attributes/
section   page    origin      length       input sections
--------  ----  ----------  ----------   ----------------
.intvecs   0    00000000    000000e4     
                  00000000    000000e4     startup_msp432p401r_ccs.obj (.intvecs:retain)

.text      0    000000e4    00000958     
                  000000e4    0000046e     main.obj (.text)
                  00000552    00000002     --HOLE-- [fill = 0]
                  00000554    00000334     system_msp432p401r.obj (.text)
                  00000888    0000009c     rtsv7M4_T_le_v4SPD16_eabi.lib : memcpy_t2.asm.obj (.text)
                  00000924    00000068                                   : copy_decompress_lzss.c.obj (.text:decompress:lzss:__TI_decompress_lzss)
                  0000098c    00000044                                   : autoinit.c.obj (.text:__TI_auto_init_nobinit_nopinit:__TI_auto_init_nobinit_nopinit)
                  000009d0    00000034                                   : boot_cortex_m.c.obj (.text:_c_int00_noargs:_c_int00_noargs)
                  00000a04    00000014                                   : strcpy.c.obj (.text:strcpy)
                  00000a18    0000000e                                   : copy_decompress_none.c.obj (.text:decompress:none:__TI_decompress_none)
                  00000a26    0000000e     startup_msp432p401r_ccs.obj (.text)
                  00000a34    00000004     rtsv7M4_T_le_v4SPD16_eabi.lib : pre_init.c.obj (.text:_system_pre_init)
                  00000a38    00000004                                   : exit.c.obj (.text:abort:abort)

.cinit     0    00000a40    00000018     
                  00000a40    00000008     (.cinit..data.load) [load image, compression = lzss]
                  00000a48    00000008     (__TI_handler_table)
                  00000a50    00000008     (__TI_cinit_table)

.init_array 
*          0    00000000    00000000     UNINITIALIZED

.binit     0    00000000    00000000     

.data      0    20000000    00000004     UNINITIALIZED
                  20000000    00000004     system_msp432p401r.obj (.data)

.stack     0    2000fe00    00000200     UNINITIALIZED
                  2000fe00    00000004     rtsv7M4_T_le_v4SPD16_eabi.lib : boot_cortex_m.c.obj (.stack)
                  2000fe04    000001fc     --HOLE--

MODULE SUMMARY

       Module                        code   ro data   rw data
       ------                        ----   -------   -------
    .\
       main.obj                      1134   0         0      
       system_msp432p401r.obj        820    0         8      
       startup_msp432p401r_ccs.obj   14     228       0      
    +--+-----------------------------+------+---------+---------+
       Total:                        1968   228       8      
                                                             
    C:\ti\ccs930\ccs\tools\compiler\ti-cgt-arm_18.12.4.LTS\lib\rtsv7M4_T_le_v4SPD16_eabi.lib
       memcpy_t2.asm.obj             156    0         0      
       copy_decompress_lzss.c.obj    104    0         0      
       autoinit.c.obj                68     0         0      
       boot_cortex_m.c.obj           52     0         0      
       strcpy.c.obj                  20     0         0      
       copy_decompress_none.c.obj    14     0         0      
       exit.c.obj                    4      0         0      
       pre_init.c.obj                4      0         0      
    +--+-----------------------------+------+---------+---------+
       Total:                        422    0         0      
                                                             
       Stack:                        0      0         1024   
       Linker Generated:             0      24        0      
    +--+-----------------------------+------+---------+---------+
       Grand Total:                  2390   252       1032   


LINKER GENERATED COPY TABLES

__TI_cinit_table @ 00000a50 records: 1, size/record: 8, table size: 8
	.data: load addr=00000a40, load size=00000008 bytes, run addr=20000000, run size=00000004 bytes, compression=lzss


LINKER GENERATED HANDLER TABLE

__TI_handler_table @ 00000a48 records: 2, size/record: 4, table size: 8
	index: 0, handler: __TI_decompress_lzss
	index: 1, handler: __TI_decompress_none


GLOBAL SYMBOLS: SORTED ALPHABETICALLY BY Name 

address   name                          
-------   ----                          
00000a33  ADC14_IRQHandler              
00000a33  AES256_IRQHandler             
00000a33  BusFault_Handler              
00000a39  C$$EXIT                       
00000a33  COMP_E0_IRQHandler            
00000a33  COMP_E1_IRQHandler            
00000a33  CS_IRQHandler                 
00000a33  DMA_ERR_IRQHandler            
00000a33  DMA_INT0_IRQHandler           
00000a33  DMA_INT1_IRQHandler           
00000a33  DMA_INT2_IRQHandler           
00000a33  DMA_INT3_IRQHandler           
00000a33  DebugMon_Handler              
00000a33  Default_Handler               
00000a33  EUSCIA0_IRQHandler            
00000a33  EUSCIA1_IRQHandler            
00000a33  EUSCIA2_IRQHandler            
00000a33  EUSCIA3_IRQHandler            
00000a33  EUSCIB0_IRQHandler            
00000a33  EUSCIB1_IRQHandler            
00000a33  EUSCIB2_IRQHandler            
00000a33  EUSCIB3_IRQHandler            
00000a33  FLCTL_IRQHandler              
00000a33  FPU_IRQHandler                
00000a33  HardFault_Handler             
000003ad  LCD_Init                      
00000a33  MemManage_Handler             
00000a33  NMI_Handler                   
00000a33  PCM_IRQHandler                
00000a33  PORT1_IRQHandler              
00000a33  PORT2_IRQHandler              
00000a33  PORT3_IRQHandler              
00000a33  PORT4_IRQHandler              
00000a33  PORT5_IRQHandler              
00000a33  PORT6_IRQHandler              
00000a33  PSS_IRQHandler                
00000a33  PendSV_Handler                
0000013d  Pin_Init                      
000002ad  PulseEnablePin                
00000a33  RTC_C_IRQHandler              
00000a27  Reset_Handler                 
00000a33  SVC_Handler                   
00000237  SysTick_Delay                 
00000a33  SysTick_Handler               
00000121  SysTick_Init                  
20000000  SystemCoreClock               
00000555  SystemCoreClockUpdate         
000007cd  SystemInit                    
00000a33  T32_INT1_IRQHandler           
00000a33  T32_INT2_IRQHandler           
00000a33  T32_INTC_IRQHandler           
00000a33  TA0_0_IRQHandler              
00000a33  TA0_N_IRQHandler              
00000a33  TA1_0_IRQHandler              
00000a33  TA1_N_IRQHandler              
00000a33  TA2_0_IRQHandler              
00000a33  TA2_N_IRQHandler              
00000a33  TA3_0_IRQHandler              
00000a33  TA3_N_IRQHandler              
00000a33  UsageFault_Handler            
4000480c  WDTCTL_SYM                    
00000a33  WDT_A_IRQHandler              
20010000  __STACK_END                   
00000200  __STACK_SIZE                  
00000a50  __TI_CINIT_Base               
00000a58  __TI_CINIT_Limit              
00000a48  __TI_Handler_Table_Base       
00000a50  __TI_Handler_Table_Limit      
0000098d  __TI_auto_init_nobinit_nopinit
00000925  __TI_decompress_lzss          
00000a19  __TI_decompress_none          
ffffffff  __TI_pprof_out_hndl           
ffffffff  __TI_prof_data_size           
ffffffff  __TI_prof_data_start          
00000000  __TI_static_base__            
00000889  __aeabi_memcpy                
00000889  __aeabi_memcpy4               
00000889  __aeabi_memcpy8               
ffffffff  __binit__                     
ffffffff  __c_args__                    
UNDEFED   __mpu_init                    
2000fe00  __stack                       
000009d1  _c_int00_noargs               
UNDEFED   _system_post_cinit            
00000a35  _system_pre_init              
00000a39  abort                         
ffffffff  binit                         
00000417  commandWrite                  
0000042f  dataWrite                     
00000263  delay_micro                   
00000287  delay_milli                   
00000000  interruptVectors              
00000447  lab                           
000000e5  main                          
00000889  memcpy                        
000004b9  move                          
00000375  pushByte                      
000002e1  pushNibble                    
00000a05  strcpy                        


GLOBAL SYMBOLS: SORTED BY Symbol Address 

address   name                          
-------   ----                          
00000000  __TI_static_base__            
00000000  interruptVectors              
000000e5  main                          
00000121  SysTick_Init                  
0000013d  Pin_Init                      
00000200  __STACK_SIZE                  
00000237  SysTick_Delay                 
00000263  delay_micro                   
00000287  delay_milli                   
000002ad  PulseEnablePin                
000002e1  pushNibble                    
00000375  pushByte                      
000003ad  LCD_Init                      
00000417  commandWrite                  
0000042f  dataWrite                     
00000447  lab                           
000004b9  move                          
00000555  SystemCoreClockUpdate         
000007cd  SystemInit                    
00000889  __aeabi_memcpy                
00000889  __aeabi_memcpy4               
00000889  __aeabi_memcpy8               
00000889  memcpy                        
00000925  __TI_decompress_lzss          
0000098d  __TI_auto_init_nobinit_nopinit
000009d1  _c_int00_noargs               
00000a05  strcpy                        
00000a19  __TI_decompress_none          
00000a27  Reset_Handler                 
00000a33  ADC14_IRQHandler              
00000a33  AES256_IRQHandler             
00000a33  BusFault_Handler              
00000a33  COMP_E0_IRQHandler            
00000a33  COMP_E1_IRQHandler            
00000a33  CS_IRQHandler                 
00000a33  DMA_ERR_IRQHandler            
00000a33  DMA_INT0_IRQHandler           
00000a33  DMA_INT1_IRQHandler           
00000a33  DMA_INT2_IRQHandler           
00000a33  DMA_INT3_IRQHandler           
00000a33  DebugMon_Handler              
00000a33  Default_Handler               
00000a33  EUSCIA0_IRQHandler            
00000a33  EUSCIA1_IRQHandler            
00000a33  EUSCIA2_IRQHandler            
00000a33  EUSCIA3_IRQHandler            
00000a33  EUSCIB0_IRQHandler            
00000a33  EUSCIB1_IRQHandler            
00000a33  EUSCIB2_IRQHandler            
00000a33  EUSCIB3_IRQHandler            
00000a33  FLCTL_IRQHandler              
00000a33  FPU_IRQHandler                
00000a33  HardFault_Handler             
00000a33  MemManage_Handler             
00000a33  NMI_Handler                   
00000a33  PCM_IRQHandler                
00000a33  PORT1_IRQHandler              
00000a33  PORT2_IRQHandler              
00000a33  PORT3_IRQHandler              
00000a33  PORT4_IRQHandler              
00000a33  PORT5_IRQHandler              
00000a33  PORT6_IRQHandler              
00000a33  PSS_IRQHandler                
00000a33  PendSV_Handler                
00000a33  RTC_C_IRQHandler              
00000a33  SVC_Handler                   
00000a33  SysTick_Handler               
00000a33  T32_INT1_IRQHandler           
00000a33  T32_INT2_IRQHandler           
00000a33  T32_INTC_IRQHandler           
00000a33  TA0_0_IRQHandler              
00000a33  TA0_N_IRQHandler              
00000a33  TA1_0_IRQHandler              
00000a33  TA1_N_IRQHandler              
00000a33  TA2_0_IRQHandler              
00000a33  TA2_N_IRQHandler              
00000a33  TA3_0_IRQHandler              
00000a33  TA3_N_IRQHandler              
00000a33  UsageFault_Handler            
00000a33  WDT_A_IRQHandler              
00000a35  _system_pre_init              
00000a39  C$$EXIT                       
00000a39  abort                         
00000a48  __TI_Handler_Table_Base       
00000a50  __TI_CINIT_Base               
00000a50  __TI_Handler_Table_Limit      
00000a58  __TI_CINIT_Limit              
20000000  SystemCoreClock               
2000fe00  __stack                       
20010000  __STACK_END                   
4000480c  WDTCTL_SYM                    
ffffffff  __TI_pprof_out_hndl           
ffffffff  __TI_prof_data_size           
ffffffff  __TI_prof_data_start          
ffffffff  __binit__                     
ffffffff  __c_args__                    
ffffffff  binit                         
UNDEFED   __mpu_init                    
UNDEFED   _system_post_cinit            

[99 symbols]
