******************************************************************************
                  TI ARM Linker PC v18.12.4                    
******************************************************************************
>> Linked Thu Mar 11 17:42:33 2021

OUTPUT FILE NAME:   <Lab7_Part3.out>
ENTRY POINT SYMBOL: "_c_int00_noargs"  address: 000009d5


MEMORY CONFIGURATION

         name            origin    length      used     unused   attr    fill
----------------------  --------  ---------  --------  --------  ----  --------
  MAIN                  00000000   00040000  00000a58  0003f5a8  R  X
  INFO                  00200000   00004000  00000000  00004000  R  X
  SRAM_CODE             01000000   00010000  00000204  0000fdfc  RW X
  SRAM_DATA             20000000   00010000  00000204  0000fdfc  RW  


SEGMENT ALLOCATION MAP

run origin  load origin   length   init length attrs members
----------  ----------- ---------- ----------- ----- -------
00000000    00000000    00000a58   00000a58    r-x
  00000000    00000000    000000e4   000000e4    r-- .intvecs
  000000e4    000000e4    0000095c   0000095c    r-x .text
  00000a40    00000a40    00000018   00000018    r-- .cinit
20000000    20000000    00000004   00000000    rw-
  20000000    20000000    00000004   00000000    rw- .data
2000fe00    2000fe00    00000200   00000000    rw-
  2000fe00    2000fe00    00000200   00000000    rw- .stack


SECTION ALLOCATION MAP

 output                                  attributes/
section   page    origin      length       input sections
--------  ----  ----------  ----------   ----------------
.intvecs   0    00000000    000000e4     
                  00000000    000000e4     startup_msp432p401r_ccs.obj (.intvecs:retain)

.text      0    000000e4    0000095c     
                  000000e4    00000472     main.obj (.text)
                  00000556    00000002     --HOLE-- [fill = 0]
                  00000558    00000334     system_msp432p401r.obj (.text)
                  0000088c    0000009c     rtsv7M4_T_le_v4SPD16_eabi.lib : memcpy_t2.asm.obj (.text)
                  00000928    00000068                                   : copy_decompress_lzss.c.obj (.text:decompress:lzss:__TI_decompress_lzss)
                  00000990    00000044                                   : autoinit.c.obj (.text:__TI_auto_init_nobinit_nopinit:__TI_auto_init_nobinit_nopinit)
                  000009d4    00000034                                   : boot_cortex_m.c.obj (.text:_c_int00_noargs:_c_int00_noargs)
                  00000a08    00000014                                   : strcpy.c.obj (.text:strcpy)
                  00000a1c    0000000e                                   : copy_decompress_none.c.obj (.text:decompress:none:__TI_decompress_none)
                  00000a2a    0000000e     startup_msp432p401r_ccs.obj (.text)
                  00000a38    00000004     rtsv7M4_T_le_v4SPD16_eabi.lib : pre_init.c.obj (.text:_system_pre_init)
                  00000a3c    00000004                                   : exit.c.obj (.text:abort:abort)

.cinit     0    00000a40    00000018     
                  00000a40    00000008     (.cinit..data.load) [load image, compression = lzss]
                  00000a48    00000008     (__TI_handler_table)
                  00000a50    00000008     (__TI_cinit_table)

.init_array 
*          0    00000000    00000000     UNINITIALIZED

.binit     0    00000000    00000000     

.data      0    20000000    00000004     UNINITIALIZED
                  20000000    00000004     system_msp432p401r.obj (.data)

.stack     0    2000fe00    00000200     UNINITIALIZED
                  2000fe00    00000004     rtsv7M4_T_le_v4SPD16_eabi.lib : boot_cortex_m.c.obj (.stack)
                  2000fe04    000001fc     --HOLE--

MODULE SUMMARY

       Module                        code   ro data   rw data
       ------                        ----   -------   -------
    .\
       main.obj                      1138   0         0      
       system_msp432p401r.obj        820    0         8      
       startup_msp432p401r_ccs.obj   14     228       0      
    +--+-----------------------------+------+---------+---------+
       Total:                        1972   228       8      
                                                             
    C:\ti\ccs930\ccs\tools\compiler\ti-cgt-arm_18.12.4.LTS\lib\rtsv7M4_T_le_v4SPD16_eabi.lib
       memcpy_t2.asm.obj             156    0         0      
       copy_decompress_lzss.c.obj    104    0         0      
       autoinit.c.obj                68     0         0      
       boot_cortex_m.c.obj           52     0         0      
       strcpy.c.obj                  20     0         0      
       copy_decompress_none.c.obj    14     0         0      
       exit.c.obj                    4      0         0      
       pre_init.c.obj                4      0         0      
    +--+-----------------------------+------+---------+---------+
       Total:                        422    0         0      
                                                             
       Stack:                        0      0         1024   
       Linker Generated:             0      24        0      
    +--+-----------------------------+------+---------+---------+
       Grand Total:                  2394   252       1032   


LINKER GENERATED COPY TABLES

__TI_cinit_table @ 00000a50 records: 1, size/record: 8, table size: 8
	.data: load addr=00000a40, load size=00000008 bytes, run addr=20000000, run size=00000004 bytes, compression=lzss


LINKER GENERATED HANDLER TABLE

__TI_handler_table @ 00000a48 records: 2, size/record: 4, table size: 8
	index: 0, handler: __TI_decompress_lzss
	index: 1, handler: __TI_decompress_none


GLOBAL SYMBOLS: SORTED ALPHABETICALLY BY Name 

address   name                          
-------   ----                          
00000a37  ADC14_IRQHandler              
00000a37  AES256_IRQHandler             
00000a37  BusFault_Handler              
00000a3d  C$$EXIT                       
00000a37  COMP_E0_IRQHandler            
00000a37  COMP_E1_IRQHandler            
00000a37  CS_IRQHandler                 
00000a37  DMA_ERR_IRQHandler            
00000a37  DMA_INT0_IRQHandler           
00000a37  DMA_INT1_IRQHandler           
00000a37  DMA_INT2_IRQHandler           
00000a37  DMA_INT3_IRQHandler           
00000a37  DebugMon_Handler              
00000a37  Default_Handler               
00000a37  EUSCIA0_IRQHandler            
00000a37  EUSCIA1_IRQHandler            
00000a37  EUSCIA2_IRQHandler            
00000a37  EUSCIA3_IRQHandler            
00000a37  EUSCIB0_IRQHandler            
00000a37  EUSCIB1_IRQHandler            
00000a37  EUSCIB2_IRQHandler            
00000a37  EUSCIB3_IRQHandler            
00000a37  FLCTL_IRQHandler              
00000a37  FPU_IRQHandler                
00000a37  HardFault_Handler             
000003b5  LCD_Init                      
00000a37  MemManage_Handler             
00000a37  NMI_Handler                   
00000a37  PCM_IRQHandler                
00000a37  PORT1_IRQHandler              
00000a37  PORT2_IRQHandler              
00000a37  PORT3_IRQHandler              
00000a37  PORT4_IRQHandler              
00000a37  PORT5_IRQHandler              
00000a37  PORT6_IRQHandler              
00000a37  PSS_IRQHandler                
00000a37  PendSV_Handler                
00000145  Pin_Init                      
000002b5  PulseEnablePin                
00000a37  RTC_C_IRQHandler              
00000a2b  Reset_Handler                 
00000a37  SVC_Handler                   
0000023f  SysTick_Delay                 
00000a37  SysTick_Handler               
00000129  SysTick_Init                  
20000000  SystemCoreClock               
00000559  SystemCoreClockUpdate         
000007d1  SystemInit                    
00000a37  T32_INT1_IRQHandler           
00000a37  T32_INT2_IRQHandler           
00000a37  T32_INTC_IRQHandler           
00000a37  TA0_0_IRQHandler              
00000a37  TA0_N_IRQHandler              
00000a37  TA1_0_IRQHandler              
00000a37  TA1_N_IRQHandler              
00000a37  TA2_0_IRQHandler              
00000a37  TA2_N_IRQHandler              
00000a37  TA3_0_IRQHandler              
00000a37  TA3_N_IRQHandler              
00000a37  UsageFault_Handler            
4000480c  WDTCTL_SYM                    
00000a37  WDT_A_IRQHandler              
20010000  __STACK_END                   
00000200  __STACK_SIZE                  
00000a50  __TI_CINIT_Base               
00000a58  __TI_CINIT_Limit              
00000a48  __TI_Handler_Table_Base       
00000a50  __TI_Handler_Table_Limit      
00000991  __TI_auto_init_nobinit_nopinit
00000929  __TI_decompress_lzss          
00000a1d  __TI_decompress_none          
ffffffff  __TI_pprof_out_hndl           
ffffffff  __TI_prof_data_size           
ffffffff  __TI_prof_data_start          
00000000  __TI_static_base__            
0000088d  __aeabi_memcpy                
0000088d  __aeabi_memcpy4               
0000088d  __aeabi_memcpy8               
ffffffff  __binit__                     
ffffffff  __c_args__                    
UNDEFED   __mpu_init                    
2000fe00  __stack                       
000009d5  _c_int00_noargs               
UNDEFED   _system_post_cinit            
00000a39  _system_pre_init              
00000a3d  abort                         
ffffffff  binit                         
0000041f  commandWrite                  
00000437  dataWrite                     
0000026b  delay_micro                   
0000028f  delay_milli                   
00000000  interruptVectors              
00000455  lab                           
000000e5  main                          
0000088d  memcpy                        
000004c5  move                          
0000037d  pushByte                      
000002e9  pushNibble                    
00000a09  strcpy                        


GLOBAL SYMBOLS: SORTED BY Symbol Address 

address   name                          
-------   ----                          
00000000  __TI_static_base__            
00000000  interruptVectors              
000000e5  main                          
00000129  SysTick_Init                  
00000145  Pin_Init                      
00000200  __STACK_SIZE                  
0000023f  SysTick_Delay                 
0000026b  delay_micro                   
0000028f  delay_milli                   
000002b5  PulseEnablePin                
000002e9  pushNibble                    
0000037d  pushByte                      
000003b5  LCD_Init                      
0000041f  commandWrite                  
00000437  dataWrite                     
00000455  lab                           
000004c5  move                          
00000559  SystemCoreClockUpdate         
000007d1  SystemInit                    
0000088d  __aeabi_memcpy                
0000088d  __aeabi_memcpy4               
0000088d  __aeabi_memcpy8               
0000088d  memcpy                        
00000929  __TI_decompress_lzss          
00000991  __TI_auto_init_nobinit_nopinit
000009d5  _c_int00_noargs               
00000a09  strcpy                        
00000a1d  __TI_decompress_none          
00000a2b  Reset_Handler                 
00000a37  ADC14_IRQHandler              
00000a37  AES256_IRQHandler             
00000a37  BusFault_Handler              
00000a37  COMP_E0_IRQHandler            
00000a37  COMP_E1_IRQHandler            
00000a37  CS_IRQHandler                 
00000a37  DMA_ERR_IRQHandler            
00000a37  DMA_INT0_IRQHandler           
00000a37  DMA_INT1_IRQHandler           
00000a37  DMA_INT2_IRQHandler           
00000a37  DMA_INT3_IRQHandler           
00000a37  DebugMon_Handler              
00000a37  Default_Handler               
00000a37  EUSCIA0_IRQHandler            
00000a37  EUSCIA1_IRQHandler            
00000a37  EUSCIA2_IRQHandler            
00000a37  EUSCIA3_IRQHandler            
00000a37  EUSCIB0_IRQHandler            
00000a37  EUSCIB1_IRQHandler            
00000a37  EUSCIB2_IRQHandler            
00000a37  EUSCIB3_IRQHandler            
00000a37  FLCTL_IRQHandler              
00000a37  FPU_IRQHandler                
00000a37  HardFault_Handler             
00000a37  MemManage_Handler             
00000a37  NMI_Handler                   
00000a37  PCM_IRQHandler                
00000a37  PORT1_IRQHandler              
00000a37  PORT2_IRQHandler              
00000a37  PORT3_IRQHandler              
00000a37  PORT4_IRQHandler              
00000a37  PORT5_IRQHandler              
00000a37  PORT6_IRQHandler              
00000a37  PSS_IRQHandler                
00000a37  PendSV_Handler                
00000a37  RTC_C_IRQHandler              
00000a37  SVC_Handler                   
00000a37  SysTick_Handler               
00000a37  T32_INT1_IRQHandler           
00000a37  T32_INT2_IRQHandler           
00000a37  T32_INTC_IRQHandler           
00000a37  TA0_0_IRQHandler              
00000a37  TA0_N_IRQHandler              
00000a37  TA1_0_IRQHandler              
00000a37  TA1_N_IRQHandler              
00000a37  TA2_0_IRQHandler              
00000a37  TA2_N_IRQHandler              
00000a37  TA3_0_IRQHandler              
00000a37  TA3_N_IRQHandler              
00000a37  UsageFault_Handler            
00000a37  WDT_A_IRQHandler              
00000a39  _system_pre_init              
00000a3d  C$$EXIT                       
00000a3d  abort                         
00000a48  __TI_Handler_Table_Base       
00000a50  __TI_CINIT_Base               
00000a50  __TI_Handler_Table_Limit      
00000a58  __TI_CINIT_Limit              
20000000  SystemCoreClock               
2000fe00  __stack                       
20010000  __STACK_END                   
4000480c  WDTCTL_SYM                    
ffffffff  __TI_pprof_out_hndl           
ffffffff  __TI_prof_data_size           
ffffffff  __TI_prof_data_start          
ffffffff  __binit__                     
ffffffff  __c_args__                    
ffffffff  binit                         
UNDEFED   __mpu_init                    
UNDEFED   _system_post_cinit            

[99 symbols]
