******************************************************************************
                  TI ARM Linker PC v18.12.4                    
******************************************************************************
>> Linked Wed Mar  3 17:57:56 2021

OUTPUT FILE NAME:   <Lab6_Part2.out>
ENTRY POINT SYMBOL: "_c_int00_noargs"  address: 00002f95


MEMORY CONFIGURATION

         name            origin    length      used     unused   attr    fill
----------------------  --------  ---------  --------  --------  ----  --------
  MAIN                  00000000   00040000  00003361  0003cc9f  R  X
  INFO                  00200000   00004000  00000000  00004000  R  X
  SRAM_CODE             01000000   00010000  000009b6  0000f64a  RW X
  SRAM_DATA             20000000   00010000  000009b6  0000f64a  RW  


SEGMENT ALLOCATION MAP

run origin  load origin   length   init length attrs members
----------  ----------- ---------- ----------- ----- -------
00000000    00000000    00003368   00003368    r-x
  00000000    00000000    000000e4   000000e4    r-- .intvecs
  000000e4    000000e4    0000311c   0000311c    r-x .text
  00003200    00003200    00000101   00000101    r-- .const
  00003308    00003308    00000060   00000060    r-- .cinit
20000000    20000000    000007b6   00000000    rw-
  20000000    20000000    00000400   00000000    rw- .sysmem
  20000400    20000400    000001ec   00000000    rw- .data
  200005ec    200005ec    000001ca   00000000    rw- .bss
2000fe00    2000fe00    00000200   00000000    rw-
  2000fe00    2000fe00    00000200   00000000    rw- .stack


SECTION ALLOCATION MAP

 output                                  attributes/
section   page    origin      length       input sections
--------  ----  ----------  ----------   ----------------
.intvecs   0    00000000    000000e4     
                  00000000    000000e4     startup_msp432p401r_ccs.obj (.intvecs:retain)

.text      0    000000e4    0000311c     
                  000000e4    00000a4e     rtsv7M4_T_le_v4SPD16_eabi.lib : _printfi.c.obj (.text:__TI_printfi)
                  00000b32    00000002                                   : _lock.c.obj (.text:_nop)
                  00000b34    000003d0     main.obj (.text)
                  00000f04    00000334     system_msp432p401r.obj (.text)
                  00001238    00000270     rtsv7M4_T_le_v4SPD16_eabi.lib : _printfi.c.obj (.text:_pconv_a)
                  000014a8    000001d0                                   : _printfi.c.obj (.text:_pconv_g)
                  00001678    000001b6                                   : fd_add_t2.asm.obj (.text)
                  0000182e    00000002                                   : div0.asm.obj (.text)
                  00001830    0000013c                                   : _printfi.c.obj (.text:_pconv_e)
                  0000196c    00000136                                   : fd_div_t2.asm.obj (.text)
                  00001aa2    00000002     --HOLE-- [fill = 0]
                  00001aa4    00000124                                   : _printfi.c.obj (.text:fcvt)
                  00001bc8    00000118                                   : memory.c.obj (.text:aligned_alloc)
                  00001ce0    00000114                                   : fputs.c.obj (.text:fputs)
                  00001df4    00000110                                   : s_scalbn.c.obj (.text:scalbn)
                  00001f04    000000fc                                   : fd_mul_t2.asm.obj (.text)
                  00002000    000000e4                                   : memory.c.obj (.text:free)
                  000020e4    000000dc                                   : setvbuf.c.obj (.text:setvbuf)
                  000021c0    000000b1                                   : _printfi.c.obj (.text:_ltostr)
                  00002271    00000001     --HOLE-- [fill = 0]
                  00002272    0000009c                                   : memcpy_t2.asm.obj (.text)
                  0000230e    00000096                                   : ull_div_t2.asm.obj (.text)
                  000023a4    0000008c                                   : fputc.c.obj (.text:fputc)
                  00002430    00000086                                   : fd_cmp_t2.asm.obj (.text:__aeabi_cdcmple)
                  000024b6    00000086                                   : fd_cmp_t2.asm.obj (.text:__aeabi_cdrcmple)
                  0000253c    0000007a                                   : memset_t2.asm.obj (.text)
                  000025b6    00000002     --HOLE-- [fill = 0]
                  000025b8    00000074                                   : fclose.c.obj (.text:__TI_closefile)
                  0000262c    00000070                                   : memory.c.obj (.text:split)
                  0000269c    0000006e                                   : _printfi.c.obj (.text:_mcpy)
                  0000270a    00000002     --HOLE-- [fill = 0]
                  0000270c    0000006c                                   : hostrename.c.obj (.text:HOSTrename)
                  00002778    00000068                                   : hostlseek.c.obj (.text:HOSTlseek)
                  000027e0    00000068                                   : copy_decompress_lzss.c.obj (.text:decompress:lzss:__TI_decompress_lzss)
                  00002848    00000068                                   : printf.c.obj (.text:printf)
                  000028b0    00000064                                   : s_frexp.c.obj (.text:frexp)
                  00002914    00000064                                   : fseek.c.obj (.text:fseek)
                  00002978    00000062                                   : _io_perm.c.obj (.text:__TI_wrt_ok)
                  000029da    00000002     --HOLE-- [fill = 0]
                  000029dc    00000060                                   : hostopen.c.obj (.text:HOSTopen)
                  00002a3c    0000005c                                   : close.c.obj (.text:close)
                  00002a98    00000058                                   : hostread.c.obj (.text:HOSTread)
                  00002af0    00000058                                   : hostwrite.c.obj (.text:HOSTwrite)
                  00002b48    00000056                                   : _printfi.c.obj (.text:_pconv_f)
                  00002b9e    00000054                                   : ltoa.c.obj (.text:ltoa)
                  00002bf2    00000052                                   : _printfi.c.obj (.text:_ecpy)
                  00002c44    0000004c                                   : fflush.c.obj (.text:__TI_doflush)
                  00002c90    0000004c                                   : atoi.c.obj (.text:atoi)
                  00002cdc    00000048                                   : exit.c.obj (.text:exit)
                  00002d24    00000048                                   : fd_toi_t2.asm.obj (.text)
                  00002d6c    00000044                                   : hostclose.c.obj (.text:HOSTclose)
                  00002db0    00000044                                   : hostunlink.c.obj (.text:HOSTunlink)
                  00002df4    00000044                                   : autoinit.c.obj (.text:__TI_auto_init_nobinit_nopinit:__TI_auto_init_nobinit_nopinit)
                  00002e38    00000044                                   : getdevice.c.obj (.text:getdevice)
                  00002e7c    0000003e                                   : _printfi.c.obj (.text:_fcpy)
                  00002eba    00000002     --HOLE-- [fill = 0]
                  00002ebc    00000038                                   : trgmsg.c.obj (.text:__TI_writemsg)
                  00002ef4    00000036                                   : strncpy.c.obj (.text:strncpy)
                  00002f2a    00000002     --HOLE-- [fill = 0]
                  00002f2c    00000034                                   : fopen.c.obj (.text:__TI_cleanup)
                  00002f60    00000034                                   : trgmsg.c.obj (.text:__TI_readmsg)
                  00002f94    00000034                                   : boot_cortex_m.c.obj (.text:_c_int00_noargs:_c_int00_noargs)
                  00002fc8    00000030                                   : getdevice.c.obj (.text:finddevice)
                  00002ff8    0000002e                                   : i_tofd_t2.asm.obj (.text)
                  00003026    00000002     --HOLE-- [fill = 0]
                  00003028    0000002c                                   : unlink.c.obj (.text:unlink)
                  00003054    00000028                                   : memory.c.obj (.text:free_list_insert)
                  0000307c    00000028                                   : lseek.c.obj (.text:lseek)
                  000030a4    00000028                                   : write.c.obj (.text:write)
                  000030cc    00000020                                   : memchr.c.obj (.text:memchr)
                  000030ec    0000001c                                   : copy_zero_init.c.obj (.text:decompress:ZI:__TI_zero_init_nomemset:__TI_zero_init_nomemset)
                  00003108    0000001c                                   : memory.c.obj (.text:free_list_remove)
                  00003124    0000001c                                   : memccpy.c.obj (.text:memccpy)
                  00003140    0000001a                                   : s_copysign.c.obj (.text:copysign)
                  0000315a    00000018                                   : strcmp.c.obj (.text:strcmp)
                  00003172    00000016                                   : strchr.c.obj (.text:strchr)
                  00003188    00000014                                   : strcpy.c.obj (.text:strcpy)
                  0000319c    00000014                                   : strlen.c.obj (.text:strlen)
                  000031b0    00000012                                   : wcslen.c.obj (.text:wcslen)
                  000031c2    0000000e                                   : copy_decompress_none.c.obj (.text:decompress:none:__TI_decompress_none)
                  000031d0    0000000e     startup_msp432p401r_ccs.obj (.text)
                  000031de    00000002     --HOLE-- [fill = 0]
                  000031e0    00000008     rtsv7M4_T_le_v4SPD16_eabi.lib : errno.c.obj (.text:__aeabi_errno_addr)
                  000031e8    00000008                                   : memory.c.obj (.text:malloc)
                  000031f0    00000004                                   : printf.c.obj (.text:_outc)
                  000031f4    00000004                                   : printf.c.obj (.text:_outs)
                  000031f8    00000004                                   : pre_init.c.obj (.text:_system_pre_init)
                  000031fc    00000004                                   : exit.c.obj (.text:abort:abort)

.const     0    00003200    00000101     
                  00003200    00000101     rtsv7M4_T_le_v4SPD16_eabi.lib : ctype.c.obj (.const:.string:_ctypes_)

.cinit     0    00003308    00000060     
                  00003308    0000003c     (.cinit..data.load) [load image, compression = lzss]
                  00003344    0000000c     (__TI_handler_table)
                  00003350    00000008     (.cinit..bss.load) [load image, compression = zero_init]
                  00003358    00000010     (__TI_cinit_table)

.init_array 
*          0    00000000    00000000     UNINITIALIZED

.binit     0    00000000    00000000     

.sysmem    0    20000000    00000400     UNINITIALIZED
                  20000000    00000010     rtsv7M4_T_le_v4SPD16_eabi.lib : memory.c.obj (.sysmem)
                  20000010    000003f0     --HOLE--

.data      0    20000400    000001ec     UNINITIALIZED
                  20000400    000000f0     rtsv7M4_T_le_v4SPD16_eabi.lib : defs.c.obj (.data:_ftable)
                  200004f0    00000078                                   : host_device.c.obj (.data:_device)
                  20000568    00000050                                   : host_device.c.obj (.data:_stream)
                  200005b8    00000010                                   : defs.c.obj (.data)
                  200005c8    0000000c                                   : exit.c.obj (.data:$O1$$)
                  200005d4    00000008                                   : _lock.c.obj (.data:$O1$$)
                  200005dc    00000008                                   : memory.c.obj (.data:$O1$$)
                  200005e4    00000004                                   : errno.c.obj (.data)
                  200005e8    00000004     system_msp432p401r.obj (.data)

.bss       0    200005ec    000001ca     UNINITIALIZED
                  200005ec    00000120     rtsv7M4_T_le_v4SPD16_eabi.lib : trgmsg.c.obj (.bss:_CIOBUF_)
                  2000070c    000000a0     (.common:__TI_tmpnams)
                  200007ac    00000008     (.common:parmbuf)
                  200007b4    00000001     (.common:num)
                  200007b5    00000001     (.common:pressed)

.stack     0    2000fe00    00000200     UNINITIALIZED
                  2000fe00    00000004     rtsv7M4_T_le_v4SPD16_eabi.lib : boot_cortex_m.c.obj (.stack)
                  2000fe04    000001fc     --HOLE--

MODULE SUMMARY

       Module                        code    ro data   rw data
       ------                        ----    -------   -------
    .\
       main.obj                      976     0         4      
       system_msp432p401r.obj        820     0         8      
       startup_msp432p401r_ccs.obj   14      228       0      
    +--+-----------------------------+-------+---------+---------+
       Total:                        1810    228       12     
                                                              
    C:\ti\ccs930\ccs\tools\compiler\ti-cgt-arm_18.12.4.LTS\lib\rtsv7M4_T_le_v4SPD16_eabi.lib
       _printfi.c.obj                4851    0         0      
       defs.c.obj                    0       0         832    
       memory.c.obj                  696     0         16     
       trgmsg.c.obj                  108     0         576    
       fd_add_t2.asm.obj             438     0         0      
       host_device.c.obj             0       0         400    
       fd_div_t2.asm.obj             310     0         0      
       fputs.c.obj                   276     0         0      
       s_scalbn.c.obj                272     0         0      
       fd_cmp_t2.asm.obj             268     0         0      
       ctype.c.obj                   0       257       0      
       fd_mul_t2.asm.obj             252     0         0      
       setvbuf.c.obj                 220     0         0      
       memcpy_t2.asm.obj             156     0         0      
       ull_div_t2.asm.obj            150     0         0      
       fputc.c.obj                   140     0         0      
       memset_t2.asm.obj             122     0         0      
       fclose.c.obj                  116     0         0      
       getdevice.c.obj               116     0         0      
       hostopen.c.obj                96      0         16     
       printf.c.obj                  112     0         0      
       hostrename.c.obj              108     0         0      
       copy_decompress_lzss.c.obj    104     0         0      
       hostlseek.c.obj               104     0         0      
       exit.c.obj                    76      0         24     
       fseek.c.obj                   100     0         0      
       s_frexp.c.obj                 100     0         0      
       _io_perm.c.obj                98      0         0      
       close.c.obj                   92      0         0      
       hostread.c.obj                88      0         0      
       hostwrite.c.obj               88      0         0      
       ltoa.c.obj                    84      0         0      
       atoi.c.obj                    76      0         0      
       fflush.c.obj                  76      0         0      
       fd_toi_t2.asm.obj             72      0         0      
       autoinit.c.obj                68      0         0      
       hostclose.c.obj               68      0         0      
       hostunlink.c.obj              68      0         0      
       strncpy.c.obj                 54      0         0      
       boot_cortex_m.c.obj           52      0         0      
       fopen.c.obj                   52      0         0      
       i_tofd_t2.asm.obj             46      0         0      
       unlink.c.obj                  44      0         0      
       lseek.c.obj                   40      0         0      
       write.c.obj                   40      0         0      
       memchr.c.obj                  32      0         0      
       copy_zero_init.c.obj          28      0         0      
       memccpy.c.obj                 28      0         0      
       s_copysign.c.obj              26      0         0      
       strcmp.c.obj                  24      0         0      
       strchr.c.obj                  22      0         0      
       strcpy.c.obj                  20      0         0      
       strlen.c.obj                  20      0         0      
       _lock.c.obj                   2       0         16     
       wcslen.c.obj                  18      0         0      
       errno.c.obj                   8       0         8      
       copy_decompress_none.c.obj    14      0         0      
       pre_init.c.obj                4       0         0      
       div0.asm.obj                  2       0         0      
    +--+-----------------------------+-------+---------+---------+
       Total:                        10745   257       1888   
                                                              
       Heap:                         0       0         2048   
       Stack:                        0       0         1024   
       Linker Generated:             0       96        0      
    +--+-----------------------------+-------+---------+---------+
       Grand Total:                  12555   581       4972   


LINKER GENERATED COPY TABLES

__TI_cinit_table @ 00003358 records: 2, size/record: 8, table size: 16
	.data: load addr=00003308, load size=0000003c bytes, run addr=20000400, run size=000001ec bytes, compression=lzss
	.bss: load addr=00003350, load size=00000008 bytes, run addr=200005ec, run size=000001ca bytes, compression=zero_init


LINKER GENERATED HANDLER TABLE

__TI_handler_table @ 00003344 records: 3, size/record: 4, table size: 12
	index: 0, handler: __TI_decompress_lzss
	index: 1, handler: __TI_decompress_none
	index: 2, handler: __TI_zero_init


GLOBAL SYMBOLS: SORTED ALPHABETICALLY BY Name 

address   name                           
-------   ----                           
000031dd  ADC14_IRQHandler               
000031dd  AES256_IRQHandler              
000031dd  BusFault_Handler               
000031fd  C$$EXIT                        
00002eeb  C$$IO$$                        
000031dd  COMP_E0_IRQHandler             
000031dd  COMP_E1_IRQHandler             
000031dd  CS_IRQHandler                  
000031dd  DMA_ERR_IRQHandler             
000031dd  DMA_INT0_IRQHandler            
000031dd  DMA_INT1_IRQHandler            
000031dd  DMA_INT2_IRQHandler            
000031dd  DMA_INT3_IRQHandler            
000031dd  DebugMon_Handler               
000031dd  Default_Handler                
000031dd  EUSCIA0_IRQHandler             
000031dd  EUSCIA1_IRQHandler             
000031dd  EUSCIA2_IRQHandler             
000031dd  EUSCIA3_IRQHandler             
000031dd  EUSCIB0_IRQHandler             
000031dd  EUSCIB1_IRQHandler             
000031dd  EUSCIB2_IRQHandler             
000031dd  EUSCIB3_IRQHandler             
000031dd  FLCTL_IRQHandler               
000031dd  FPU_IRQHandler                 
00002d6d  HOSTclose                      
00002779  HOSTlseek                      
000029dd  HOSTopen                       
00002a99  HOSTread                       
0000270d  HOSTrename                     
00002db1  HOSTunlink                     
00002af1  HOSTwrite                      
000031dd  HardFault_Handler              
00000d85  Keypad_Init                    
000031dd  MemManage_Handler              
000031dd  NMI_Handler                    
000031dd  PCM_IRQHandler                 
000031dd  PORT1_IRQHandler               
000031dd  PORT2_IRQHandler               
000031dd  PORT3_IRQHandler               
000031dd  PORT4_IRQHandler               
000031dd  PORT5_IRQHandler               
000031dd  PORT6_IRQHandler               
000031dd  PSS_IRQHandler                 
000031dd  PendSV_Handler                 
00000d33  Print_Keys                     
000031dd  RTC_C_IRQHandler               
00000c1f  Read_Keypad                    
000031d1  Reset_Handler                  
000031dd  SVC_Handler                    
00000ddd  SysTick_Delay                  
000031dd  SysTick_Handler                
00000dbd  SysTick_Init                   
200005e8  SystemCoreClock                
00000f05  SystemCoreClockUpdate          
0000117d  SystemInit                     
000031dd  T32_INT1_IRQHandler            
000031dd  T32_INT2_IRQHandler            
000031dd  T32_INTC_IRQHandler            
000031dd  TA0_0_IRQHandler               
000031dd  TA0_N_IRQHandler               
000031dd  TA1_0_IRQHandler               
000031dd  TA1_N_IRQHandler               
000031dd  TA2_0_IRQHandler               
000031dd  TA2_N_IRQHandler               
000031dd  TA3_0_IRQHandler               
000031dd  TA3_N_IRQHandler               
000031dd  UsageFault_Handler             
4000480c  WDTCTL_SYM                     
000031dd  WDT_A_IRQHandler               
200005ec  __CIOBUF_                      
20010000  __STACK_END                    
00000200  __STACK_SIZE                   
00000400  __SYSMEM_SIZE                  
00003358  __TI_CINIT_Base                
00003368  __TI_CINIT_Limit               
00003344  __TI_Handler_Table_Base        
00003350  __TI_Handler_Table_Limit       
00002df5  __TI_auto_init_nobinit_nopinit 
00002f2d  __TI_cleanup                   
200005c8  __TI_cleanup_ptr               
000025b9  __TI_closefile                 
000027e1  __TI_decompress_lzss           
000031c3  __TI_decompress_none           
00002c45  __TI_doflush                   
200005cc  __TI_dtors_ptr                 
200005d0  __TI_enable_exit_profile_output
200005b8  __TI_ft_end                    
ffffffff  __TI_pprof_out_hndl            
000000e5  __TI_printfi                   
ffffffff  __TI_prof_data_size            
ffffffff  __TI_prof_data_start           
00002f61  __TI_readmsg                   
00000000  __TI_static_base__             
2000070c  __TI_tmpnams                   
00002ebd  __TI_writemsg                  
00002979  __TI_wrt_ok                    
000030ed  __TI_zero_init_nomemset        
00002431  __aeabi_cdcmpeq                
00002431  __aeabi_cdcmple                
000024b7  __aeabi_cdrcmple               
00002d25  __aeabi_d2iz                   
00001683  __aeabi_dadd                   
0000196d  __aeabi_ddiv                   
00001f05  __aeabi_dmul                   
00001679  __aeabi_dsub                   
000031e1  __aeabi_errno_addr             
00002ff9  __aeabi_i2d                    
0000182f  __aeabi_idiv0                  
0000182f  __aeabi_ldiv0                  
0000253d  __aeabi_memclr                 
0000253d  __aeabi_memclr4                
0000253d  __aeabi_memclr8                
00002273  __aeabi_memcpy                 
00002273  __aeabi_memcpy4                
00002273  __aeabi_memcpy8                
0000253f  __aeabi_memset                 
0000253f  __aeabi_memset4                
0000253f  __aeabi_memset8                
200005c4  __aeabi_stderr                 
200005bc  __aeabi_stdin                  
200005c0  __aeabi_stdout                 
0000230f  __aeabi_uldivmod               
ffffffff  __binit__                      
ffffffff  __c_args__                     
UNDEFED   __mpu_init                     
2000fe00  __stack                        
00002f95  _c_int00_noargs                
00003200  _ctypes_                       
200004f0  _device                        
20000400  _ftable                        
200005d4  _lock                          
00000b33  _nop                           
20000568  _stream                        
20000000  _sys_memory                    
UNDEFED   _system_post_cinit             
000031f9  _system_pre_init               
200005d8  _unlock                        
000031fd  abort                          
00001bc9  aligned_alloc                  
00002c91  atoi                           
ffffffff  binit                          
00002a3d  close                          
00003141  copysign                       
00003141  copysignl                      
200005e4  errno                          
00002cdd  exit                           
00002fc9  finddevice                     
000023a5  fputc                          
00001ce1  fputs                          
00002001  free                           
000028b1  frexp                          
000028b1  frexpl                         
00002915  fseek                          
00002e39  getdevice                      
00000000  interruptVectors               
00001df5  ldexp                          
00001df5  ldexpl                         
0000307d  lseek                          
00002b9f  ltoa                           
00000b35  main                           
000031e9  malloc                         
00001bc9  memalign                       
00003125  memccpy                        
000030cd  memchr                         
00002273  memcpy                         
00002545  memset                         
200007b4  num                            
200007ac  parmbuf                        
200007b5  pressed                        
00002849  printf                         
000023a5  putc                           
00003029  remove                         
00001df5  scalbn                         
00001df5  scalbnl                        
000020e5  setvbuf                        
00003173  strchr                         
0000315b  strcmp                         
00003189  strcpy                         
0000319d  strlen                         
00002ef5  strncpy                        
00003029  unlink                         
000031b1  wcslen                         
000030a5  write                          


GLOBAL SYMBOLS: SORTED BY Symbol Address 

address   name                           
-------   ----                           
00000000  __TI_static_base__             
00000000  interruptVectors               
000000e5  __TI_printfi                   
00000200  __STACK_SIZE                   
00000400  __SYSMEM_SIZE                  
00000b33  _nop                           
00000b35  main                           
00000c1f  Read_Keypad                    
00000d33  Print_Keys                     
00000d85  Keypad_Init                    
00000dbd  SysTick_Init                   
00000ddd  SysTick_Delay                  
00000f05  SystemCoreClockUpdate          
0000117d  SystemInit                     
00001679  __aeabi_dsub                   
00001683  __aeabi_dadd                   
0000182f  __aeabi_idiv0                  
0000182f  __aeabi_ldiv0                  
0000196d  __aeabi_ddiv                   
00001bc9  aligned_alloc                  
00001bc9  memalign                       
00001ce1  fputs                          
00001df5  ldexp                          
00001df5  ldexpl                         
00001df5  scalbn                         
00001df5  scalbnl                        
00001f05  __aeabi_dmul                   
00002001  free                           
000020e5  setvbuf                        
00002273  __aeabi_memcpy                 
00002273  __aeabi_memcpy4                
00002273  __aeabi_memcpy8                
00002273  memcpy                         
0000230f  __aeabi_uldivmod               
000023a5  fputc                          
000023a5  putc                           
00002431  __aeabi_cdcmpeq                
00002431  __aeabi_cdcmple                
000024b7  __aeabi_cdrcmple               
0000253d  __aeabi_memclr                 
0000253d  __aeabi_memclr4                
0000253d  __aeabi_memclr8                
0000253f  __aeabi_memset                 
0000253f  __aeabi_memset4                
0000253f  __aeabi_memset8                
00002545  memset                         
000025b9  __TI_closefile                 
0000270d  HOSTrename                     
00002779  HOSTlseek                      
000027e1  __TI_decompress_lzss           
00002849  printf                         
000028b1  frexp                          
000028b1  frexpl                         
00002915  fseek                          
00002979  __TI_wrt_ok                    
000029dd  HOSTopen                       
00002a3d  close                          
00002a99  HOSTread                       
00002af1  HOSTwrite                      
00002b9f  ltoa                           
00002c45  __TI_doflush                   
00002c91  atoi                           
00002cdd  exit                           
00002d25  __aeabi_d2iz                   
00002d6d  HOSTclose                      
00002db1  HOSTunlink                     
00002df5  __TI_auto_init_nobinit_nopinit 
00002e39  getdevice                      
00002ebd  __TI_writemsg                  
00002eeb  C$$IO$$                        
00002ef5  strncpy                        
00002f2d  __TI_cleanup                   
00002f61  __TI_readmsg                   
00002f95  _c_int00_noargs                
00002fc9  finddevice                     
00002ff9  __aeabi_i2d                    
00003029  remove                         
00003029  unlink                         
0000307d  lseek                          
000030a5  write                          
000030cd  memchr                         
000030ed  __TI_zero_init_nomemset        
00003125  memccpy                        
00003141  copysign                       
00003141  copysignl                      
0000315b  strcmp                         
00003173  strchr                         
00003189  strcpy                         
0000319d  strlen                         
000031b1  wcslen                         
000031c3  __TI_decompress_none           
000031d1  Reset_Handler                  
000031dd  ADC14_IRQHandler               
000031dd  AES256_IRQHandler              
000031dd  BusFault_Handler               
000031dd  COMP_E0_IRQHandler             
000031dd  COMP_E1_IRQHandler             
000031dd  CS_IRQHandler                  
000031dd  DMA_ERR_IRQHandler             
000031dd  DMA_INT0_IRQHandler            
000031dd  DMA_INT1_IRQHandler            
000031dd  DMA_INT2_IRQHandler            
000031dd  DMA_INT3_IRQHandler            
000031dd  DebugMon_Handler               
000031dd  Default_Handler                
000031dd  EUSCIA0_IRQHandler             
000031dd  EUSCIA1_IRQHandler             
000031dd  EUSCIA2_IRQHandler             
000031dd  EUSCIA3_IRQHandler             
000031dd  EUSCIB0_IRQHandler             
000031dd  EUSCIB1_IRQHandler             
000031dd  EUSCIB2_IRQHandler             
000031dd  EUSCIB3_IRQHandler             
000031dd  FLCTL_IRQHandler               
000031dd  FPU_IRQHandler                 
000031dd  HardFault_Handler              
000031dd  MemManage_Handler              
000031dd  NMI_Handler                    
000031dd  PCM_IRQHandler                 
000031dd  PORT1_IRQHandler               
000031dd  PORT2_IRQHandler               
000031dd  PORT3_IRQHandler               
000031dd  PORT4_IRQHandler               
000031dd  PORT5_IRQHandler               
000031dd  PORT6_IRQHandler               
000031dd  PSS_IRQHandler                 
000031dd  PendSV_Handler                 
000031dd  RTC_C_IRQHandler               
000031dd  SVC_Handler                    
000031dd  SysTick_Handler                
000031dd  T32_INT1_IRQHandler            
000031dd  T32_INT2_IRQHandler            
000031dd  T32_INTC_IRQHandler            
000031dd  TA0_0_IRQHandler               
000031dd  TA0_N_IRQHandler               
000031dd  TA1_0_IRQHandler               
000031dd  TA1_N_IRQHandler               
000031dd  TA2_0_IRQHandler               
000031dd  TA2_N_IRQHandler               
000031dd  TA3_0_IRQHandler               
000031dd  TA3_N_IRQHandler               
000031dd  UsageFault_Handler             
000031dd  WDT_A_IRQHandler               
000031e1  __aeabi_errno_addr             
000031e9  malloc                         
000031f9  _system_pre_init               
000031fd  C$$EXIT                        
000031fd  abort                          
00003200  _ctypes_                       
00003344  __TI_Handler_Table_Base        
00003350  __TI_Handler_Table_Limit       
00003358  __TI_CINIT_Base                
00003368  __TI_CINIT_Limit               
20000000  _sys_memory                    
20000400  _ftable                        
200004f0  _device                        
20000568  _stream                        
200005b8  __TI_ft_end                    
200005bc  __aeabi_stdin                  
200005c0  __aeabi_stdout                 
200005c4  __aeabi_stderr                 
200005c8  __TI_cleanup_ptr               
200005cc  __TI_dtors_ptr                 
200005d0  __TI_enable_exit_profile_output
200005d4  _lock                          
200005d8  _unlock                        
200005e4  errno                          
200005e8  SystemCoreClock                
200005ec  __CIOBUF_                      
2000070c  __TI_tmpnams                   
200007ac  parmbuf                        
200007b4  num                            
200007b5  pressed                        
2000fe00  __stack                        
20010000  __STACK_END                    
4000480c  WDTCTL_SYM                     
ffffffff  __TI_pprof_out_hndl            
ffffffff  __TI_prof_data_size            
ffffffff  __TI_prof_data_start           
ffffffff  __binit__                      
ffffffff  __c_args__                     
ffffffff  binit                          
UNDEFED   __mpu_init                     
UNDEFED   _system_post_cinit             

[184 symbols]
