******************************************************************************
                  TI ARM Linker PC v18.12.4                    
******************************************************************************
>> Linked Sun Mar 21 17:21:10 2021

OUTPUT FILE NAME:   <Lab9_Part2.out>
ENTRY POINT SYMBOL: "_c_int00_noargs"  address: 00000771


MEMORY CONFIGURATION

         name            origin    length      used     unused   attr    fill
----------------------  --------  ---------  --------  --------  ----  --------
  MAIN                  00000000   00040000  000007e4  0003f81c  R  X
  INFO                  00200000   00004000  00000000  00004000  R  X
  SRAM_CODE             01000000   00010000  00000208  0000fdf8  RW X
  SRAM_DATA             20000000   00010000  00000208  0000fdf8  RW  


SEGMENT ALLOCATION MAP

run origin  load origin   length   init length attrs members
----------  ----------- ---------- ----------- ----- -------
00000000    00000000    000007e4   000007e4    r-x
  00000000    00000000    000000e4   000000e4    r-- .intvecs
  000000e4    000000e4    000006e4   000006e4    r-x .text
  000007c8    000007c8    0000001c   0000001c    r-- .cinit
20000000    20000000    00000008   00000000    rw-
  20000000    20000000    00000008   00000000    rw- .data
2000fe00    2000fe00    00000200   00000000    rw-
  2000fe00    2000fe00    00000200   00000000    rw- .stack


SECTION ALLOCATION MAP

 output                                  attributes/
section   page    origin      length       input sections
--------  ----  ----------  ----------   ----------------
.intvecs   0    00000000    000000e4     
                  00000000    000000e4     startup_msp432p401r_ccs.obj (.intvecs:retain)

.text      0    000000e4    000006e4     
                  000000e4    00000334     system_msp432p401r.obj (.text)
                  00000418    00000210     main.obj (.text)
                  00000628    0000009c     rtsv7M4_T_le_v4SPD16_eabi.lib : memcpy_t2.asm.obj (.text)
                  000006c4    00000068                                   : copy_decompress_lzss.c.obj (.text:decompress:lzss:__TI_decompress_lzss)
                  0000072c    00000044                                   : autoinit.c.obj (.text:__TI_auto_init_nobinit_nopinit:__TI_auto_init_nobinit_nopinit)
                  00000770    00000034                                   : boot_cortex_m.c.obj (.text:_c_int00_noargs:_c_int00_noargs)
                  000007a4    0000000e                                   : copy_decompress_none.c.obj (.text:decompress:none:__TI_decompress_none)
                  000007b2    0000000e     startup_msp432p401r_ccs.obj (.text)
                  000007c0    00000004     rtsv7M4_T_le_v4SPD16_eabi.lib : pre_init.c.obj (.text:_system_pre_init)
                  000007c4    00000004                                   : exit.c.obj (.text:abort:abort)

.cinit     0    000007c8    0000001c     
                  000007c8    0000000b     (.cinit..data.load) [load image, compression = lzss]
                  000007d3    00000001     --HOLE-- [fill = 0]
                  000007d4    00000008     (__TI_handler_table)
                  000007dc    00000008     (__TI_cinit_table)

.init_array 
*          0    00000000    00000000     UNINITIALIZED

.binit     0    00000000    00000000     

.data      0    20000000    00000008     UNINITIALIZED
                  20000000    00000004     main.obj (.data)
                  20000004    00000004     system_msp432p401r.obj (.data)

.stack     0    2000fe00    00000200     UNINITIALIZED
                  2000fe00    00000004     rtsv7M4_T_le_v4SPD16_eabi.lib : boot_cortex_m.c.obj (.stack)
                  2000fe04    000001fc     --HOLE--

MODULE SUMMARY

       Module                        code   ro data   rw data
       ------                        ----   -------   -------
    .\
       system_msp432p401r.obj        820    0         8      
       main.obj                      528    0         8      
       startup_msp432p401r_ccs.obj   14     228       0      
    +--+-----------------------------+------+---------+---------+
       Total:                        1362   228       16     
                                                             
    C:\ti\ccs930\ccs\tools\compiler\ti-cgt-arm_18.12.4.LTS\lib\rtsv7M4_T_le_v4SPD16_eabi.lib
       memcpy_t2.asm.obj             156    0         0      
       copy_decompress_lzss.c.obj    104    0         0      
       autoinit.c.obj                68     0         0      
       boot_cortex_m.c.obj           52     0         0      
       copy_decompress_none.c.obj    14     0         0      
       exit.c.obj                    4      0         0      
       pre_init.c.obj                4      0         0      
    +--+-----------------------------+------+---------+---------+
       Total:                        402    0         0      
                                                             
       Stack:                        0      0         1024   
       Linker Generated:             0      27        0      
    +--+-----------------------------+------+---------+---------+
       Grand Total:                  1764   255       1040   


LINKER GENERATED COPY TABLES

__TI_cinit_table @ 000007dc records: 1, size/record: 8, table size: 8
	.data: load addr=000007c8, load size=0000000b bytes, run addr=20000000, run size=00000008 bytes, compression=lzss


LINKER GENERATED HANDLER TABLE

__TI_handler_table @ 000007d4 records: 2, size/record: 4, table size: 8
	index: 0, handler: __TI_decompress_lzss
	index: 1, handler: __TI_decompress_none


GLOBAL SYMBOLS: SORTED ALPHABETICALLY BY Name 

address   name                          
-------   ----                          
000007bf  ADC14_IRQHandler              
000007bf  AES256_IRQHandler             
000007bf  BusFault_Handler              
000007c5  C$$EXIT                       
000007bf  COMP_E0_IRQHandler            
000007bf  COMP_E1_IRQHandler            
000007bf  CS_IRQHandler                 
000007bf  DMA_ERR_IRQHandler            
000007bf  DMA_INT0_IRQHandler           
000007bf  DMA_INT1_IRQHandler           
000007bf  DMA_INT2_IRQHandler           
000007bf  DMA_INT3_IRQHandler           
000007bf  DebugMon_Handler              
000007bf  Default_Handler               
000007bf  EUSCIA0_IRQHandler            
000007bf  EUSCIA1_IRQHandler            
000007bf  EUSCIA2_IRQHandler            
000007bf  EUSCIA3_IRQHandler            
000007bf  EUSCIB0_IRQHandler            
000007bf  EUSCIB1_IRQHandler            
000007bf  EUSCIB2_IRQHandler            
000007bf  EUSCIB3_IRQHandler            
000007bf  FLCTL_IRQHandler              
000007bf  FPU_IRQHandler                
000007bf  HardFault_Handler             
000007bf  MemManage_Handler             
000007bf  NMI_Handler                   
000007bf  PCM_IRQHandler                
000007bf  PORT1_IRQHandler              
000007bf  PORT2_IRQHandler              
000007bf  PORT3_IRQHandler              
000007bf  PORT4_IRQHandler              
000007bf  PORT5_IRQHandler              
000007bf  PORT6_IRQHandler              
000007bf  PSS_IRQHandler                
000007bf  PendSV_Handler                
000007bf  RTC_C_IRQHandler              
000007b3  Reset_Handler                 
000007bf  SVC_Handler                   
0000045f  SysTick_Delay                 
000005f7  SysTick_Handler               
000005f7  SysTick_Handler               
00000443  SysTick_Init                  
20000004  SystemCoreClock               
000000e5  SystemCoreClockUpdate         
0000035d  SystemInit                    
000007bf  T32_INT1_IRQHandler           
000007bf  T32_INT2_IRQHandler           
000007bf  T32_INTC_IRQHandler           
000007bf  TA0_0_IRQHandler              
000007bf  TA0_N_IRQHandler              
000007bf  TA1_0_IRQHandler              
000007bf  TA1_N_IRQHandler              
000007bf  TA2_0_IRQHandler              
000007bf  TA2_N_IRQHandler              
000007bf  TA3_0_IRQHandler              
000007bf  TA3_N_IRQHandler              
000007bf  UsageFault_Handler            
4000480c  WDTCTL_SYM                    
000007bf  WDT_A_IRQHandler              
20010000  __STACK_END                   
00000200  __STACK_SIZE                  
000007dc  __TI_CINIT_Base               
000007e4  __TI_CINIT_Limit              
000007d4  __TI_Handler_Table_Base       
000007dc  __TI_Handler_Table_Limit      
0000072d  __TI_auto_init_nobinit_nopinit
000006c5  __TI_decompress_lzss          
000007a5  __TI_decompress_none          
ffffffff  __TI_pprof_out_hndl           
ffffffff  __TI_prof_data_size           
ffffffff  __TI_prof_data_start          
00000000  __TI_static_base__            
00000629  __aeabi_memcpy                
00000629  __aeabi_memcpy4               
00000629  __aeabi_memcpy8               
ffffffff  __binit__                     
ffffffff  __c_args__                    
UNDEFED   __mpu_init                    
2000fe00  __stack                       
00000771  _c_int00_noargs               
UNDEFED   _system_post_cinit            
000007c1  _system_pre_init              
000007c5  abort                         
ffffffff  binit                         
0000049f  changeCase                    
20000000  count                         
00000000  interruptVectors              
00000419  main                          
00000629  memcpy                        
00000475  pin_init                      


GLOBAL SYMBOLS: SORTED BY Symbol Address 

address   name                          
-------   ----                          
00000000  __TI_static_base__            
00000000  interruptVectors              
000000e5  SystemCoreClockUpdate         
00000200  __STACK_SIZE                  
0000035d  SystemInit                    
00000419  main                          
00000443  SysTick_Init                  
0000045f  SysTick_Delay                 
00000475  pin_init                      
0000049f  changeCase                    
000005f7  SysTick_Handler               
000005f7  SysTick_Handler               
00000629  __aeabi_memcpy                
00000629  __aeabi_memcpy4               
00000629  __aeabi_memcpy8               
00000629  memcpy                        
000006c5  __TI_decompress_lzss          
0000072d  __TI_auto_init_nobinit_nopinit
00000771  _c_int00_noargs               
000007a5  __TI_decompress_none          
000007b3  Reset_Handler                 
000007bf  ADC14_IRQHandler              
000007bf  AES256_IRQHandler             
000007bf  BusFault_Handler              
000007bf  COMP_E0_IRQHandler            
000007bf  COMP_E1_IRQHandler            
000007bf  CS_IRQHandler                 
000007bf  DMA_ERR_IRQHandler            
000007bf  DMA_INT0_IRQHandler           
000007bf  DMA_INT1_IRQHandler           
000007bf  DMA_INT2_IRQHandler           
000007bf  DMA_INT3_IRQHandler           
000007bf  DebugMon_Handler              
000007bf  Default_Handler               
000007bf  EUSCIA0_IRQHandler            
000007bf  EUSCIA1_IRQHandler            
000007bf  EUSCIA2_IRQHandler            
000007bf  EUSCIA3_IRQHandler            
000007bf  EUSCIB0_IRQHandler            
000007bf  EUSCIB1_IRQHandler            
000007bf  EUSCIB2_IRQHandler            
000007bf  EUSCIB3_IRQHandler            
000007bf  FLCTL_IRQHandler              
000007bf  FPU_IRQHandler                
000007bf  HardFault_Handler             
000007bf  MemManage_Handler             
000007bf  NMI_Handler                   
000007bf  PCM_IRQHandler                
000007bf  PORT1_IRQHandler              
000007bf  PORT2_IRQHandler              
000007bf  PORT3_IRQHandler              
000007bf  PORT4_IRQHandler              
000007bf  PORT5_IRQHandler              
000007bf  PORT6_IRQHandler              
000007bf  PSS_IRQHandler                
000007bf  PendSV_Handler                
000007bf  RTC_C_IRQHandler              
000007bf  SVC_Handler                   
000007bf  T32_INT1_IRQHandler           
000007bf  T32_INT2_IRQHandler           
000007bf  T32_INTC_IRQHandler           
000007bf  TA0_0_IRQHandler              
000007bf  TA0_N_IRQHandler              
000007bf  TA1_0_IRQHandler              
000007bf  TA1_N_IRQHandler              
000007bf  TA2_0_IRQHandler              
000007bf  TA2_N_IRQHandler              
000007bf  TA3_0_IRQHandler              
000007bf  TA3_N_IRQHandler              
000007bf  UsageFault_Handler            
000007bf  WDT_A_IRQHandler              
000007c1  _system_pre_init              
000007c5  C$$EXIT                       
000007c5  abort                         
000007d4  __TI_Handler_Table_Base       
000007dc  __TI_CINIT_Base               
000007dc  __TI_Handler_Table_Limit      
000007e4  __TI_CINIT_Limit              
20000000  count                         
20000004  SystemCoreClock               
2000fe00  __stack                       
20010000  __STACK_END                   
4000480c  WDTCTL_SYM                    
ffffffff  __TI_pprof_out_hndl           
ffffffff  __TI_prof_data_size           
ffffffff  __TI_prof_data_start          
ffffffff  __binit__                     
ffffffff  __c_args__                    
ffffffff  binit                         
UNDEFED   __mpu_init                    
UNDEFED   _system_post_cinit            

[91 symbols]
