******************************************************************************
                  TI ARM Linker PC v18.12.4                    
******************************************************************************
>> Linked Sat Mar 13 21:55:12 2021

OUTPUT FILE NAME:   <Lab7_Part2.out>
ENTRY POINT SYMBOL: "_c_int00_noargs"  address: 00000a01


MEMORY CONFIGURATION

         name            origin    length      used     unused   attr    fill
----------------------  --------  ---------  --------  --------  ----  --------
  MAIN                  00000000   00040000  00000a84  0003f57c  R  X
  INFO                  00200000   00004000  00000000  00004000  R  X
  SRAM_CODE             01000000   00010000  00000204  0000fdfc  RW X
  SRAM_DATA             20000000   00010000  00000204  0000fdfc  RW  


SEGMENT ALLOCATION MAP

run origin  load origin   length   init length attrs members
----------  ----------- ---------- ----------- ----- -------
00000000    00000000    00000a88   00000a88    r-x
  00000000    00000000    000000e4   000000e4    r-- .intvecs
  000000e4    000000e4    00000988   00000988    r-x .text
  00000a70    00000a70    00000018   00000018    r-- .cinit
20000000    20000000    00000004   00000000    rw-
  20000000    20000000    00000004   00000000    rw- .data
2000fe00    2000fe00    00000200   00000000    rw-
  2000fe00    2000fe00    00000200   00000000    rw- .stack


SECTION ALLOCATION MAP

 output                                  attributes/
section   page    origin      length       input sections
--------  ----  ----------  ----------   ----------------
.intvecs   0    00000000    000000e4     
                  00000000    000000e4     startup_msp432p401r_ccs.obj (.intvecs:retain)

.text      0    000000e4    00000988     
                  000000e4    000004a0     main.obj (.text)
                  00000584    00000334     system_msp432p401r.obj (.text)
                  000008b8    0000009c     rtsv7M4_T_le_v4SPD16_eabi.lib : memcpy_t2.asm.obj (.text)
                  00000954    00000068                                   : copy_decompress_lzss.c.obj (.text:decompress:lzss:__TI_decompress_lzss)
                  000009bc    00000044                                   : autoinit.c.obj (.text:__TI_auto_init_nobinit_nopinit:__TI_auto_init_nobinit_nopinit)
                  00000a00    00000034                                   : boot_cortex_m.c.obj (.text:_c_int00_noargs:_c_int00_noargs)
                  00000a34    00000014                                   : strcpy.c.obj (.text:strcpy)
                  00000a48    0000000e                                   : copy_decompress_none.c.obj (.text:decompress:none:__TI_decompress_none)
                  00000a56    0000000e     startup_msp432p401r_ccs.obj (.text)
                  00000a64    00000004     rtsv7M4_T_le_v4SPD16_eabi.lib : pre_init.c.obj (.text:_system_pre_init)
                  00000a68    00000004                                   : exit.c.obj (.text:abort:abort)

.cinit     0    00000a70    00000018     
                  00000a70    00000008     (.cinit..data.load) [load image, compression = lzss]
                  00000a78    00000008     (__TI_handler_table)
                  00000a80    00000008     (__TI_cinit_table)

.init_array 
*          0    00000000    00000000     UNINITIALIZED

.binit     0    00000000    00000000     

.data      0    20000000    00000004     UNINITIALIZED
                  20000000    00000004     system_msp432p401r.obj (.data)

.stack     0    2000fe00    00000200     UNINITIALIZED
                  2000fe00    00000004     rtsv7M4_T_le_v4SPD16_eabi.lib : boot_cortex_m.c.obj (.stack)
                  2000fe04    000001fc     --HOLE--

MODULE SUMMARY

       Module                        code   ro data   rw data
       ------                        ----   -------   -------
    .\
       main.obj                      1184   0         0      
       system_msp432p401r.obj        820    0         8      
       startup_msp432p401r_ccs.obj   14     228       0      
    +--+-----------------------------+------+---------+---------+
       Total:                        2018   228       8      
                                                             
    C:\ti\ccs930\ccs\tools\compiler\ti-cgt-arm_18.12.4.LTS\lib\rtsv7M4_T_le_v4SPD16_eabi.lib
       memcpy_t2.asm.obj             156    0         0      
       copy_decompress_lzss.c.obj    104    0         0      
       autoinit.c.obj                68     0         0      
       boot_cortex_m.c.obj           52     0         0      
       strcpy.c.obj                  20     0         0      
       copy_decompress_none.c.obj    14     0         0      
       exit.c.obj                    4      0         0      
       pre_init.c.obj                4      0         0      
    +--+-----------------------------+------+---------+---------+
       Total:                        422    0         0      
                                                             
       Stack:                        0      0         1024   
       Linker Generated:             0      24        0      
    +--+-----------------------------+------+---------+---------+
       Grand Total:                  2440   252       1032   


LINKER GENERATED COPY TABLES

__TI_cinit_table @ 00000a80 records: 1, size/record: 8, table size: 8
	.data: load addr=00000a70, load size=00000008 bytes, run addr=20000000, run size=00000004 bytes, compression=lzss


LINKER GENERATED HANDLER TABLE

__TI_handler_table @ 00000a78 records: 2, size/record: 4, table size: 8
	index: 0, handler: __TI_decompress_lzss
	index: 1, handler: __TI_decompress_none


GLOBAL SYMBOLS: SORTED ALPHABETICALLY BY Name 

address   name                          
-------   ----                          
00000a63  ADC14_IRQHandler              
00000a63  AES256_IRQHandler             
00000a63  BusFault_Handler              
00000a69  C$$EXIT                       
00000a63  COMP_E0_IRQHandler            
00000a63  COMP_E1_IRQHandler            
00000a63  CS_IRQHandler                 
00000a63  DMA_ERR_IRQHandler            
00000a63  DMA_INT0_IRQHandler           
00000a63  DMA_INT1_IRQHandler           
00000a63  DMA_INT2_IRQHandler           
00000a63  DMA_INT3_IRQHandler           
00000a63  DebugMon_Handler              
00000a63  Default_Handler               
00000a63  EUSCIA0_IRQHandler            
00000a63  EUSCIA1_IRQHandler            
00000a63  EUSCIA2_IRQHandler            
00000a63  EUSCIA3_IRQHandler            
00000a63  EUSCIB0_IRQHandler            
00000a63  EUSCIB1_IRQHandler            
00000a63  EUSCIB2_IRQHandler            
00000a63  EUSCIB3_IRQHandler            
00000a63  FLCTL_IRQHandler              
00000a63  FPU_IRQHandler                
00000a63  HardFault_Handler             
00000393  LCD_Init                      
00000a63  MemManage_Handler             
00000a63  NMI_Handler                   
00000a63  PCM_IRQHandler                
00000a63  PORT1_IRQHandler              
00000a63  PORT2_IRQHandler              
00000a63  PORT3_IRQHandler              
00000a63  PORT4_IRQHandler              
00000a63  PORT5_IRQHandler              
00000a63  PORT6_IRQHandler              
00000a63  PSS_IRQHandler                
00000a63  PendSV_Handler                
0000014f  Pin_Init                      
00000293  PulseEnablePin                
00000a63  RTC_C_IRQHandler              
00000a57  Reset_Handler                 
00000a63  SVC_Handler                   
00000a63  SysTick_Handler               
00000133  SysTick_Init                  
20000000  SystemCoreClock               
00000585  SystemCoreClockUpdate         
000007fd  SystemInit                    
00000a63  T32_INT1_IRQHandler           
00000a63  T32_INT2_IRQHandler           
00000a63  T32_INTC_IRQHandler           
00000a63  TA0_0_IRQHandler              
00000a63  TA0_N_IRQHandler              
00000a63  TA1_0_IRQHandler              
00000a63  TA1_N_IRQHandler              
00000a63  TA2_0_IRQHandler              
00000a63  TA2_N_IRQHandler              
00000a63  TA3_0_IRQHandler              
00000a63  TA3_N_IRQHandler              
00000a63  UsageFault_Handler            
4000480c  WDTCTL_SYM                    
00000a63  WDT_A_IRQHandler              
20010000  __STACK_END                   
00000200  __STACK_SIZE                  
00000a80  __TI_CINIT_Base               
00000a88  __TI_CINIT_Limit              
00000a78  __TI_Handler_Table_Base       
00000a80  __TI_Handler_Table_Limit      
000009bd  __TI_auto_init_nobinit_nopinit
00000955  __TI_decompress_lzss          
00000a49  __TI_decompress_none          
ffffffff  __TI_pprof_out_hndl           
ffffffff  __TI_prof_data_size           
ffffffff  __TI_prof_data_start          
00000000  __TI_static_base__            
000008b9  __aeabi_memcpy                
000008b9  __aeabi_memcpy4               
000008b9  __aeabi_memcpy8               
ffffffff  __binit__                     
ffffffff  __c_args__                    
UNDEFED   __mpu_init                    
2000fe00  __stack                       
00000a01  _c_int00_noargs               
UNDEFED   _system_post_cinit            
00000a65  _system_pre_init              
00000a69  abort                         
ffffffff  binit                         
000003fd  commandWrite                  
00000417  dataWrite                     
00000249  delay_micro                   
0000026d  delay_milli                   
000004f1  egr                           
00000431  firstname                     
00000000  interruptVectors              
00000475  lastname                      
000000e5  main                          
000008b9  memcpy                        
0000052f  num                           
0000035b  pushByte                      
000002c7  pushNibble                    
00000a35  strcpy                        


GLOBAL SYMBOLS: SORTED BY Symbol Address 

address   name                          
-------   ----                          
00000000  __TI_static_base__            
00000000  interruptVectors              
000000e5  main                          
00000133  SysTick_Init                  
0000014f  Pin_Init                      
00000200  __STACK_SIZE                  
00000249  delay_micro                   
0000026d  delay_milli                   
00000293  PulseEnablePin                
000002c7  pushNibble                    
0000035b  pushByte                      
00000393  LCD_Init                      
000003fd  commandWrite                  
00000417  dataWrite                     
00000431  firstname                     
00000475  lastname                      
000004f1  egr                           
0000052f  num                           
00000585  SystemCoreClockUpdate         
000007fd  SystemInit                    
000008b9  __aeabi_memcpy                
000008b9  __aeabi_memcpy4               
000008b9  __aeabi_memcpy8               
000008b9  memcpy                        
00000955  __TI_decompress_lzss          
000009bd  __TI_auto_init_nobinit_nopinit
00000a01  _c_int00_noargs               
00000a35  strcpy                        
00000a49  __TI_decompress_none          
00000a57  Reset_Handler                 
00000a63  ADC14_IRQHandler              
00000a63  AES256_IRQHandler             
00000a63  BusFault_Handler              
00000a63  COMP_E0_IRQHandler            
00000a63  COMP_E1_IRQHandler            
00000a63  CS_IRQHandler                 
00000a63  DMA_ERR_IRQHandler            
00000a63  DMA_INT0_IRQHandler           
00000a63  DMA_INT1_IRQHandler           
00000a63  DMA_INT2_IRQHandler           
00000a63  DMA_INT3_IRQHandler           
00000a63  DebugMon_Handler              
00000a63  Default_Handler               
00000a63  EUSCIA0_IRQHandler            
00000a63  EUSCIA1_IRQHandler            
00000a63  EUSCIA2_IRQHandler            
00000a63  EUSCIA3_IRQHandler            
00000a63  EUSCIB0_IRQHandler            
00000a63  EUSCIB1_IRQHandler            
00000a63  EUSCIB2_IRQHandler            
00000a63  EUSCIB3_IRQHandler            
00000a63  FLCTL_IRQHandler              
00000a63  FPU_IRQHandler                
00000a63  HardFault_Handler             
00000a63  MemManage_Handler             
00000a63  NMI_Handler                   
00000a63  PCM_IRQHandler                
00000a63  PORT1_IRQHandler              
00000a63  PORT2_IRQHandler              
00000a63  PORT3_IRQHandler              
00000a63  PORT4_IRQHandler              
00000a63  PORT5_IRQHandler              
00000a63  PORT6_IRQHandler              
00000a63  PSS_IRQHandler                
00000a63  PendSV_Handler                
00000a63  RTC_C_IRQHandler              
00000a63  SVC_Handler                   
00000a63  SysTick_Handler               
00000a63  T32_INT1_IRQHandler           
00000a63  T32_INT2_IRQHandler           
00000a63  T32_INTC_IRQHandler           
00000a63  TA0_0_IRQHandler              
00000a63  TA0_N_IRQHandler              
00000a63  TA1_0_IRQHandler              
00000a63  TA1_N_IRQHandler              
00000a63  TA2_0_IRQHandler              
00000a63  TA2_N_IRQHandler              
00000a63  TA3_0_IRQHandler              
00000a63  TA3_N_IRQHandler              
00000a63  UsageFault_Handler            
00000a63  WDT_A_IRQHandler              
00000a65  _system_pre_init              
00000a69  C$$EXIT                       
00000a69  abort                         
00000a78  __TI_Handler_Table_Base       
00000a80  __TI_CINIT_Base               
00000a80  __TI_Handler_Table_Limit      
00000a88  __TI_CINIT_Limit              
20000000  SystemCoreClock               
2000fe00  __stack                       
20010000  __STACK_END                   
4000480c  WDTCTL_SYM                    
ffffffff  __TI_pprof_out_hndl           
ffffffff  __TI_prof_data_size           
ffffffff  __TI_prof_data_start          
ffffffff  __binit__                     
ffffffff  __c_args__                    
ffffffff  binit                         
UNDEFED   __mpu_init                    
UNDEFED   _system_post_cinit            

[100 symbols]
